 Fluid3D

 Timestamp is 533d73a0 (Thu Apr 03 10:43:44 2014)

 Preferred load address is 00400000

 Start         Length     Name                   Class
 0001:00000000 00030ef6H .textbss                DATA
 0002:00000000 00065bc0H .text                   CODE
 0002:00065bc0 00002f0eH .text$x                 CODE
 0002:00068ad0 00001957H .text$yc                CODE
 0002:0006a430 000012f8H .text$yd                CODE
 0003:00000000 00000104H .CRT$XCA                DATA
 0003:00000104 00000104H .CRT$XCAA               DATA
 0003:00000208 00000104H .CRT$XCL                DATA
 0003:0000030c 00000191H .CRT$XCU                DATA
 0003:000004a0 00000104H .CRT$XCZ                DATA
 0003:000005a4 00000104H .CRT$XIA                DATA
 0003:000006a8 00000104H .CRT$XIAA               DATA
 0003:000007ac 00000109H .CRT$XIC                DATA
 0003:000008b8 00000104H .CRT$XIY                DATA
 0003:000009bc 00000104H .CRT$XIZ                DATA
 0003:00000ac0 00005b93H .rdata                  DATA
 0003:00006654 00000194H .rdata$debug            DATA
 0003:000067e8 00000c20H .rdata$r                DATA
 0003:00007408 00000104H .rtc$IAA                DATA
 0003:0000750c 00000104H .rtc$IZZ                DATA
 0003:00007610 00000104H .rtc$TAA                DATA
 0003:00007714 00000104H .rtc$TZZ                DATA
 0003:00007818 000024a1H .xdata$x                DATA
 0003:00009cb9 00000000H .edata                  DATA
 0004:00000000 00000caeH .data                   DATA
 0004:00000cb0 00000e70H .bss                    DATA
 0005:00000000 0000008cH .idata$2                DATA
 0005:0000008c 00000014H .idata$3                DATA
 0005:000000a0 000005e4H .idata$4                DATA
 0005:00000684 000005e4H .idata$5                DATA
 0005:00000c68 00002305H .idata$6                DATA
 0006:00000000 00000169H .rsrc$01                DATA
 0006:00000170 000002ccH .rsrc$02                DATA

  Address         Publics by Value              Rva+Base       Lib:Object

 0000:00000000       ___safe_se_handler_count   00000000     <absolute>
 0000:00000000       __except_list              00000000     <absolute>
 0000:00000000       ___safe_se_handler_table   00000000     <absolute>
 0000:00009876       __ldused                   00009876     <absolute>
 0000:00009876       __fltused                  00009876     <absolute>
 0000:00000000       ___ImageBase               00400000     <linker-defined>
 0001:00000000       __enc$textbss$begin        00401000     <linker-defined>
 0001:00030ef6       __enc$textbss$end          00431ef6     <linker-defined>
 0002:000067d0       ??$?0AAPAUParticle@@AAPAU0@@?$pair@PAUParticle@@PAU1@@std@@QAE@AAPAUParticle@@0PAPAX@Z 004387d0 f i fluidsim.obj
 0002:00006820       ??$?0PAUParticle@@PAU0@@?$pair@PAUParticle@@PAU1@@std@@QAE@$$QAU01@PAPAX@Z 00438820 f i fluidsim.obj
 0002:00006880       ??$?0U?$inverse_impl@V?$Matrix@M$02$02$0A@$02$02@Eigen@@@internal@Eigen@@@?$Matrix@M$02$02$0A@$02$02@Eigen@@QAE@ABV?$ReturnByValue@U?$inverse_impl@V?$Matrix@M$02$02$0A@$02$02@Eigen@@@internal@Eigen@@@1@@Z 00438880 f i fluidsim.obj
 0002:000068e0       ??$?0V?$CoeffBasedProduct@ABV?$Matrix@M$02$02$00$02$02@Eigen@@ABV?$Matrix@M$02$02$0A@$02$02@2@$05@Eigen@@@?$Matrix@M$02$02$0A@$02$02@Eigen@@QAE@ABV?$MatrixBase@V?$CoeffBasedProduct@ABV?$Matrix@M$02$02$00$02$02@Eigen@@ABV?$Matrix@M$02$02$0A@$02$02@2@$05@Eigen@@@1@@Z 004388e0 f i fluidsim.obj
 0002:00006950       ??$?0V?$CoeffBasedProduct@ABV?$Matrix@M$02$02$0A@$02$02@Eigen@@$$CBV?$Transpose@V?$Matrix@M$02$02$0A@$02$02@Eigen@@@2@$05@Eigen@@@?$Matrix@M$02$02$00$02$02@Eigen@@QAE@ABV?$MatrixBase@V?$CoeffBasedProduct@ABV?$Matrix@M$02$02$0A@$02$02@Eigen@@$$CBV?$Transpose@V?$Matrix@M$02$02$0A@$02$02@Eigen@@@2@$05@Eigen@@@1@@Z 00438950 f i fluidsim.obj
 0002:000069c0       ??$?0V?$CoeffBasedProduct@ABV?$Matrix@M$02$02$0A@$02$02@Eigen@@$$CBV?$Transpose@V?$Matrix@M$02$02$0A@$02$02@Eigen@@@2@$05@Eigen@@@?$Matrix@M$02$02$0A@$02$02@Eigen@@QAE@ABV?$MatrixBase@V?$CoeffBasedProduct@ABV?$Matrix@M$02$02$0A@$02$02@Eigen@@$$CBV?$Transpose@V?$Matrix@M$02$02$0A@$02$02@Eigen@@@2@$05@Eigen@@@1@@Z 004389c0 f i fluidsim.obj
 0002:00006a30       ??$?0V?$CoeffBasedProduct@ABV?$Matrix@M$02$02$0A@$02$02@Eigen@@$$CBV?$Transpose@V?$Matrix@M$02$02$0A@$02$02@Eigen@@@2@$05@Eigen@@V?$Matrix@M$02$02$0A@$02$02@1@@?$CoeffBasedProduct@ABV?$Matrix@M$02$02$00$02$02@Eigen@@ABV?$Matrix@M$02$02$0A@$02$02@2@$05@Eigen@@QAE@ABV?$CoeffBasedProduct@ABV?$Matrix@M$02$02$0A@$02$02@Eigen@@$$CBV?$Transpose@V?$Matrix@M$02$02$0A@$02$02@Eigen@@@2@$05@1@ABV?$Matrix@M$02$02$0A@$02$02@1@@Z 00438a30 f i fluidsim.obj
 0002:00006ae0       ??$?0V?$CoeffBasedProduct@ABV?$Matrix@M$02$02$0A@$02$02@Eigen@@ABV12@$05@Eigen@@@?$Matrix@M$02$02$0A@$02$02@Eigen@@QAE@ABV?$MatrixBase@V?$CoeffBasedProduct@ABV?$Matrix@M$02$02$0A@$02$02@Eigen@@ABV12@$05@Eigen@@@1@@Z 00438ae0 f i fluidsim.obj
 0002:00006b50       ??$?0V?$CoeffBasedProduct@ABV?$Matrix@M$02$02$0A@$02$02@Eigen@@ABV12@$05@Eigen@@V?$Transpose@V?$Matrix@M$02$02$0A@$02$02@Eigen@@@1@@?$CoeffBasedProduct@ABV?$Matrix@M$02$02$0A@$02$02@Eigen@@$$CBV?$Transpose@V?$Matrix@M$02$02$0A@$02$02@Eigen@@@2@$05@Eigen@@QAE@ABV?$CoeffBasedProduct@ABV?$Matrix@M$02$02$0A@$02$02@Eigen@@ABV12@$05@1@ABV?$Transpose@V?$Matrix@M$02$02$0A@$02$02@Eigen@@@1@@Z 00438b50 f i fluidsim.obj
 0002:00006c00       ??$?0V?$CoeffBasedProduct@ABV?$Matrix@M$02$02$0A@$02$02@Eigen@@V12@$05@Eigen@@V?$Transpose@V?$Matrix@M$02$02$0A@$02$02@Eigen@@@1@@?$CoeffBasedProduct@ABV?$Matrix@M$02$02$0A@$02$02@Eigen@@$$CBV?$Transpose@V?$Matrix@M$02$02$0A@$02$02@Eigen@@@2@$05@Eigen@@QAE@ABV?$CoeffBasedProduct@ABV?$Matrix@M$02$02$0A@$02$02@Eigen@@V12@$05@1@ABV?$Transpose@V?$Matrix@M$02$02$0A@$02$02@Eigen@@@1@@Z 00438c00 f i fluidsim.obj
 0002:00006cb0       ??$?0V?$CwiseNullaryOp@U?$scalar_constant_op@M@internal@Eigen@@V?$Matrix@M$02$00$0A@$02$00@3@@Eigen@@@?$Matrix@M$02$00$0A@$02$00@Eigen@@QAE@ABV?$MatrixBase@V?$CwiseNullaryOp@U?$scalar_constant_op@M@internal@Eigen@@V?$Matrix@M$02$00$0A@$02$00@3@@Eigen@@@1@@Z 00438cb0 f i fluidsim.obj
 0002:00006d20       ??$?0V?$CwiseNullaryOp@U?$scalar_constant_op@M@internal@Eigen@@V?$Matrix@M$02$02$0A@$02$02@3@@Eigen@@@?$Matrix@M$02$02$0A@$02$02@Eigen@@QAE@ABV?$MatrixBase@V?$CwiseNullaryOp@U?$scalar_constant_op@M@internal@Eigen@@V?$Matrix@M$02$02$0A@$02$02@3@@Eigen@@@1@@Z 00438d20 f i fluidsim.obj
 0002:00006d90       ??$?0V?$CwiseNullaryOp@U?$scalar_identity_op@M@internal@Eigen@@V?$Matrix@M$02$02$0A@$02$02@3@@Eigen@@@?$Matrix@M$02$02$0A@$02$02@Eigen@@QAE@ABV?$MatrixBase@V?$CwiseNullaryOp@U?$scalar_identity_op@M@internal@Eigen@@V?$Matrix@M$02$02$0A@$02$02@3@@Eigen@@@1@@Z 00438d90 f i fluidsim.obj
 0002:00006e00       ??$?0V?$CwiseUnaryOp@U?$scalar_multiple_op@M@internal@Eigen@@$$CBV?$Matrix@M$02$00$0A@$02$00@3@@Eigen@@V?$Transpose@V?$Matrix@M$02$00$0A@$02$00@Eigen@@@1@@?$CoeffBasedProduct@$$CBV?$CwiseUnaryOp@U?$scalar_multiple_op@M@internal@Eigen@@$$CBV?$Matrix@M$02$00$0A@$02$00@3@@Eigen@@$$CBV?$Transpose@V?$Matrix@M$02$00$0A@$02$00@Eigen@@@2@$0BAA@@Eigen@@QAE@ABV?$CwiseUnaryOp@U?$scalar_multiple_op@M@internal@Eigen@@$$CBV?$Matrix@M$02$00$0A@$02$00@3@@1@ABV?$Transpose@V?$Matrix@M$02$00$0A@$02$00@Eigen@@@1@@Z 00438e00 f i fluidsim.obj
 0002:00006eb0       ??$?0V?$CwiseUnaryOp@U?$scalar_multiple_op@M@internal@Eigen@@$$CBV?$Matrix@M$02$02$0A@$02$02@3@@Eigen@@V?$Matrix@M$02$00$0A@$02$00@1@@?$CoeffBasedProduct@$$CBV?$CwiseUnaryOp@U?$scalar_multiple_op@M@internal@Eigen@@$$CBV?$Matrix@M$02$02$0A@$02$02@3@@Eigen@@ABV?$Matrix@M$02$00$0A@$02$00@2@$05@Eigen@@QAE@ABV?$CwiseUnaryOp@U?$scalar_multiple_op@M@internal@Eigen@@$$CBV?$Matrix@M$02$02$0A@$02$02@3@@1@ABV?$Matrix@M$02$00$0A@$02$00@1@@Z 00438eb0 f i fluidsim.obj
 0002:00006f60       ??$?0V?$Matrix@M$02$02$0A@$02$02@Eigen@@V01@@?$CoeffBasedProduct@ABV?$Matrix@M$02$02$0A@$02$02@Eigen@@ABV12@$05@Eigen@@QAE@ABV?$Matrix@M$02$02$0A@$02$02@1@0@Z 00438f60 f i fluidsim.obj
 0002:00007000       ??$?0V?$Matrix@M$02$02$0A@$02$02@Eigen@@V?$ReturnByValue@U?$inverse_impl@V?$Matrix@M$02$02$0A@$02$02@Eigen@@@internal@Eigen@@@1@@?$CoeffBasedProduct@ABV?$Matrix@M$02$02$0A@$02$02@Eigen@@V12@$05@Eigen@@QAE@ABV?$Matrix@M$02$02$0A@$02$02@1@ABV?$ReturnByValue@U?$inverse_impl@V?$Matrix@M$02$02$0A@$02$02@Eigen@@@internal@Eigen@@@1@@Z 00439000 f i fluidsim.obj
 0002:000070b0       ??$?0V?$Matrix@M$02$02$0A@$02$02@Eigen@@V?$Transpose@V?$Matrix@M$02$02$0A@$02$02@Eigen@@@1@@?$CoeffBasedProduct@ABV?$Matrix@M$02$02$0A@$02$02@Eigen@@$$CBV?$Transpose@V?$Matrix@M$02$02$0A@$02$02@Eigen@@@2@$05@Eigen@@QAE@ABV?$Matrix@M$02$02$0A@$02$02@1@ABV?$Transpose@V?$Matrix@M$02$02$0A@$02$02@Eigen@@@1@@Z 004390b0 f i fluidsim.obj
 0002:00007160       ??$?4V?$Block@$$CBV?$Matrix@M$02$02$0A@$02$02@Eigen@@$0?0$0?0$0A@@Eigen@@@?$Matrix@M$02$02$0A@$02$02@Eigen@@QAEAAV01@ABV?$MatrixBase@V?$Block@$$CBV?$Matrix@M$02$02$0A@$02$02@Eigen@@$0?0$0?0$0A@@Eigen@@@1@@Z 00439160 f i fluidsim.obj
 0002:00007190       ??$?4V?$CoeffBasedProduct@$$CBV?$CwiseUnaryOp@U?$scalar_multiple_op@M@internal@Eigen@@$$CBV?$Matrix@M$02$00$0A@$02$00@3@@Eigen@@$$CBV?$Transpose@V?$Matrix@M$02$00$0A@$02$00@Eigen@@@2@$0BAA@@Eigen@@@?$MatrixBase@V?$SelfCwiseBinaryOp@U?$scalar_sum_op@M@internal@Eigen@@V?$Matrix@M$02$02$0A@$02$02@3@V?$CoeffBasedProduct@$$CBV?$CwiseUnaryOp@U?$scalar_multiple_op@M@internal@Eigen@@$$CBV?$Matrix@M$02$00$0A@$02$00@3@@Eigen@@$$CBV?$Transpose@V?$Matrix@M$02$00$0A@$02$00@Eigen@@@2@$0BAA@@3@@Eigen@@@Eigen@@QAEAAV?$SelfCwiseBinaryOp@U?$scalar_sum_op@M@internal@Eigen@@V?$Matrix@M$02$02$0A@$02$02@3@V?$CoeffBasedProduct@$$CBV?$CwiseUnaryOp@U?$scalar_multiple_op@M@internal@Eigen@@$$CBV?$Matrix@M$02$00$0A@$02$00@3@@Eigen@@$$CBV?$Transpose@V?$Matrix@M$02$00$0A@$02$00@Eigen@@@2@$0BAA@@3@@1@ABV?$DenseBase@V?$CoeffBasedProduct@$$CBV?$CwiseUnaryOp@U?$scalar_multiple_op@M@internal@Eigen@@$$CBV?$Matrix@M$02$00$0A@$02$00@3@@Eigen@@$$CBV?$Transpose@V?$Matrix@M$02$00$0A@$02$00@Eigen@@@2@$0BAA@@Eigen@@@1@@Z 00439190 f i fluidsim.obj
 0002:000071d0       ??$?4V?$CoeffBasedProduct@ABV?$Matrix@M$02$02$00$02$02@Eigen@@ABV?$Matrix@M$02$02$0A@$02$02@2@$05@Eigen@@@?$Matrix@M$02$02$0A@$02$02@Eigen@@QAEAAV01@ABV?$MatrixBase@V?$CoeffBasedProduct@ABV?$Matrix@M$02$02$00$02$02@Eigen@@ABV?$Matrix@M$02$02$0A@$02$02@2@$05@Eigen@@@1@@Z 004391d0 f i fluidsim.obj
 0002:00007200       ??$?4V?$CoeffBasedProduct@ABV?$Matrix@M$02$02$0A@$02$02@Eigen@@$$CBV?$Transpose@V?$Matrix@M$02$02$0A@$02$02@Eigen@@@2@$05@Eigen@@@?$Matrix@M$02$02$0A@$02$02@Eigen@@QAEAAV01@ABV?$MatrixBase@V?$CoeffBasedProduct@ABV?$Matrix@M$02$02$0A@$02$02@Eigen@@$$CBV?$Transpose@V?$Matrix@M$02$02$0A@$02$02@Eigen@@@2@$05@Eigen@@@1@@Z 00439200 f i fluidsim.obj
 0002:00007230       ??$?4V?$CwiseNullaryOp@U?$scalar_constant_op@M@internal@Eigen@@V?$Matrix@M$02$00$0A@$02$00@3@@Eigen@@@?$MatrixBase@V?$SelfCwiseBinaryOp@U?$scalar_product_op@MM@internal@Eigen@@V?$Block@V?$Matrix@M$02$02$0A@$02$02@Eigen@@$02$00$00@3@V?$CwiseNullaryOp@U?$scalar_constant_op@M@internal@Eigen@@V?$Matrix@M$02$00$0A@$02$00@3@@3@@Eigen@@@Eigen@@QAEAAV?$SelfCwiseBinaryOp@U?$scalar_product_op@MM@internal@Eigen@@V?$Block@V?$Matrix@M$02$02$0A@$02$02@Eigen@@$02$00$00@3@V?$CwiseNullaryOp@U?$scalar_constant_op@M@internal@Eigen@@V?$Matrix@M$02$00$0A@$02$00@3@@3@@1@ABV?$DenseBase@V?$CwiseNullaryOp@U?$scalar_constant_op@M@internal@Eigen@@V?$Matrix@M$02$00$0A@$02$00@3@@Eigen@@@1@@Z 00439230 f i fluidsim.obj
 0002:00007270       ??$?4V?$CwiseNullaryOp@U?$scalar_identity_op@M@internal@Eigen@@V?$Matrix@M$02$02$0A@$02$02@3@@Eigen@@@?$Matrix@M$02$02$0A@$02$02@Eigen@@QAEAAV01@ABV?$MatrixBase@V?$CwiseNullaryOp@U?$scalar_identity_op@M@internal@Eigen@@V?$Matrix@M$02$02$0A@$02$02@3@@Eigen@@@1@@Z 00439270 f i fluidsim.obj
 0002:000072a0       ??$?4V?$CwiseUnaryOp@U?$scalar_multiple_op@M@internal@Eigen@@$$CBV?$Matrix@M$02$00$0A@$02$00@3@@Eigen@@@?$MatrixBase@V?$Block@V?$Matrix@M$02$02$0A@$02$02@Eigen@@$00$02$0A@@Eigen@@@Eigen@@QAEAAV?$Block@V?$Matrix@M$02$02$0A@$02$02@Eigen@@$00$02$0A@@1@ABV?$DenseBase@V?$CwiseUnaryOp@U?$scalar_multiple_op@M@internal@Eigen@@$$CBV?$Matrix@M$02$00$0A@$02$00@3@@Eigen@@@1@@Z 004392a0 f i fluidsim.obj
 0002:000072e0       ??$?4V?$Matrix@M$02$00$0A@$02$00@Eigen@@@?$MatrixBase@V?$SelfCwiseBinaryOp@U?$scalar_difference_op@M@internal@Eigen@@V?$Matrix@M$02$00$0A@$02$00@3@V?$CoeffBasedProduct@$$CBV?$CwiseUnaryOp@U?$scalar_multiple_op@M@internal@Eigen@@$$CBV?$Matrix@M$02$02$0A@$02$02@3@@Eigen@@ABV?$Matrix@M$02$00$0A@$02$00@2@$05@3@@Eigen@@@Eigen@@QAEAAV?$SelfCwiseBinaryOp@U?$scalar_difference_op@M@internal@Eigen@@V?$Matrix@M$02$00$0A@$02$00@3@V?$CoeffBasedProduct@$$CBV?$CwiseUnaryOp@U?$scalar_multiple_op@M@internal@Eigen@@$$CBV?$Matrix@M$02$02$0A@$02$02@3@@Eigen@@ABV?$Matrix@M$02$00$0A@$02$00@2@$05@3@@1@ABV?$DenseBase@V?$Matrix@M$02$00$0A@$02$00@Eigen@@@1@@Z 004392e0 f i fluidsim.obj
 0002:00007320       ??$?5DU?$char_traits@D@std@@@std@@YAAAV?$basic_istream@DU?$char_traits@D@std@@@0@AAV10@AAD@Z 00439320 f i fluidsim.obj
 0002:000074a0       ??$?6$02M@@YAAAV?$basic_ostream@DU?$char_traits@D@std@@@std@@AAV01@ABU?$Vec@$02M@@@Z 004394a0 f i fluidsim.obj
 0002:00007530       ??$?6DU?$char_traits@D@std@@V?$allocator@D@1@@std@@YAAAV?$basic_ostream@DU?$char_traits@D@std@@@0@AAV10@ABV?$basic_string@DU?$char_traits@D@std@@V?$allocator@D@2@@0@@Z 00439530 f i fluidsim.obj
 0002:00007910       ??$?6U?$char_traits@D@std@@@std@@YAAAV?$basic_ostream@DU?$char_traits@D@std@@@0@AAV10@D@Z 00439910 f i fluidsim.obj
 0002:00007d50       ??$?6U?$char_traits@D@std@@@std@@YAAAV?$basic_ostream@DU?$char_traits@D@std@@@0@AAV10@PBD@Z 00439d50 f i fluidsim.obj
 0002:000081e0       ??$?8DU?$char_traits@D@std@@V?$allocator@D@1@@std@@YA_NABV?$basic_string@DU?$char_traits@D@std@@V?$allocator@D@2@@0@0@Z 0043a1e0 f i fluidsim.obj
 0002:00008220       ??$?9DU?$char_traits@D@std@@V?$allocator@D@1@@std@@YA_NABV?$basic_string@DU?$char_traits@D@std@@V?$allocator@D@2@@0@0@Z 0043a220 f i fluidsim.obj
 0002:00008270       ??$?D$02M@@YA?AU?$Vec@$02M@@MABU0@@Z 0043a270 f i fluidsim.obj
 0002:000082f0       ??$?DV?$Matrix@M$02$00$0A@$02$00@Eigen@@@?$MatrixBase@V?$CwiseUnaryOp@U?$scalar_multiple_op@M@internal@Eigen@@$$CBV?$Matrix@M$02$02$0A@$02$02@3@@Eigen@@@Eigen@@QBE?BV?$CoeffBasedProduct@$$CBV?$CwiseUnaryOp@U?$scalar_multiple_op@M@internal@Eigen@@$$CBV?$Matrix@M$02$02$0A@$02$02@3@@Eigen@@ABV?$Matrix@M$02$00$0A@$02$00@2@$05@1@ABV?$MatrixBase@V?$Matrix@M$02$00$0A@$02$00@Eigen@@@1@@Z 0043a2f0 f i fluidsim.obj
 0002:00008330       ??$?DV?$Matrix@M$02$02$0A@$02$02@Eigen@@@?$MatrixBase@V?$CoeffBasedProduct@ABV?$Matrix@M$02$02$0A@$02$02@Eigen@@$$CBV?$Transpose@V?$Matrix@M$02$02$0A@$02$02@Eigen@@@2@$05@Eigen@@@Eigen@@QBE?BV?$CoeffBasedProduct@ABV?$Matrix@M$02$02$00$02$02@Eigen@@ABV?$Matrix@M$02$02$0A@$02$02@2@$05@1@ABV?$MatrixBase@V?$Matrix@M$02$02$0A@$02$02@Eigen@@@1@@Z 0043a330 f i fluidsim.obj
 0002:00008370       ??$?DV?$Matrix@M$02$02$0A@$02$02@Eigen@@@?$MatrixBase@V?$Matrix@M$02$02$0A@$02$02@Eigen@@@Eigen@@QBE?BV?$CoeffBasedProduct@ABV?$Matrix@M$02$02$0A@$02$02@Eigen@@ABV12@$05@1@ABV01@@Z 0043a370 f i fluidsim.obj
 0002:000083b0       ??$?DV?$ReturnByValue@U?$inverse_impl@V?$Matrix@M$02$02$0A@$02$02@Eigen@@@internal@Eigen@@@Eigen@@@?$MatrixBase@V?$Matrix@M$02$02$0A@$02$02@Eigen@@@Eigen@@QBE?BV?$CoeffBasedProduct@ABV?$Matrix@M$02$02$0A@$02$02@Eigen@@V12@$05@1@ABV?$MatrixBase@V?$ReturnByValue@U?$inverse_impl@V?$Matrix@M$02$02$0A@$02$02@Eigen@@@internal@Eigen@@@Eigen@@@1@@Z 0043a3b0 f i fluidsim.obj
 0002:000083f0       ??$?DV?$Transpose@V?$Matrix@M$02$00$0A@$02$00@Eigen@@@Eigen@@@?$MatrixBase@V?$CwiseUnaryOp@U?$scalar_multiple_op@M@internal@Eigen@@$$CBV?$Matrix@M$02$00$0A@$02$00@3@@Eigen@@@Eigen@@QBE?BV?$CoeffBasedProduct@$$CBV?$CwiseUnaryOp@U?$scalar_multiple_op@M@internal@Eigen@@$$CBV?$Matrix@M$02$00$0A@$02$00@3@@Eigen@@$$CBV?$Transpose@V?$Matrix@M$02$00$0A@$02$00@Eigen@@@2@$0BAA@@1@ABV?$MatrixBase@V?$Transpose@V?$Matrix@M$02$00$0A@$02$00@Eigen@@@Eigen@@@1@@Z 0043a3f0 f i fluidsim.obj
 0002:00008430       ??$?DV?$Transpose@V?$Matrix@M$02$02$0A@$02$02@Eigen@@@Eigen@@@?$MatrixBase@V?$CoeffBasedProduct@ABV?$Matrix@M$02$02$0A@$02$02@Eigen@@ABV12@$05@Eigen@@@Eigen@@QBE?BV?$CoeffBasedProduct@ABV?$Matrix@M$02$02$0A@$02$02@Eigen@@$$CBV?$Transpose@V?$Matrix@M$02$02$0A@$02$02@Eigen@@@2@$05@1@ABV?$MatrixBase@V?$Transpose@V?$Matrix@M$02$02$0A@$02$02@Eigen@@@Eigen@@@1@@Z 0043a430 f i fluidsim.obj
 0002:00008470       ??$?DV?$Transpose@V?$Matrix@M$02$02$0A@$02$02@Eigen@@@Eigen@@@?$MatrixBase@V?$CoeffBasedProduct@ABV?$Matrix@M$02$02$0A@$02$02@Eigen@@V12@$05@Eigen@@@Eigen@@QBE?BV?$CoeffBasedProduct@ABV?$Matrix@M$02$02$0A@$02$02@Eigen@@$$CBV?$Transpose@V?$Matrix@M$02$02$0A@$02$02@Eigen@@@2@$05@1@ABV?$MatrixBase@V?$Transpose@V?$Matrix@M$02$02$0A@$02$02@Eigen@@@Eigen@@@1@@Z 0043a470 f i fluidsim.obj
 0002:000084b0       ??$?DV?$Transpose@V?$Matrix@M$02$02$0A@$02$02@Eigen@@@Eigen@@@?$MatrixBase@V?$Matrix@M$02$02$0A@$02$02@Eigen@@@Eigen@@QBE?BV?$CoeffBasedProduct@ABV?$Matrix@M$02$02$0A@$02$02@Eigen@@$$CBV?$Transpose@V?$Matrix@M$02$02$0A@$02$02@Eigen@@@2@$05@1@ABV?$MatrixBase@V?$Transpose@V?$Matrix@M$02$02$0A@$02$02@Eigen@@@Eigen@@@1@@Z 0043a4b0 f i fluidsim.obj
 0002:000084f0       ??$?GV?$Matrix@M$02$02$0A@$02$02@Eigen@@@?$MatrixBase@V?$Matrix@M$02$02$0A@$02$02@Eigen@@@Eigen@@QBE?BV?$CwiseBinaryOp@U?$scalar_difference_op@M@internal@Eigen@@$$CBV?$Matrix@M$02$02$0A@$02$02@3@$$CBV43@@1@ABV01@@Z 0043a4f0 f i fluidsim.obj
 0002:00008540       ??$?HDU?$char_traits@D@std@@V?$allocator@D@1@@std@@YA?AV?$basic_string@DU?$char_traits@D@std@@V?$allocator@D@2@@0@$$QAV10@0@Z 0043a540 f i fluidsim.obj
 0002:00008620       ??$?HDU?$char_traits@D@std@@V?$allocator@D@1@@std@@YA?AV?$basic_string@DU?$char_traits@D@std@@V?$allocator@D@2@@0@$$QAV10@PBD@Z 0043a620 f i fluidsim.obj
 0002:00008680       ??$?RH@?$scalar_constant_op@M@internal@Eigen@@QBE?BMHH@Z 0043a680 f i fluidsim.obj
 0002:000086a0       ??$?RH@?$scalar_identity_op@M@internal@Eigen@@QBE?BMHH@Z 0043a6a0 f i fluidsim.obj
 0002:000086f0       ??$?YV?$CoeffBasedProduct@$$CBV?$CwiseUnaryOp@U?$scalar_multiple_op@M@internal@Eigen@@$$CBV?$Matrix@M$02$00$0A@$02$00@3@@Eigen@@$$CBV?$Transpose@V?$Matrix@M$02$00$0A@$02$00@Eigen@@@2@$0BAA@@Eigen@@@?$MatrixBase@V?$Matrix@M$02$02$0A@$02$02@Eigen@@@Eigen@@QAEAAV?$Matrix@M$02$02$0A@$02$02@1@ABV?$MatrixBase@V?$CoeffBasedProduct@$$CBV?$CwiseUnaryOp@U?$scalar_multiple_op@M@internal@Eigen@@$$CBV?$Matrix@M$02$00$0A@$02$00@3@@Eigen@@$$CBV?$Transpose@V?$Matrix@M$02$00$0A@$02$00@Eigen@@@2@$0BAA@@Eigen@@@1@@Z 0043a6f0 f i fluidsim.obj
 0002:00008750       ??$?ZV?$CoeffBasedProduct@$$CBV?$CwiseUnaryOp@U?$scalar_multiple_op@M@internal@Eigen@@$$CBV?$Matrix@M$02$02$0A@$02$02@3@@Eigen@@ABV?$Matrix@M$02$00$0A@$02$00@2@$05@Eigen@@@?$MatrixBase@V?$Matrix@M$02$00$0A@$02$00@Eigen@@@Eigen@@QAEAAV?$Matrix@M$02$00$0A@$02$00@1@ABV?$MatrixBase@V?$CoeffBasedProduct@$$CBV?$CwiseUnaryOp@U?$scalar_multiple_op@M@internal@Eigen@@$$CBV?$Matrix@M$02$02$0A@$02$02@3@@Eigen@@ABV?$Matrix@M$02$00$0A@$02$00@2@$05@Eigen@@@1@@Z 0043a750 f i fluidsim.obj
 0002:000087b0       ??$NullaryExpr@U?$scalar_constant_op@M@internal@Eigen@@@?$DenseBase@V?$Matrix@M$02$00$0A@$02$00@Eigen@@@Eigen@@SA?BV?$CwiseNullaryOp@U?$scalar_constant_op@M@internal@Eigen@@V?$Matrix@M$02$00$0A@$02$00@3@@1@HHABU?$scalar_constant_op@M@internal@1@@Z 0043a7b0 f i fluidsim.obj
 0002:000087e0       ??$NullaryExpr@U?$scalar_constant_op@M@internal@Eigen@@@?$DenseBase@V?$Matrix@M$02$02$0A@$02$02@Eigen@@@Eigen@@SA?BV?$CwiseNullaryOp@U?$scalar_constant_op@M@internal@Eigen@@V?$Matrix@M$02$02$0A@$02$02@3@@1@HHABU?$scalar_constant_op@M@internal@1@@Z 0043a7e0 f i fluidsim.obj
 0002:00008810       ??$NullaryExpr@U?$scalar_identity_op@M@internal@Eigen@@@?$DenseBase@V?$Matrix@M$02$02$0A@$02$02@Eigen@@@Eigen@@SA?BV?$CwiseNullaryOp@U?$scalar_identity_op@M@internal@Eigen@@V?$Matrix@M$02$02$0A@$02$02@3@@1@HHABU?$scalar_identity_op@M@internal@1@@Z 0043a810 f i fluidsim.obj
 0002:00008840       ??$_Adjust_heap@PAUParticle@@HU1@P6A_NU1@0@Z@std@@YAXPAUParticle@@HH$$QAU1@P6A_NU1@2@Z@Z 0043a840 f i fluidsim.obj
 0002:000089b0       ??$_Allocate@D@std@@YAPADIPAD@Z 0043a9b0 f i fluidsim.obj
 0002:00008a10       ??$_Allocate@U?$Vec@$02I@@@std@@YAPAU?$Vec@$02I@@IPAU1@@Z 0043aa10 f i fluidsim.obj
 0002:00008a70       ??$_Allocate@U?$Vec@$02M@@@std@@YAPAU?$Vec@$02M@@IPAU1@@Z 0043aa70 f i fluidsim.obj
 0002:00008ad0       ??$_Allocate@UParticle@@@std@@YAPAUParticle@@IPAU1@@Z 0043aad0 f i fluidsim.obj
 0002:00008b30       ??$_Destroy_range@U?$_Wrap_alloc@V?$allocator@U?$Vec@$02I@@@std@@@std@@@std@@YAXPAU?$Vec@$02I@@0AAU?$_Wrap_alloc@V?$allocator@U?$Vec@$02I@@@std@@@0@@Z 0043ab30 f i fluidsim.obj
 0002:00008b80       ??$_Destroy_range@U?$_Wrap_alloc@V?$allocator@U?$Vec@$02I@@@std@@@std@@@std@@YAXPAU?$Vec@$02I@@0AAU?$_Wrap_alloc@V?$allocator@U?$Vec@$02I@@@std@@@0@U_Nonscalar_ptr_iterator_tag@0@@Z 0043ab80 f i fluidsim.obj
 0002:00008bc0       ??$_Destroy_range@U?$_Wrap_alloc@V?$allocator@U?$Vec@$02M@@@std@@@std@@@std@@YAXPAU?$Vec@$02M@@0AAU?$_Wrap_alloc@V?$allocator@U?$Vec@$02M@@@std@@@0@@Z 0043abc0 f i fluidsim.obj
 0002:00008c10       ??$_Destroy_range@U?$_Wrap_alloc@V?$allocator@U?$Vec@$02M@@@std@@@std@@@std@@YAXPAU?$Vec@$02M@@0AAU?$_Wrap_alloc@V?$allocator@U?$Vec@$02M@@@std@@@0@U_Nonscalar_ptr_iterator_tag@0@@Z 0043ac10 f i fluidsim.obj
 0002:00008c50       ??$_Destroy_range@U?$_Wrap_alloc@V?$allocator@UParticle@@@std@@@std@@@std@@YAXPAUParticle@@0AAU?$_Wrap_alloc@V?$allocator@UParticle@@@std@@@0@@Z 0043ac50 f i fluidsim.obj
 0002:00008ca0       ??$_Destroy_range@U?$_Wrap_alloc@V?$allocator@UParticle@@@std@@@std@@@std@@YAXPAUParticle@@0AAU?$_Wrap_alloc@V?$allocator@UParticle@@@std@@@0@U_Nonscalar_ptr_iterator_tag@0@@Z 0043aca0 f i fluidsim.obj
 0002:00008ce0       ??$_Dist_type@PAUParticle@@@std@@YAPAHPAUParticle@@@Z 0043ace0 f i fluidsim.obj
 0002:00008d00       ??$_Fgetc@D@std@@YA_NAADPAU_iobuf@@@Z 0043ad00 f i fluidsim.obj
 0002:00008d50       ??$_Fputc@D@std@@YA_NDPAU_iobuf@@@Z 0043ad50 f i fluidsim.obj
 0002:00008da0       ??$_Insertion_sort1@PAUParticle@@P6A_NU1@0@ZU1@@std@@YAXPAUParticle@@0P6A_NU1@1@Z0@Z 0043ada0 f i fluidsim.obj
 0002:00008f70       ??$_Insertion_sort@PAUParticle@@P6A_NU1@0@Z@std@@YAXPAUParticle@@0P6A_NU1@1@Z@Z 0043af70 f i fluidsim.obj
 0002:00008fb0       ??$_Make_heap@PAUParticle@@HU1@P6A_NU1@0@Z@std@@YAXPAUParticle@@0P6A_NU1@1@ZPAH0@Z 0043afb0 f i fluidsim.obj
 0002:00009080       ??$_Med3@PAUParticle@@P6A_NU1@0@Z@std@@YAXPAUParticle@@00P6A_NU1@1@Z@Z 0043b080 f i fluidsim.obj
 0002:00009190       ??$_Median@PAUParticle@@P6A_NU1@0@Z@std@@YAXPAUParticle@@00P6A_NU1@1@Z@Z 0043b190 f i fluidsim.obj
 0002:000092f0       ??$_Move@AAM@std@@YA$$QAMAAM@Z 0043b2f0 f i fluidsim.obj
 0002:00009310       ??$_Move@AAUParticle@@@std@@YA$$QAUParticle@@AAU1@@Z 0043b310 f i fluidsim.obj
 0002:00009330       ??$_Move_backward@PAUParticle@@PAU1@@std@@YAPAUParticle@@PAU1@00@Z 0043b330 f i fluidsim.obj
 0002:00009380       ??$_Move_backward@PAUParticle@@PAU1@@std@@YAPAUParticle@@PAU1@00U_Nonscalar_ptr_iterator_tag@0@@Z 0043b380 f i fluidsim.obj
 0002:000093e0       ??$_Pop_heap@PAUParticle@@HU1@P6A_NU1@0@Z@std@@YAXPAUParticle@@00$$QAU1@P6A_NU1@2@ZPAH@Z 0043b3e0 f i fluidsim.obj
 0002:00009450       ??$_Pop_heap@PAUParticle@@P6A_NU1@0@Z@std@@YAXPAUParticle@@0P6A_NU1@1@Z@Z 0043b450 f i fluidsim.obj
 0002:000094b0       ??$_Pop_heap_0@PAUParticle@@U1@P6A_NU1@0@Z@std@@YAXPAUParticle@@0P6A_NU1@1@Z0@Z 0043b4b0 f i fluidsim.obj
 0002:00009560       ??$_Pow_int@M@@YAMMH@Z     0043b560 f i fluidsim.obj
 0002:00009620       ??$_Ptr_cat@U?$Vec@$02I@@U1@@std@@YA?AU_Nonscalar_ptr_iterator_tag@0@PAU?$Vec@$02I@@0@Z 0043b620 f i fluidsim.obj
 0002:00009640       ??$_Ptr_cat@U?$Vec@$02M@@U1@@std@@YA?AU_Nonscalar_ptr_iterator_tag@0@PAU?$Vec@$02M@@0@Z 0043b640 f i fluidsim.obj
 0002:00009660       ??$_Ptr_cat@UParticle@@U1@@std@@YA?AU_Nonscalar_ptr_iterator_tag@0@PAUParticle@@0@Z 0043b660 f i fluidsim.obj
 0002:00009680       ??$_Push_heap@PAUParticle@@HU1@P6A_NU1@0@Z@std@@YAXPAUParticle@@HH$$QAU1@P6A_NU1@2@Z@Z 0043b680 f i fluidsim.obj
 0002:00009780       ??$_Sort@PAUParticle@@HP6A_NU1@0@Z@std@@YAXPAUParticle@@0HP6A_NU1@1@Z@Z 0043b780 f i fluidsim.obj
 0002:000098f0       ??$_Sort_heap@PAUParticle@@P6A_NU1@0@Z@std@@YAXPAUParticle@@0P6A_NU1@1@Z@Z 0043b8f0 f i fluidsim.obj
 0002:00009950       ??$_Umove@PAU?$Vec@$02I@@@?$vector@U?$Vec@$02I@@V?$allocator@U?$Vec@$02I@@@std@@@std@@IAEPAU?$Vec@$02I@@PAU2@00@Z 0043b950 f i fluidsim.obj
 0002:000099a0       ??$_Umove@PAU?$Vec@$02M@@@?$vector@U?$Vec@$02M@@V?$allocator@U?$Vec@$02M@@@std@@@std@@IAEPAU?$Vec@$02M@@PAU2@00@Z 0043b9a0 f i fluidsim.obj
 0002:000099f0       ??$_Umove@PAUParticle@@@?$vector@UParticle@@V?$allocator@UParticle@@@std@@@std@@IAEPAUParticle@@PAU2@00@Z 0043b9f0 f i fluidsim.obj
 0002:00009a40       ??$_Unchecked@PAUParticle@@@std@@YAPAUParticle@@PAU1@@Z 0043ba40 f i fluidsim.obj
 0002:00009a60       ??$_Unchecked@V?$_Vector_val@U?$_Simple_types@UParticle@@@std@@@std@@@std@@YAPAUParticle@@V?$_Vector_iterator@V?$_Vector_val@U?$_Simple_types@UParticle@@@std@@@std@@@0@@Z 0043ba60 f i fluidsim.obj
 0002:00009a80       ??$_Ungetc@D@std@@YA_NABDPAU_iobuf@@@Z 0043ba80 f i fluidsim.obj
 0002:00009ad0       ??$_Unguarded_partition@PAUParticle@@P6A_NU1@0@Z@std@@YA?AU?$pair@PAUParticle@@PAU1@@0@PAUParticle@@0P6A_NU2@1@Z@Z 0043bad0 f i fluidsim.obj
 0002:00009fe0       ??$_Uninit_move@PAU?$Vec@$02I@@PAU1@V?$allocator@U?$Vec@$02I@@@std@@U1@@std@@YAPAU?$Vec@$02I@@PAU1@00AAU?$_Wrap_alloc@V?$allocator@U?$Vec@$02I@@@std@@@0@0U_Nonscalar_ptr_iterator_tag@0@@Z 0043bfe0 f i fluidsim.obj
 0002:0000a0d0       ??$_Uninit_move@PAU?$Vec@$02M@@PAU1@V?$allocator@U?$Vec@$02M@@@std@@U1@@std@@YAPAU?$Vec@$02M@@PAU1@00AAU?$_Wrap_alloc@V?$allocator@U?$Vec@$02M@@@std@@@0@0U_Nonscalar_ptr_iterator_tag@0@@Z 0043c0d0 f i fluidsim.obj
 0002:0000a1c0       ??$_Uninit_move@PAUParticle@@PAU1@V?$allocator@UParticle@@@std@@U1@@std@@YAPAUParticle@@PAU1@00AAU?$_Wrap_alloc@V?$allocator@UParticle@@@std@@@0@0U_Nonscalar_ptr_iterator_tag@0@@Z 0043c1c0 f i fluidsim.obj
 0002:0000a2c0       ??$_Uninitialized_move@PAU?$Vec@$02I@@PAU1@U?$_Wrap_alloc@V?$allocator@U?$Vec@$02I@@@std@@@std@@@std@@YAPAU?$Vec@$02I@@PAU1@00AAU?$_Wrap_alloc@V?$allocator@U?$Vec@$02I@@@std@@@0@@Z 0043c2c0 f i fluidsim.obj
 0002:0000a320       ??$_Uninitialized_move@PAU?$Vec@$02M@@PAU1@U?$_Wrap_alloc@V?$allocator@U?$Vec@$02M@@@std@@@std@@@std@@YAPAU?$Vec@$02M@@PAU1@00AAU?$_Wrap_alloc@V?$allocator@U?$Vec@$02M@@@std@@@0@@Z 0043c320 f i fluidsim.obj
 0002:0000a380       ??$_Uninitialized_move@PAUParticle@@PAU1@U?$_Wrap_alloc@V?$allocator@UParticle@@@std@@@std@@@std@@YAPAUParticle@@PAU1@00AAU?$_Wrap_alloc@V?$allocator@UParticle@@@std@@@0@@Z 0043c380 f i fluidsim.obj
 0002:0000a3e0       ??$_Val_type@PAU?$Vec@$02I@@@std@@YAPAU?$Vec@$02I@@PAU1@@Z 0043c3e0 f i fluidsim.obj
 0002:0000a400       ??$_Val_type@PAU?$Vec@$02M@@@std@@YAPAU?$Vec@$02M@@PAU1@@Z 0043c400 f i fluidsim.obj
 0002:0000a420       ??$_Val_type@PAUParticle@@@std@@YAPAUParticle@@PAU1@@Z 0043c420 f i fluidsim.obj
 0002:0000a440       ??$_resize_to_match@V?$Block@$$CBV?$Matrix@M$02$02$0A@$02$02@Eigen@@$0?0$0?0$0A@@Eigen@@@?$PlainObjectBase@V?$Matrix@M$02$02$0A@$02$02@Eigen@@@Eigen@@IAEXABU?$EigenBase@V?$Block@$$CBV?$Matrix@M$02$02$0A@$02$02@Eigen@@$0?0$0?0$0A@@Eigen@@@1@@Z 0043c440 f i fluidsim.obj
 0002:0000a470       ??$_resize_to_match@V?$CoeffBasedProduct@$$CBV?$CwiseUnaryOp@U?$scalar_multiple_op@M@internal@Eigen@@$$CBV?$Matrix@M$02$02$0A@$02$02@3@@Eigen@@ABV?$Matrix@M$02$00$0A@$02$00@2@$05@Eigen@@@?$PlainObjectBase@V?$Matrix@M$02$00$0A@$02$00@Eigen@@@Eigen@@IAEXABU?$EigenBase@V?$CoeffBasedProduct@$$CBV?$CwiseUnaryOp@U?$scalar_multiple_op@M@internal@Eigen@@$$CBV?$Matrix@M$02$02$0A@$02$02@3@@Eigen@@ABV?$Matrix@M$02$00$0A@$02$00@2@$05@Eigen@@@1@@Z 0043c470 f i fluidsim.obj
 0002:0000a4a0       ??$_resize_to_match@V?$CoeffBasedProduct@ABV?$Matrix@M$02$02$00$02$02@Eigen@@ABV?$Matrix@M$02$02$0A@$02$02@2@$05@Eigen@@@?$PlainObjectBase@V?$Matrix@M$02$02$0A@$02$02@Eigen@@@Eigen@@IAEXABU?$EigenBase@V?$CoeffBasedProduct@ABV?$Matrix@M$02$02$00$02$02@Eigen@@ABV?$Matrix@M$02$02$0A@$02$02@2@$05@Eigen@@@1@@Z 0043c4a0 f i fluidsim.obj
 0002:0000a4d0       ??$_resize_to_match@V?$CoeffBasedProduct@ABV?$Matrix@M$02$02$0A@$02$02@Eigen@@$$CBV?$Transpose@V?$Matrix@M$02$02$0A@$02$02@Eigen@@@2@$05@Eigen@@@?$PlainObjectBase@V?$Matrix@M$02$02$00$02$02@Eigen@@@Eigen@@IAEXABU?$EigenBase@V?$CoeffBasedProduct@ABV?$Matrix@M$02$02$0A@$02$02@Eigen@@$$CBV?$Transpose@V?$Matrix@M$02$02$0A@$02$02@Eigen@@@2@$05@Eigen@@@1@@Z 0043c4d0 f i fluidsim.obj
 0002:0000a500       ??$_resize_to_match@V?$CoeffBasedProduct@ABV?$Matrix@M$02$02$0A@$02$02@Eigen@@$$CBV?$Transpose@V?$Matrix@M$02$02$0A@$02$02@Eigen@@@2@$05@Eigen@@@?$PlainObjectBase@V?$Matrix@M$02$02$0A@$02$02@Eigen@@@Eigen@@IAEXABU?$EigenBase@V?$CoeffBasedProduct@ABV?$Matrix@M$02$02$0A@$02$02@Eigen@@$$CBV?$Transpose@V?$Matrix@M$02$02$0A@$02$02@Eigen@@@2@$05@Eigen@@@1@@Z 0043c500 f i fluidsim.obj
 0002:0000a530       ??$_resize_to_match@V?$CoeffBasedProduct@ABV?$Matrix@M$02$02$0A@$02$02@Eigen@@ABV12@$05@Eigen@@@?$PlainObjectBase@V?$Matrix@M$02$02$0A@$02$02@Eigen@@@Eigen@@IAEXABU?$EigenBase@V?$CoeffBasedProduct@ABV?$Matrix@M$02$02$0A@$02$02@Eigen@@ABV12@$05@Eigen@@@1@@Z 0043c530 f i fluidsim.obj
 0002:0000a560       ??$_resize_to_match@V?$CoeffBasedProduct@ABV?$Matrix@M$02$02$0A@$02$02@Eigen@@V12@$05@Eigen@@@?$PlainObjectBase@V?$Matrix@M$02$02$0A@$02$02@Eigen@@@Eigen@@IAEXABU?$EigenBase@V?$CoeffBasedProduct@ABV?$Matrix@M$02$02$0A@$02$02@Eigen@@V12@$05@Eigen@@@1@@Z 0043c560 f i fluidsim.obj
 0002:0000a590       ??$_resize_to_match@V?$CwiseNullaryOp@U?$scalar_constant_op@M@internal@Eigen@@V?$Matrix@M$02$00$0A@$02$00@3@@Eigen@@@?$PlainObjectBase@V?$Matrix@M$02$00$0A@$02$00@Eigen@@@Eigen@@IAEXABU?$EigenBase@V?$CwiseNullaryOp@U?$scalar_constant_op@M@internal@Eigen@@V?$Matrix@M$02$00$0A@$02$00@3@@Eigen@@@1@@Z 0043c590 f i fluidsim.obj
 0002:0000a5c0       ??$_resize_to_match@V?$CwiseNullaryOp@U?$scalar_constant_op@M@internal@Eigen@@V?$Matrix@M$02$02$0A@$02$02@3@@Eigen@@@?$PlainObjectBase@V?$Matrix@M$02$02$0A@$02$02@Eigen@@@Eigen@@IAEXABU?$EigenBase@V?$CwiseNullaryOp@U?$scalar_constant_op@M@internal@Eigen@@V?$Matrix@M$02$02$0A@$02$02@3@@Eigen@@@1@@Z 0043c5c0 f i fluidsim.obj
 0002:0000a5f0       ??$_resize_to_match@V?$CwiseNullaryOp@U?$scalar_identity_op@M@internal@Eigen@@V?$Matrix@M$02$02$0A@$02$02@3@@Eigen@@@?$PlainObjectBase@V?$Matrix@M$02$02$0A@$02$02@Eigen@@@Eigen@@IAEXABU?$EigenBase@V?$CwiseNullaryOp@U?$scalar_identity_op@M@internal@Eigen@@V?$Matrix@M$02$02$0A@$02$02@3@@Eigen@@@1@@Z 0043c5f0 f i fluidsim.obj
 0002:0000a620       ??$_resize_to_match@V?$Matrix@M$02$00$0A@$02$00@Eigen@@@?$PlainObjectBase@V?$Matrix@M$02$00$0A@$02$00@Eigen@@@Eigen@@IAEXABU?$EigenBase@V?$Matrix@M$02$00$0A@$02$00@Eigen@@@1@@Z 0043c620 f i fluidsim.obj
 0002:0000a650       ??$_resize_to_match@V?$Matrix@M$02$02$00$02$02@Eigen@@@?$PlainObjectBase@V?$Matrix@M$02$02$0A@$02$02@Eigen@@@Eigen@@IAEXABU?$EigenBase@V?$Matrix@M$02$02$00$02$02@Eigen@@@1@@Z 0043c650 f i fluidsim.obj
 0002:0000a680       ??$_resize_to_match@V?$Matrix@M$02$02$0A@$02$02@Eigen@@@?$PlainObjectBase@V?$Matrix@M$02$02$0A@$02$02@Eigen@@@Eigen@@IAEXABU?$EigenBase@V?$Matrix@M$02$02$0A@$02$02@Eigen@@@1@@Z 0043c680 f i fluidsim.obj
 0002:0000a6b0       ??$_set@V?$Block@$$CBV?$Matrix@M$02$02$0A@$02$02@Eigen@@$0?0$0?0$0A@@Eigen@@@?$PlainObjectBase@V?$Matrix@M$02$02$0A@$02$02@Eigen@@@Eigen@@IAEAAV?$Matrix@M$02$02$0A@$02$02@1@ABV?$DenseBase@V?$Block@$$CBV?$Matrix@M$02$02$0A@$02$02@Eigen@@$0?0$0?0$0A@@Eigen@@@1@@Z 0043c6b0 f i fluidsim.obj
 0002:0000a700       ??$_set@V?$CoeffBasedProduct@ABV?$Matrix@M$02$02$00$02$02@Eigen@@ABV?$Matrix@M$02$02$0A@$02$02@2@$05@Eigen@@@?$PlainObjectBase@V?$Matrix@M$02$02$0A@$02$02@Eigen@@@Eigen@@IAEAAV?$Matrix@M$02$02$0A@$02$02@1@ABV?$DenseBase@V?$CoeffBasedProduct@ABV?$Matrix@M$02$02$00$02$02@Eigen@@ABV?$Matrix@M$02$02$0A@$02$02@2@$05@Eigen@@@1@@Z 0043c700 f i fluidsim.obj
 0002:0000a750       ??$_set@V?$CoeffBasedProduct@ABV?$Matrix@M$02$02$0A@$02$02@Eigen@@$$CBV?$Transpose@V?$Matrix@M$02$02$0A@$02$02@Eigen@@@2@$05@Eigen@@@?$PlainObjectBase@V?$Matrix@M$02$02$0A@$02$02@Eigen@@@Eigen@@IAEAAV?$Matrix@M$02$02$0A@$02$02@1@ABV?$DenseBase@V?$CoeffBasedProduct@ABV?$Matrix@M$02$02$0A@$02$02@Eigen@@$$CBV?$Transpose@V?$Matrix@M$02$02$0A@$02$02@Eigen@@@2@$05@Eigen@@@1@@Z 0043c750 f i fluidsim.obj
 0002:0000a7a0       ??$_set@V?$CwiseNullaryOp@U?$scalar_identity_op@M@internal@Eigen@@V?$Matrix@M$02$02$0A@$02$02@3@@Eigen@@@?$PlainObjectBase@V?$Matrix@M$02$02$0A@$02$02@Eigen@@@Eigen@@IAEAAV?$Matrix@M$02$02$0A@$02$02@1@ABV?$DenseBase@V?$CwiseNullaryOp@U?$scalar_identity_op@M@internal@Eigen@@V?$Matrix@M$02$02$0A@$02$02@3@@Eigen@@@1@@Z 0043c7a0 f i fluidsim.obj
 0002:0000a7f0       ??$_set@V?$Matrix@M$02$02$0A@$02$02@Eigen@@@?$PlainObjectBase@V?$Matrix@M$02$02$0A@$02$02@Eigen@@@Eigen@@IAEAAV?$Matrix@M$02$02$0A@$02$02@1@ABV?$DenseBase@V?$Matrix@M$02$02$0A@$02$02@Eigen@@@1@@Z 0043c7f0 f i fluidsim.obj
 0002:0000a840       ??$_set_noalias@V?$Block@$$CBV?$Matrix@M$02$02$0A@$02$02@Eigen@@$0?0$0?0$0A@@Eigen@@@?$PlainObjectBase@V?$Matrix@M$02$02$0A@$02$02@Eigen@@@Eigen@@IAEAAV?$Matrix@M$02$02$0A@$02$02@1@ABV?$DenseBase@V?$Block@$$CBV?$Matrix@M$02$02$0A@$02$02@Eigen@@$0?0$0?0$0A@@Eigen@@@1@@Z 0043c840 f i fluidsim.obj
 0002:0000a880       ??$_set_noalias@V?$CoeffBasedProduct@ABV?$Matrix@M$02$02$00$02$02@Eigen@@ABV?$Matrix@M$02$02$0A@$02$02@2@$05@Eigen@@@?$PlainObjectBase@V?$Matrix@M$02$02$0A@$02$02@Eigen@@@Eigen@@IAEAAV?$Matrix@M$02$02$0A@$02$02@1@ABV?$DenseBase@V?$CoeffBasedProduct@ABV?$Matrix@M$02$02$00$02$02@Eigen@@ABV?$Matrix@M$02$02$0A@$02$02@2@$05@Eigen@@@1@@Z 0043c880 f i fluidsim.obj
 0002:0000a8c0       ??$_set_noalias@V?$CoeffBasedProduct@ABV?$Matrix@M$02$02$0A@$02$02@Eigen@@$$CBV?$Transpose@V?$Matrix@M$02$02$0A@$02$02@Eigen@@@2@$05@Eigen@@@?$PlainObjectBase@V?$Matrix@M$02$02$00$02$02@Eigen@@@Eigen@@IAEAAV?$Matrix@M$02$02$00$02$02@1@ABV?$DenseBase@V?$CoeffBasedProduct@ABV?$Matrix@M$02$02$0A@$02$02@Eigen@@$$CBV?$Transpose@V?$Matrix@M$02$02$0A@$02$02@Eigen@@@2@$05@Eigen@@@1@@Z 0043c8c0 f i fluidsim.obj
 0002:0000a900       ??$_set_noalias@V?$CoeffBasedProduct@ABV?$Matrix@M$02$02$0A@$02$02@Eigen@@$$CBV?$Transpose@V?$Matrix@M$02$02$0A@$02$02@Eigen@@@2@$05@Eigen@@@?$PlainObjectBase@V?$Matrix@M$02$02$0A@$02$02@Eigen@@@Eigen@@IAEAAV?$Matrix@M$02$02$0A@$02$02@1@ABV?$DenseBase@V?$CoeffBasedProduct@ABV?$Matrix@M$02$02$0A@$02$02@Eigen@@$$CBV?$Transpose@V?$Matrix@M$02$02$0A@$02$02@Eigen@@@2@$05@Eigen@@@1@@Z 0043c900 f i fluidsim.obj
 0002:0000a940       ??$_set_noalias@V?$CoeffBasedProduct@ABV?$Matrix@M$02$02$0A@$02$02@Eigen@@ABV12@$05@Eigen@@@?$PlainObjectBase@V?$Matrix@M$02$02$0A@$02$02@Eigen@@@Eigen@@IAEAAV?$Matrix@M$02$02$0A@$02$02@1@ABV?$DenseBase@V?$CoeffBasedProduct@ABV?$Matrix@M$02$02$0A@$02$02@Eigen@@ABV12@$05@Eigen@@@1@@Z 0043c940 f i fluidsim.obj
 0002:0000a980       ??$_set_noalias@V?$CwiseNullaryOp@U?$scalar_constant_op@M@internal@Eigen@@V?$Matrix@M$02$00$0A@$02$00@3@@Eigen@@@?$PlainObjectBase@V?$Matrix@M$02$00$0A@$02$00@Eigen@@@Eigen@@IAEAAV?$Matrix@M$02$00$0A@$02$00@1@ABV?$DenseBase@V?$CwiseNullaryOp@U?$scalar_constant_op@M@internal@Eigen@@V?$Matrix@M$02$00$0A@$02$00@3@@Eigen@@@1@@Z 0043c980 f i fluidsim.obj
 0002:0000a9c0       ??$_set_noalias@V?$CwiseNullaryOp@U?$scalar_constant_op@M@internal@Eigen@@V?$Matrix@M$02$02$0A@$02$02@3@@Eigen@@@?$PlainObjectBase@V?$Matrix@M$02$02$0A@$02$02@Eigen@@@Eigen@@IAEAAV?$Matrix@M$02$02$0A@$02$02@1@ABV?$DenseBase@V?$CwiseNullaryOp@U?$scalar_constant_op@M@internal@Eigen@@V?$Matrix@M$02$02$0A@$02$02@3@@Eigen@@@1@@Z 0043c9c0 f i fluidsim.obj
 0002:0000aa00       ??$_set_noalias@V?$CwiseNullaryOp@U?$scalar_identity_op@M@internal@Eigen@@V?$Matrix@M$02$02$0A@$02$02@3@@Eigen@@@?$PlainObjectBase@V?$Matrix@M$02$02$0A@$02$02@Eigen@@@Eigen@@IAEAAV?$Matrix@M$02$02$0A@$02$02@1@ABV?$DenseBase@V?$CwiseNullaryOp@U?$scalar_identity_op@M@internal@Eigen@@V?$Matrix@M$02$02$0A@$02$02@3@@Eigen@@@1@@Z 0043ca00 f i fluidsim.obj
 0002:0000aa40       ??$_set_noalias@V?$Matrix@M$02$00$0A@$02$00@Eigen@@@?$PlainObjectBase@V?$Matrix@M$02$00$0A@$02$00@Eigen@@@Eigen@@IAEAAV?$Matrix@M$02$00$0A@$02$00@1@ABV?$DenseBase@V?$Matrix@M$02$00$0A@$02$00@Eigen@@@1@@Z 0043ca40 f i fluidsim.obj
 0002:0000aa80       ??$_set_noalias@V?$Matrix@M$02$02$00$02$02@Eigen@@@?$PlainObjectBase@V?$Matrix@M$02$02$0A@$02$02@Eigen@@@Eigen@@IAEAAV?$Matrix@M$02$02$0A@$02$02@1@ABV?$DenseBase@V?$Matrix@M$02$02$00$02$02@Eigen@@@1@@Z 0043ca80 f i fluidsim.obj
 0002:0000aac0       ??$_set_noalias@V?$Matrix@M$02$02$0A@$02$02@Eigen@@@?$PlainObjectBase@V?$Matrix@M$02$02$0A@$02$02@Eigen@@@Eigen@@IAEAAV?$Matrix@M$02$02$0A@$02$02@1@ABV?$DenseBase@V?$Matrix@M$02$02$0A@$02$02@Eigen@@@1@@Z 0043cac0 f i fluidsim.obj
 0002:0000ab00       ??$_set_selector@V?$Block@$$CBV?$Matrix@M$02$02$0A@$02$02@Eigen@@$0?0$0?0$0A@@Eigen@@@?$PlainObjectBase@V?$Matrix@M$02$02$0A@$02$02@Eigen@@@Eigen@@IAEXABV?$Block@$$CBV?$Matrix@M$02$02$0A@$02$02@Eigen@@$0?0$0?0$0A@@1@ABUfalse_type@internal@1@@Z 0043cb00 f i fluidsim.obj
 0002:0000ab30       ??$_set_selector@V?$CoeffBasedProduct@ABV?$Matrix@M$02$02$00$02$02@Eigen@@ABV?$Matrix@M$02$02$0A@$02$02@2@$05@Eigen@@@?$PlainObjectBase@V?$Matrix@M$02$02$0A@$02$02@Eigen@@@Eigen@@IAEXABV?$CoeffBasedProduct@ABV?$Matrix@M$02$02$00$02$02@Eigen@@ABV?$Matrix@M$02$02$0A@$02$02@2@$05@1@ABUtrue_type@internal@1@@Z 0043cb30 f i fluidsim.obj
 0002:0000ab90       ??$_set_selector@V?$CoeffBasedProduct@ABV?$Matrix@M$02$02$0A@$02$02@Eigen@@$$CBV?$Transpose@V?$Matrix@M$02$02$0A@$02$02@Eigen@@@2@$05@Eigen@@@?$PlainObjectBase@V?$Matrix@M$02$02$0A@$02$02@Eigen@@@Eigen@@IAEXABV?$CoeffBasedProduct@ABV?$Matrix@M$02$02$0A@$02$02@Eigen@@$$CBV?$Transpose@V?$Matrix@M$02$02$0A@$02$02@Eigen@@@2@$05@1@ABUtrue_type@internal@1@@Z 0043cb90 f i fluidsim.obj
 0002:0000abf0       ??$_set_selector@V?$CwiseNullaryOp@U?$scalar_identity_op@M@internal@Eigen@@V?$Matrix@M$02$02$0A@$02$02@3@@Eigen@@@?$PlainObjectBase@V?$Matrix@M$02$02$0A@$02$02@Eigen@@@Eigen@@IAEXABV?$CwiseNullaryOp@U?$scalar_identity_op@M@internal@Eigen@@V?$Matrix@M$02$02$0A@$02$02@3@@1@ABUfalse_type@internal@1@@Z 0043cbf0 f i fluidsim.obj
 0002:0000ac40       ??$_set_selector@V?$Matrix@M$02$02$0A@$02$02@Eigen@@@?$PlainObjectBase@V?$Matrix@M$02$02$0A@$02$02@Eigen@@@Eigen@@IAEXABV?$Matrix@M$02$02$0A@$02$02@1@ABUfalse_type@internal@1@@Z 0043cc40 f i fluidsim.obj
 0002:0000ac70       ??$abs2@M@numext@Eigen@@YAMABM@Z 0043cc70 f i fluidsim.obj
 0002:0000aca0       ??$addressof@$$CBU?$Vec@$02M@@@std@@YAPBU?$Vec@$02M@@ABU1@@Z 0043cca0 f i fluidsim.obj
 0002:0000acc0       ??$addressof@D@std@@YAPADAAD@Z 0043ccc0 f i fluidsim.obj
 0002:0000ace0       ??$addressof@U?$Vec@$02I@@@std@@YAPAU?$Vec@$02I@@AAU1@@Z 0043cce0 f i fluidsim.obj
 0002:0000ad00       ??$addressof@UParticle@@@std@@YAPAUParticle@@AAU1@@Z 0043cd00 f i fluidsim.obj
 0002:0000ad20       ??$applyOnTheLeft@M@?$MatrixBase@V?$Matrix@M$01$01$0A@$01$01@Eigen@@@Eigen@@QAEXHHABV?$JacobiRotation@M@1@@Z 0043cd20 f i fluidsim.obj
 0002:0000ad80       ??$applyOnTheLeft@M@?$MatrixBase@V?$Matrix@M$02$02$0A@$02$02@Eigen@@@Eigen@@QAEXHHABV?$JacobiRotation@M@1@@Z 0043cd80 f i fluidsim.obj
 0002:0000ade0       ??$applyOnTheRight@M@?$MatrixBase@V?$Matrix@M$02$02$0A@$02$02@Eigen@@@Eigen@@QAEXHHABV?$JacobiRotation@M@1@@Z 0043cde0 f i fluidsim.obj
 0002:0000ae50       ??$apply_rotation_in_the_plane@V?$Block@V?$Matrix@M$01$01$0A@$01$01@Eigen@@$00$01$0A@@Eigen@@V12@M@internal@Eigen@@YAXAAV?$Block@V?$Matrix@M$01$01$0A@$01$01@Eigen@@$00$01$0A@@1@0ABV?$JacobiRotation@M@1@@Z 0043ce50 f i fluidsim.obj
 0002:0000bbf0       ??$apply_rotation_in_the_plane@V?$Block@V?$Matrix@M$02$02$0A@$02$02@Eigen@@$00$02$0A@@Eigen@@V12@M@internal@Eigen@@YAXAAV?$Block@V?$Matrix@M$02$02$0A@$02$02@Eigen@@$00$02$0A@@1@0ABV?$JacobiRotation@M@1@@Z 0043dbf0 f i fluidsim.obj
 0002:0000c990       ??$apply_rotation_in_the_plane@V?$Block@V?$Matrix@M$02$02$0A@$02$02@Eigen@@$02$00$00@Eigen@@V12@M@internal@Eigen@@YAXAAV?$Block@V?$Matrix@M$02$02$0A@$02$02@Eigen@@$02$00$00@1@0ABV?$JacobiRotation@M@1@@Z 0043e990 f i fluidsim.obj
 0002:0000d730       ??$bilerp@MM@@YAMABM000MM@Z 0043f730 f i fluidsim.obj
 0002:0000d7b0       ??$bruteforce_det3_helper@V?$Matrix@M$02$02$0A@$02$02@Eigen@@@internal@Eigen@@YA?BMABV?$MatrixBase@V?$Matrix@M$02$02$0A@$02$02@Eigen@@@1@HHH@Z 0043f7b0 f i fluidsim.obj
 0002:0000d860       ??$checkTransposeAliasing@V?$Block@$$CBV?$Matrix@M$02$02$0A@$02$02@Eigen@@$0?0$0?0$0A@@Eigen@@@?$DenseBase@V?$Matrix@M$02$02$0A@$02$02@Eigen@@@Eigen@@IBEXABV?$Block@$$CBV?$Matrix@M$02$02$0A@$02$02@Eigen@@$0?0$0?0$0A@@1@@Z 0043f860 f i fluidsim.obj
 0002:0000d8a0       ??$checkTransposeAliasing@V?$Block@V?$Matrix@M$02$02$0A@$02$02@Eigen@@$02$00$00@Eigen@@@?$DenseBase@V?$SwapWrapper@V?$Block@V?$Matrix@M$02$02$0A@$02$02@Eigen@@$02$00$00@Eigen@@@Eigen@@@Eigen@@IBEXABV?$Block@V?$Matrix@M$02$02$0A@$02$02@Eigen@@$02$00$00@1@@Z 0043f8a0 f i fluidsim.obj
 0002:0000d8e0       ??$checkTransposeAliasing@V?$CoeffBasedProduct@$$CBV?$CwiseUnaryOp@U?$scalar_multiple_op@M@internal@Eigen@@$$CBV?$Matrix@M$02$00$0A@$02$00@3@@Eigen@@$$CBV?$Transpose@V?$Matrix@M$02$00$0A@$02$00@Eigen@@@2@$0BAA@@Eigen@@@?$DenseBase@V?$SelfCwiseBinaryOp@U?$scalar_sum_op@M@internal@Eigen@@V?$Matrix@M$02$02$0A@$02$02@3@V?$CoeffBasedProduct@$$CBV?$CwiseUnaryOp@U?$scalar_multiple_op@M@internal@Eigen@@$$CBV?$Matrix@M$02$00$0A@$02$00@3@@Eigen@@$$CBV?$Transpose@V?$Matrix@M$02$00$0A@$02$00@Eigen@@@2@$0BAA@@3@@Eigen@@@Eigen@@IBEXABV?$CoeffBasedProduct@$$CBV?$CwiseUnaryOp@U?$scalar_multiple_op@M@internal@Eigen@@$$CBV?$Matrix@M$02$00$0A@$02$00@3@@Eigen@@$$CBV?$Transpose@V?$Matrix@M$02$00$0A@$02$00@Eigen@@@2@$0BAA@@1@@Z 0043f8e0 f i fluidsim.obj
 0002:0000d920       ??$checkTransposeAliasing@V?$CoeffBasedProduct@$$CBV?$CwiseUnaryOp@U?$scalar_multiple_op@M@internal@Eigen@@$$CBV?$Matrix@M$02$02$0A@$02$02@3@@Eigen@@ABV?$Matrix@M$02$00$0A@$02$00@2@$05@Eigen@@@?$DenseBase@V?$Matrix@M$02$00$0A@$02$00@Eigen@@@Eigen@@IBEXABV?$CoeffBasedProduct@$$CBV?$CwiseUnaryOp@U?$scalar_multiple_op@M@internal@Eigen@@$$CBV?$Matrix@M$02$02$0A@$02$02@3@@Eigen@@ABV?$Matrix@M$02$00$0A@$02$00@2@$05@1@@Z 0043f920 f i fluidsim.obj
 0002:0000d960       ??$checkTransposeAliasing@V?$CoeffBasedProduct@ABV?$Matrix@M$02$02$00$02$02@Eigen@@ABV?$Matrix@M$02$02$0A@$02$02@2@$05@Eigen@@@?$DenseBase@V?$Matrix@M$02$02$0A@$02$02@Eigen@@@Eigen@@IBEXABV?$CoeffBasedProduct@ABV?$Matrix@M$02$02$00$02$02@Eigen@@ABV?$Matrix@M$02$02$0A@$02$02@2@$05@1@@Z 0043f960 f i fluidsim.obj
 0002:0000d9a0       ??$checkTransposeAliasing@V?$CoeffBasedProduct@ABV?$Matrix@M$02$02$0A@$02$02@Eigen@@$$CBV?$Transpose@V?$Matrix@M$02$02$0A@$02$02@Eigen@@@2@$05@Eigen@@@?$DenseBase@V?$Matrix@M$02$02$00$02$02@Eigen@@@Eigen@@IBEXABV?$CoeffBasedProduct@ABV?$Matrix@M$02$02$0A@$02$02@Eigen@@$$CBV?$Transpose@V?$Matrix@M$02$02$0A@$02$02@Eigen@@@2@$05@1@@Z 0043f9a0 f i fluidsim.obj
 0002:0000d9e0       ??$checkTransposeAliasing@V?$CoeffBasedProduct@ABV?$Matrix@M$02$02$0A@$02$02@Eigen@@$$CBV?$Transpose@V?$Matrix@M$02$02$0A@$02$02@Eigen@@@2@$05@Eigen@@@?$DenseBase@V?$Matrix@M$02$02$0A@$02$02@Eigen@@@Eigen@@IBEXABV?$CoeffBasedProduct@ABV?$Matrix@M$02$02$0A@$02$02@Eigen@@$$CBV?$Transpose@V?$Matrix@M$02$02$0A@$02$02@Eigen@@@2@$05@1@@Z 0043f9e0 f i fluidsim.obj
 0002:0000da20       ??$checkTransposeAliasing@V?$CoeffBasedProduct@ABV?$Matrix@M$02$02$0A@$02$02@Eigen@@ABV12@$05@Eigen@@@?$DenseBase@V?$Matrix@M$02$02$0A@$02$02@Eigen@@@Eigen@@IBEXABV?$CoeffBasedProduct@ABV?$Matrix@M$02$02$0A@$02$02@Eigen@@ABV12@$05@1@@Z 0043fa20 f i fluidsim.obj
 0002:0000da60       ??$checkTransposeAliasing@V?$CoeffBasedProduct@ABV?$Matrix@M$02$02$0A@$02$02@Eigen@@V12@$05@Eigen@@@?$DenseBase@V?$Matrix@M$02$02$0A@$02$02@Eigen@@@Eigen@@IBEXABV?$CoeffBasedProduct@ABV?$Matrix@M$02$02$0A@$02$02@Eigen@@V12@$05@1@@Z 0043fa60 f i fluidsim.obj
 0002:0000daa0       ??$checkTransposeAliasing@V?$CwiseNullaryOp@U?$scalar_constant_op@M@internal@Eigen@@V?$Matrix@M$02$00$0A@$02$00@3@@Eigen@@@?$DenseBase@V?$Matrix@M$02$00$0A@$02$00@Eigen@@@Eigen@@IBEXABV?$CwiseNullaryOp@U?$scalar_constant_op@M@internal@Eigen@@V?$Matrix@M$02$00$0A@$02$00@3@@1@@Z 0043faa0 f i fluidsim.obj
 0002:0000dae0       ??$checkTransposeAliasing@V?$CwiseNullaryOp@U?$scalar_constant_op@M@internal@Eigen@@V?$Matrix@M$02$00$0A@$02$00@3@@Eigen@@@?$DenseBase@V?$SelfCwiseBinaryOp@U?$scalar_product_op@MM@internal@Eigen@@V?$Block@V?$Matrix@M$02$02$0A@$02$02@Eigen@@$02$00$00@3@V?$CwiseNullaryOp@U?$scalar_constant_op@M@internal@Eigen@@V?$Matrix@M$02$00$0A@$02$00@3@@3@@Eigen@@@Eigen@@IBEXABV?$CwiseNullaryOp@U?$scalar_constant_op@M@internal@Eigen@@V?$Matrix@M$02$00$0A@$02$00@3@@1@@Z 0043fae0 f i fluidsim.obj
 0002:0000db20       ??$checkTransposeAliasing@V?$CwiseNullaryOp@U?$scalar_constant_op@M@internal@Eigen@@V?$Matrix@M$02$02$0A@$02$02@3@@Eigen@@@?$DenseBase@V?$Matrix@M$02$02$0A@$02$02@Eigen@@@Eigen@@IBEXABV?$CwiseNullaryOp@U?$scalar_constant_op@M@internal@Eigen@@V?$Matrix@M$02$02$0A@$02$02@3@@1@@Z 0043fb20 f i fluidsim.obj
 0002:0000db60       ??$checkTransposeAliasing@V?$CwiseNullaryOp@U?$scalar_identity_op@M@internal@Eigen@@V?$Matrix@M$02$02$0A@$02$02@3@@Eigen@@@?$DenseBase@V?$Matrix@M$02$02$0A@$02$02@Eigen@@@Eigen@@IBEXABV?$CwiseNullaryOp@U?$scalar_identity_op@M@internal@Eigen@@V?$Matrix@M$02$02$0A@$02$02@3@@1@@Z 0043fb60 f i fluidsim.obj
 0002:0000dba0       ??$checkTransposeAliasing@V?$Matrix@M$02$00$0A@$02$00@Eigen@@@?$DenseBase@V?$Matrix@M$02$00$0A@$02$00@Eigen@@@Eigen@@IBEXABV?$Matrix@M$02$00$0A@$02$00@1@@Z 0043fba0 f i fluidsim.obj
 0002:0000dbe0       ??$checkTransposeAliasing@V?$Matrix@M$02$00$0A@$02$00@Eigen@@@?$DenseBase@V?$SelfCwiseBinaryOp@U?$scalar_difference_op@M@internal@Eigen@@V?$Matrix@M$02$00$0A@$02$00@3@V?$CoeffBasedProduct@$$CBV?$CwiseUnaryOp@U?$scalar_multiple_op@M@internal@Eigen@@$$CBV?$Matrix@M$02$02$0A@$02$02@3@@Eigen@@ABV?$Matrix@M$02$00$0A@$02$00@2@$05@3@@Eigen@@@Eigen@@IBEXABV?$Matrix@M$02$00$0A@$02$00@1@@Z 0043fbe0 f i fluidsim.obj
 0002:0000dc20       ??$checkTransposeAliasing@V?$Matrix@M$02$02$00$02$02@Eigen@@@?$DenseBase@V?$Matrix@M$02$02$0A@$02$02@Eigen@@@Eigen@@IBEXABV?$Matrix@M$02$02$00$02$02@1@@Z 0043fc20 f i fluidsim.obj
 0002:0000dc60       ??$checkTransposeAliasing@V?$Matrix@M$02$02$0A@$02$02@Eigen@@@?$DenseBase@V?$Matrix@M$02$02$0A@$02$02@Eigen@@@Eigen@@IBEXABV?$Matrix@M$02$02$0A@$02$02@1@@Z 0043fc60 f i fluidsim.obj
 0002:0000dca0       ??$checkTransposeAliasing@V?$Transpose@$$CBV?$CwiseUnaryOp@U?$scalar_multiple_op@M@internal@Eigen@@$$CBV?$Matrix@M$02$00$0A@$02$00@3@@Eigen@@@Eigen@@@?$DenseBase@V?$Block@V?$Matrix@M$02$02$0A@$02$02@Eigen@@$00$02$0A@@Eigen@@@Eigen@@IBEXABV?$Transpose@$$CBV?$CwiseUnaryOp@U?$scalar_multiple_op@M@internal@Eigen@@$$CBV?$Matrix@M$02$00$0A@$02$00@3@@Eigen@@@1@@Z 0043fca0 f i fluidsim.obj
 0002:0000dce0       ??$clamp@M@@YAMMMM@Z       0043fce0 f i fluidsim.obj
 0002:0000dd30       ??$cofactor_3x3@V?$Matrix@M$02$02$0A@$02$02@Eigen@@$00$00@internal@Eigen@@YAMABV?$Matrix@M$02$02$0A@$02$02@1@@Z 0043fd30 f i fluidsim.obj
 0002:0000ddc0       ??$cofactor_3x3@V?$Matrix@M$02$02$0A@$02$02@Eigen@@$00$01@internal@Eigen@@YAMABV?$Matrix@M$02$02$0A@$02$02@1@@Z 0043fdc0 f i fluidsim.obj
 0002:0000de50       ??$cofactor_3x3@V?$Matrix@M$02$02$0A@$02$02@Eigen@@$00$0A@@internal@Eigen@@YAMABV?$Matrix@M$02$02$0A@$02$02@1@@Z 0043fe50 f i fluidsim.obj
 0002:0000dee0       ??$cofactor_3x3@V?$Matrix@M$02$02$0A@$02$02@Eigen@@$01$00@internal@Eigen@@YAMABV?$Matrix@M$02$02$0A@$02$02@1@@Z 0043fee0 f i fluidsim.obj
 0002:0000df70       ??$cofactor_3x3@V?$Matrix@M$02$02$0A@$02$02@Eigen@@$01$01@internal@Eigen@@YAMABV?$Matrix@M$02$02$0A@$02$02@1@@Z 0043ff70 f i fluidsim.obj
 0002:0000e000       ??$cofactor_3x3@V?$Matrix@M$02$02$0A@$02$02@Eigen@@$01$0A@@internal@Eigen@@YAMABV?$Matrix@M$02$02$0A@$02$02@1@@Z 00440000 f i fluidsim.obj
 0002:0000e090       ??$cofactor_3x3@V?$Matrix@M$02$02$0A@$02$02@Eigen@@$0A@$00@internal@Eigen@@YAMABV?$Matrix@M$02$02$0A@$02$02@1@@Z 00440090 f i fluidsim.obj
 0002:0000e120       ??$cofactor_3x3@V?$Matrix@M$02$02$0A@$02$02@Eigen@@$0A@$01@internal@Eigen@@YAMABV?$Matrix@M$02$02$0A@$02$02@1@@Z 00440120 f i fluidsim.obj
 0002:0000e1b0       ??$cofactor_3x3@V?$Matrix@M$02$02$0A@$02$02@Eigen@@$0A@$0A@@internal@Eigen@@YAMABV?$Matrix@M$02$02$0A@$02$02@1@@Z 004401b0 f i fluidsim.obj
 0002:0000e240       ??$compute_inverse_size3_helper@V?$Matrix@M$02$02$0A@$02$02@Eigen@@V12@@internal@Eigen@@YAXABV?$Matrix@M$02$02$0A@$02$02@1@ABMABV?$Matrix@M$02$00$0A@$02$00@1@AAV21@@Z 00440240 f i fluidsim.obj
 0002:0000e440       ??$conj@M@numext@Eigen@@YAMABM@Z 00440440 f i fluidsim.obj
 0002:0000e470       ??$const_cast_ptr@M@internal@Eigen@@YAPAMPBM@Z 00440470 f i fluidsim.obj
 0002:0000e490       ??$construct@PADAAPAD@?$_Wrap_alloc@V?$allocator@D@std@@@std@@QAEXPAPADAAPAD@Z 00440490 f i fluidsim.obj
 0002:0000e4d0       ??$construct@PADAAPAD@?$allocator@D@std@@QAEXPAPADAAPAD@Z 004404d0 f i fluidsim.obj
 0002:0000e580       ??$construct@PADAAPAD@?$allocator_traits@V?$allocator@D@std@@@std@@SAXAAV?$allocator@D@1@PAPADAAPAD@Z 00440580 f i fluidsim.obj
 0002:0000e5c0       ??$construct@U?$Vec@$02I@@U1@@?$_Wrap_alloc@V?$allocator@U?$Vec@$02I@@@std@@@std@@QAEXPAU?$Vec@$02I@@$$QAU2@@Z 004405c0 f i fluidsim.obj
 0002:0000e600       ??$construct@U?$Vec@$02I@@U1@@?$allocator@U?$Vec@$02I@@@std@@QAEXPAU?$Vec@$02I@@$$QAU2@@Z 00440600 f i fluidsim.obj
 0002:0000e6c0       ??$construct@U?$Vec@$02I@@U1@@?$allocator_traits@V?$allocator@U?$Vec@$02I@@@std@@@std@@SAXAAV?$allocator@U?$Vec@$02I@@@1@PAU?$Vec@$02I@@$$QAU3@@Z 004406c0 f i fluidsim.obj
 0002:0000e700       ??$construct@U?$Vec@$02M@@AAU1@@?$_Wrap_alloc@V?$allocator@U?$Vec@$02M@@@std@@@std@@QAEXPAU?$Vec@$02M@@AAU2@@Z 00440700 f i fluidsim.obj
 0002:0000e740       ??$construct@U?$Vec@$02M@@AAU1@@?$allocator@U?$Vec@$02M@@@std@@QAEXPAU?$Vec@$02M@@AAU2@@Z 00440740 f i fluidsim.obj
 0002:0000e800       ??$construct@U?$Vec@$02M@@AAU1@@?$allocator_traits@V?$allocator@U?$Vec@$02M@@@std@@@std@@SAXAAV?$allocator@U?$Vec@$02M@@@1@PAU?$Vec@$02M@@AAU3@@Z 00440800 f i fluidsim.obj
 0002:0000e840       ??$construct@U?$Vec@$02M@@ABU1@@?$_Wrap_alloc@V?$allocator@U?$Vec@$02M@@@std@@@std@@QAEXPAU?$Vec@$02M@@ABU2@@Z 00440840 f i fluidsim.obj
 0002:0000e880       ??$construct@U?$Vec@$02M@@ABU1@@?$allocator_traits@V?$allocator@U?$Vec@$02M@@@std@@@std@@SAXAAV?$allocator@U?$Vec@$02M@@@1@PAU?$Vec@$02M@@ABU3@@Z 00440880 f i fluidsim.obj
 0002:0000e8c0       ??$construct@U?$Vec@$02M@@U1@@?$_Wrap_alloc@V?$allocator@U?$Vec@$02M@@@std@@@std@@QAEXPAU?$Vec@$02M@@$$QAU2@@Z 004408c0 f i fluidsim.obj
 0002:0000e900       ??$construct@U?$Vec@$02M@@U1@@?$allocator@U?$Vec@$02M@@@std@@QAEXPAU?$Vec@$02M@@$$QAU2@@Z 00440900 f i fluidsim.obj
 0002:0000e9c0       ??$construct@U?$Vec@$02M@@U1@@?$allocator_traits@V?$allocator@U?$Vec@$02M@@@std@@@std@@SAXAAV?$allocator@U?$Vec@$02M@@@1@PAU?$Vec@$02M@@$$QAU3@@Z 004409c0 f i fluidsim.obj
 0002:0000ea00       ??$construct@UParticle@@U1@@?$_Wrap_alloc@V?$allocator@UParticle@@@std@@@std@@QAEXPAUParticle@@$$QAU2@@Z 00440a00 f i fluidsim.obj
 0002:0000ea40       ??$construct@UParticle@@U1@@?$allocator@UParticle@@@std@@QAEXPAUParticle@@$$QAU2@@Z 00440a40 f i fluidsim.obj
 0002:0000eb00       ??$construct@UParticle@@U1@@?$allocator_traits@V?$allocator@UParticle@@@std@@@std@@SAXAAV?$allocator@UParticle@@@1@PAUParticle@@$$QAU3@@Z 00440b00 f i fluidsim.obj
 0002:0000eb40       ??$copyCoeff@V?$Block@$$CBV?$Matrix@M$02$02$0A@$02$02@Eigen@@$0?0$0?0$0A@@Eigen@@@?$DenseCoeffsBase@V?$Matrix@M$02$02$0A@$02$02@Eigen@@$00@Eigen@@QAEXHHABV?$DenseBase@V?$Block@$$CBV?$Matrix@M$02$02$0A@$02$02@Eigen@@$0?0$0?0$0A@@Eigen@@@1@@Z 00440b40 f i fluidsim.obj
 0002:0000eba0       ??$copyCoeff@V?$Block@V?$Matrix@M$02$02$0A@$02$02@Eigen@@$02$00$00@Eigen@@@?$SwapWrapper@V?$Block@V?$Matrix@M$02$02$0A@$02$02@Eigen@@$02$00$00@Eigen@@@Eigen@@QAEXHABV?$DenseBase@V?$Block@V?$Matrix@M$02$02$0A@$02$02@Eigen@@$02$00$00@Eigen@@@1@@Z 00440ba0 f i fluidsim.obj
 0002:0000ec30       ??$copyCoeff@V?$CoeffBasedProduct@$$CBV?$CwiseUnaryOp@U?$scalar_multiple_op@M@internal@Eigen@@$$CBV?$Matrix@M$02$00$0A@$02$00@3@@Eigen@@$$CBV?$Transpose@V?$Matrix@M$02$00$0A@$02$00@Eigen@@@2@$0BAA@@Eigen@@@?$SelfCwiseBinaryOp@U?$scalar_sum_op@M@internal@Eigen@@V?$Matrix@M$02$02$0A@$02$02@3@V?$CoeffBasedProduct@$$CBV?$CwiseUnaryOp@U?$scalar_multiple_op@M@internal@Eigen@@$$CBV?$Matrix@M$02$00$0A@$02$00@3@@Eigen@@$$CBV?$Transpose@V?$Matrix@M$02$00$0A@$02$00@Eigen@@@2@$0BAA@@3@@Eigen@@QAEXHHABV?$DenseBase@V?$CoeffBasedProduct@$$CBV?$CwiseUnaryOp@U?$scalar_multiple_op@M@internal@Eigen@@$$CBV?$Matrix@M$02$00$0A@$02$00@3@@Eigen@@$$CBV?$Transpose@V?$Matrix@M$02$00$0A@$02$00@Eigen@@@2@$0BAA@@Eigen@@@1@@Z 00440c30 f i fluidsim.obj
 0002:0000ecb0       ??$copyCoeff@V?$CoeffBasedProduct@$$CBV?$CwiseUnaryOp@U?$scalar_multiple_op@M@internal@Eigen@@$$CBV?$Matrix@M$02$02$0A@$02$02@3@@Eigen@@ABV?$Matrix@M$02$00$0A@$02$00@2@$05@Eigen@@@?$DenseCoeffsBase@V?$Matrix@M$02$00$0A@$02$00@Eigen@@$00@Eigen@@QAEXHHABV?$DenseBase@V?$CoeffBasedProduct@$$CBV?$CwiseUnaryOp@U?$scalar_multiple_op@M@internal@Eigen@@$$CBV?$Matrix@M$02$02$0A@$02$02@3@@Eigen@@ABV?$Matrix@M$02$00$0A@$02$00@2@$05@Eigen@@@1@@Z 00440cb0 f i fluidsim.obj
 0002:0000ed10       ??$copyCoeff@V?$CoeffBasedProduct@ABV?$Matrix@M$02$02$00$02$02@Eigen@@ABV?$Matrix@M$02$02$0A@$02$02@2@$05@Eigen@@@?$DenseCoeffsBase@V?$Matrix@M$02$02$0A@$02$02@Eigen@@$00@Eigen@@QAEXHHABV?$DenseBase@V?$CoeffBasedProduct@ABV?$Matrix@M$02$02$00$02$02@Eigen@@ABV?$Matrix@M$02$02$0A@$02$02@2@$05@Eigen@@@1@@Z 00440d10 f i fluidsim.obj
 0002:0000ed70       ??$copyCoeff@V?$CoeffBasedProduct@ABV?$Matrix@M$02$02$0A@$02$02@Eigen@@$$CBV?$Transpose@V?$Matrix@M$02$02$0A@$02$02@Eigen@@@2@$05@Eigen@@@?$DenseCoeffsBase@V?$Matrix@M$02$02$00$02$02@Eigen@@$00@Eigen@@QAEXHHABV?$DenseBase@V?$CoeffBasedProduct@ABV?$Matrix@M$02$02$0A@$02$02@Eigen@@$$CBV?$Transpose@V?$Matrix@M$02$02$0A@$02$02@Eigen@@@2@$05@Eigen@@@1@@Z 00440d70 f i fluidsim.obj
 0002:0000edd0       ??$copyCoeff@V?$CoeffBasedProduct@ABV?$Matrix@M$02$02$0A@$02$02@Eigen@@$$CBV?$Transpose@V?$Matrix@M$02$02$0A@$02$02@Eigen@@@2@$05@Eigen@@@?$DenseCoeffsBase@V?$Matrix@M$02$02$0A@$02$02@Eigen@@$00@Eigen@@QAEXHHABV?$DenseBase@V?$CoeffBasedProduct@ABV?$Matrix@M$02$02$0A@$02$02@Eigen@@$$CBV?$Transpose@V?$Matrix@M$02$02$0A@$02$02@Eigen@@@2@$05@Eigen@@@1@@Z 00440dd0 f i fluidsim.obj
 0002:0000ee30       ??$copyCoeff@V?$CoeffBasedProduct@ABV?$Matrix@M$02$02$0A@$02$02@Eigen@@ABV12@$05@Eigen@@@?$DenseCoeffsBase@V?$Matrix@M$02$02$0A@$02$02@Eigen@@$00@Eigen@@QAEXHHABV?$DenseBase@V?$CoeffBasedProduct@ABV?$Matrix@M$02$02$0A@$02$02@Eigen@@ABV12@$05@Eigen@@@1@@Z 00440e30 f i fluidsim.obj
 0002:0000ee90       ??$copyCoeff@V?$CoeffBasedProduct@ABV?$Matrix@M$02$02$0A@$02$02@Eigen@@V12@$05@Eigen@@@?$DenseCoeffsBase@V?$Matrix@M$02$02$0A@$02$02@Eigen@@$00@Eigen@@QAEXHHABV?$DenseBase@V?$CoeffBasedProduct@ABV?$Matrix@M$02$02$0A@$02$02@Eigen@@V12@$05@Eigen@@@1@@Z 00440e90 f i fluidsim.obj
 0002:0000eef0       ??$copyCoeff@V?$CwiseNullaryOp@U?$scalar_constant_op@M@internal@Eigen@@V?$Matrix@M$02$00$0A@$02$00@3@@Eigen@@@?$DenseCoeffsBase@V?$Matrix@M$02$00$0A@$02$00@Eigen@@$00@Eigen@@QAEXHABV?$DenseBase@V?$CwiseNullaryOp@U?$scalar_constant_op@M@internal@Eigen@@V?$Matrix@M$02$00$0A@$02$00@3@@Eigen@@@1@@Z 00440ef0 f i fluidsim.obj
 0002:0000ef50       ??$copyCoeff@V?$CwiseNullaryOp@U?$scalar_constant_op@M@internal@Eigen@@V?$Matrix@M$02$00$0A@$02$00@3@@Eigen@@@?$SelfCwiseBinaryOp@U?$scalar_product_op@MM@internal@Eigen@@V?$Block@V?$Matrix@M$02$02$0A@$02$02@Eigen@@$02$00$00@3@V?$CwiseNullaryOp@U?$scalar_constant_op@M@internal@Eigen@@V?$Matrix@M$02$00$0A@$02$00@3@@3@@Eigen@@QAEXHABV?$DenseBase@V?$CwiseNullaryOp@U?$scalar_constant_op@M@internal@Eigen@@V?$Matrix@M$02$00$0A@$02$00@3@@Eigen@@@1@@Z 00440f50 f i fluidsim.obj
 0002:0000efc0       ??$copyCoeff@V?$CwiseNullaryOp@U?$scalar_constant_op@M@internal@Eigen@@V?$Matrix@M$02$02$0A@$02$02@3@@Eigen@@@?$DenseCoeffsBase@V?$Matrix@M$02$02$0A@$02$02@Eigen@@$00@Eigen@@QAEXHABV?$DenseBase@V?$CwiseNullaryOp@U?$scalar_constant_op@M@internal@Eigen@@V?$Matrix@M$02$02$0A@$02$02@3@@Eigen@@@1@@Z 00440fc0 f i fluidsim.obj
 0002:0000f020       ??$copyCoeff@V?$CwiseNullaryOp@U?$scalar_identity_op@M@internal@Eigen@@V?$Matrix@M$02$02$0A@$02$02@3@@Eigen@@@?$DenseCoeffsBase@V?$Matrix@M$02$02$0A@$02$02@Eigen@@$00@Eigen@@QAEXHHABV?$DenseBase@V?$CwiseNullaryOp@U?$scalar_identity_op@M@internal@Eigen@@V?$Matrix@M$02$02$0A@$02$02@3@@Eigen@@@1@@Z 00441020 f i fluidsim.obj
 0002:0000f080       ??$copyCoeff@V?$Matrix@M$02$00$0A@$02$00@Eigen@@@?$DenseCoeffsBase@V?$Matrix@M$02$00$0A@$02$00@Eigen@@$00@Eigen@@QAEXHABV?$DenseBase@V?$Matrix@M$02$00$0A@$02$00@Eigen@@@1@@Z 00441080 f i fluidsim.obj
 0002:0000f0e0       ??$copyCoeff@V?$Matrix@M$02$00$0A@$02$00@Eigen@@@?$SelfCwiseBinaryOp@U?$scalar_difference_op@M@internal@Eigen@@V?$Matrix@M$02$00$0A@$02$00@3@V?$CoeffBasedProduct@$$CBV?$CwiseUnaryOp@U?$scalar_multiple_op@M@internal@Eigen@@$$CBV?$Matrix@M$02$02$0A@$02$02@3@@Eigen@@ABV?$Matrix@M$02$00$0A@$02$00@2@$05@3@@Eigen@@QAEXHABV?$DenseBase@V?$Matrix@M$02$00$0A@$02$00@Eigen@@@1@@Z 004410e0 f i fluidsim.obj
 0002:0000f150       ??$copyCoeff@V?$Matrix@M$02$02$00$02$02@Eigen@@@?$DenseCoeffsBase@V?$Matrix@M$02$02$0A@$02$02@Eigen@@$00@Eigen@@QAEXHHABV?$DenseBase@V?$Matrix@M$02$02$00$02$02@Eigen@@@1@@Z 00441150 f i fluidsim.obj
 0002:0000f1b0       ??$copyCoeff@V?$Matrix@M$02$02$0A@$02$02@Eigen@@@?$DenseCoeffsBase@V?$Matrix@M$02$02$0A@$02$02@Eigen@@$00@Eigen@@QAEXHABV?$DenseBase@V?$Matrix@M$02$02$0A@$02$02@Eigen@@@1@@Z 004411b0 f i fluidsim.obj
 0002:0000f210       ??$copyCoeff@V?$Transpose@$$CBV?$CwiseUnaryOp@U?$scalar_multiple_op@M@internal@Eigen@@$$CBV?$Matrix@M$02$00$0A@$02$00@3@@Eigen@@@Eigen@@@?$DenseCoeffsBase@V?$Block@V?$Matrix@M$02$02$0A@$02$02@Eigen@@$00$02$0A@@Eigen@@$00@Eigen@@QAEXHABV?$DenseBase@V?$Transpose@$$CBV?$CwiseUnaryOp@U?$scalar_multiple_op@M@internal@Eigen@@$$CBV?$Matrix@M$02$00$0A@$02$00@3@@Eigen@@@Eigen@@@1@@Z 00441210 f i fluidsim.obj
 0002:0000f270       ??$copyCoeffByOuterInner@V?$Block@$$CBV?$Matrix@M$02$02$0A@$02$02@Eigen@@$0?0$0?0$0A@@Eigen@@@?$DenseCoeffsBase@V?$Matrix@M$02$02$0A@$02$02@Eigen@@$00@Eigen@@QAEXHHABV?$DenseBase@V?$Block@$$CBV?$Matrix@M$02$02$0A@$02$02@Eigen@@$0?0$0?0$0A@@Eigen@@@1@@Z 00441270 f i fluidsim.obj
 0002:0000f2e0       ??$copyCoeffByOuterInner@V?$CoeffBasedProduct@$$CBV?$CwiseUnaryOp@U?$scalar_multiple_op@M@internal@Eigen@@$$CBV?$Matrix@M$02$00$0A@$02$00@3@@Eigen@@$$CBV?$Transpose@V?$Matrix@M$02$00$0A@$02$00@Eigen@@@2@$0BAA@@Eigen@@@?$DenseCoeffsBase@V?$SelfCwiseBinaryOp@U?$scalar_sum_op@M@internal@Eigen@@V?$Matrix@M$02$02$0A@$02$02@3@V?$CoeffBasedProduct@$$CBV?$CwiseUnaryOp@U?$scalar_multiple_op@M@internal@Eigen@@$$CBV?$Matrix@M$02$00$0A@$02$00@3@@Eigen@@$$CBV?$Transpose@V?$Matrix@M$02$00$0A@$02$00@Eigen@@@2@$0BAA@@3@@Eigen@@$00@Eigen@@QAEXHHABV?$DenseBase@V?$CoeffBasedProduct@$$CBV?$CwiseUnaryOp@U?$scalar_multiple_op@M@internal@Eigen@@$$CBV?$Matrix@M$02$00$0A@$02$00@3@@Eigen@@$$CBV?$Transpose@V?$Matrix@M$02$00$0A@$02$00@Eigen@@@2@$0BAA@@Eigen@@@1@@Z 004412e0 f i fluidsim.obj
 0002:0000f350       ??$copyCoeffByOuterInner@V?$CoeffBasedProduct@$$CBV?$CwiseUnaryOp@U?$scalar_multiple_op@M@internal@Eigen@@$$CBV?$Matrix@M$02$02$0A@$02$02@3@@Eigen@@ABV?$Matrix@M$02$00$0A@$02$00@2@$05@Eigen@@@?$DenseCoeffsBase@V?$Matrix@M$02$00$0A@$02$00@Eigen@@$00@Eigen@@QAEXHHABV?$DenseBase@V?$CoeffBasedProduct@$$CBV?$CwiseUnaryOp@U?$scalar_multiple_op@M@internal@Eigen@@$$CBV?$Matrix@M$02$02$0A@$02$02@3@@Eigen@@ABV?$Matrix@M$02$00$0A@$02$00@2@$05@Eigen@@@1@@Z 00441350 f i fluidsim.obj
 0002:0000f3c0       ??$copyCoeffByOuterInner@V?$CoeffBasedProduct@ABV?$Matrix@M$02$02$00$02$02@Eigen@@ABV?$Matrix@M$02$02$0A@$02$02@2@$05@Eigen@@@?$DenseCoeffsBase@V?$Matrix@M$02$02$0A@$02$02@Eigen@@$00@Eigen@@QAEXHHABV?$DenseBase@V?$CoeffBasedProduct@ABV?$Matrix@M$02$02$00$02$02@Eigen@@ABV?$Matrix@M$02$02$0A@$02$02@2@$05@Eigen@@@1@@Z 004413c0 f i fluidsim.obj
 0002:0000f430       ??$copyCoeffByOuterInner@V?$CoeffBasedProduct@ABV?$Matrix@M$02$02$0A@$02$02@Eigen@@$$CBV?$Transpose@V?$Matrix@M$02$02$0A@$02$02@Eigen@@@2@$05@Eigen@@@?$DenseCoeffsBase@V?$Matrix@M$02$02$00$02$02@Eigen@@$00@Eigen@@QAEXHHABV?$DenseBase@V?$CoeffBasedProduct@ABV?$Matrix@M$02$02$0A@$02$02@Eigen@@$$CBV?$Transpose@V?$Matrix@M$02$02$0A@$02$02@Eigen@@@2@$05@Eigen@@@1@@Z 00441430 f i fluidsim.obj
 0002:0000f4a0       ??$copyCoeffByOuterInner@V?$CoeffBasedProduct@ABV?$Matrix@M$02$02$0A@$02$02@Eigen@@$$CBV?$Transpose@V?$Matrix@M$02$02$0A@$02$02@Eigen@@@2@$05@Eigen@@@?$DenseCoeffsBase@V?$Matrix@M$02$02$0A@$02$02@Eigen@@$00@Eigen@@QAEXHHABV?$DenseBase@V?$CoeffBasedProduct@ABV?$Matrix@M$02$02$0A@$02$02@Eigen@@$$CBV?$Transpose@V?$Matrix@M$02$02$0A@$02$02@Eigen@@@2@$05@Eigen@@@1@@Z 004414a0 f i fluidsim.obj
 0002:0000f510       ??$copyCoeffByOuterInner@V?$CoeffBasedProduct@ABV?$Matrix@M$02$02$0A@$02$02@Eigen@@ABV12@$05@Eigen@@@?$DenseCoeffsBase@V?$Matrix@M$02$02$0A@$02$02@Eigen@@$00@Eigen@@QAEXHHABV?$DenseBase@V?$CoeffBasedProduct@ABV?$Matrix@M$02$02$0A@$02$02@Eigen@@ABV12@$05@Eigen@@@1@@Z 00441510 f i fluidsim.obj
 0002:0000f580       ??$copyCoeffByOuterInner@V?$CoeffBasedProduct@ABV?$Matrix@M$02$02$0A@$02$02@Eigen@@V12@$05@Eigen@@@?$DenseCoeffsBase@V?$Matrix@M$02$02$0A@$02$02@Eigen@@$00@Eigen@@QAEXHHABV?$DenseBase@V?$CoeffBasedProduct@ABV?$Matrix@M$02$02$0A@$02$02@Eigen@@V12@$05@Eigen@@@1@@Z 00441580 f i fluidsim.obj
 0002:0000f5f0       ??$copyCoeffByOuterInner@V?$CwiseNullaryOp@U?$scalar_identity_op@M@internal@Eigen@@V?$Matrix@M$02$02$0A@$02$02@3@@Eigen@@@?$DenseCoeffsBase@V?$Matrix@M$02$02$0A@$02$02@Eigen@@$00@Eigen@@QAEXHHABV?$DenseBase@V?$CwiseNullaryOp@U?$scalar_identity_op@M@internal@Eigen@@V?$Matrix@M$02$02$0A@$02$02@3@@Eigen@@@1@@Z 004415f0 f i fluidsim.obj
 0002:0000f660       ??$copyCoeffByOuterInner@V?$Matrix@M$02$02$00$02$02@Eigen@@@?$DenseCoeffsBase@V?$Matrix@M$02$02$0A@$02$02@Eigen@@$00@Eigen@@QAEXHHABV?$DenseBase@V?$Matrix@M$02$02$00$02$02@Eigen@@@1@@Z 00441660 f i fluidsim.obj
 0002:0000f6d0       ??$cwiseProduct@V?$Block@$$CBV?$Matrix@M$02$02$0A@$02$02@Eigen@@$02$00$00@Eigen@@@?$MatrixBase@V?$Matrix@M$02$00$0A@$02$00@Eigen@@@Eigen@@QBE?BV?$CwiseBinaryOp@U?$scalar_product_op@MM@internal@Eigen@@$$CBV?$Matrix@M$02$00$0A@$02$00@3@$$CBV?$Block@$$CBV?$Matrix@M$02$02$0A@$02$02@Eigen@@$02$00$00@3@@1@ABV?$MatrixBase@V?$Block@$$CBV?$Matrix@M$02$02$0A@$02$02@Eigen@@$02$00$00@Eigen@@@1@@Z 004416d0 f i fluidsim.obj
 0002:0000f720       ??$destroy@PAD@?$_Wrap_alloc@V?$allocator@D@std@@@std@@QAEXPAPAD@Z 00441720 f i fluidsim.obj
 0002:0000f750       ??$destroy@PAD@?$allocator@D@std@@QAEXPAPAD@Z 00441750 f i fluidsim.obj
 0002:0000f770       ??$destroy@PAD@?$allocator_traits@V?$allocator@D@std@@@std@@SAXAAV?$allocator@D@1@PAPAD@Z 00441770 f i fluidsim.obj
 0002:0000f7a0       ??$destroy@U?$Vec@$02I@@@?$_Wrap_alloc@V?$allocator@U?$Vec@$02I@@@std@@@std@@QAEXPAU?$Vec@$02I@@@Z 004417a0 f i fluidsim.obj
 0002:0000f7d0       ??$destroy@U?$Vec@$02I@@@?$allocator@U?$Vec@$02I@@@std@@QAEXPAU?$Vec@$02I@@@Z 004417d0 f i fluidsim.obj
 0002:0000f7f0       ??$destroy@U?$Vec@$02I@@@?$allocator_traits@V?$allocator@U?$Vec@$02I@@@std@@@std@@SAXAAV?$allocator@U?$Vec@$02I@@@1@PAU?$Vec@$02I@@@Z 004417f0 f i fluidsim.obj
 0002:0000f820       ??$destroy@U?$Vec@$02M@@@?$_Wrap_alloc@V?$allocator@U?$Vec@$02M@@@std@@@std@@QAEXPAU?$Vec@$02M@@@Z 00441820 f i fluidsim.obj
 0002:0000f850       ??$destroy@U?$Vec@$02M@@@?$allocator@U?$Vec@$02M@@@std@@QAEXPAU?$Vec@$02M@@@Z 00441850 f i fluidsim.obj
 0002:0000f870       ??$destroy@U?$Vec@$02M@@@?$allocator_traits@V?$allocator@U?$Vec@$02M@@@std@@@std@@SAXAAV?$allocator@U?$Vec@$02M@@@1@PAU?$Vec@$02M@@@Z 00441870 f i fluidsim.obj
 0002:0000f8a0       ??$destroy@UParticle@@@?$_Wrap_alloc@V?$allocator@UParticle@@@std@@@std@@QAEXPAUParticle@@@Z 004418a0 f i fluidsim.obj
 0002:0000f8d0       ??$destroy@UParticle@@@?$allocator@UParticle@@@std@@QAEXPAUParticle@@@Z 004418d0 f i fluidsim.obj
 0002:0000f8f0       ??$destroy@UParticle@@@?$allocator_traits@V?$allocator@UParticle@@@std@@@std@@SAXAAV?$allocator@UParticle@@@1@PAUParticle@@@Z 004418f0 f i fluidsim.obj
 0002:0000f920       ??$dot@$02M@@YAMABU?$Vec@$02M@@0@Z 00441920 f i fluidsim.obj
 0002:0000f9b0       ??$evalTo@V?$Matrix@M$02$02$0A@$02$02@Eigen@@@?$ReturnByValue@U?$inverse_impl@V?$Matrix@M$02$02$0A@$02$02@Eigen@@@internal@Eigen@@@Eigen@@QBEXAAV?$Matrix@M$02$02$0A@$02$02@1@@Z 004419b0 f i fluidsim.obj
 0002:0000f9e0       ??$evalTo@V?$Matrix@M$02$02$0A@$02$02@Eigen@@@?$inverse_impl@V?$Matrix@M$02$02$0A@$02$02@Eigen@@@internal@Eigen@@QBEXAAV?$Matrix@M$02$02$0A@$02$02@2@@Z 004419e0 f i fluidsim.obj
 0002:0000fa80       ??$extract_data@V?$Block@V?$Matrix@M$02$02$0A@$02$02@Eigen@@$00$02$0A@@Eigen@@@internal@Eigen@@YAPBMABV?$Block@V?$Matrix@M$02$02$0A@$02$02@Eigen@@$00$02$0A@@1@@Z 00441a80 f i fluidsim.obj
 0002:0000fab0       ??$extract_data@V?$Matrix@M$02$02$0A@$02$02@Eigen@@@internal@Eigen@@YAPBMABV?$Matrix@M$02$02$0A@$02$02@1@@Z 00441ab0 f i fluidsim.obj
 0002:0000fae0       ??$extract_data@V?$Transpose@$$CBV?$CwiseUnaryOp@U?$scalar_multiple_op@M@internal@Eigen@@$$CBV?$Matrix@M$02$00$0A@$02$00@3@@Eigen@@@Eigen@@@internal@Eigen@@YAPBMABV?$Transpose@$$CBV?$CwiseUnaryOp@U?$scalar_multiple_op@M@internal@Eigen@@$$CBV?$Matrix@M$02$00$0A@$02$00@3@@Eigen@@@1@@Z 00441ae0 f i fluidsim.obj
 0002:0000fb80       ??$forward@AAPAD@std@@YAAAPADAAPAD@Z 00441b80 f i fluidsim.obj
 0002:0000fba0       ??$forward@AAPAUParticle@@@std@@YAAAPAUParticle@@AAPAU1@@Z 00441ba0 f i fluidsim.obj
 0002:0000fbc0       ??$forward@AAU?$Vec@$02M@@@std@@YAAAU?$Vec@$02M@@AAU1@@Z 00441bc0 f i fluidsim.obj
 0002:0000fbe0       ??$forward@ABU?$Vec@$02M@@@std@@YAABU?$Vec@$02M@@ABU1@@Z 00441be0 f i fluidsim.obj
 0002:0000fc00       ??$forward@PAUParticle@@@std@@YA$$QAPAUParticle@@AAPAU1@@Z 00441c00 f i fluidsim.obj
 0002:0000fc20       ??$forward@U?$Vec@$02I@@@std@@YA$$QAU?$Vec@$02I@@AAU1@@Z 00441c20 f i fluidsim.obj
 0002:0000fc40       ??$forward@U?$Vec@$02M@@@std@@YA$$QAU?$Vec@$02M@@AAU1@@Z 00441c40 f i fluidsim.obj
 0002:0000fc60       ??$forward@UParticle@@@std@@YA$$QAUParticle@@AAU1@@Z 00441c60 f i fluidsim.obj
 0002:0000fc80       ??$forward@V?$basic_string@DU?$char_traits@D@std@@V?$allocator@D@2@@std@@@std@@YA$$QAV?$basic_string@DU?$char_traits@D@std@@V?$allocator@D@2@@0@AAV10@@Z 00441c80 f i fluidsim.obj
 0002:0000fca0       ??$get_barycentric@M@@YAXMAAHAAMHH@Z 00441ca0 f i fluidsim.obj
 0002:0000fd50       ??$getline@DU?$char_traits@D@std@@V?$allocator@D@2@@std@@YAAAV?$basic_istream@DU?$char_traits@D@std@@@0@$$QAV10@AAV?$basic_string@DU?$char_traits@D@std@@V?$allocator@D@2@@0@D@Z 00441d50 f i fluidsim.obj
 0002:0000ffd0       ??$getline@DU?$char_traits@D@std@@V?$allocator@D@2@@std@@YAAAV?$basic_istream@DU?$char_traits@D@std@@@0@AAV10@AAV?$basic_string@DU?$char_traits@D@std@@V?$allocator@D@2@@0@@Z 00441fd0 f i fluidsim.obj
 0002:00010030       ??$interpolate_gradient@MM@@YAMAAU?$Vec@$02M@@ABU0@ABU?$Array3@MU?$Array1@M@@@@@Z 00442030 f i fluidsim.obj
 0002:00010480       ??$interpolate_value@MM@@YAMABU?$Vec@$02M@@ABU?$Array3@MU?$Array1@M@@@@@Z 00442480 f i fluidsim.obj
 0002:00010670       ??$iter_swap@PAUParticle@@PAU1@@std@@YAXPAUParticle@@0@Z 00442670 f i fluidsim.obj
 0002:000106a0       ??$lazyAssign@V?$Block@$$CBV?$Matrix@M$02$02$0A@$02$02@Eigen@@$0?0$0?0$0A@@Eigen@@@?$DenseBase@V?$Matrix@M$02$02$0A@$02$02@Eigen@@@Eigen@@QAEAAV?$Matrix@M$02$02$0A@$02$02@1@ABV?$DenseBase@V?$Block@$$CBV?$Matrix@M$02$02$0A@$02$02@Eigen@@$0?0$0?0$0A@@Eigen@@@1@@Z 004426a0 f i fluidsim.obj
 0002:00010750       ??$lazyAssign@V?$Block@$$CBV?$Matrix@M$02$02$0A@$02$02@Eigen@@$0?0$0?0$0A@@Eigen@@@?$PlainObjectBase@V?$Matrix@M$02$02$0A@$02$02@Eigen@@@Eigen@@QAEAAV?$Matrix@M$02$02$0A@$02$02@1@ABV?$DenseBase@V?$Block@$$CBV?$Matrix@M$02$02$0A@$02$02@Eigen@@$0?0$0?0$0A@@Eigen@@@1@@Z 00442750 f i fluidsim.obj
 0002:00010790       ??$lazyAssign@V?$Block@V?$Matrix@M$02$02$0A@$02$02@Eigen@@$02$00$00@Eigen@@@?$DenseBase@V?$SwapWrapper@V?$Block@V?$Matrix@M$02$02$0A@$02$02@Eigen@@$02$00$00@Eigen@@@Eigen@@@Eigen@@QAEAAV?$SwapWrapper@V?$Block@V?$Matrix@M$02$02$0A@$02$02@Eigen@@$02$00$00@Eigen@@@1@ABV?$DenseBase@V?$Block@V?$Matrix@M$02$02$0A@$02$02@Eigen@@$02$00$00@Eigen@@@1@@Z 00442790 f i fluidsim.obj
 0002:00010840       ??$lazyAssign@V?$CoeffBasedProduct@$$CBV?$CwiseUnaryOp@U?$scalar_multiple_op@M@internal@Eigen@@$$CBV?$Matrix@M$02$00$0A@$02$00@3@@Eigen@@$$CBV?$Transpose@V?$Matrix@M$02$00$0A@$02$00@Eigen@@@2@$0BAA@@Eigen@@@?$SelfCwiseBinaryOp@U?$scalar_sum_op@M@internal@Eigen@@V?$Matrix@M$02$02$0A@$02$02@3@V?$CoeffBasedProduct@$$CBV?$CwiseUnaryOp@U?$scalar_multiple_op@M@internal@Eigen@@$$CBV?$Matrix@M$02$00$0A@$02$00@3@@Eigen@@$$CBV?$Transpose@V?$Matrix@M$02$00$0A@$02$00@Eigen@@@2@$0BAA@@3@@Eigen@@QAEAAV01@ABV?$DenseBase@V?$CoeffBasedProduct@$$CBV?$CwiseUnaryOp@U?$scalar_multiple_op@M@internal@Eigen@@$$CBV?$Matrix@M$02$00$0A@$02$00@3@@Eigen@@$$CBV?$Transpose@V?$Matrix@M$02$00$0A@$02$00@Eigen@@@2@$0BAA@@Eigen@@@1@@Z 00442840 f i fluidsim.obj
 0002:000108f0       ??$lazyAssign@V?$CoeffBasedProduct@$$CBV?$CwiseUnaryOp@U?$scalar_multiple_op@M@internal@Eigen@@$$CBV?$Matrix@M$02$02$0A@$02$02@3@@Eigen@@ABV?$Matrix@M$02$00$0A@$02$00@2@$05@Eigen@@@?$DenseBase@V?$Matrix@M$02$00$0A@$02$00@Eigen@@@Eigen@@QAEAAV?$Matrix@M$02$00$0A@$02$00@1@ABV?$DenseBase@V?$CoeffBasedProduct@$$CBV?$CwiseUnaryOp@U?$scalar_multiple_op@M@internal@Eigen@@$$CBV?$Matrix@M$02$02$0A@$02$02@3@@Eigen@@ABV?$Matrix@M$02$00$0A@$02$00@2@$05@Eigen@@@1@@Z 004428f0 f i fluidsim.obj
 0002:000109a0       ??$lazyAssign@V?$CoeffBasedProduct@$$CBV?$CwiseUnaryOp@U?$scalar_multiple_op@M@internal@Eigen@@$$CBV?$Matrix@M$02$02$0A@$02$02@3@@Eigen@@ABV?$Matrix@M$02$00$0A@$02$00@2@$05@Eigen@@@?$PlainObjectBase@V?$Matrix@M$02$00$0A@$02$00@Eigen@@@Eigen@@QAEAAV?$Matrix@M$02$00$0A@$02$00@1@ABV?$DenseBase@V?$CoeffBasedProduct@$$CBV?$CwiseUnaryOp@U?$scalar_multiple_op@M@internal@Eigen@@$$CBV?$Matrix@M$02$02$0A@$02$02@3@@Eigen@@ABV?$Matrix@M$02$00$0A@$02$00@2@$05@Eigen@@@1@@Z 004429a0 f i fluidsim.obj
 0002:00010a10       ??$lazyAssign@V?$CoeffBasedProduct@ABV?$Matrix@M$02$02$00$02$02@Eigen@@ABV?$Matrix@M$02$02$0A@$02$02@2@$05@Eigen@@@?$DenseBase@V?$Matrix@M$02$02$0A@$02$02@Eigen@@@Eigen@@QAEAAV?$Matrix@M$02$02$0A@$02$02@1@ABV?$DenseBase@V?$CoeffBasedProduct@ABV?$Matrix@M$02$02$00$02$02@Eigen@@ABV?$Matrix@M$02$02$0A@$02$02@2@$05@Eigen@@@1@@Z 00442a10 f i fluidsim.obj
 0002:00010ac0       ??$lazyAssign@V?$CoeffBasedProduct@ABV?$Matrix@M$02$02$00$02$02@Eigen@@ABV?$Matrix@M$02$02$0A@$02$02@2@$05@Eigen@@@?$PlainObjectBase@V?$Matrix@M$02$02$0A@$02$02@Eigen@@@Eigen@@QAEAAV?$Matrix@M$02$02$0A@$02$02@1@ABV?$DenseBase@V?$CoeffBasedProduct@ABV?$Matrix@M$02$02$00$02$02@Eigen@@ABV?$Matrix@M$02$02$0A@$02$02@2@$05@Eigen@@@1@@Z 00442ac0 f i fluidsim.obj
 0002:00010b30       ??$lazyAssign@V?$CoeffBasedProduct@ABV?$Matrix@M$02$02$0A@$02$02@Eigen@@$$CBV?$Transpose@V?$Matrix@M$02$02$0A@$02$02@Eigen@@@2@$05@Eigen@@@?$DenseBase@V?$Matrix@M$02$02$00$02$02@Eigen@@@Eigen@@QAEAAV?$Matrix@M$02$02$00$02$02@1@ABV?$DenseBase@V?$CoeffBasedProduct@ABV?$Matrix@M$02$02$0A@$02$02@Eigen@@$$CBV?$Transpose@V?$Matrix@M$02$02$0A@$02$02@Eigen@@@2@$05@Eigen@@@1@@Z 00442b30 f i fluidsim.obj
 0002:00010be0       ??$lazyAssign@V?$CoeffBasedProduct@ABV?$Matrix@M$02$02$0A@$02$02@Eigen@@$$CBV?$Transpose@V?$Matrix@M$02$02$0A@$02$02@Eigen@@@2@$05@Eigen@@@?$DenseBase@V?$Matrix@M$02$02$0A@$02$02@Eigen@@@Eigen@@QAEAAV?$Matrix@M$02$02$0A@$02$02@1@ABV?$DenseBase@V?$CoeffBasedProduct@ABV?$Matrix@M$02$02$0A@$02$02@Eigen@@$$CBV?$Transpose@V?$Matrix@M$02$02$0A@$02$02@Eigen@@@2@$05@Eigen@@@1@@Z 00442be0 f i fluidsim.obj
 0002:00010c90       ??$lazyAssign@V?$CoeffBasedProduct@ABV?$Matrix@M$02$02$0A@$02$02@Eigen@@$$CBV?$Transpose@V?$Matrix@M$02$02$0A@$02$02@Eigen@@@2@$05@Eigen@@@?$PlainObjectBase@V?$Matrix@M$02$02$00$02$02@Eigen@@@Eigen@@QAEAAV?$Matrix@M$02$02$00$02$02@1@ABV?$DenseBase@V?$CoeffBasedProduct@ABV?$Matrix@M$02$02$0A@$02$02@Eigen@@$$CBV?$Transpose@V?$Matrix@M$02$02$0A@$02$02@Eigen@@@2@$05@Eigen@@@1@@Z 00442c90 f i fluidsim.obj
 0002:00010d00       ??$lazyAssign@V?$CoeffBasedProduct@ABV?$Matrix@M$02$02$0A@$02$02@Eigen@@$$CBV?$Transpose@V?$Matrix@M$02$02$0A@$02$02@Eigen@@@2@$05@Eigen@@@?$PlainObjectBase@V?$Matrix@M$02$02$0A@$02$02@Eigen@@@Eigen@@QAEAAV?$Matrix@M$02$02$0A@$02$02@1@ABV?$DenseBase@V?$CoeffBasedProduct@ABV?$Matrix@M$02$02$0A@$02$02@Eigen@@$$CBV?$Transpose@V?$Matrix@M$02$02$0A@$02$02@Eigen@@@2@$05@Eigen@@@1@@Z 00442d00 f i fluidsim.obj
 0002:00010d70       ??$lazyAssign@V?$CoeffBasedProduct@ABV?$Matrix@M$02$02$0A@$02$02@Eigen@@ABV12@$05@Eigen@@@?$DenseBase@V?$Matrix@M$02$02$0A@$02$02@Eigen@@@Eigen@@QAEAAV?$Matrix@M$02$02$0A@$02$02@1@ABV?$DenseBase@V?$CoeffBasedProduct@ABV?$Matrix@M$02$02$0A@$02$02@Eigen@@ABV12@$05@Eigen@@@1@@Z 00442d70 f i fluidsim.obj
 0002:00010e20       ??$lazyAssign@V?$CoeffBasedProduct@ABV?$Matrix@M$02$02$0A@$02$02@Eigen@@ABV12@$05@Eigen@@@?$PlainObjectBase@V?$Matrix@M$02$02$0A@$02$02@Eigen@@@Eigen@@QAEAAV?$Matrix@M$02$02$0A@$02$02@1@ABV?$DenseBase@V?$CoeffBasedProduct@ABV?$Matrix@M$02$02$0A@$02$02@Eigen@@ABV12@$05@Eigen@@@1@@Z 00442e20 f i fluidsim.obj
 0002:00010e90       ??$lazyAssign@V?$CoeffBasedProduct@ABV?$Matrix@M$02$02$0A@$02$02@Eigen@@V12@$05@Eigen@@@?$DenseBase@V?$Matrix@M$02$02$0A@$02$02@Eigen@@@Eigen@@QAEAAV?$Matrix@M$02$02$0A@$02$02@1@ABV?$DenseBase@V?$CoeffBasedProduct@ABV?$Matrix@M$02$02$0A@$02$02@Eigen@@V12@$05@Eigen@@@1@@Z 00442e90 f i fluidsim.obj
 0002:00010f40       ??$lazyAssign@V?$CoeffBasedProduct@ABV?$Matrix@M$02$02$0A@$02$02@Eigen@@V12@$05@Eigen@@@?$PlainObjectBase@V?$Matrix@M$02$02$0A@$02$02@Eigen@@@Eigen@@QAEAAV?$Matrix@M$02$02$0A@$02$02@1@ABV?$DenseBase@V?$CoeffBasedProduct@ABV?$Matrix@M$02$02$0A@$02$02@Eigen@@V12@$05@Eigen@@@1@@Z 00442f40 f i fluidsim.obj
 0002:00010fb0       ??$lazyAssign@V?$CwiseNullaryOp@U?$scalar_constant_op@M@internal@Eigen@@V?$Matrix@M$02$00$0A@$02$00@3@@Eigen@@@?$DenseBase@V?$Matrix@M$02$00$0A@$02$00@Eigen@@@Eigen@@QAEAAV?$Matrix@M$02$00$0A@$02$00@1@ABV?$DenseBase@V?$CwiseNullaryOp@U?$scalar_constant_op@M@internal@Eigen@@V?$Matrix@M$02$00$0A@$02$00@3@@Eigen@@@1@@Z 00442fb0 f i fluidsim.obj
 0002:00011060       ??$lazyAssign@V?$CwiseNullaryOp@U?$scalar_constant_op@M@internal@Eigen@@V?$Matrix@M$02$00$0A@$02$00@3@@Eigen@@@?$PlainObjectBase@V?$Matrix@M$02$00$0A@$02$00@Eigen@@@Eigen@@QAEAAV?$Matrix@M$02$00$0A@$02$00@1@ABV?$DenseBase@V?$CwiseNullaryOp@U?$scalar_constant_op@M@internal@Eigen@@V?$Matrix@M$02$00$0A@$02$00@3@@Eigen@@@1@@Z 00443060 f i fluidsim.obj
 0002:000110d0       ??$lazyAssign@V?$CwiseNullaryOp@U?$scalar_constant_op@M@internal@Eigen@@V?$Matrix@M$02$00$0A@$02$00@3@@Eigen@@@?$SelfCwiseBinaryOp@U?$scalar_product_op@MM@internal@Eigen@@V?$Block@V?$Matrix@M$02$02$0A@$02$02@Eigen@@$02$00$00@3@V?$CwiseNullaryOp@U?$scalar_constant_op@M@internal@Eigen@@V?$Matrix@M$02$00$0A@$02$00@3@@3@@Eigen@@QAEAAV01@ABV?$DenseBase@V?$CwiseNullaryOp@U?$scalar_constant_op@M@internal@Eigen@@V?$Matrix@M$02$00$0A@$02$00@3@@Eigen@@@1@@Z 004430d0 f i fluidsim.obj
 0002:00011180       ??$lazyAssign@V?$CwiseNullaryOp@U?$scalar_constant_op@M@internal@Eigen@@V?$Matrix@M$02$02$0A@$02$02@3@@Eigen@@@?$DenseBase@V?$Matrix@M$02$02$0A@$02$02@Eigen@@@Eigen@@QAEAAV?$Matrix@M$02$02$0A@$02$02@1@ABV?$DenseBase@V?$CwiseNullaryOp@U?$scalar_constant_op@M@internal@Eigen@@V?$Matrix@M$02$02$0A@$02$02@3@@Eigen@@@1@@Z 00443180 f i fluidsim.obj
 0002:00011230       ??$lazyAssign@V?$CwiseNullaryOp@U?$scalar_constant_op@M@internal@Eigen@@V?$Matrix@M$02$02$0A@$02$02@3@@Eigen@@@?$PlainObjectBase@V?$Matrix@M$02$02$0A@$02$02@Eigen@@@Eigen@@QAEAAV?$Matrix@M$02$02$0A@$02$02@1@ABV?$DenseBase@V?$CwiseNullaryOp@U?$scalar_constant_op@M@internal@Eigen@@V?$Matrix@M$02$02$0A@$02$02@3@@Eigen@@@1@@Z 00443230 f i fluidsim.obj
 0002:000112a0       ??$lazyAssign@V?$CwiseNullaryOp@U?$scalar_identity_op@M@internal@Eigen@@V?$Matrix@M$02$02$0A@$02$02@3@@Eigen@@@?$DenseBase@V?$Matrix@M$02$02$0A@$02$02@Eigen@@@Eigen@@QAEAAV?$Matrix@M$02$02$0A@$02$02@1@ABV?$DenseBase@V?$CwiseNullaryOp@U?$scalar_identity_op@M@internal@Eigen@@V?$Matrix@M$02$02$0A@$02$02@3@@Eigen@@@1@@Z 004432a0 f i fluidsim.obj
 0002:00011350       ??$lazyAssign@V?$CwiseNullaryOp@U?$scalar_identity_op@M@internal@Eigen@@V?$Matrix@M$02$02$0A@$02$02@3@@Eigen@@@?$PlainObjectBase@V?$Matrix@M$02$02$0A@$02$02@Eigen@@@Eigen@@QAEAAV?$Matrix@M$02$02$0A@$02$02@1@ABV?$DenseBase@V?$CwiseNullaryOp@U?$scalar_identity_op@M@internal@Eigen@@V?$Matrix@M$02$02$0A@$02$02@3@@Eigen@@@1@@Z 00443350 f i fluidsim.obj
 0002:000113c0       ??$lazyAssign@V?$Matrix@M$02$00$0A@$02$00@Eigen@@@?$DenseBase@V?$Matrix@M$02$00$0A@$02$00@Eigen@@@Eigen@@QAEAAV?$Matrix@M$02$00$0A@$02$00@1@ABV01@@Z 004433c0 f i fluidsim.obj
 0002:00011470       ??$lazyAssign@V?$Matrix@M$02$00$0A@$02$00@Eigen@@@?$PlainObjectBase@V?$Matrix@M$02$00$0A@$02$00@Eigen@@@Eigen@@QAEAAV?$Matrix@M$02$00$0A@$02$00@1@ABV?$DenseBase@V?$Matrix@M$02$00$0A@$02$00@Eigen@@@1@@Z 00443470 f i fluidsim.obj
 0002:000114b0       ??$lazyAssign@V?$Matrix@M$02$00$0A@$02$00@Eigen@@@?$SelfCwiseBinaryOp@U?$scalar_difference_op@M@internal@Eigen@@V?$Matrix@M$02$00$0A@$02$00@3@V?$CoeffBasedProduct@$$CBV?$CwiseUnaryOp@U?$scalar_multiple_op@M@internal@Eigen@@$$CBV?$Matrix@M$02$02$0A@$02$02@3@@Eigen@@ABV?$Matrix@M$02$00$0A@$02$00@2@$05@3@@Eigen@@QAEAAV01@ABV?$DenseBase@V?$Matrix@M$02$00$0A@$02$00@Eigen@@@1@@Z 004434b0 f i fluidsim.obj
 0002:00011560       ??$lazyAssign@V?$Matrix@M$02$02$00$02$02@Eigen@@@?$DenseBase@V?$Matrix@M$02$02$0A@$02$02@Eigen@@@Eigen@@QAEAAV?$Matrix@M$02$02$0A@$02$02@1@ABV?$DenseBase@V?$Matrix@M$02$02$00$02$02@Eigen@@@1@@Z 00443560 f i fluidsim.obj
 0002:00011610       ??$lazyAssign@V?$Matrix@M$02$02$00$02$02@Eigen@@@?$PlainObjectBase@V?$Matrix@M$02$02$0A@$02$02@Eigen@@@Eigen@@QAEAAV?$Matrix@M$02$02$0A@$02$02@1@ABV?$DenseBase@V?$Matrix@M$02$02$00$02$02@Eigen@@@1@@Z 00443610 f i fluidsim.obj
 0002:00011650       ??$lazyAssign@V?$Matrix@M$02$02$0A@$02$02@Eigen@@@?$DenseBase@V?$Matrix@M$02$02$0A@$02$02@Eigen@@@Eigen@@QAEAAV?$Matrix@M$02$02$0A@$02$02@1@ABV01@@Z 00443650 f i fluidsim.obj
 0002:00011700       ??$lazyAssign@V?$Matrix@M$02$02$0A@$02$02@Eigen@@@?$PlainObjectBase@V?$Matrix@M$02$02$0A@$02$02@Eigen@@@Eigen@@QAEAAV?$Matrix@M$02$02$0A@$02$02@1@ABV?$DenseBase@V?$Matrix@M$02$02$0A@$02$02@Eigen@@@1@@Z 00443700 f i fluidsim.obj
 0002:00011740       ??$lazyAssign@V?$Transpose@$$CBV?$CwiseUnaryOp@U?$scalar_multiple_op@M@internal@Eigen@@$$CBV?$Matrix@M$02$00$0A@$02$00@3@@Eigen@@@Eigen@@@?$DenseBase@V?$Block@V?$Matrix@M$02$02$0A@$02$02@Eigen@@$00$02$0A@@Eigen@@@Eigen@@QAEAAV?$Block@V?$Matrix@M$02$02$0A@$02$02@Eigen@@$00$02$0A@@1@ABV?$DenseBase@V?$Transpose@$$CBV?$CwiseUnaryOp@U?$scalar_multiple_op@M@internal@Eigen@@$$CBV?$Matrix@M$02$00$0A@$02$00@3@@Eigen@@@Eigen@@@1@@Z 00443740 f i fluidsim.obj
 0002:000117f0       ??$lerp@MM@@YAMABM0M@Z     004437f0 f i fluidsim.obj
 0002:00011840       ??$mag2@$02M@@YAMABU?$Vec@$02M@@@Z 00443840 f i fluidsim.obj
 0002:000118d0       ??$mag@$02M@@YAMABU?$Vec@$02M@@@Z 004438d0 f i fluidsim.obj
 0002:00011900       ??$makeJacobi@V?$Matrix@M$01$01$0A@$01$01@Eigen@@@?$JacobiRotation@M@Eigen@@QAE_NABV?$MatrixBase@V?$Matrix@M$01$01$0A@$01$01@Eigen@@@1@HH@Z 00443900 f i fluidsim.obj
 0002:00011990       ??$make_heap@PAUParticle@@P6A_NU1@0@Z@std@@YAXPAUParticle@@0P6A_NU1@1@Z@Z 00443990 f i fluidsim.obj
 0002:00011a10       ??$max@H@std@@YAABHABH0@Z  00443a10 f i fluidsim.obj
 0002:00011a50       ??$max@M@std@@YAABMABM0@Z  00443a50 f i fluidsim.obj
 0002:00011aa0       ??$maxCoeff@H@?$DenseBase@V?$Block@V?$Matrix@M$02$00$0A@$02$00@Eigen@@$0?0$00$0A@@Eigen@@@Eigen@@QBEMPAH@Z 00443aa0 f i fluidsim.obj
 0002:00011b10       ??$min@H@std@@YAABHABH0@Z  00443b10 f i fluidsim.obj
 0002:00011b50       ??$move@AAUParticle@@@std@@YA$$QAUParticle@@AAU1@@Z 00443b50 f i fluidsim.obj
 0002:00011b70       ??$move@AAV?$basic_istream@DU?$char_traits@D@std@@@std@@@std@@YA$$QAV?$basic_istream@DU?$char_traits@D@std@@@0@AAV10@@Z 00443b70 f i fluidsim.obj
 0002:00011b90       ??$move@AAV?$basic_string@DU?$char_traits@D@std@@V?$allocator@D@2@@std@@@std@@YA$$QAV?$basic_string@DU?$char_traits@D@std@@V?$allocator@D@2@@0@AAV10@@Z 00443b90 f i fluidsim.obj
 0002:00011bb0       ??$normalize@$02M@@YAXAAU?$Vec@$02M@@@Z 00443bb0 f i fluidsim.obj
 0002:00011c00       ??$normalized@$02M@@YA?AU?$Vec@$02M@@ABU0@@Z 00443c00 f i fluidsim.obj
[...]
 0005:00000788       __imp_?_Add_vtordisp1@?$basic_istream@DU?$char_traits@D@std@@@std@@UAEXXZ 004aa788     msvcprt:MSVCP110.dll
 0005:0000078c       __imp_??1?$basic_istream@DU?$char_traits@D@std@@@std@@UAE@XZ 004aa78c     msvcprt:MSVCP110.dll
 0005:00000790       __imp_??0?$basic_istream@DU?$char_traits@D@std@@@std@@QAE@PAV?$basic_streambuf@DU?$char_traits@D@std@@@1@_N@Z 004aa790     msvcprt:MSVCP110.dll
 0005:00000794       __imp_?endl@std@@YAAAV?$basic_ostream@DU?$char_traits@D@std@@@1@AAV21@@Z 004aa794     msvcprt:MSVCP110.dll
 0005:00000798       __imp_?flush@?$basic_ostream@DU?$char_traits@D@std@@@std@@QAEAAV12@XZ 004aa798     msvcprt:MSVCP110.dll
 0005:0000079c       __imp_??6?$basic_ostream@DU?$char_traits@D@std@@@std@@QAEAAV01@M@Z 004aa79c     msvcprt:MSVCP110.dll
 0005:000007a0       __imp_??6?$basic_ostream@DU?$char_traits@D@std@@@std@@QAEAAV01@H@Z 004aa7a0     msvcprt:MSVCP110.dll
 0005:000007a4       __imp_??6?$basic_ostream@DU?$char_traits@D@std@@@std@@QAEAAV01@P6AAAV01@AAV01@@Z@Z 004aa7a4     msvcprt:MSVCP110.dll
 0005:000007a8       __imp_?_Osfx@?$basic_ostream@DU?$char_traits@D@std@@@std@@QAEXXZ 004aa7a8     msvcprt:MSVCP110.dll
 0005:000007ac       __imp_?_Add_vtordisp2@?$basic_ostream@DU?$char_traits@D@std@@@std@@UAEXXZ 004aa7ac     msvcprt:MSVCP110.dll
 0005:000007b0       __imp_??1?$basic_ostream@DU?$char_traits@D@std@@@std@@UAE@XZ 004aa7b0     msvcprt:MSVCP110.dll
 0005:000007b4       __imp_??0?$basic_ostream@DU?$char_traits@D@std@@@std@@QAE@PAV?$basic_streambuf@DU?$char_traits@D@std@@@1@_N@Z 004aa7b4     msvcprt:MSVCP110.dll
 0005:000007b8       __imp_??0?$basic_ios@DU?$char_traits@D@std@@@std@@IAE@XZ 004aa7b8     msvcprt:MSVCP110.dll
 0005:000007bc       __imp_?widen@?$basic_ios@DU?$char_traits@D@std@@@std@@QBEDD@Z 004aa7bc     msvcprt:MSVCP110.dll
 0005:000007c0       __imp_?fill@?$basic_ios@DU?$char_traits@D@std@@@std@@QBEDXZ 004aa7c0     msvcprt:MSVCP110.dll
 0005:000007c4       __imp_??0_Lockit@std@@QAE@H@Z 004aa7c4     msvcprt:MSVCP110.dll
 0005:000007c8       __imp_??1_Lockit@std@@QAE@XZ 004aa7c8     msvcprt:MSVCP110.dll
 0005:000007cc       __imp_?uncaught_exception@std@@YA_NXZ 004aa7cc     msvcprt:MSVCP110.dll
 0005:000007d0       __imp_?_Orphan_all@_Container_base0@std@@QAEXXZ 004aa7d0     msvcprt:MSVCP110.dll
 0005:000007d4       __imp_?_Xbad_alloc@std@@YAXXZ 004aa7d4     msvcprt:MSVCP110.dll
 0005:000007d8       __imp_?_Xlength_error@std@@YAXPBD@Z 004aa7d8     msvcprt:MSVCP110.dll
 0005:000007dc       __imp_?_Xout_of_range@std@@YAXPBD@Z 004aa7dc     msvcprt:MSVCP110.dll
 0005:000007e0       __imp_??0id@locale@std@@QAE@I@Z 004aa7e0     msvcprt:MSVCP110.dll
 0005:000007e4       __imp_??Bid@locale@std@@QAEIXZ 004aa7e4     msvcprt:MSVCP110.dll
 0005:000007e8       __imp_?_Getgloballocale@locale@std@@CAPAV_Locimp@12@XZ 004aa7e8     msvcprt:MSVCP110.dll
 0005:000007ec       __imp_?always_noconv@codecvt_base@std@@QBE_NXZ 004aa7ec     msvcprt:MSVCP110.dll
 0005:000007f0       __imp_?in@?$codecvt@DDH@std@@QBEHAAHPBD1AAPBDPAD3AAPAD@Z 004aa7f0     msvcprt:MSVCP110.dll
 0005:000007f4       __imp_?out@?$codecvt@DDH@std@@QBEHAAHPBD1AAPBDPAD3AAPAD@Z 004aa7f4     msvcprt:MSVCP110.dll
 0005:000007f8       __imp_?unshift@?$codecvt@DDH@std@@QBEHAAHPAD1AAPAD@Z 004aa7f8     msvcprt:MSVCP110.dll
 0005:000007fc       __imp_?_Getcat@?$codecvt@DDH@std@@SAIPAPBVfacet@locale@2@PBV42@@Z 004aa7fc     msvcprt:MSVCP110.dll
 0005:00000800       __imp_?_Syserror_map@std@@YAPBDH@Z 004aa800     msvcprt:MSVCP110.dll
 0005:00000804       __imp_?_Winerror_map@std@@YAPBDH@Z 004aa804     msvcprt:MSVCP110.dll
 0005:00000808       __imp_??7ios_base@std@@QBE_NXZ 004aa808     msvcprt:MSVCP110.dll
 0005:0000080c       __imp_?good@ios_base@std@@QBE_NXZ 004aa80c     msvcprt:MSVCP110.dll
 0005:00000810       __imp_?eof@ios_base@std@@QBE_NXZ 004aa810     msvcprt:MSVCP110.dll
 0005:00000814       __imp_?flags@ios_base@std@@QBEHXZ 004aa814     msvcprt:MSVCP110.dll
 0005:00000818       __imp_?width@ios_base@std@@QBE_JXZ 004aa818     msvcprt:MSVCP110.dll
 0005:0000081c       __imp_?width@ios_base@std@@QAE_J_J@Z 004aa81c     msvcprt:MSVCP110.dll
 0005:00000820       __imp_??0?$basic_streambuf@DU?$char_traits@D@std@@@std@@IAE@XZ 004aa820     msvcprt:MSVCP110.dll
 0005:00000824       __imp_??1?$basic_streambuf@DU?$char_traits@D@std@@@std@@UAE@XZ 004aa824     msvcprt:MSVCP110.dll
 0005:00000828       __imp_?getloc@?$basic_streambuf@DU?$char_traits@D@std@@@std@@QBE?AVlocale@2@XZ 004aa828     msvcprt:MSVCP110.dll
 0005:0000082c       __imp_?sbumpc@?$basic_streambuf@DU?$char_traits@D@std@@@std@@QAEHXZ 004aa82c     msvcprt:MSVCP110.dll
 0005:00000830       __imp_?sgetc@?$basic_streambuf@DU?$char_traits@D@std@@@std@@QAEHXZ 004aa830     msvcprt:MSVCP110.dll
 0005:00000834       __imp_?snextc@?$basic_streambuf@DU?$char_traits@D@std@@@std@@QAEHXZ 004aa834     msvcprt:MSVCP110.dll
 0005:00000838       __imp_?sputc@?$basic_streambuf@DU?$char_traits@D@std@@@std@@QAEHD@Z 004aa838     msvcprt:MSVCP110.dll
 0005:0000083c       __imp_?sputn@?$basic_streambuf@DU?$char_traits@D@std@@@std@@QAE_JPBD_J@Z 004aa83c     msvcprt:MSVCP110.dll
 0005:00000840       __imp_?eback@?$basic_streambuf@DU?$char_traits@D@std@@@std@@IBEPADXZ 004aa840     msvcprt:MSVCP110.dll
 0005:00000844       __imp_?gptr@?$basic_streambuf@DU?$char_traits@D@std@@@std@@IBEPADXZ 004aa844     msvcprt:MSVCP110.dll
 0005:00000848       __imp_?pbase@?$basic_streambuf@DU?$char_traits@D@std@@@std@@IBEPADXZ 004aa848     msvcprt:MSVCP110.dll
 0005:0000084c       __imp_?pptr@?$basic_streambuf@DU?$char_traits@D@std@@@std@@IBEPADXZ 004aa84c     msvcprt:MSVCP110.dll
 0005:00000850       __imp_?egptr@?$basic_streambuf@DU?$char_traits@D@std@@@std@@IBEPADXZ 004aa850     msvcprt:MSVCP110.dll
 0005:00000854       __imp_?gbump@?$basic_streambuf@DU?$char_traits@D@std@@@std@@IAEXH@Z 004aa854     msvcprt:MSVCP110.dll
 0005:00000858       __imp_?setg@?$basic_streambuf@DU?$char_traits@D@std@@@std@@IAEXPAD00@Z 004aa858     msvcprt:MSVCP110.dll
 0005:0000085c       __imp_?epptr@?$basic_streambuf@DU?$char_traits@D@std@@@std@@IBEPADXZ 004aa85c     msvcprt:MSVCP110.dll
 0005:00000860       __imp_?_Gndec@?$basic_streambuf@DU?$char_traits@D@std@@@std@@IAEPADXZ 004aa860     msvcprt:MSVCP110.dll
 0005:00000864       __imp_?_Gninc@?$basic_streambuf@DU?$char_traits@D@std@@@std@@IAEPADXZ 004aa864     msvcprt:MSVCP110.dll
 0005:00000868       __imp_?pbump@?$basic_streambuf@DU?$char_traits@D@std@@@std@@IAEXH@Z 004aa868     msvcprt:MSVCP110.dll
 0005:0000086c       __imp_?setp@?$basic_streambuf@DU?$char_traits@D@std@@@std@@IAEXPAD0@Z 004aa86c     msvcprt:MSVCP110.dll
 0005:00000870       __imp_?setp@?$basic_streambuf@DU?$char_traits@D@std@@@std@@IAEXPAD00@Z 004aa870     msvcprt:MSVCP110.dll
 0005:00000874       __imp_?_Pninc@?$basic_streambuf@DU?$char_traits@D@std@@@std@@IAEPADXZ 004aa874     msvcprt:MSVCP110.dll
 0005:00000878       __imp_?_Init@?$basic_streambuf@DU?$char_traits@D@std@@@std@@IAEXXZ 004aa878     msvcprt:MSVCP110.dll
 0005:0000087c       __imp_?_Init@?$basic_streambuf@DU?$char_traits@D@std@@@std@@IAEXPAPAD0PAH001@Z 004aa87c     msvcprt:MSVCP110.dll
 0005:00000880       __imp_??1?$basic_ios@DU?$char_traits@D@std@@@std@@UAE@XZ 004aa880     msvcprt:MSVCP110.dll
 0005:00000884       __imp_?setstate@?$basic_ios@DU?$char_traits@D@std@@@std@@QAEXH_N@Z 004aa884     msvcprt:MSVCP110.dll
 0005:00000888       __imp_?tie@?$basic_ios@DU?$char_traits@D@std@@@std@@QBEPAV?$basic_ostream@DU?$char_traits@D@std@@@2@XZ 004aa888     msvcprt:MSVCP110.dll
 0005:0000088c       __imp_?rdbuf@?$basic_ios@DU?$char_traits@D@std@@@std@@QBEPAV?$basic_streambuf@DU?$char_traits@D@std@@@2@XZ 004aa88c     msvcprt:MSVCP110.dll
 0005:00000890       \177MSVCP110_NULL_THUNK_DATA 004aa890     msvcprt:MSVCP110.dll
 0005:00000904       __imp__fwrite              004aa904     MSVCRT:MSVCR110.dll
 0005:00000908       __imp___initterm           004aa908     MSVCRT:MSVCR110.dll
 0005:0000090c       __imp___initterm_e         004aa90c     MSVCRT:MSVCR110.dll
 0005:00000910       __imp____setusermatherr    004aa910     MSVCRT:MSVCR110.dll
 0005:00000914       __imp___configthreadlocale 004aa914     MSVCRT:MSVCR110.dll
 0005:00000918       __imp___cexit              004aa918     MSVCRT:MSVCR110.dll
 0005:0000091c       __imp___exit               004aa91c     MSVCRT:MSVCR110.dll
 0005:00000920       __imp__exit                004aa920     MSVCRT:MSVCR110.dll
 0005:00000924       __imp____set_app_type      004aa924     MSVCRT:MSVCR110.dll
 0005:00000928       __imp___controlfp_s        004aa928     MSVCRT:MSVCR110.dll
 0005:0000092c       __imp___invoke_watson      004aa92c     MSVCRT:MSVCR110.dll
 0005:00000930       __imp____crtSetUnhandledExceptionFilter 004aa930     MSVCRT:MSVCR110.dll
 0005:00000934       __imp_?terminate@@YAXXZ    004aa934     MSVCRT:MSVCR110.dll
 0005:00000938       __imp___except_handler4_common 004aa938     MSVCRT:MSVCR110.dll
 0005:0000093c       __imp___commode            004aa93c     MSVCRT:MSVCR110.dll
 0005:00000940       __imp___fmode              004aa940     MSVCRT:MSVCR110.dll
 0005:00000944       __imp____getmainargs       004aa944     MSVCRT:MSVCR110.dll
 0005:00000948       __imp___amsg_exit          004aa948     MSVCRT:MSVCR110.dll
 0005:0000094c       __imp___XcptFilter         004aa94c     MSVCRT:MSVCR110.dll
 0005:00000950       __imp____crtTerminateProcess 004aa950     MSVCRT:MSVCR110.dll
 0005:00000954       __imp____crtUnhandledException 004aa954     MSVCRT:MSVCR110.dll
 0005:00000958       __imp___crt_debugger_hook  004aa958     MSVCRT:MSVCR110.dll
 0005:0000095c       __imp_??1type_info@@UAE@XZ 004aa95c     MSVCRT:MSVCR110.dll
 0005:00000960       __imp___onexit             004aa960     MSVCRT:MSVCR110.dll
 0005:00000964       __imp____dllonexit         004aa964     MSVCRT:MSVCR110.dll
 0005:00000968       __imp___calloc_crt         004aa968     MSVCRT:MSVCR110.dll
 0005:0000096c       __imp___unlock             004aa96c     MSVCRT:MSVCR110.dll
 0005:00000970       __imp___lock               004aa970     MSVCRT:MSVCR110.dll
 0005:00000974       __imp___lrotl              004aa974     MSVCRT:MSVCR110.dll
 0005:00000978       __imp__strtol              004aa978     MSVCRT:MSVCR110.dll
 0005:0000097c       __imp__strncmp             004aa97c     MSVCRT:MSVCR110.dll
 0005:00000980       __imp__strcmp              004aa980     MSVCRT:MSVCR110.dll
 0005:00000984       __imp__ldexp               004aa984     MSVCRT:MSVCR110.dll
 0005:00000988       __imp__abs                 004aa988     MSVCRT:MSVCR110.dll
 0005:0000098c       __imp__ftell               004aa98c     MSVCRT:MSVCR110.dll
 0005:00000990       __imp__fseek               004aa990     MSVCRT:MSVCR110.dll
 0005:00000994       __imp__fread               004aa994     MSVCRT:MSVCR110.dll
 0005:00000998       __imp__fopen               004aa998     MSVCRT:MSVCR110.dll
 0005:0000099c       __imp__feof                004aa99c     MSVCRT:MSVCR110.dll
 0005:000009a0       __imp__memchr              004aa9a0     MSVCRT:MSVCR110.dll
 0005:000009a4       __imp__ceil                004aa9a4     MSVCRT:MSVCR110.dll
 0005:000009a8       __imp__calloc              004aa9a8     MSVCRT:MSVCR110.dll
 0005:000009ac       __imp_??_V@YAXPAX@Z        004aa9ac     MSVCRT:MSVCR110.dll
 0005:000009b0       __imp___purecall           004aa9b0     MSVCRT:MSVCR110.dll
 0005:000009b4       __imp_??2@YAPAXI@Z         004aa9b4     MSVCRT:MSVCR110.dll
 0005:000009b8       __imp_??3@YAXPAX@Z         004aa9b8     MSVCRT:MSVCR110.dll
 0005:000009bc       __imp__atof                004aa9bc     MSVCRT:MSVCR110.dll
 0005:000009c0       __imp__atoi                004aa9c0     MSVCRT:MSVCR110.dll
 0005:000009c4       __imp__free                004aa9c4     MSVCRT:MSVCR110.dll
 0005:000009c8       __imp__malloc              004aa9c8     MSVCRT:MSVCR110.dll
 0005:000009cc       __imp__realloc             004aa9cc     MSVCRT:MSVCR110.dll
 0005:000009d0       __imp__exp                 004aa9d0     MSVCRT:MSVCR110.dll
 0005:000009d4       __imp__fabs                004aa9d4     MSVCRT:MSVCR110.dll
 0005:000009d8       __imp__pow                 004aa9d8     MSVCRT:MSVCR110.dll
 0005:000009dc       __imp__sqrt                004aa9dc     MSVCRT:MSVCR110.dll
 0005:000009e0       __imp__floor               004aa9e0     MSVCRT:MSVCR110.dll
 0005:000009e4       __imp__memmove             004aa9e4     MSVCRT:MSVCR110.dll
 0005:000009e8       __imp__memcpy              004aa9e8     MSVCRT:MSVCR110.dll
 0005:000009ec       __imp__memcpy_s            004aa9ec     MSVCRT:MSVCR110.dll
 0005:000009f0       __imp__memcmp              004aa9f0     MSVCRT:MSVCR110.dll
 0005:000009f4       __imp__memset              004aa9f4     MSVCRT:MSVCR110.dll
 0005:000009f8       __imp__strlen              004aa9f8     MSVCRT:MSVCR110.dll
 0005:000009fc       __imp__strtok              004aa9fc     MSVCRT:MSVCR110.dll
 0005:00000a00       __imp_??0exception@std@@QAE@ABQBDH@Z 004aaa00     MSVCRT:MSVCR110.dll
 0005:00000a04       __imp_??0exception@std@@QAE@ABV01@@Z 004aaa04     MSVCRT:MSVCR110.dll
 0005:00000a08       __imp_??1exception@std@@UAE@XZ 004aaa08     MSVCRT:MSVCR110.dll
 0005:00000a0c       __imp__fclose              004aaa0c     MSVCRT:MSVCR110.dll
 0005:00000a10       __imp__fflush              004aaa10     MSVCRT:MSVCR110.dll
 0005:00000a14       __imp__fgetc               004aaa14     MSVCRT:MSVCR110.dll
 0005:00000a18       __imp__fgetpos             004aaa18     MSVCRT:MSVCR110.dll
 0005:00000a1c       __imp__fputc               004aaa1c     MSVCRT:MSVCR110.dll
 0005:00000a20       __imp__fsetpos             004aaa20     MSVCRT:MSVCR110.dll
 0005:00000a24       __imp___fseeki64           004aaa24     MSVCRT:MSVCR110.dll
 0005:00000a28       __imp___vsnprintf          004aaa28     MSVCRT:MSVCR110.dll
 0005:00000a2c       __imp__printf              004aaa2c     MSVCRT:MSVCR110.dll
 0005:00000a30       __imp__setvbuf             004aaa30     MSVCRT:MSVCR110.dll
 0005:00000a34       __imp__sprintf_s           004aaa34     MSVCRT:MSVCR110.dll
 0005:00000a38       __imp__ungetc              004aaa38     MSVCRT:MSVCR110.dll
 0005:00000a3c       __imp___lock_file          004aaa3c     MSVCRT:MSVCR110.dll
 0005:00000a40       __imp___unlock_file        004aaa40     MSVCRT:MSVCR110.dll
 0005:00000a44       __imp___wassert            004aaa44     MSVCRT:MSVCR110.dll
 0005:00000a48       __imp_??0bad_cast@std@@QAE@PBD@Z 004aaa48     MSVCRT:MSVCR110.dll
 0005:00000a4c       __imp_??0bad_cast@std@@QAE@ABV01@@Z 004aaa4c     MSVCRT:MSVCR110.dll
 0005:00000a50       __imp_??1bad_cast@std@@UAE@XZ 004aaa50     MSVCRT:MSVCR110.dll
 0005:00000a54       __imp_?what@exception@std@@UBEPBDXZ 004aaa54     MSVCRT:MSVCR110.dll
 0005:00000a58       __imp___CxxThrowException@8 004aaa58     MSVCRT:MSVCR110.dll
 0005:00000a5c       __imp____CxxFrameHandler3  004aaa5c     MSVCRT:MSVCR110.dll
 0005:00000a60       __imp__cos                 004aaa60     MSVCRT:MSVCR110.dll
 0005:00000a64       __imp__sin                 004aaa64     MSVCRT:MSVCR110.dll
 0005:00000a68       __imp__tan                 004aaa68     MSVCRT:MSVCR110.dll
 0005:00000a6c       __imp____initenv           004aaa6c     MSVCRT:MSVCR110.dll
 0005:00000a70       \177MSVCR110_NULL_THUNK_DATA 004aaa70     MSVCRT:MSVCR110.dll
 0005:00000ae4       __imp__glLightfv@12        004aaae4     opengl32:OPENGL32.dll
 0005:00000ae8       __imp__glLineWidth@4       004aaae8     opengl32:OPENGL32.dll
 0005:00000aec       __imp__glLoadIdentity@0    004aaaec     opengl32:OPENGL32.dll
 0005:00000af0       __imp__glMaterialf@12      004aaaf0     opengl32:OPENGL32.dll
 0005:00000af4       __imp__glMaterialfv@12     004aaaf4     opengl32:OPENGL32.dll
 0005:00000af8       __imp__glMatrixMode@4      004aaaf8     opengl32:OPENGL32.dll
 0005:00000afc       __imp__glOrtho@48          004aaafc     opengl32:OPENGL32.dll
 0005:00000b00       __imp__glPixelStorei@8     004aab00     opengl32:OPENGL32.dll
 0005:00000b04       __imp__glPopAttrib@0       004aab04     opengl32:OPENGL32.dll
 0005:00000b08       __imp__glPushAttrib@4      004aab08     opengl32:OPENGL32.dll
 0005:00000b0c       __imp__glRasterPos2i@8     004aab0c     opengl32:OPENGL32.dll
 0005:00000b10       __imp__glReadBuffer@4      004aab10     opengl32:OPENGL32.dll
 0005:00000b14       __imp__glReadPixels@28     004aab14     opengl32:OPENGL32.dll
 0005:00000b18       __imp__glRotatef@16        004aab18     opengl32:OPENGL32.dll
 0005:00000b1c       __imp__glTranslatef@12     004aab1c     opengl32:OPENGL32.dll
 0005:00000b20       __imp__glVertex2f@8        004aab20     opengl32:OPENGL32.dll
 0005:00000b24       __imp__glVertex2i@8        004aab24     opengl32:OPENGL32.dll
 0005:00000b28       __imp__glVertex3f@12       004aab28     opengl32:OPENGL32.dll
 0005:00000b2c       __imp__glViewport@16       004aab2c     opengl32:OPENGL32.dll
 0005:00000b30       __imp__glBlendFunc@8       004aab30     opengl32:OPENGL32.dll
 0005:00000b34       __imp__glColor4f@16        004aab34     opengl32:OPENGL32.dll
 0005:00000b38       __imp__glDepthFunc@4       004aab38     opengl32:OPENGL32.dll
 0005:00000b3c       __imp__glPolygonMode@8     004aab3c     opengl32:OPENGL32.dll
 0005:00000b40       __imp__glPopMatrix@0       004aab40     opengl32:OPENGL32.dll
 0005:00000b44       __imp__glPushMatrix@0      004aab44     opengl32:OPENGL32.dll
 0005:00000b48       __imp__glShadeModel@4      004aab48     opengl32:OPENGL32.dll
 0005:00000b4c       __imp__glLightModelfv@8    004aab4c     opengl32:OPENGL32.dll
 0005:00000b50       __imp__glEnd@0             004aab50     opengl32:OPENGL32.dll
 0005:00000b54       __imp__glEnable@4          004aab54     opengl32:OPENGL32.dll
 0005:00000b58       __imp__glDisable@4         004aab58     opengl32:OPENGL32.dll
 0005:00000b5c       __imp__glColor3f@12        004aab5c     opengl32:OPENGL32.dll
 0005:00000b60       __imp__glClearDepth@8      004aab60     opengl32:OPENGL32.dll
 0005:00000b64       __imp__glClearColor@16     004aab64     opengl32:OPENGL32.dll
 0005:00000b68       __imp__glClear@4           004aab68     opengl32:OPENGL32.dll
 0005:00000b6c       __imp__glBegin@4           004aab6c     opengl32:OPENGL32.dll
 0005:00000b70       \177OPENGL32_NULL_THUNK_DATA 004aab70     opengl32:OPENGL32.dll
 0005:00000bb8       __imp___vcomp_fork         004aabb8     VCOMP:VCOMP110.DLL
 0005:00000bbc       __imp___vcomp_for_static_simple_init 004aabbc     VCOMP:VCOMP110.DLL
 0005:00000bc0       __imp___vcomp_for_static_end 004aabc0     VCOMP:VCOMP110.DLL
 0005:00000bc4       \177VCOMP110_NULL_THUNK_DATA 004aabc4     VCOMP:VCOMP110.DLL
 0005:00000bf0       __imp__glutPostRedisplay@0 004aabf0     glut32:glut32.dll
 0005:00000bf4       __imp__glutMainLoop@0      004aabf4     glut32:glut32.dll
 0005:00000bf8       __imp__glutDisplayFunc@4   004aabf8     glut32:glut32.dll
 0005:00000bfc       __imp__glutInitWindowSize@8 004aabfc     glut32:glut32.dll
 0005:00000c00       __imp__glutInitDisplayMode@4 004aac00     glut32:glut32.dll
 0005:00000c04       __imp__glutInit@8          004aac04     glut32:glut32.dll
 0005:00000c08       __imp__glutSwapBuffers@0   004aac08     glut32:glut32.dll
 0005:00000c0c       __imp__glutCreateWindow@4  004aac0c     glut32:glut32.dll
 0005:00000c10       __imp__glutReshapeFunc@4   004aac10     glut32:glut32.dll
 0005:00000c14       __imp__glutMouseFunc@4     004aac14     glut32:glut32.dll
 0005:00000c18       __imp__glutMotionFunc@4    004aac18     glut32:glut32.dll
 0005:00000c1c       __imp__glutGetModifiers@0  004aac1c     glut32:glut32.dll
 0005:00000c20       __imp__glutBitmapCharacter@8 004aac20     glut32:glut32.dll
 0005:00000c24       __imp__glutBitmapLength@8  004aac24     glut32:glut32.dll
 0005:00000c28       __imp__glutKeyboardFunc@4  004aac28     glut32:glut32.dll
 0005:00000c2c       __imp__glutTimerFunc@12    004aac2c     glut32:glut32.dll
 0005:00000c30       \177glut32_NULL_THUNK_DATA 004aac30     glut32:glut32.dll

 entry point at        0002:00001c48

