 Fluid3D

 Timestamp is 5318ed82 (Thu Mar 06 16:49:54 2014)

 Preferred load address is 00400000

 Start         Length     Name                   Class
 0001:00000000 000261e6H .textbss                DATA
 0002:00000000 0004dfe7H .text                   CODE
 0002:0004dff0 0000304bH .text$x                 CODE
 0002:00051040 000018ccH .text$yc                CODE
 0002:00052910 000012f8H .text$yd                CODE
 0003:00000000 00000104H .CRT$XCA                DATA
 0003:00000104 00000104H .CRT$XCAA               DATA
 0003:00000208 00000104H .CRT$XCL                DATA
 0003:0000030c 00000184H .CRT$XCU                DATA
 0003:00000490 00000104H .CRT$XCZ                DATA
 0003:00000594 00000104H .CRT$XIA                DATA
 0003:00000698 00000104H .CRT$XIAA               DATA
 0003:0000079c 00000109H .CRT$XIC                DATA
 0003:000008a8 00000104H .CRT$XIY                DATA
 0003:000009ac 00000104H .CRT$XIZ                DATA
 0003:00000ab0 00002429H .rdata                  DATA
 0003:00002edc 00000194H .rdata$debug            DATA
 0003:00003070 00000c20H .rdata$r                DATA
 0003:00003c90 00000104H .rtc$IAA                DATA
 0003:00003d94 00000104H .rtc$IZZ                DATA
 0003:00003e98 00000104H .rtc$TAA                DATA
 0003:00003f9c 00000104H .rtc$TZZ                DATA
 0003:000040a0 00002602H .xdata$x                DATA
 0003:000066a2 00000000H .edata                  DATA
 0004:00000000 00000c6eH .data                   DATA
 0004:00000c70 00000eb0H .bss                    DATA
 0005:00000000 00000078H .idata$2                DATA
 0005:00000078 00000014H .idata$3                DATA
 0005:0000008c 000005a4H .idata$4                DATA
 0005:00000630 000005a4H .idata$5                DATA
 0005:00000bd4 00002295H .idata$6                DATA
 0006:00000000 00000169H .rsrc$01                DATA
 0006:00000170 000002ccH .rsrc$02                DATA

  Address         Publics by Value              Rva+Base       Lib:Object

 0000:00000000       ___safe_se_handler_count   00000000     <absolute>
 0000:00000000       __except_list              00000000     <absolute>
 0000:00000000       ___safe_se_handler_table   00000000     <absolute>
 0000:00009876       __fltused                  00009876     <absolute>
 0000:00009876       __ldused                   00009876     <absolute>
 0000:00000000       ___ImageBase               00400000     <linker-defined>
 0001:00000000       __enc$textbss$begin        00401000     <linker-defined>
 0001:000261e6       __enc$textbss$end          004271e6     <linker-defined>
 0002:00004160       ??$?0M@?$Vec@$02H@@QAE@ABU?$Vec@$02M@@@Z 0042c160 f i fluidsim.obj
 0002:000041c0       ??$?5DU?$char_traits@D@std@@@std@@YAAAV?$basic_istream@DU?$char_traits@D@std@@@0@AAV10@AAD@Z 0042c1c0 f i fluidsim.obj
 0002:00004340       ??$?6$02M@@YAAAV?$basic_ostream@DU?$char_traits@D@std@@@std@@AAV01@ABU?$Vec@$02M@@@Z 0042c340 f i fluidsim.obj
 0002:000043d0       ??$?6DU?$char_traits@D@std@@V?$allocator@D@1@@std@@YAAAV?$basic_ostream@DU?$char_traits@D@std@@@0@AAV10@ABV?$basic_string@DU?$char_traits@D@std@@V?$allocator@D@2@@0@@Z 0042c3d0 f i fluidsim.obj
 0002:000047b0       ??$?6U?$char_traits@D@std@@@std@@YAAAV?$basic_ostream@DU?$char_traits@D@std@@@0@AAV10@D@Z 0042c7b0 f i fluidsim.obj
 0002:00004bf0       ??$?6U?$char_traits@D@std@@@std@@YAAAV?$basic_ostream@DU?$char_traits@D@std@@@0@AAV10@PBD@Z 0042cbf0 f i fluidsim.obj
 0002:00005080       ??$?8DU?$char_traits@D@std@@V?$allocator@D@1@@std@@YA_NABV?$basic_string@DU?$char_traits@D@std@@V?$allocator@D@2@@0@0@Z 0042d080 f i fluidsim.obj
 0002:000050c0       ??$?8II@std@@YA_NABV?$allocator@I@0@0@Z 0042d0c0 f i fluidsim.obj
 0002:000050e0       ??$?8NN@std@@YA_NABV?$allocator@N@0@0@Z 0042d0e0 f i fluidsim.obj
 0002:00005100       ??$?8V?$_Vector_iterator@V?$_Vector_val@U?$_Simple_types@I@std@@@std@@@std@@V01@@std@@YA_NABV?$move_iterator@V?$_Vector_iterator@V?$_Vector_val@U?$_Simple_types@I@std@@@std@@@std@@@0@0@Z 0042d100 f i fluidsim.obj
 0002:00005130       ??$?8V?$_Vector_iterator@V?$_Vector_val@U?$_Simple_types@N@std@@@std@@@std@@V01@@std@@YA_NABV?$move_iterator@V?$_Vector_iterator@V?$_Vector_val@U?$_Simple_types@N@std@@@std@@@std@@@0@0@Z 0042d130 f i fluidsim.obj
 0002:00005160       ??$?8V?$allocator@I@std@@V01@@std@@YA_NABU?$_Wrap_alloc@V?$allocator@I@std@@@0@0@Z 0042d160 f i fluidsim.obj
 0002:000051a0       ??$?8V?$allocator@N@std@@V01@@std@@YA_NABU?$_Wrap_alloc@V?$allocator@N@std@@@0@0@Z 0042d1a0 f i fluidsim.obj
 0002:000051e0       ??$?9DU?$char_traits@D@std@@V?$allocator@D@1@@std@@YA_NABV?$basic_string@DU?$char_traits@D@std@@V?$allocator@D@2@@0@0@Z 0042d1e0 f i fluidsim.obj
 0002:00005230       ??$?9V?$_Vector_iterator@V?$_Vector_val@U?$_Simple_types@I@std@@@std@@@std@@V01@@std@@YA_NABV?$move_iterator@V?$_Vector_iterator@V?$_Vector_val@U?$_Simple_types@I@std@@@std@@@std@@@0@0@Z 0042d230 f i fluidsim.obj
 0002:00005280       ??$?9V?$_Vector_iterator@V?$_Vector_val@U?$_Simple_types@N@std@@@std@@@std@@V01@@std@@YA_NABV?$move_iterator@V?$_Vector_iterator@V?$_Vector_val@U?$_Simple_types@N@std@@@std@@@std@@@0@0@Z 0042d280 f i fluidsim.obj
 0002:000052d0       ??$?9V?$allocator@I@std@@V01@@std@@YA_NABU?$_Wrap_alloc@V?$allocator@I@std@@@0@0@Z 0042d2d0 f i fluidsim.obj
 0002:00005320       ??$?9V?$allocator@N@std@@V01@@std@@YA_NABU?$_Wrap_alloc@V?$allocator@N@std@@@0@0@Z 0042d320 f i fluidsim.obj
 0002:00005370       ??$?D$02M@@YA?AU?$Vec@$02M@@MABU0@@Z 0042d370 f i fluidsim.obj
 0002:000053f0       ??$?GV?$_Vector_iterator@V?$_Vector_val@U?$_Simple_types@I@std@@@std@@@std@@V01@@std@@YAHAAV?$move_iterator@V?$_Vector_iterator@V?$_Vector_val@U?$_Simple_types@I@std@@@std@@@std@@@0@ABV10@@Z 0042d3f0 f i fluidsim.obj
 0002:00005430       ??$?GV?$_Vector_iterator@V?$_Vector_val@U?$_Simple_types@N@std@@@std@@@std@@V01@@std@@YAHAAV?$move_iterator@V?$_Vector_iterator@V?$_Vector_val@U?$_Simple_types@N@std@@@std@@@std@@@0@ABV10@@Z 0042d430 f i fluidsim.obj
 0002:00005470       ??$?HDU?$char_traits@D@std@@V?$allocator@D@1@@std@@YA?AV?$basic_string@DU?$char_traits@D@std@@V?$allocator@D@2@@0@$$QAV10@0@Z 0042d470 f i fluidsim.obj
 0002:00005550       ??$_Advance@PAIH@std@@YAXAAPAIHUrandom_access_iterator_tag@0@@Z 0042d550 f i fluidsim.obj
 0002:00005580       ??$_Advance@PANH@std@@YAXAAPANHUrandom_access_iterator_tag@0@@Z 0042d580 f i fluidsim.obj
 0002:000055b0       ??$_Allocate@D@std@@YAPADIPAD@Z 0042d5b0 f i fluidsim.obj
 0002:00005610       ??$_Allocate@I@std@@YAPAIIPAI@Z 0042d610 f i fluidsim.obj
 0002:00005670       ??$_Allocate@N@std@@YAPANIPAN@Z 0042d670 f i fluidsim.obj
 0002:000056d0       ??$_Allocate@U?$Vec@$02I@@@std@@YAPAU?$Vec@$02I@@IPAU1@@Z 0042d6d0 f i fluidsim.obj
 0002:00005730       ??$_Allocate@U?$Vec@$02M@@@std@@YAPAU?$Vec@$02M@@IPAU1@@Z 0042d730 f i fluidsim.obj
 0002:00005790       ??$_Allocate@V?$vector@IV?$allocator@I@std@@@std@@@std@@YAPAV?$vector@IV?$allocator@I@std@@@0@IPAV10@@Z 0042d790 f i fluidsim.obj
 0002:000057f0       ??$_Allocate@V?$vector@NV?$allocator@N@std@@@std@@@std@@YAPAV?$vector@NV?$allocator@N@std@@@0@IPAV10@@Z 0042d7f0 f i fluidsim.obj
 0002:00005850       ??$_Copy_backward@PANPAN@std@@YAPANPAN00@Z 0042d850 f i fluidsim.obj
 0002:000058a0       ??$_Copy_backward@PANPAN@std@@YAPANPAN00U_Scalar_ptr_iterator_tag@0@@Z 0042d8a0 f i fluidsim.obj
 0002:00005900       ??$_Copy_impl@PANPAN@std@@YAPANPAN00@Z 0042d900 f i fluidsim.obj
 0002:00005950       ??$_Copy_impl@PANPAN@std@@YAPANPAN00U_Scalar_ptr_iterator_tag@0@@Z 0042d950 f i fluidsim.obj
 0002:000059a0       ??$_Destroy_range@U?$_Wrap_alloc@V?$allocator@I@std@@@std@@@std@@YAXPAI0AAU?$_Wrap_alloc@V?$allocator@I@std@@@0@@Z 0042d9a0 f i fluidsim.obj
 0002:000059f0       ??$_Destroy_range@U?$_Wrap_alloc@V?$allocator@I@std@@@std@@@std@@YAXPAI0AAU?$_Wrap_alloc@V?$allocator@I@std@@@0@U_Scalar_ptr_iterator_tag@0@@Z 0042d9f0 f i fluidsim.obj
 0002:00005a10       ??$_Destroy_range@U?$_Wrap_alloc@V?$allocator@N@std@@@std@@@std@@YAXPAN0AAU?$_Wrap_alloc@V?$allocator@N@std@@@0@@Z 0042da10 f i fluidsim.obj
 0002:00005a60       ??$_Destroy_range@U?$_Wrap_alloc@V?$allocator@N@std@@@std@@@std@@YAXPAN0AAU?$_Wrap_alloc@V?$allocator@N@std@@@0@U_Scalar_ptr_iterator_tag@0@@Z 0042da60 f i fluidsim.obj
 0002:00005a80       ??$_Destroy_range@U?$_Wrap_alloc@V?$allocator@U?$Vec@$02I@@@std@@@std@@@std@@YAXPAU?$Vec@$02I@@0AAU?$_Wrap_alloc@V?$allocator@U?$Vec@$02I@@@std@@@0@@Z 0042da80 f i fluidsim.obj
 0002:00005ad0       ??$_Destroy_range@U?$_Wrap_alloc@V?$allocator@U?$Vec@$02I@@@std@@@std@@@std@@YAXPAU?$Vec@$02I@@0AAU?$_Wrap_alloc@V?$allocator@U?$Vec@$02I@@@std@@@0@U_Nonscalar_ptr_iterator_tag@0@@Z 0042dad0 f i fluidsim.obj
 0002:00005b10       ??$_Destroy_range@U?$_Wrap_alloc@V?$allocator@U?$Vec@$02M@@@std@@@std@@@std@@YAXPAU?$Vec@$02M@@0AAU?$_Wrap_alloc@V?$allocator@U?$Vec@$02M@@@std@@@0@@Z 0042db10 f i fluidsim.obj
 0002:00005b60       ??$_Destroy_range@U?$_Wrap_alloc@V?$allocator@U?$Vec@$02M@@@std@@@std@@@std@@YAXPAU?$Vec@$02M@@0AAU?$_Wrap_alloc@V?$allocator@U?$Vec@$02M@@@std@@@0@U_Nonscalar_ptr_iterator_tag@0@@Z 0042db60 f i fluidsim.obj
 0002:00005ba0       ??$_Destroy_range@U?$_Wrap_alloc@V?$allocator@V?$vector@IV?$allocator@I@std@@@std@@@std@@@std@@@std@@YAXPAV?$vector@IV?$allocator@I@std@@@0@0AAU?$_Wrap_alloc@V?$allocator@V?$vector@IV?$allocator@I@std@@@std@@@std@@@0@@Z 0042dba0 f i fluidsim.obj
 0002:00005bf0       ??$_Destroy_range@U?$_Wrap_alloc@V?$allocator@V?$vector@IV?$allocator@I@std@@@std@@@std@@@std@@@std@@YAXPAV?$vector@IV?$allocator@I@std@@@0@0AAU?$_Wrap_alloc@V?$allocator@V?$vector@IV?$allocator@I@std@@@std@@@std@@@0@U_Nonscalar_ptr_iterator_tag@0@@Z 0042dbf0 f i fluidsim.obj
 0002:00005c30       ??$_Destroy_range@U?$_Wrap_alloc@V?$allocator@V?$vector@NV?$allocator@N@std@@@std@@@std@@@std@@@std@@YAXPAV?$vector@NV?$allocator@N@std@@@0@0AAU?$_Wrap_alloc@V?$allocator@V?$vector@NV?$allocator@N@std@@@std@@@std@@@0@@Z 0042dc30 f i fluidsim.obj
 0002:00005c80       ??$_Destroy_range@U?$_Wrap_alloc@V?$allocator@V?$vector@NV?$allocator@N@std@@@std@@@std@@@std@@@std@@YAXPAV?$vector@NV?$allocator@N@std@@@0@0AAU?$_Wrap_alloc@V?$allocator@V?$vector@NV?$allocator@N@std@@@std@@@std@@@0@U_Nonscalar_ptr_iterator_tag@0@@Z 0042dc80 f i fluidsim.obj
 0002:00005cc0       ??$_Dist_type@PAI@std@@YAPAHPAI@Z 0042dcc0 f i fluidsim.obj
 0002:00005ce0       ??$_Dist_type@PAN@std@@YAPAHPAN@Z 0042dce0 f i fluidsim.obj
 0002:00005d00       ??$_Distance2@PAIH@std@@YAXPAI0AAHUrandom_access_iterator_tag@0@@Z 0042dd00 f i fluidsim.obj
 0002:00005d30       ??$_Distance2@PANH@std@@YAXPAN0AAHUrandom_access_iterator_tag@0@@Z 0042dd30 f i fluidsim.obj
 0002:00005d60       ??$_Distance2@V?$move_iterator@V?$_Vector_iterator@V?$_Vector_val@U?$_Simple_types@I@std@@@std@@@std@@@std@@I@std@@YAXV?$move_iterator@V?$_Vector_iterator@V?$_Vector_val@U?$_Simple_types@I@std@@@std@@@std@@@0@0AAIUrandom_access_iterator_tag@0@@Z 0042dd60 f i fluidsim.obj
 0002:00005da0       ??$_Distance2@V?$move_iterator@V?$_Vector_iterator@V?$_Vector_val@U?$_Simple_types@N@std@@@std@@@std@@@std@@I@std@@YAXV?$move_iterator@V?$_Vector_iterator@V?$_Vector_val@U?$_Simple_types@N@std@@@std@@@std@@@0@0AAIUrandom_access_iterator_tag@0@@Z 0042dda0 f i fluidsim.obj
 0002:00005de0       ??$_Distance@V?$move_iterator@V?$_Vector_iterator@V?$_Vector_val@U?$_Simple_types@I@std@@@std@@@std@@@std@@I@std@@YAXV?$move_iterator@V?$_Vector_iterator@V?$_Vector_val@U?$_Simple_types@I@std@@@std@@@std@@@0@0AAI@Z 0042dde0 f i fluidsim.obj
 0002:00005e30       ??$_Distance@V?$move_iterator@V?$_Vector_iterator@V?$_Vector_val@U?$_Simple_types@N@std@@@std@@@std@@@std@@I@std@@YAXV?$move_iterator@V?$_Vector_iterator@V?$_Vector_val@U?$_Simple_types@N@std@@@std@@@std@@@0@0AAI@Z 0042de30 f i fluidsim.obj
 0002:00005e80       ??$_Equal@V?$_Vector_iterator@V?$_Vector_val@U?$_Simple_types@I@std@@@std@@@std@@@?$move_iterator@V?$_Vector_iterator@V?$_Vector_val@U?$_Simple_types@I@std@@@std@@@std@@@std@@QBE_NABV01@@Z 0042de80 f i fluidsim.obj
 0002:00005ec0       ??$_Equal@V?$_Vector_iterator@V?$_Vector_val@U?$_Simple_types@N@std@@@std@@@std@@@?$move_iterator@V?$_Vector_iterator@V?$_Vector_val@U?$_Simple_types@N@std@@@std@@@std@@@std@@QBE_NABV01@@Z 0042dec0 f i fluidsim.obj
 0002:00005f00       ??$_Fgetc@D@std@@YA_NAADPAU_iobuf@@@Z 0042df00 f i fluidsim.obj
 0002:00005f50       ??$_Fill@PANN@std@@YAXPAN0ABN@Z 0042df50 f i fluidsim.obj
 0002:00005f90       ??$_Fill_n@PAIII@std@@YAPAIPAIIABI@Z 0042df90 f i fluidsim.obj
 0002:00005fe0       ??$_Fill_n@PANIN@std@@YAPANPANIABN@Z 0042dfe0 f i fluidsim.obj
 0002:00006030       ??$_Fputc@D@std@@YA_NDPAU_iobuf@@@Z 0042e030 f i fluidsim.obj
 0002:00006080       ??$_Insert@V?$move_iterator@V?$_Vector_iterator@V?$_Vector_val@U?$_Simple_types@I@std@@@std@@@std@@@std@@@?$vector@IV?$allocator@I@std@@@std@@QAEXV?$_Vector_const_iterator@V?$_Vector_val@U?$_Simple_types@I@std@@@std@@@1@V?$move_iterator@V?$_Vector_iterator@V?$_Vector_val@U?$_Simple_types@I@std@@@std@@@std@@@1@1Uforward_iterator_tag@1@@Z 0042e080 f i fluidsim.obj
 0002:00006370       ??$_Insert@V?$move_iterator@V?$_Vector_iterator@V?$_Vector_val@U?$_Simple_types@N@std@@@std@@@std@@@std@@@?$vector@NV?$allocator@N@std@@@std@@QAEXV?$_Vector_const_iterator@V?$_Vector_val@U?$_Simple_types@N@std@@@std@@@1@V?$move_iterator@V?$_Vector_iterator@V?$_Vector_val@U?$_Simple_types@N@std@@@std@@@std@@@1@1Uforward_iterator_tag@1@@Z 0042e370 f i fluidsim.obj
 0002:00006660       ??$_Iter_cat@PAI@std@@YA?AUrandom_access_iterator_tag@0@ABQAI@Z 0042e660 f i fluidsim.obj
 0002:00006690       ??$_Iter_cat@PAN@std@@YA?AUrandom_access_iterator_tag@0@ABQAN@Z 0042e690 f i fluidsim.obj
 0002:000066c0       ??$_Iter_cat@V?$move_iterator@V?$_Vector_iterator@V?$_Vector_val@U?$_Simple_types@I@std@@@std@@@std@@@std@@@std@@YA?AUrandom_access_iterator_tag@0@ABV?$move_iterator@V?$_Vector_iterator@V?$_Vector_val@U?$_Simple_types@I@std@@@std@@@std@@@0@@Z 0042e6c0 f i fluidsim.obj
 0002:000066f0       ??$_Iter_cat@V?$move_iterator@V?$_Vector_iterator@V?$_Vector_val@U?$_Simple_types@N@std@@@std@@@std@@@std@@@std@@YA?AUrandom_access_iterator_tag@0@ABV?$move_iterator@V?$_Vector_iterator@V?$_Vector_val@U?$_Simple_types@N@std@@@std@@@std@@@0@@Z 0042e6f0 f i fluidsim.obj
 0002:00006720       ??$_Move@AAI@std@@YA$$QAIAAI@Z 0042e720 f i fluidsim.obj
 0002:00006740       ??$_Move@AAN@std@@YA$$QANAAN@Z 0042e740 f i fluidsim.obj
 0002:00006760       ??$_Move@AAPAN@std@@YA$$QAPANAAPAN@Z 0042e760 f i fluidsim.obj
 0002:00006780       ??$_Move@AAV?$vector@NV?$allocator@N@std@@@std@@@std@@YA$$QAV?$vector@NV?$allocator@N@std@@@0@AAV10@@Z 0042e780 f i fluidsim.obj
 0002:000067a0       ??$_Move@PAIPAI@std@@YAPAIPAI00@Z 0042e7a0 f i fluidsim.obj
 0002:000067f0       ??$_Move@PAIPAI@std@@YAPAIPAI00U_Scalar_ptr_iterator_tag@0@@Z 0042e7f0 f i fluidsim.obj
 0002:00006840       ??$_Move@PANPAN@std@@YAPANPAN00@Z 0042e840 f i fluidsim.obj
 0002:00006890       ??$_Move@PANPAN@std@@YAPANPAN00U_Scalar_ptr_iterator_tag@0@@Z 0042e890 f i fluidsim.obj
 0002:000068e0       ??$_Move@PAV?$vector@IV?$allocator@I@std@@@std@@PAV12@@std@@YAPAV?$vector@IV?$allocator@I@std@@@0@PAV10@00@Z 0042e8e0 f i fluidsim.obj
 0002:00006930       ??$_Move@PAV?$vector@IV?$allocator@I@std@@@std@@PAV12@@std@@YAPAV?$vector@IV?$allocator@I@std@@@0@PAV10@00U_Nonscalar_ptr_iterator_tag@0@@Z 0042e930 f i fluidsim.obj
 0002:00006990       ??$_Move@PAV?$vector@NV?$allocator@N@std@@@std@@PAV12@@std@@YAPAV?$vector@NV?$allocator@N@std@@@0@PAV10@00@Z 0042e990 f i fluidsim.obj
 0002:000069e0       ??$_Move@PAV?$vector@NV?$allocator@N@std@@@std@@PAV12@@std@@YAPAV?$vector@NV?$allocator@N@std@@@0@PAV10@00U_Nonscalar_ptr_iterator_tag@0@@Z 0042e9e0 f i fluidsim.obj
 0002:00006a40       ??$_Ptr_cat@II@std@@YA?AU_Scalar_ptr_iterator_tag@0@PAI0@Z 0042ea40 f i fluidsim.obj
 0002:00006a60       ??$_Ptr_cat@NN@std@@YA?AU_Scalar_ptr_iterator_tag@0@PAN0@Z 0042ea60 f i fluidsim.obj
 0002:00006a80       ??$_Ptr_cat@U?$Vec@$02I@@U1@@std@@YA?AU_Nonscalar_ptr_iterator_tag@0@PAU?$Vec@$02I@@0@Z 0042ea80 f i fluidsim.obj
 0002:00006aa0       ??$_Ptr_cat@U?$Vec@$02M@@U1@@std@@YA?AU_Nonscalar_ptr_iterator_tag@0@PAU?$Vec@$02M@@0@Z 0042eaa0 f i fluidsim.obj
 0002:00006ac0       ??$_Ptr_cat@V?$move_iterator@V?$_Vector_iterator@V?$_Vector_val@U?$_Simple_types@I@std@@@std@@@std@@@std@@PAI@std@@YA?AU_Nonscalar_ptr_iterator_tag@0@AAV?$move_iterator@V?$_Vector_iterator@V?$_Vector_val@U?$_Simple_types@I@std@@@std@@@std@@@0@AAPAI@Z 0042eac0 f i fluidsim.obj
 0002:00006ae0       ??$_Ptr_cat@V?$move_iterator@V?$_Vector_iterator@V?$_Vector_val@U?$_Simple_types@N@std@@@std@@@std@@@std@@PAN@std@@YA?AU_Nonscalar_ptr_iterator_tag@0@AAV?$move_iterator@V?$_Vector_iterator@V?$_Vector_val@U?$_Simple_types@N@std@@@std@@@std@@@0@AAPAN@Z 0042eae0 f i fluidsim.obj
 0002:00006b00       ??$_Ptr_cat@V?$vector@IV?$allocator@I@std@@@std@@V12@@std@@YA?AU_Nonscalar_ptr_iterator_tag@0@PAV?$vector@IV?$allocator@I@std@@@0@0@Z 0042eb00 f i fluidsim.obj
 0002:00006b20       ??$_Ptr_cat@V?$vector@NV?$allocator@N@std@@@std@@V12@@std@@YA?AU_Nonscalar_ptr_iterator_tag@0@PAV?$vector@NV?$allocator@N@std@@@0@0@Z 0042eb20 f i fluidsim.obj
 0002:00006b40       ??$_Rotate@PAI@std@@YAXPAI00Urandom_access_iterator_tag@0@@Z 0042eb40 f i fluidsim.obj
 0002:00006b90       ??$_Rotate@PAIHI@std@@YAXPAI00PAH0@Z 0042eb90 f i fluidsim.obj
 0002:00006ce0       ??$_Rotate@PAN@std@@YAXPAN00Urandom_access_iterator_tag@0@@Z 0042ece0 f i fluidsim.obj
 0002:00006d30       ??$_Rotate@PANHN@std@@YAXPAN00PAH0@Z 0042ed30 f i fluidsim.obj
 0002:00006e80       ??$_Swap_adl@PAN@std@@YAXAAPAN0@Z 0042ee80 f i fluidsim.obj
 0002:00006eb0       ??$_Ucopy@PAN@?$vector@NV?$allocator@N@std@@@std@@IAEPANPAN00@Z 0042eeb0 f i fluidsim.obj
 0002:00006f00       ??$_Ucopy@V?$move_iterator@V?$_Vector_iterator@V?$_Vector_val@U?$_Simple_types@I@std@@@std@@@std@@@std@@@?$vector@IV?$allocator@I@std@@@std@@IAEPAIV?$move_iterator@V?$_Vector_iterator@V?$_Vector_val@U?$_Simple_types@I@std@@@std@@@std@@@1@0PAI@Z 0042ef00 f i fluidsim.obj
 0002:00006f50       ??$_Ucopy@V?$move_iterator@V?$_Vector_iterator@V?$_Vector_val@U?$_Simple_types@N@std@@@std@@@std@@@std@@@?$vector@NV?$allocator@N@std@@@std@@IAEPANV?$move_iterator@V?$_Vector_iterator@V?$_Vector_val@U?$_Simple_types@N@std@@@std@@@std@@@1@0PAN@Z 0042ef50 f i fluidsim.obj
 0002:00006fa0       ??$_Umove@PAI@?$vector@IV?$allocator@I@std@@@std@@IAEPAIPAI00@Z 0042efa0 f i fluidsim.obj
 0002:00006ff0       ??$_Umove@PAN@?$vector@NV?$allocator@N@std@@@std@@IAEPANPAN00@Z 0042eff0 f i fluidsim.obj
 0002:00007040       ??$_Umove@PAU?$Vec@$02I@@@?$vector@U?$Vec@$02I@@V?$allocator@U?$Vec@$02I@@@std@@@std@@IAEPAU?$Vec@$02I@@PAU2@00@Z 0042f040 f i fluidsim.obj
 0002:00007090       ??$_Umove@PAU?$Vec@$02M@@@?$vector@U?$Vec@$02M@@V?$allocator@U?$Vec@$02M@@@std@@@std@@IAEPAU?$Vec@$02M@@PAU2@00@Z 0042f090 f i fluidsim.obj
 0002:000070e0       ??$_Umove@PAV?$vector@IV?$allocator@I@std@@@std@@@?$vector@V?$vector@IV?$allocator@I@std@@@std@@V?$allocator@V?$vector@IV?$allocator@I@std@@@std@@@2@@std@@IAEPAV?$vector@IV?$allocator@I@std@@@1@PAV21@00@Z 0042f0e0 f i fluidsim.obj
 0002:00007130       ??$_Umove@PAV?$vector@NV?$allocator@N@std@@@std@@@?$vector@V?$vector@NV?$allocator@N@std@@@std@@V?$allocator@V?$vector@NV?$allocator@N@std@@@std@@@2@@std@@IAEPAV?$vector@NV?$allocator@N@std@@@1@PAV21@00@Z 0042f130 f i fluidsim.obj
 0002:00007180       ??$_Unchecked@PAI@std@@YAPAIPAI@Z 0042f180 f i fluidsim.obj
 0002:000071a0       ??$_Unchecked@PAN@std@@YAPANPAN@Z 0042f1a0 f i fluidsim.obj
 0002:000071c0       ??$_Ungetc@D@std@@YA_NABDPAU_iobuf@@@Z 0042f1c0 f i fluidsim.obj
 0002:00007210       ??$_Uninit_copy@NN@std@@YAPANPAN00AAU?$_Wrap_alloc@V?$allocator@N@std@@@0@U_Scalar_ptr_iterator_tag@0@@Z 0042f210 f i fluidsim.obj
 0002:00007260       ??$_Uninit_copy@V?$move_iterator@V?$_Vector_iterator@V?$_Vector_val@U?$_Simple_types@I@std@@@std@@@std@@@std@@PAIV?$allocator@I@2@@std@@YAPAIV?$move_iterator@V?$_Vector_iterator@V?$_Vector_val@U?$_Simple_types@I@std@@@std@@@std@@@0@0PAIAAU?$_Wrap_alloc@V?$allocator@I@std@@@0@U_Nonscalar_ptr_iterator_tag@0@@Z 0042f260 f i fluidsim.obj
 0002:00007380       ??$_Uninit_copy@V?$move_iterator@V?$_Vector_iterator@V?$_Vector_val@U?$_Simple_types@N@std@@@std@@@std@@@std@@PANV?$allocator@N@2@@std@@YAPANV?$move_iterator@V?$_Vector_iterator@V?$_Vector_val@U?$_Simple_types@N@std@@@std@@@std@@@0@0PANAAU?$_Wrap_alloc@V?$allocator@N@std@@@0@U_Nonscalar_ptr_iterator_tag@0@@Z 0042f380 f i fluidsim.obj
 0002:000074a0       ??$_Uninit_def_fill_n@III@std@@YAXPAIIAAU?$_Wrap_alloc@V?$allocator@I@std@@@0@0U_Scalar_ptr_iterator_tag@0@@Z 0042f4a0 f i fluidsim.obj
 0002:000074e0       ??$_Uninit_def_fill_n@NIN@std@@YAXPANIAAU?$_Wrap_alloc@V?$allocator@N@std@@@0@0U_Scalar_ptr_iterator_tag@0@@Z 0042f4e0 f i fluidsim.obj
 0002:00007520       ??$_Uninit_def_fill_n@PAV?$vector@IV?$allocator@I@std@@@std@@IV?$allocator@V?$vector@IV?$allocator@I@std@@@std@@@2@V12@@std@@YAXPAV?$vector@IV?$allocator@I@std@@@0@IAAU?$_Wrap_alloc@V?$allocator@V?$vector@IV?$allocator@I@std@@@std@@@std@@@0@0U_Nonscalar_ptr_iterator_tag@0@@Z 0042f520 f i fluidsim.obj
 0002:00007610       ??$_Uninit_def_fill_n@PAV?$vector@NV?$allocator@N@std@@@std@@IV?$allocator@V?$vector@NV?$allocator@N@std@@@std@@@2@V12@@std@@YAXPAV?$vector@NV?$allocator@N@std@@@0@IAAU?$_Wrap_alloc@V?$allocator@V?$vector@NV?$allocator@N@std@@@std@@@std@@@0@0U_Nonscalar_ptr_iterator_tag@0@@Z 0042f610 f i fluidsim.obj
 0002:00007700       ??$_Uninit_fill_n@NINN@std@@YAXPANIPBNAAU?$_Wrap_alloc@V?$allocator@N@std@@@0@0U_Scalar_ptr_iterator_tag@0@@Z 0042f700 f i fluidsim.obj
 0002:00007730       ??$_Uninit_move@III@std@@YAPAIPAI00AAU?$_Wrap_alloc@V?$allocator@I@std@@@0@0U_Scalar_ptr_iterator_tag@0@@Z 0042f730 f i fluidsim.obj
 0002:00007780       ??$_Uninit_move@NNN@std@@YAPANPAN00AAU?$_Wrap_alloc@V?$allocator@N@std@@@0@0U_Scalar_ptr_iterator_tag@0@@Z 0042f780 f i fluidsim.obj
 0002:000077d0       ??$_Uninit_move@PAU?$Vec@$02I@@PAU1@V?$allocator@U?$Vec@$02I@@@std@@U1@@std@@YAPAU?$Vec@$02I@@PAU1@00AAU?$_Wrap_alloc@V?$allocator@U?$Vec@$02I@@@std@@@0@0U_Nonscalar_ptr_iterator_tag@0@@Z 0042f7d0 f i fluidsim.obj
 0002:000078c0       ??$_Uninit_move@PAU?$Vec@$02M@@PAU1@V?$allocator@U?$Vec@$02M@@@std@@U1@@std@@YAPAU?$Vec@$02M@@PAU1@00AAU?$_Wrap_alloc@V?$allocator@U?$Vec@$02M@@@std@@@0@0U_Nonscalar_ptr_iterator_tag@0@@Z 0042f8c0 f i fluidsim.obj
 0002:000079b0       ??$_Uninit_move@PAV?$vector@IV?$allocator@I@std@@@std@@PAV12@V?$allocator@V?$vector@IV?$allocator@I@std@@@std@@@2@V12@@std@@YAPAV?$vector@IV?$allocator@I@std@@@0@PAV10@00AAU?$_Wrap_alloc@V?$allocator@V?$vector@IV?$allocator@I@std@@@std@@@std@@@0@0U_Nonscalar_ptr_iterator_tag@0@@Z 0042f9b0 f i fluidsim.obj
 0002:00007aa0       ??$_Uninit_move@PAV?$vector@NV?$allocator@N@std@@@std@@PAV12@V?$allocator@V?$vector@NV?$allocator@N@std@@@std@@@2@V12@@std@@YAPAV?$vector@NV?$allocator@N@std@@@0@PAV10@00AAU?$_Wrap_alloc@V?$allocator@V?$vector@NV?$allocator@N@std@@@std@@@std@@@0@0U_Nonscalar_ptr_iterator_tag@0@@Z 0042faa0 f i fluidsim.obj
 0002:00007b90       ??$_Uninitialized_copy@PANPANU?$_Wrap_alloc@V?$allocator@N@std@@@std@@@std@@YAPANPAN00AAU?$_Wrap_alloc@V?$allocator@N@std@@@0@@Z 0042fb90 f i fluidsim.obj
 0002:00007be0       ??$_Uninitialized_copy@V?$move_iterator@V?$_Vector_iterator@V?$_Vector_val@U?$_Simple_types@I@std@@@std@@@std@@@std@@PAIU?$_Wrap_alloc@V?$allocator@I@std@@@2@@std@@YAPAIV?$move_iterator@V?$_Vector_iterator@V?$_Vector_val@U?$_Simple_types@I@std@@@std@@@std@@@0@0PAIAAU?$_Wrap_alloc@V?$allocator@I@std@@@0@@Z 0042fbe0 f i fluidsim.obj
 0002:00007c30       ??$_Uninitialized_copy@V?$move_iterator@V?$_Vector_iterator@V?$_Vector_val@U?$_Simple_types@N@std@@@std@@@std@@@std@@PANU?$_Wrap_alloc@V?$allocator@N@std@@@2@@std@@YAPANV?$move_iterator@V?$_Vector_iterator@V?$_Vector_val@U?$_Simple_types@N@std@@@std@@@std@@@0@0PANAAU?$_Wrap_alloc@V?$allocator@N@std@@@0@@Z 0042fc30 f i fluidsim.obj
 0002:00007c80       ??$_Uninitialized_default_fill_n@PAIIU?$_Wrap_alloc@V?$allocator@I@std@@@std@@@std@@YAXPAIIAAU?$_Wrap_alloc@V?$allocator@I@std@@@0@@Z 0042fc80 f i fluidsim.obj
 0002:00007ce0       ??$_Uninitialized_default_fill_n@PANIU?$_Wrap_alloc@V?$allocator@N@std@@@std@@@std@@YAXPANIAAU?$_Wrap_alloc@V?$allocator@N@std@@@0@@Z 0042fce0 f i fluidsim.obj
 0002:00007d40       ??$_Uninitialized_default_fill_n@PAV?$vector@IV?$allocator@I@std@@@std@@IU?$_Wrap_alloc@V?$allocator@V?$vector@IV?$allocator@I@std@@@std@@@std@@@2@@std@@YAXPAV?$vector@IV?$allocator@I@std@@@0@IAAU?$_Wrap_alloc@V?$allocator@V?$vector@IV?$allocator@I@std@@@std@@@std@@@0@@Z 0042fd40 f i fluidsim.obj
 0002:00007da0       ??$_Uninitialized_default_fill_n@PAV?$vector@NV?$allocator@N@std@@@std@@IU?$_Wrap_alloc@V?$allocator@V?$vector@NV?$allocator@N@std@@@std@@@std@@@2@@std@@YAXPAV?$vector@NV?$allocator@N@std@@@0@IAAU?$_Wrap_alloc@V?$allocator@V?$vector@NV?$allocator@N@std@@@std@@@std@@@0@@Z 0042fda0 f i fluidsim.obj
 0002:00007e00       ??$_Uninitialized_fill_n@PANINU?$_Wrap_alloc@V?$allocator@N@std@@@std@@@std@@YAXPANIPBNAAU?$_Wrap_alloc@V?$allocator@N@std@@@0@@Z 0042fe00 f i fluidsim.obj
 0002:00007e60       ??$_Uninitialized_move@PAIPAIU?$_Wrap_alloc@V?$allocator@I@std@@@std@@@std@@YAPAIPAI00AAU?$_Wrap_alloc@V?$allocator@I@std@@@0@@Z 0042fe60 f i fluidsim.obj
 0002:00007ec0       ??$_Uninitialized_move@PANPANU?$_Wrap_alloc@V?$allocator@N@std@@@std@@@std@@YAPANPAN00AAU?$_Wrap_alloc@V?$allocator@N@std@@@0@@Z 0042fec0 f i fluidsim.obj
 0002:00007f20       ??$_Uninitialized_move@PAU?$Vec@$02I@@PAU1@U?$_Wrap_alloc@V?$allocator@U?$Vec@$02I@@@std@@@std@@@std@@YAPAU?$Vec@$02I@@PAU1@00AAU?$_Wrap_alloc@V?$allocator@U?$Vec@$02I@@@std@@@0@@Z 0042ff20 f i fluidsim.obj
 0002:00007f80       ??$_Uninitialized_move@PAU?$Vec@$02M@@PAU1@U?$_Wrap_alloc@V?$allocator@U?$Vec@$02M@@@std@@@std@@@std@@YAPAU?$Vec@$02M@@PAU1@00AAU?$_Wrap_alloc@V?$allocator@U?$Vec@$02M@@@std@@@0@@Z 0042ff80 f i fluidsim.obj
 0002:00007fe0       ??$_Uninitialized_move@PAV?$vector@IV?$allocator@I@std@@@std@@PAV12@U?$_Wrap_alloc@V?$allocator@V?$vector@IV?$allocator@I@std@@@std@@@std@@@2@@std@@YAPAV?$vector@IV?$allocator@I@std@@@0@PAV10@00AAU?$_Wrap_alloc@V?$allocator@V?$vector@IV?$allocator@I@std@@@std@@@std@@@0@@Z 0042ffe0 f i fluidsim.obj
 0002:00008040       ??$_Uninitialized_move@PAV?$vector@NV?$allocator@N@std@@@std@@PAV12@U?$_Wrap_alloc@V?$allocator@V?$vector@NV?$allocator@N@std@@@std@@@std@@@2@@std@@YAPAV?$vector@NV?$allocator@N@std@@@0@PAV10@00AAU?$_Wrap_alloc@V?$allocator@V?$vector@NV?$allocator@N@std@@@std@@@std@@@0@@Z 00430040 f i fluidsim.obj
 0002:000080a0       ??$_Val_type@PAI@std@@YAPAIPAI@Z 004300a0 f i fluidsim.obj
 0002:000080c0       ??$_Val_type@PAN@std@@YAPANPAN@Z 004300c0 f i fluidsim.obj
 0002:000080e0       ??$_Val_type@PAU?$Vec@$02I@@@std@@YAPAU?$Vec@$02I@@PAU1@@Z 004300e0 f i fluidsim.obj
 0002:00008100       ??$_Val_type@PAU?$Vec@$02M@@@std@@YAPAU?$Vec@$02M@@PAU1@@Z 00430100 f i fluidsim.obj
 0002:00008120       ??$_Val_type@PAV?$vector@IV?$allocator@I@std@@@std@@@std@@YAPAV?$vector@IV?$allocator@I@std@@@0@PAV10@@Z 00430120 f i fluidsim.obj
 0002:00008140       ??$_Val_type@PAV?$vector@NV?$allocator@N@std@@@std@@@std@@YAPAV?$vector@NV?$allocator@N@std@@@0@PAV10@@Z 00430140 f i fluidsim.obj
 0002:00008160       ??$addressof@$$CBI@std@@YAPBIABI@Z 00430160 f i fluidsim.obj
 0002:00008180       ??$addressof@$$CBN@std@@YAPBNABN@Z 00430180 f i fluidsim.obj
 0002:000081a0       ??$addressof@$$CBU?$Vec@$02M@@@std@@YAPBU?$Vec@$02M@@ABU1@@Z 004301a0 f i fluidsim.obj
 0002:000081c0       ??$addressof@D@std@@YAPADAAD@Z 004301c0 f i fluidsim.obj
 0002:000081e0       ??$addressof@N@std@@YAPANAAN@Z 004301e0 f i fluidsim.obj
 0002:00008200       ??$addressof@U?$Vec@$02I@@@std@@YAPAU?$Vec@$02I@@AAU1@@Z 00430200 f i fluidsim.obj
 0002:00008220       ??$advance@PAIH@std@@YAXAAPAIH@Z 00430220 f i fluidsim.obj
 0002:00008270       ??$advance@PANH@std@@YAXAAPANH@Z 00430270 f i fluidsim.obj
 0002:000082c0       ??$assign@V?$move_iterator@V?$_Vector_iterator@V?$_Vector_val@U?$_Simple_types@I@std@@@std@@@std@@@std@@@?$vector@IV?$allocator@I@std@@@std@@QAEXV?$move_iterator@V?$_Vector_iterator@V?$_Vector_val@U?$_Simple_types@I@std@@@std@@@std@@@1@0@Z 004302c0 f i fluidsim.obj
 0002:00008360       ??$assign@V?$move_iterator@V?$_Vector_iterator@V?$_Vector_val@U?$_Simple_types@N@std@@@std@@@std@@@std@@@?$vector@NV?$allocator@N@std@@@std@@QAEXV?$move_iterator@V?$_Vector_iterator@V?$_Vector_val@U?$_Simple_types@N@std@@@std@@@std@@@1@0@Z 00430360 f i fluidsim.obj
 0002:00008400       ??$bilerp@MM@@YAMABM000MM@Z 00430400 f i fluidsim.obj
 0002:00008480       ??$clamp@M@@YAMMMM@Z       00430480 f i fluidsim.obj
 0002:000084d0       ??$construct@IAAI@?$_Wrap_alloc@V?$allocator@I@std@@@std@@QAEXPAIAAI@Z 004304d0 f i fluidsim.obj
 0002:00008510       ??$construct@IAAI@?$allocator@I@std@@QAEXPAIAAI@Z 00430510 f i fluidsim.obj
 0002:000085c0       ??$construct@IAAI@?$allocator_traits@V?$allocator@I@std@@@std@@SAXAAV?$allocator@I@1@PAIAAI@Z 004305c0 f i fluidsim.obj
 0002:00008600       ??$construct@IABI@?$_Wrap_alloc@V?$allocator@I@std@@@std@@QAEXPAIABI@Z 00430600 f i fluidsim.obj
 0002:00008640       ??$construct@IABI@?$allocator_traits@V?$allocator@I@std@@@std@@SAXAAV?$allocator@I@1@PAIABI@Z 00430640 f i fluidsim.obj
 0002:00008680       ??$construct@II@?$_Wrap_alloc@V?$allocator@I@std@@@std@@QAEXPAI$$QAI@Z 00430680 f i fluidsim.obj
 0002:000086c0       ??$construct@II@?$allocator@I@std@@QAEXPAI$$QAI@Z 004306c0 f i fluidsim.obj
 0002:00008770       ??$construct@II@?$allocator_traits@V?$allocator@I@std@@@std@@SAXAAV?$allocator@I@1@PAI$$QAI@Z 00430770 f i fluidsim.obj
 0002:000087b0       ??$construct@NAAN@?$_Wrap_alloc@V?$allocator@N@std@@@std@@QAEXPANAAN@Z 004307b0 f i fluidsim.obj
 0002:000087f0       ??$construct@NAAN@?$allocator@N@std@@QAEXPANAAN@Z 004307f0 f i fluidsim.obj
 0002:000088b0       ??$construct@NAAN@?$allocator_traits@V?$allocator@N@std@@@std@@SAXAAV?$allocator@N@1@PANAAN@Z 004308b0 f i fluidsim.obj
 0002:000088f0       ??$construct@NABN@?$_Wrap_alloc@V?$allocator@N@std@@@std@@QAEXPANABN@Z 004308f0 f i fluidsim.obj
 0002:00008930       ??$construct@NABN@?$allocator_traits@V?$allocator@N@std@@@std@@SAXAAV?$allocator@N@1@PANABN@Z 00430930 f i fluidsim.obj
 0002:00008970       ??$construct@NN@?$_Wrap_alloc@V?$allocator@N@std@@@std@@QAEXPAN$$QAN@Z 00430970 f i fluidsim.obj
 0002:000089b0       ??$construct@NN@?$allocator@N@std@@QAEXPAN$$QAN@Z 004309b0 f i fluidsim.obj
 0002:00008a70       ??$construct@NN@?$allocator_traits@V?$allocator@N@std@@@std@@SAXAAV?$allocator@N@1@PAN$$QAN@Z 00430a70 f i fluidsim.obj
 0002:00008ab0       ??$construct@PADAAPAD@?$_Wrap_alloc@V?$allocator@D@std@@@std@@QAEXPAPADAAPAD@Z 00430ab0 f i fluidsim.obj
 0002:00008af0       ??$construct@PADAAPAD@?$allocator@D@std@@QAEXPAPADAAPAD@Z 00430af0 f i fluidsim.obj
 0002:00008ba0       ??$construct@PADAAPAD@?$allocator_traits@V?$allocator@D@std@@@std@@SAXAAV?$allocator@D@1@PAPADAAPAD@Z 00430ba0 f i fluidsim.obj
 0002:00008be0       ??$construct@U?$Vec@$02I@@U1@@?$_Wrap_alloc@V?$allocator@U?$Vec@$02I@@@std@@@std@@QAEXPAU?$Vec@$02I@@$$QAU2@@Z 00430be0 f i fluidsim.obj
 0002:00008c20       ??$construct@U?$Vec@$02I@@U1@@?$allocator@U?$Vec@$02I@@@std@@QAEXPAU?$Vec@$02I@@$$QAU2@@Z 00430c20 f i fluidsim.obj
 0002:00008ce0       ??$construct@U?$Vec@$02I@@U1@@?$allocator_traits@V?$allocator@U?$Vec@$02I@@@std@@@std@@SAXAAV?$allocator@U?$Vec@$02I@@@1@PAU?$Vec@$02I@@$$QAU3@@Z 00430ce0 f i fluidsim.obj
 0002:00008d20       ??$construct@U?$Vec@$02M@@AAU1@@?$_Wrap_alloc@V?$allocator@U?$Vec@$02M@@@std@@@std@@QAEXPAU?$Vec@$02M@@AAU2@@Z 00430d20 f i fluidsim.obj
 0002:00008d60       ??$construct@U?$Vec@$02M@@AAU1@@?$allocator@U?$Vec@$02M@@@std@@QAEXPAU?$Vec@$02M@@AAU2@@Z 00430d60 f i fluidsim.obj
 0002:00008e20       ??$construct@U?$Vec@$02M@@AAU1@@?$allocator_traits@V?$allocator@U?$Vec@$02M@@@std@@@std@@SAXAAV?$allocator@U?$Vec@$02M@@@1@PAU?$Vec@$02M@@AAU3@@Z 00430e20 f i fluidsim.obj
 0002:00008e60       ??$construct@U?$Vec@$02M@@ABU1@@?$_Wrap_alloc@V?$allocator@U?$Vec@$02M@@@std@@@std@@QAEXPAU?$Vec@$02M@@ABU2@@Z 00430e60 f i fluidsim.obj
 0002:00008ea0       ??$construct@U?$Vec@$02M@@ABU1@@?$allocator_traits@V?$allocator@U?$Vec@$02M@@@std@@@std@@SAXAAV?$allocator@U?$Vec@$02M@@@1@PAU?$Vec@$02M@@ABU3@@Z 00430ea0 f i fluidsim.obj
 0002:00008ee0       ??$construct@U?$Vec@$02M@@U1@@?$_Wrap_alloc@V?$allocator@U?$Vec@$02M@@@std@@@std@@QAEXPAU?$Vec@$02M@@$$QAU2@@Z 00430ee0 f i fluidsim.obj
 0002:00008f20       ??$construct@U?$Vec@$02M@@U1@@?$allocator@U?$Vec@$02M@@@std@@QAEXPAU?$Vec@$02M@@$$QAU2@@Z 00430f20 f i fluidsim.obj
 0002:00008fe0       ??$construct@U?$Vec@$02M@@U1@@?$allocator_traits@V?$allocator@U?$Vec@$02M@@@std@@@std@@SAXAAV?$allocator@U?$Vec@$02M@@@1@PAU?$Vec@$02M@@$$QAU3@@Z 00430fe0 f i fluidsim.obj
 0002:00009020       ??$construct@V?$vector@IV?$allocator@I@std@@@std@@@?$allocator_traits@V?$allocator@V?$vector@IV?$allocator@I@std@@@std@@@std@@@std@@SAXAAV?$allocator@V?$vector@IV?$allocator@I@std@@@std@@@1@PAV?$vector@IV?$allocator@I@std@@@1@@Z 00431020 f i fluidsim.obj
 0002:00009050       ??$construct@V?$vector@IV?$allocator@I@std@@@std@@V12@@?$_Wrap_alloc@V?$allocator@V?$vector@IV?$allocator@I@std@@@std@@@std@@@std@@QAEXPAV?$vector@IV?$allocator@I@std@@@1@$$QAV21@@Z 00431050 f i fluidsim.obj
 0002:00009090       ??$construct@V?$vector@IV?$allocator@I@std@@@std@@V12@@?$allocator@V?$vector@IV?$allocator@I@std@@@std@@@std@@QAEXPAV?$vector@IV?$allocator@I@std@@@1@$$QAV21@@Z 00431090 f i fluidsim.obj
 0002:00009140       ??$construct@V?$vector@IV?$allocator@I@std@@@std@@V12@@?$allocator_traits@V?$allocator@V?$vector@IV?$allocator@I@std@@@std@@@std@@@std@@SAXAAV?$allocator@V?$vector@IV?$allocator@I@std@@@std@@@1@PAV?$vector@IV?$allocator@I@std@@@1@$$QAV31@@Z 00431140 f i fluidsim.obj
 0002:00009180       ??$construct@V?$vector@NV?$allocator@N@std@@@std@@@?$allocator_traits@V?$allocator@V?$vector@NV?$allocator@N@std@@@std@@@std@@@std@@SAXAAV?$allocator@V?$vector@NV?$allocator@N@std@@@std@@@1@PAV?$vector@NV?$allocator@N@std@@@1@@Z 00431180 f i fluidsim.obj
 0002:000091b0       ??$construct@V?$vector@NV?$allocator@N@std@@@std@@V12@@?$_Wrap_alloc@V?$allocator@V?$vector@NV?$allocator@N@std@@@std@@@std@@@std@@QAEXPAV?$vector@NV?$allocator@N@std@@@1@$$QAV21@@Z 004311b0 f i fluidsim.obj
 0002:000091f0       ??$construct@V?$vector@NV?$allocator@N@std@@@std@@V12@@?$allocator@V?$vector@NV?$allocator@N@std@@@std@@@std@@QAEXPAV?$vector@NV?$allocator@N@std@@@1@$$QAV21@@Z 004311f0 f i fluidsim.obj
 0002:000092a0       ??$construct@V?$vector@NV?$allocator@N@std@@@std@@V12@@?$allocator_traits@V?$allocator@V?$vector@NV?$allocator@N@std@@@std@@@std@@@std@@SAXAAV?$allocator@V?$vector@NV?$allocator@N@std@@@std@@@1@PAV?$vector@NV?$allocator@N@std@@@1@$$QAV31@@Z 004312a0 f i fluidsim.obj
 0002:000092e0       ??$destroy@I@?$_Wrap_alloc@V?$allocator@I@std@@@std@@QAEXPAI@Z 004312e0 f i fluidsim.obj
 0002:00009310       ??$destroy@I@?$allocator@I@std@@QAEXPAI@Z 00431310 f i fluidsim.obj
 0002:00009330       ??$destroy@I@?$allocator_traits@V?$allocator@I@std@@@std@@SAXAAV?$allocator@I@1@PAI@Z 00431330 f i fluidsim.obj
 0002:00009360       ??$destroy@N@?$_Wrap_alloc@V?$allocator@N@std@@@std@@QAEXPAN@Z 00431360 f i fluidsim.obj
 0002:00009390       ??$destroy@N@?$allocator@N@std@@QAEXPAN@Z 00431390 f i fluidsim.obj
 0002:000093b0       ??$destroy@N@?$allocator_traits@V?$allocator@N@std@@@std@@SAXAAV?$allocator@N@1@PAN@Z 004313b0 f i fluidsim.obj
 0002:000093e0       ??$destroy@PAD@?$_Wrap_alloc@V?$allocator@D@std@@@std@@QAEXPAPAD@Z 004313e0 f i fluidsim.obj
 0002:00009410       ??$destroy@PAD@?$allocator@D@std@@QAEXPAPAD@Z 00431410 f i fluidsim.obj
 0002:00009430       ??$destroy@PAD@?$allocator_traits@V?$allocator@D@std@@@std@@SAXAAV?$allocator@D@1@PAPAD@Z 00431430 f i fluidsim.obj
 0002:00009460       ??$destroy@U?$Vec@$02I@@@?$_Wrap_alloc@V?$allocator@U?$Vec@$02I@@@std@@@std@@QAEXPAU?$Vec@$02I@@@Z 00431460 f i fluidsim.obj
 0002:00009490       ??$destroy@U?$Vec@$02I@@@?$allocator@U?$Vec@$02I@@@std@@QAEXPAU?$Vec@$02I@@@Z 00431490 f i fluidsim.obj
 0002:000094b0       ??$destroy@U?$Vec@$02I@@@?$allocator_traits@V?$allocator@U?$Vec@$02I@@@std@@@std@@SAXAAV?$allocator@U?$Vec@$02I@@@1@PAU?$Vec@$02I@@@Z 004314b0 f i fluidsim.obj
 0002:000094e0       ??$destroy@U?$Vec@$02M@@@?$_Wrap_alloc@V?$allocator@U?$Vec@$02M@@@std@@@std@@QAEXPAU?$Vec@$02M@@@Z 004314e0 f i fluidsim.obj
 0002:00009510       ??$destroy@U?$Vec@$02M@@@?$allocator@U?$Vec@$02M@@@std@@QAEXPAU?$Vec@$02M@@@Z 00431510 f i fluidsim.obj
 0002:00009530       ??$destroy@U?$Vec@$02M@@@?$allocator_traits@V?$allocator@U?$Vec@$02M@@@std@@@std@@SAXAAV?$allocator@U?$Vec@$02M@@@1@PAU?$Vec@$02M@@@Z 00431530 f i fluidsim.obj
 0002:00009560       ??$destroy@V?$vector@IV?$allocator@I@std@@@std@@@?$_Wrap_alloc@V?$allocator@V?$vector@IV?$allocator@I@std@@@std@@@std@@@std@@QAEXPAV?$vector@IV?$allocator@I@std@@@1@@Z 00431560 f i fluidsim.obj
 0002:00009590       ??$destroy@V?$vector@IV?$allocator@I@std@@@std@@@?$allocator@V?$vector@IV?$allocator@I@std@@@std@@@std@@QAEXPAV?$vector@IV?$allocator@I@std@@@1@@Z 00431590 f i fluidsim.obj
 0002:000095c0       ??$destroy@V?$vector@IV?$allocator@I@std@@@std@@@?$allocator_traits@V?$allocator@V?$vector@IV?$allocator@I@std@@@std@@@std@@@std@@SAXAAV?$allocator@V?$vector@IV?$allocator@I@std@@@std@@@1@PAV?$vector@IV?$allocator@I@std@@@1@@Z 004315c0 f i fluidsim.obj
 0002:000095f0       ??$destroy@V?$vector@NV?$allocator@N@std@@@std@@@?$_Wrap_alloc@V?$allocator@V?$vector@NV?$allocator@N@std@@@std@@@std@@@std@@QAEXPAV?$vector@NV?$allocator@N@std@@@1@@Z 004315f0 f i fluidsim.obj
 0002:00009620       ??$destroy@V?$vector@NV?$allocator@N@std@@@std@@@?$allocator@V?$vector@NV?$allocator@N@std@@@std@@@std@@QAEXPAV?$vector@NV?$allocator@N@std@@@1@@Z 00431620 f i fluidsim.obj
 0002:00009650       ??$destroy@V?$vector@NV?$allocator@N@std@@@std@@@?$allocator_traits@V?$allocator@V?$vector@NV?$allocator@N@std@@@std@@@std@@@std@@SAXAAV?$allocator@V?$vector@NV?$allocator@N@std@@@std@@@1@PAV?$vector@NV?$allocator@N@std@@@1@@Z 00431650 f i fluidsim.obj
 0002:00009680       ??$dist2@$02M@@YAMABU?$Vec@$02M@@0@Z 00431680 f i fluidsim.obj
 0002:00009740       ??$dist@$02M@@YAMABU?$Vec@$02M@@0@Z 00431740 f i fluidsim.obj
 0002:00009780       ??$distance@PAI@std@@YAHPAI0@Z 00431780 f i fluidsim.obj
 0002:000097e0       ??$distance@PAN@std@@YAHPAN0@Z 004317e0 f i fluidsim.obj
 0002:00009840       ??$dot@$02M@@YAMABU?$Vec@$02M@@0@Z 00431840 f i fluidsim.obj
 0002:000098d0       ??$factor_modified_incomplete_cholesky0@N@@YAXABU?$SparseMatrix@N@@AAU?$SparseColumnLowerFactor@N@@NN@Z 004318d0 f i fluidsim.obj
 0002:0000a180       ??$fill@PANN@std@@YAXPAN0ABN@Z 00432180 f i fluidsim.obj
 0002:0000a1d0       ??$forward@AAI@std@@YAAAIAAI@Z 004321d0 f i fluidsim.obj
 0002:0000a1f0       ??$forward@AAN@std@@YAAANAAN@Z 004321f0 f i fluidsim.obj
 0002:0000a210       ??$forward@AAPAD@std@@YAAAPADAAPAD@Z 00432210 f i fluidsim.obj
 0002:0000a230       ??$forward@AAU?$Vec@$02M@@@std@@YAAAU?$Vec@$02M@@AAU1@@Z 00432230 f i fluidsim.obj
 0002:0000a250       ??$forward@ABI@std@@YAABIABI@Z 00432250 f i fluidsim.obj
 0002:0000a270       ??$forward@ABN@std@@YAABNABN@Z 00432270 f i fluidsim.obj
 0002:0000a290       ??$forward@ABU?$Vec@$02M@@@std@@YAABU?$Vec@$02M@@ABU1@@Z 00432290 f i fluidsim.obj
 0002:0000a2b0       ??$forward@I@std@@YA$$QAIAAI@Z 004322b0 f i fluidsim.obj
 0002:0000a2d0       ??$forward@N@std@@YA$$QANAAN@Z 004322d0 f i fluidsim.obj
 0002:0000a2f0       ??$forward@U?$Vec@$02I@@@std@@YA$$QAU?$Vec@$02I@@AAU1@@Z 004322f0 f i fluidsim.obj
 0002:0000a310       ??$forward@U?$Vec@$02M@@@std@@YA$$QAU?$Vec@$02M@@AAU1@@Z 00432310 f i fluidsim.obj
 0002:0000a330       ??$forward@V?$basic_string@DU?$char_traits@D@std@@V?$allocator@D@2@@std@@@std@@YA$$QAV?$basic_string@DU?$char_traits@D@std@@V?$allocator@D@2@@0@AAV10@@Z 00432330 f i fluidsim.obj
 0002:0000a350       ??$forward@V?$vector@IV?$allocator@I@std@@@std@@@std@@YA$$QAV?$vector@IV?$allocator@I@std@@@0@AAV10@@Z 00432350 f i fluidsim.obj
 0002:0000a370       ??$forward@V?$vector@NV?$allocator@N@std@@@std@@@std@@YA$$QAV?$vector@NV?$allocator@N@std@@@0@AAV10@@Z 00432370 f i fluidsim.obj
 0002:0000a390       ??$get_barycentric@M@@YAXMAAHAAMHH@Z 00432390 f i fluidsim.obj
 0002:0000a440       ??$getline@DU?$char_traits@D@std@@V?$allocator@D@2@@std@@YAAAV?$basic_istream@DU?$char_traits@D@std@@@0@$$QAV10@AAV?$basic_string@DU?$char_traits@D@std@@V?$allocator@D@2@@0@D@Z 00432440 f i fluidsim.obj
 0002:0000a6c0       ??$getline@DU?$char_traits@D@std@@V?$allocator@D@2@@std@@YAAAV?$basic_istream@DU?$char_traits@D@std@@@0@AAV10@AAV?$basic_string@DU?$char_traits@D@std@@V?$allocator@D@2@@0@@Z 004326c0 f i fluidsim.obj
 0002:0000a720       ??$insert@I@@YAXAAV?$vector@IV?$allocator@I@std@@@std@@II@Z 00432720 f i fluidsim.obj
 0002:0000a7c0       ??$insert@N@@YAXAAV?$vector@NV?$allocator@N@std@@@std@@IN@Z 004327c0 f i fluidsim.obj
 0002:0000a860       ??$insert@V?$move_iterator@V?$_Vector_iterator@V?$_Vector_val@U?$_Simple_types@I@std@@@std@@@std@@@std@@@?$vector@IV?$allocator@I@std@@@std@@QAE?AV?$_Vector_iterator@V?$_Vector_val@U?$_Simple_types@I@std@@@std@@@1@V?$_Vector_const_iterator@V?$_Vector_val@U?$_Simple_types@I@std@@@std@@@1@V?$move_iterator@V?$_Vector_iterator@V?$_Vector_val@U?$_Simple_types@I@std@@@std@@@std@@@1@1@Z 00432860 f i fluidsim.obj
 0002:0000a8f0       ??$insert@V?$move_iterator@V?$_Vector_iterator@V?$_Vector_val@U?$_Simple_types@N@std@@@std@@@std@@@std@@@?$vector@NV?$allocator@N@std@@@std@@QAE?AV?$_Vector_iterator@V?$_Vector_val@U?$_Simple_types@N@std@@@std@@@1@V?$_Vector_const_iterator@V?$_Vector_val@U?$_Simple_types@N@std@@@std@@@1@V?$move_iterator@V?$_Vector_iterator@V?$_Vector_val@U?$_Simple_types@N@std@@@std@@@std@@@1@1@Z 004328f0 f i fluidsim.obj
 0002:0000a980       ??$interpolate_gradient@MM@@YAMAAU?$Vec@$02M@@ABU0@ABU?$Array3@MU?$Array1@M@@@@@Z 00432980 f i fluidsim.obj
 0002:0000add0       ??$interpolate_value@MM@@YAMABU?$Vec@$02M@@ABU?$Array3@MU?$Array1@M@@@@@Z 00432dd0 f i fluidsim.obj
 0002:0000afc0       ??$iter_swap@PAIPAI@std@@YAXPAI0@Z 00432fc0 f i fluidsim.obj
 0002:0000aff0       ??$iter_swap@PANPAN@std@@YAXPAN0@Z 00432ff0 f i fluidsim.obj
 0002:0000b020       ??$lerp@MM@@YAMABM0M@Z     00433020 f i fluidsim.obj
 0002:0000b070       ??$mag2@$02M@@YAMABU?$Vec@$02M@@@Z 00433070 f i fluidsim.obj
 0002:0000b100       ??$mag@$02M@@YAMABU?$Vec@$02M@@@Z 00433100 f i fluidsim.obj
 0002:0000b130       ??$make_move_iterator@V?$_Vector_iterator@V?$_Vector_val@U?$_Simple_types@I@std@@@std@@@std@@@std@@YA?AV?$move_iterator@V?$_Vector_iterator@V?$_Vector_val@U?$_Simple_types@I@std@@@std@@@std@@@0@V?$_Vector_iterator@V?$_Vector_val@U?$_Simple_types@I@std@@@std@@@0@@Z 00433130 f i fluidsim.obj
 0002:0000b160       ??$make_move_iterator@V?$_Vector_iterator@V?$_Vector_val@U?$_Simple_types@N@std@@@std@@@std@@@std@@YA?AV?$move_iterator@V?$_Vector_iterator@V?$_Vector_val@U?$_Simple_types@N@std@@@std@@@std@@@0@V?$_Vector_iterator@V?$_Vector_val@U?$_Simple_types@N@std@@@std@@@0@@Z 00433160 f i fluidsim.obj
 0002:0000b190       ??$max@H@std@@YAABHABH0@Z  00433190 f i fluidsim.obj
 0002:0000b1d0       ??$max@M@std@@YAABMABM0@Z  004331d0 f i fluidsim.obj
 0002:0000b220       ??$min@H@std@@YAABHABH0@Z  00433220 f i fluidsim.obj
 0002:0000b260       ??$move@AAI@std@@YA$$QAIAAI@Z 00433260 f i fluidsim.obj
 0002:0000b280       ??$move@AAN@std@@YA$$QANAAN@Z 00433280 f i fluidsim.obj
 0002:0000b2a0       ??$move@AAV?$basic_istream@DU?$char_traits@D@std@@@std@@@std@@YA$$QAV?$basic_istream@DU?$char_traits@D@std@@@0@AAV10@@Z 004332a0 f i fluidsim.obj
 0002:0000b2c0       ??$move@AAV?$basic_string@DU?$char_traits@D@std@@V?$allocator@D@2@@std@@@std@@YA$$QAV?$basic_string@DU?$char_traits@D@std@@V?$allocator@D@2@@0@AAV10@@Z 004332c0 f i fluidsim.obj
 0002:0000b2e0       ??$move@AAV?$vector@IV?$allocator@I@std@@@std@@@std@@YA$$QAV?$vector@IV?$allocator@I@std@@@0@AAV10@@Z 004332e0 f i fluidsim.obj
 0002:0000b300       ??$move@AAV?$vector@NV?$allocator@N@std@@@std@@@std@@YA$$QAV?$vector@NV?$allocator@N@std@@@0@AAV10@@Z 00433300 f i fluidsim.obj
 0002:0000b320       ??$multiply@N@@YAXABU?$FixedSparseMatrix@N@@ABV?$vector@NV?$allocator@N@std@@@std@@AAV12@@Z 00433320 f i fluidsim.obj
 0002:0000b470       ??$normalize@$02M@@YAXAAU?$Vec@$02M@@@Z 00433470 f i fluidsim.obj
 0002:0000b4c0       ??$rotate@PAI@std@@YAPAIPAI00@Z 004334c0 f i fluidsim.obj
 0002:0000b570       ??$rotate@PAN@std@@YAPANPAN00@Z 00433570 f i fluidsim.obj
 0002:0000b620       ??$solve_lower@N@@YAXABU?$SparseColumnLowerFactor@N@@ABV?$vector@NV?$allocator@N@std@@@std@@AAV12@@Z 00433620 f i fluidsim.obj
 0002:0000b7c0       ??$solve_lower_transpose_in_place@N@@YAXABU?$SparseColumnLowerFactor@N@@AAV?$vector@NV?$allocator@N@std@@@std@@@Z 004337c0 f i fluidsim.obj
 0002:0000b940       ??$sqr@M@@YAMABM@Z         00433940 f i fluidsim.obj
 0002:0000b970       ??$swap@I@std@@YAXAAI0@Z   00433970 f i fluidsim.obj
 0002:0000b9d0       ??$swap@N@std@@YAXAAN0@Z   004339d0 f i fluidsim.obj
 0002:0000ba40       ??$swap@PAN@std@@YAXAAPAN0@Z 00433a40 f i fluidsim.obj
 0002:0000baa0       ??$trilerp@MM@@YAMABM0000000MMM@Z 00433aa0 f i fluidsim.obj
 0002:0000bb50       ??$use_facet@V?$codecvt@DDH@std@@@std@@YAABV?$codecvt@DDH@0@ABVlocale@0@@Z 00433b50 f i fluidsim.obj
 0002:0000bca0       ??$zero@N@@YAXAAV?$vector@NV?$allocator@N@std@@@std@@@Z 00433ca0 f i fluidsim.obj
 0002:0000bd00       ??0?$Array1@D@@QAE@K@Z     00433d00 f i fluidsim.obj
 0002:0000bdc0       ??0?$Array1@M@@QAE@ABU0@@Z 00433dc0 f i fluidsim.obj
 0002:0000be90       ??0?$Array3@DU?$Array1@D@@@@QAE@HHH@Z 00433e90 f i fluidsim.obj
 0002:0000bf20       ??0?$Array3@MU?$Array1@M@@@@QAE@ABU0@@Z 00433f20 f i fluidsim.obj
 0002:0000bf80       ??0?$Vec@$02I@@QAE@III@Z   00433f80 f i fluidsim.obj
 0002:0000bfe0       ??0?$Vec@$02M@@QAE@MMM@Z   00433fe0 f i fluidsim.obj
 0002:0000c050       ??0?$Vec@$02M@@QAE@XZ      00434050 f i fluidsim.obj
 0002:0000c070       ??0?$_String_alloc@$0A@U?$_String_base_types@DV?$allocator@D@std@@@std@@@std@@QAE@ABV?$allocator@D@1@@Z 00434070 f i fluidsim.obj
 0002:0000c0a0       ??0?$_String_const_iterator@V?$_String_val@U?$_Simple_types@D@std@@@std@@@std@@QAE@PBDPBU_Container_base0@1@@Z 004340a0 f i fluidsim.obj
 0002:0000c0e0       ??0?$_String_iterator@V?$_String_val@U?$_Simple_types@D@std@@@std@@@std@@QAE@PADPBU_Container_base0@1@@Z 004340e0 f i fluidsim.obj
 0002:0000c120       ??0?$_String_val@U?$_Simple_types@D@std@@@std@@QAE@XZ 00434120 f i fluidsim.obj
 0002:0000c160       ??0?$_Vector_alloc@$0A@U?$_Vec_base_types@IV?$allocator@I@std@@@std@@@std@@QAE@ABV?$allocator@I@1@@Z 00434160 f i fluidsim.obj
 0002:0000c190       ??0?$_Vector_alloc@$0A@U?$_Vec_base_types@NV?$allocator@N@std@@@std@@@std@@QAE@ABV?$allocator@N@1@@Z 00434190 f i fluidsim.obj
 0002:0000c1c0       ??0?$_Vector_alloc@$0A@U?$_Vec_base_types@U?$Vec@$02I@@V?$allocator@U?$Vec@$02I@@@std@@@std@@@std@@QAE@ABV?$allocator@U?$Vec@$02I@@@1@@Z 004341c0 f i fluidsim.obj
 0002:0000c1f0       ??0?$_Vector_alloc@$0A@U?$_Vec_base_types@U?$Vec@$02M@@V?$allocator@U?$Vec@$02M@@@std@@@std@@@std@@QAE@ABV?$allocator@U?$Vec@$02M@@@1@@Z 004341f0 f i fluidsim.obj
 0002:0000c220       ??0?$_Vector_const_iterator@V?$_Vector_val@U?$_Simple_types@I@std@@@std@@@std@@QAE@PAIPBU_Container_base0@1@@Z 00434220 f i fluidsim.obj
 0002:0000c260       ??0?$_Vector_const_iterator@V?$_Vector_val@U?$_Simple_types@N@std@@@std@@@std@@QAE@PANPBU_Container_base0@1@@Z 00434260 f i fluidsim.obj
 0002:0000c2a0       ??0?$_Vector_const_iterator@V?$_Vector_val@U?$_Simple_types@V?$vector@IV?$allocator@I@std@@@std@@@std@@@std@@@std@@QAE@PAV?$vector@IV?$allocator@I@std@@@1@PBU_Container_base0@1@@Z 004342a0 f i fluidsim.obj
 0002:0000c2e0       ??0?$_Vector_const_iterator@V?$_Vector_val@U?$_Simple_types@V?$vector@NV?$allocator@N@std@@@std@@@std@@@std@@@std@@QAE@PAV?$vector@NV?$allocator@N@std@@@1@PBU_Container_base0@1@@Z 004342e0 f i fluidsim.obj
 0002:0000c320       ??0?$_Vector_iterator@V?$_Vector_val@U?$_Simple_types@I@std@@@std@@@std@@QAE@PAIPBU_Container_base0@1@@Z 00434320 f i fluidsim.obj
 0002:0000c360       ??0?$_Vector_iterator@V?$_Vector_val@U?$_Simple_types@N@std@@@std@@@std@@QAE@PANPBU_Container_base0@1@@Z 00434360 f i fluidsim.obj
 0002:0000c3a0       ??0?$_Vector_iterator@V?$_Vector_val@U?$_Simple_types@V?$vector@IV?$allocator@I@std@@@std@@@std@@@std@@@std@@QAE@PAV?$vector@IV?$allocator@I@std@@@1@PBU_Container_base0@1@@Z 004343a0 f i fluidsim.obj
 0002:0000c3e0       ??0?$_Vector_iterator@V?$_Vector_val@U?$_Simple_types@V?$vector@NV?$allocator@N@std@@@std@@@std@@@std@@@std@@QAE@PAV?$vector@NV?$allocator@N@std@@@1@PBU_Container_base0@1@@Z 004343e0 f i fluidsim.obj
 0002:0000c420       ??0?$_Vector_val@U?$_Simple_types@I@std@@@std@@QAE@XZ 00434420 f i fluidsim.obj
 0002:0000c460       ??0?$_Vector_val@U?$_Simple_types@N@std@@@std@@QAE@XZ 00434460 f i fluidsim.obj
 0002:0000c4a0       ??0?$_Vector_val@U?$_Simple_types@U?$Vec@$02I@@@std@@@std@@QAE@XZ 004344a0 f i fluidsim.obj
 0002:0000c4e0       ??0?$_Vector_val@U?$_Simple_types@U?$Vec@$02M@@@std@@@std@@QAE@XZ 004344e0 f i fluidsim.obj
 0002:0000c520       ??0?$_Wrap_alloc@V?$allocator@D@std@@@std@@QAE@ABV?$allocator@D@1@@Z 00434520 f i fluidsim.obj
 0002:0000c550       ??0?$_Wrap_alloc@V?$allocator@D@std@@@std@@QAE@XZ 00434550 f i fluidsim.obj
 0002:0000c580       ??0?$_Wrap_alloc@V?$allocator@I@std@@@std@@QAE@XZ 00434580 f i fluidsim.obj
 0002:0000c5b0       ??0?$_Wrap_alloc@V?$allocator@N@std@@@std@@QAE@XZ 004345b0 f i fluidsim.obj
 0002:0000c5e0       ??0?$_Wrap_alloc@V?$allocator@U?$Vec@$02I@@@std@@@std@@QAE@XZ 004345e0 f i fluidsim.obj
 0002:0000c610       ??0?$_Wrap_alloc@V?$allocator@U?$Vec@$02M@@@std@@@std@@QAE@XZ 00434610 f i fluidsim.obj
 0002:0000c640       ??0?$_Wrap_alloc@V?$allocator@V?$vector@IV?$allocator@I@std@@@std@@@std@@@std@@QAE@XZ 00434640 f i fluidsim.obj
 0002:0000c670       ??0?$_Wrap_alloc@V?$allocator@V?$vector@NV?$allocator@N@std@@@std@@@std@@@std@@QAE@XZ 00434670 f i fluidsim.obj
 0002:0000c6a0       ??0?$allocator@D@std@@QAE@ABV01@@Z 004346a0 f i fluidsim.obj
 0002:0000c6c0       ??0?$allocator@D@std@@QAE@XZ 004346c0 f i fluidsim.obj
 0002:0000c6e0       ??0?$allocator@I@std@@QAE@ABV01@@Z 004346e0 f i fluidsim.obj
 0002:0000c700       ??0?$allocator@I@std@@QAE@XZ 00434700 f i fluidsim.obj
 0002:0000c720       ??0?$allocator@N@std@@QAE@ABV01@@Z 00434720 f i fluidsim.obj
 0002:0000c740       ??0?$allocator@N@std@@QAE@XZ 00434740 f i fluidsim.obj
 0002:0000c760       ??0?$allocator@U?$Vec@$02I@@@std@@QAE@XZ 00434760 f i fluidsim.obj
 0002:0000c780       ??0?$allocator@U?$Vec@$02M@@@std@@QAE@XZ 00434780 f i fluidsim.obj
 0002:0000c7a0       ??0?$allocator@V?$vector@IV?$allocator@I@std@@@std@@@std@@QAE@XZ 004347a0 f i fluidsim.obj
 0002:0000c7c0       ??0?$allocator@V?$vector@NV?$allocator@N@std@@@std@@@std@@QAE@XZ 004347c0 f i fluidsim.obj
 0002:0000c7e0       ??0?$basic_filebuf@DU?$char_traits@D@std@@@std@@QAE@PAU_iobuf@@@Z 004347e0 f i fluidsim.obj
 0002:0000c870       ??0?$basic_ifstream@DU?$char_traits@D@std@@@std@@QAE@ABV?$basic_string@DU?$char_traits@D@std@@V?$allocator@D@2@@1@HH@Z 00434870 f i fluidsim.obj
 0002:0000c9c0       ??0?$basic_ofstream@DU?$char_traits@D@std@@@std@@QAE@PBDHH@Z 004349c0 f i fluidsim.obj
 0002:0000cb10       ??0?$basic_string@DU?$char_traits@D@std@@V?$allocator@D@2@@std@@QAE@$$QAV01@@Z 00434b10 f i fluidsim.obj
 0002:0000cb80       ??0?$basic_string@DU?$char_traits@D@std@@V?$allocator@D@2@@std@@QAE@ABV01@@Z 00434b80 f i fluidsim.obj
 0002:0000cbf0       ??0?$basic_string@DU?$char_traits@D@std@@V?$allocator@D@2@@std@@QAE@ABV01@IIABV?$allocator@D@1@@Z 00434bf0 f i fluidsim.obj
 0002:0000cc50       ??0?$basic_string@DU?$char_traits@D@std@@V?$allocator@D@2@@std@@QAE@ID@Z 00434c50 f i fluidsim.obj
 0002:0000ccb0       ??0?$basic_string@DU?$char_traits@D@std@@V?$allocator@D@2@@std@@QAE@PBD@Z 00434cb0 f i fluidsim.obj
 0002:0000cd10       ??0?$basic_string@DU?$char_traits@D@std@@V?$allocator@D@2@@std@@QAE@XZ 00434d10 f i fluidsim.obj
 0002:0000cd50       ??0?$basic_stringbuf@DU?$char_traits@D@std@@V?$allocator@D@2@@std@@QAE@ABV?$basic_string@DU?$char_traits@D@std@@V?$allocator@D@2@@1@H@Z 00434d50 f i fluidsim.obj
 0002:0000ce10       ??0?$basic_stringstream@DU?$char_traits@D@std@@V?$allocator@D@2@@std@@QAE@ABV?$basic_string@DU?$char_traits@D@std@@V?$allocator@D@2@@1@H@Z 00434e10 f i fluidsim.obj
 0002:0000cf30       ??0?$fpos@H@std@@QAE@H_J@Z 00434f30 f i fluidsim.obj
 0002:0000cf80       ??0?$fpos@H@std@@QAE@_J@Z  00434f80 f i fluidsim.obj
 0002:0000cfe0       ??0?$move_iterator@V?$_Vector_iterator@V?$_Vector_val@U?$_Simple_types@I@std@@@std@@@std@@@std@@QAE@V?$_Vector_iterator@V?$_Vector_val@U?$_Simple_types@I@std@@@std@@@1@@Z 00434fe0 f i fluidsim.obj
 0002:0000d010       ??0?$move_iterator@V?$_Vector_iterator@V?$_Vector_val@U?$_Simple_types@N@std@@@std@@@std@@@std@@QAE@V?$_Vector_iterator@V?$_Vector_val@U?$_Simple_types@N@std@@@std@@@1@@Z 00435010 f i fluidsim.obj
 0002:0000d040       ??0?$vector@IV?$allocator@I@std@@@std@@QAE@$$QAV01@@Z 00435040 f i fluidsim.obj
 0002:0000d0a0       ??0?$vector@IV?$allocator@I@std@@@std@@QAE@XZ 004350a0 f i fluidsim.obj
 0002:0000d0d0       ??0?$vector@NV?$allocator@N@std@@@std@@QAE@$$QAV01@@Z 004350d0 f i fluidsim.obj
 0002:0000d130       ??0?$vector@NV?$allocator@N@std@@@std@@QAE@XZ 00435130 f i fluidsim.obj
 0002:0000d160       ??0?$vector@U?$Vec@$02I@@V?$allocator@U?$Vec@$02I@@@std@@@std@@QAE@XZ 00435160 f i fluidsim.obj
 0002:0000d190       ??0?$vector@U?$Vec@$02M@@V?$allocator@U?$Vec@$02M@@@std@@@std@@QAE@XZ 00435190 f i fluidsim.obj
 0002:0000d1c0       ??0_Generic_error_category@std@@QAE@XZ 004351c0 f i fluidsim.obj
 0002:0000d1f0       ??0_Iostream_error_category@std@@QAE@XZ 004351f0 f i fluidsim.obj
 0002:0000d220       ??0_Sentry_base@?$basic_istream@DU?$char_traits@D@std@@@std@@QAE@AAV12@@Z 00435220 f i fluidsim.obj
 0002:0000d2a0       ??0_Sentry_base@?$basic_ostream@DU?$char_traits@D@std@@@std@@QAE@AAV12@@Z 004352a0 f i fluidsim.obj
 0002:0000d320       ??0_System_error_category@std@@QAE@XZ 00435320 f i fluidsim.obj
 0002:0000d350       ??0bad_alloc@std@@QAE@ABV01@@Z 00435350 f i fluidsim.obj
 0002:0000d390       ??0bad_alloc@std@@QAE@XZ   00435390 f i fluidsim.obj
 0002:0000d3e0       ??0error_category@std@@QAE@XZ 004353e0 f i fluidsim.obj
 0002:0000d410       ??0error_condition@std@@QAE@HABVerror_category@1@@Z 00435410 f i fluidsim.obj
 0002:0000d450       ??0sentry@?$basic_istream@DU?$char_traits@D@std@@@std@@QAE@AAV12@_N@Z 00435450 f i fluidsim.obj
 0002:0000d4e0       ??0sentry@?$basic_ostream@DU?$char_traits@D@std@@@std@@QAE@AAV12@@Z 004354e0 f i fluidsim.obj
 0002:0000d5e0       ??1?$Array1@D@@QAE@XZ      004355e0 f i fluidsim.obj
 0002:0000d630       ??1?$Array1@M@@QAE@XZ      00435630 f i fluidsim.obj
 0002:0000d680       ??1?$Array3@DU?$Array1@D@@@@QAE@XZ 00435680 f i fluidsim.obj
 0002:0000d6c0       ??1?$Array3@MU?$Array1@M@@@@QAE@XZ 004356c0 f i fluidsim.obj
 0002:0000d700       ??1?$basic_filebuf@DU?$char_traits@D@std@@@std@@UAE@XZ 00435700 f i fluidsim.obj
 0002:0000d760       ??1?$basic_ifstream@DU?$char_traits@D@std@@@std@@UAE@XZ 00435760 f i fluidsim.obj
 0002:0000d7d0       ??1?$basic_ofstream@DU?$char_traits@D@std@@@std@@UAE@XZ 004357d0 f i fluidsim.obj
 0002:0000d840       ??1?$basic_string@DU?$char_traits@D@std@@V?$allocator@D@2@@std@@QAE@XZ 00435840 f i fluidsim.obj
 0002:0000d870       ??1?$basic_stringbuf@DU?$char_traits@D@std@@V?$allocator@D@2@@std@@UAE@XZ 00435870 f i fluidsim.obj
 0002:0000d8b0       ??1?$basic_stringstream@DU?$char_traits@D@std@@V?$allocator@D@2@@std@@UAE@XZ 004358b0 f i fluidsim.obj
 0002:0000d920       ??1?$vector@IV?$allocator@I@std@@@std@@QAE@XZ 00435920 f i fluidsim.obj
 0002:0000d950       ??1?$vector@NV?$allocator@N@std@@@std@@QAE@XZ 00435950 f i fluidsim.obj
 0002:0000d980       ??1?$vector@U?$Vec@$02I@@V?$allocator@U?$Vec@$02I@@@std@@@std@@QAE@XZ 00435980 f i fluidsim.obj
 0002:0000d9b0       ??1?$vector@U?$Vec@$02M@@V?$allocator@U?$Vec@$02M@@@std@@@std@@QAE@XZ 004359b0 f i fluidsim.obj
 0002:0000d9e0       ??1_Generic_error_category@std@@UAE@XZ 004359e0 f i fluidsim.obj
 0002:0000da10       ??1_Iostream_error_category@std@@UAE@XZ 00435a10 f i fluidsim.obj
 0002:0000da40       ??1_Sentry_base@?$basic_istream@DU?$char_traits@D@std@@@std@@QAE@XZ 00435a40 f i fluidsim.obj
 0002:0000dab0       ??1_Sentry_base@?$basic_ostream@DU?$char_traits@D@std@@@std@@QAE@XZ 00435ab0 f i fluidsim.obj
 0002:0000db20       ??1_System_error_category@std@@UAE@XZ 00435b20 f i fluidsim.obj
 0002:0000db50       ??1bad_alloc@std@@UAE@XZ   00435b50 f i fluidsim.obj
 0002:0000db80       ??1error_category@std@@UAE@XZ 00435b80 f i fluidsim.obj
 0002:0000dbb0       ??1locale@std@@QAE@XZ      00435bb0 f i fluidsim.obj
 0002:0000dc20       ??1sentry@?$basic_istream@DU?$char_traits@D@std@@@std@@QAE@XZ 00435c20 f i fluidsim.obj
 0002:0000dc50       ??1sentry@?$basic_ostream@DU?$char_traits@D@std@@@std@@QAE@XZ 00435c50 f i fluidsim.obj
 0002:0000dc90       ??2@YAPAXIPAX@Z            00435c90 f i fluidsim.obj
 0002:0000dcb0       ??3@YAXPAX0@Z              00435cb0 f i fluidsim.obj
 0002:0000dcd0       ??4?$Array1@D@@QAEAAU0@ABU0@@Z 00435cd0 f i fluidsim.obj
 0002:0000dda0       ??4?$Array1@M@@QAEAAU0@ABU0@@Z 00435da0 f i fluidsim.obj
 0002:0000de70       ??4?$Array3@DU?$Array1@D@@@@QAEAAU0@ABU0@@Z 00435e70 f i fluidsim.obj
 0002:0000ded0       ??4?$Array3@MU?$Array1@M@@@@QAEAAU0@ABU0@@Z 00435ed0 f i fluidsim.obj
 0002:0000df30       ??4?$basic_string@DU?$char_traits@D@std@@V?$allocator@D@2@@std@@QAEAAV01@PBD@Z 00435f30 f i fluidsim.obj
 0002:0000df60       ??4?$vector@IV?$allocator@I@std@@@std@@QAEAAV01@$$QAV01@@Z 00435f60 f i fluidsim.obj
 0002:0000e090       ??4?$vector@NV?$allocator@N@std@@@std@@QAEAAV01@$$QAV01@@Z 00436090 f i fluidsim.obj
 0002:0000e1c0       ??4?$vector@NV?$allocator@N@std@@@std@@QAEAAV01@ABV01@@Z 004361c0 f i fluidsim.obj
 0002:0000e490       ??8?$_Vector_const_iterator@V?$_Vector_val@U?$_Simple_types@I@std@@@std@@@std@@QBE_NABV01@@Z 00436490 f i fluidsim.obj
 0002:0000e4e0       ??8?$_Vector_const_iterator@V?$_Vector_val@U?$_Simple_types@N@std@@@std@@@std@@QBE_NABV01@@Z 004364e0 f i fluidsim.obj
 0002:0000e530       ??8?$_Vector_const_iterator@V?$_Vector_val@U?$_Simple_types@V?$vector@IV?$allocator@I@std@@@std@@@std@@@std@@@std@@QBE_NABV01@@Z 00436530 f i fluidsim.obj
 0002:0000e580       ??8?$_Vector_const_iterator@V?$_Vector_val@U?$_Simple_types@V?$vector@NV?$allocator@N@std@@@std@@@std@@@std@@@std@@QBE_NABV01@@Z 00436580 f i fluidsim.obj
 0002:0000e5d0       ??8error_category@std@@QBE_NABV01@@Z 004365d0 f i fluidsim.obj
 0002:0000e610       ??8error_condition@std@@QBE_NABV01@@Z 00436610 f i fluidsim.obj
 0002:0000e690       ??9?$_Vector_const_iterator@V?$_Vector_val@U?$_Simple_types@I@std@@@std@@@std@@QBE_NABV01@@Z 00436690 f i fluidsim.obj
 0002:0000e6e0       ??9?$_Vector_const_iterator@V?$_Vector_val@U?$_Simple_types@N@std@@@std@@@std@@QBE_NABV01@@Z 004366e0 f i fluidsim.obj
 0002:0000e730       ??9?$_Vector_const_iterator@V?$_Vector_val@U?$_Simple_types@V?$vector@IV?$allocator@I@std@@@std@@@std@@@std@@@std@@QBE_NABV01@@Z 00436730 f i fluidsim.obj
 0002:0000e780       ??9?$_Vector_const_iterator@V?$_Vector_val@U?$_Simple_types@V?$vector@NV?$allocator@N@std@@@std@@@std@@@std@@@std@@QBE_NABV01@@Z 00436780 f i fluidsim.obj
 0002:0000e7d0       ??A?$Array1@D@@QAEAADK@Z   004367d0 f i fluidsim.obj
 0002:0000e800       ??A?$Array1@M@@QAEAAMK@Z   00436800 f i fluidsim.obj
 0002:0000e830       ??A?$Array1@M@@QBEABMK@Z   00436830 f i fluidsim.obj
 0002:0000e860       ??A?$Vec@$02H@@QAEAAHH@Z   00436860 f i fluidsim.obj
 0002:0000e8b0       ??A?$Vec@$02M@@QAEAAMH@Z   004368b0 f i fluidsim.obj
 0002:0000e900       ??A?$Vec@$02M@@QBEABMH@Z   00436900 f i fluidsim.obj
 0002:0000e950       ??A?$vector@IV?$allocator@I@std@@@std@@QAEAAII@Z 00436950 f i fluidsim.obj
 0002:0000e980       ??A?$vector@IV?$allocator@I@std@@@std@@QBEABII@Z 00436980 f i fluidsim.obj
 0002:0000e9b0       ??A?$vector@NV?$allocator@N@std@@@std@@QAEAANI@Z 004369b0 f i fluidsim.obj
 0002:0000e9e0       ??A?$vector@NV?$allocator@N@std@@@std@@QBEABNI@Z 004369e0 f i fluidsim.obj
 0002:0000ea10       ??A?$vector@U?$Vec@$02M@@V?$allocator@U?$Vec@$02M@@@std@@@std@@QAEAAU?$Vec@$02M@@I@Z 00436a10 f i fluidsim.obj
 0002:0000ea40       ??A?$vector@V?$vector@IV?$allocator@I@std@@@std@@V?$allocator@V?$vector@IV?$allocator@I@std@@@std@@@2@@std@@QAEAAV?$vector@IV?$allocator@I@std@@@1@I@Z 00436a40 f i fluidsim.obj
 0002:0000ea70       ??A?$vector@V?$vector@IV?$allocator@I@std@@@std@@V?$allocator@V?$vector@IV?$allocator@I@std@@@std@@@2@@std@@QBEABV?$vector@IV?$allocator@I@std@@@1@I@Z 00436a70 f i fluidsim.obj
 0002:0000eaa0       ??A?$vector@V?$vector@NV?$allocator@N@std@@@std@@V?$allocator@V?$vector@NV?$allocator@N@std@@@std@@@2@@std@@QAEAAV?$vector@NV?$allocator@N@std@@@1@I@Z 00436aa0 f i fluidsim.obj
 0002:0000ead0       ??A?$vector@V?$vector@NV?$allocator@N@std@@@std@@V?$allocator@V?$vector@NV?$allocator@N@std@@@std@@@2@@std@@QBEABV?$vector@NV?$allocator@N@std@@@1@I@Z 00436ad0 f i fluidsim.obj
 0002:0000eb00       ??B?$fpos@H@std@@QBE_JXZ   00436b00 f i fluidsim.obj
 0002:0000eb40       ??Bsentry@?$basic_istream@DU?$char_traits@D@std@@@std@@QBEPQ?$_Bool_struct@V?$basic_istream@DU?$char_traits@D@std@@@std@@@2@HXZ 00436b40 f i fluidsim.obj
 0002:0000eb80       ??Bsentry@?$basic_ostream@DU?$char_traits@D@std@@@std@@QBEPQ?$_Bool_struct@V?$basic_ostream@DU?$char_traits@D@std@@@std@@@2@HXZ 00436b80 f i fluidsim.obj
 0002:0000ebc0       ??D?$_String_const_iterator@V?$_String_val@U?$_Simple_types@D@std@@@std@@@std@@QBEABDXZ 00436bc0 f i fluidsim.obj
 0002:0000ebe0       ??D?$_String_iterator@V?$_String_val@U?$_Simple_types@D@std@@@std@@@std@@QBEAADXZ 00436be0 f i fluidsim.obj
 0002:0000ec10       ??D?$_Vector_const_iterator@V?$_Vector_val@U?$_Simple_types@I@std@@@std@@@std@@QBEABIXZ 00436c10 f i fluidsim.obj
 0002:0000ec30       ??D?$_Vector_const_iterator@V?$_Vector_val@U?$_Simple_types@N@std@@@std@@@std@@QBEABNXZ 00436c30 f i fluidsim.obj
 0002:0000ec50       ??D?$_Vector_iterator@V?$_Vector_val@U?$_Simple_types@I@std@@@std@@@std@@QBEAAIXZ 00436c50 f i fluidsim.obj
 0002:0000ec80       ??D?$_Vector_iterator@V?$_Vector_val@U?$_Simple_types@N@std@@@std@@@std@@QBEAANXZ 00436c80 f i fluidsim.obj
 0002:0000ecb0       ??D?$move_iterator@V?$_Vector_iterator@V?$_Vector_val@U?$_Simple_types@I@std@@@std@@@std@@@std@@QBE$$QAIXZ 00436cb0 f i fluidsim.obj
 0002:0000ece0       ??D?$move_iterator@V?$_Vector_iterator@V?$_Vector_val@U?$_Simple_types@N@std@@@std@@@std@@@std@@QBE$$QANXZ 00436ce0 f i fluidsim.obj
 0002:0000ed10       ??E?$_Vector_const_iterator@V?$_Vector_val@U?$_Simple_types@I@std@@@std@@@std@@QAEAAV01@XZ 00436d10 f i fluidsim.obj
 0002:0000ed40       ??E?$_Vector_const_iterator@V?$_Vector_val@U?$_Simple_types@N@std@@@std@@@std@@QAEAAV01@XZ 00436d40 f i fluidsim.obj
 0002:0000ed70       ??E?$_Vector_iterator@V?$_Vector_val@U?$_Simple_types@I@std@@@std@@@std@@QAEAAV01@XZ 00436d70 f i fluidsim.obj
 0002:0000eda0       ??E?$_Vector_iterator@V?$_Vector_val@U?$_Simple_types@N@std@@@std@@@std@@QAEAAV01@XZ 00436da0 f i fluidsim.obj
 0002:0000edd0       ??E?$move_iterator@V?$_Vector_iterator@V?$_Vector_val@U?$_Simple_types@I@std@@@std@@@std@@@std@@QAEAAV01@XZ 00436dd0 f i fluidsim.obj
 0002:0000ee00       ??E?$move_iterator@V?$_Vector_iterator@V?$_Vector_val@U?$_Simple_types@N@std@@@std@@@std@@@std@@QAEAAV01@XZ 00436e00 f i fluidsim.obj
 0002:0000ee30       ??G?$Vec@$02M@@QBE?AU0@ABU0@@Z 00436e30 f i fluidsim.obj
 0002:0000eeb0       ??G?$_Vector_const_iterator@V?$_Vector_val@U?$_Simple_types@I@std@@@std@@@std@@QBEHABV01@@Z 00436eb0 f i fluidsim.obj
 0002:0000eef0       ??G?$_Vector_const_iterator@V?$_Vector_val@U?$_Simple_types@N@std@@@std@@@std@@QBEHABV01@@Z 00436ef0 f i fluidsim.obj
 0002:0000ef30       ??G?$_Vector_iterator@V?$_Vector_val@U?$_Simple_types@I@std@@@std@@@std@@QBE?AV01@H@Z 00436f30 f i fluidsim.obj
 0002:0000ef70       ??G?$_Vector_iterator@V?$_Vector_val@U?$_Simple_types@I@std@@@std@@@std@@QBEHABV?$_Vector_const_iterator@V?$_Vector_val@U?$_Simple_types@I@std@@@std@@@1@@Z 00436f70 f i fluidsim.obj
 0002:0000efa0       ??G?$_Vector_iterator@V?$_Vector_val@U?$_Simple_types@N@std@@@std@@@std@@QBE?AV01@H@Z 00436fa0 f i fluidsim.obj
 0002:0000efe0       ??G?$_Vector_iterator@V?$_Vector_val@U?$_Simple_types@N@std@@@std@@@std@@QBEHABV?$_Vector_const_iterator@V?$_Vector_val@U?$_Simple_types@N@std@@@std@@@1@@Z 00436fe0 f i fluidsim.obj
 0002:0000f010       ??H?$Vec@$02M@@QBE?AU0@ABU0@@Z 00437010 f i fluidsim.obj
 0002:0000f090       ??H?$_Vector_iterator@V?$_Vector_val@U?$_Simple_types@I@std@@@std@@@std@@QBE?AV01@H@Z 00437090 f i fluidsim.obj
 0002:0000f0d0       ??H?$_Vector_iterator@V?$_Vector_val@U?$_Simple_types@N@std@@@std@@@std@@QBE?AV01@H@Z 004370d0 f i fluidsim.obj
 0002:0000f110       ??H?$_Vector_iterator@V?$_Vector_val@U?$_Simple_types@V?$vector@IV?$allocator@I@std@@@std@@@std@@@std@@@std@@QBE?AV01@H@Z 00437110 f i fluidsim.obj
 0002:0000f150       ??H?$_Vector_iterator@V?$_Vector_val@U?$_Simple_types@V?$vector@NV?$allocator@N@std@@@std@@@std@@@std@@@std@@QBE?AV01@H@Z 00437150 f i fluidsim.obj
 0002:0000f190       ??K?$Vec@$02M@@QBE?AU0@M@Z 00437190 f i fluidsim.obj
 0002:0000f220       ??R?$Array3@DU?$Array1@D@@@@QAEAADHHH@Z 00437220 f i fluidsim.obj
 0002:0000f2c0       ??R?$Array3@MU?$Array1@M@@@@QAEAAMHHH@Z 004372c0 f i fluidsim.obj
 0002:0000f360       ??R?$Array3@MU?$Array1@M@@@@QBEABMHHH@Z 00437360 f i fluidsim.obj
 0002:0000f400       ??X?$Vec@$02M@@QAE?AU0@M@Z 00437400 f i fluidsim.obj
 0002:0000f480       ??Y?$Vec@$02M@@QAE?AU0@ABU0@@Z 00437480 f i fluidsim.obj
 0002:0000f510       ??Y?$_Vector_const_iterator@V?$_Vector_val@U?$_Simple_types@I@std@@@std@@@std@@QAEAAV01@H@Z 00437510 f i fluidsim.obj
 0002:0000f550       ??Y?$_Vector_const_iterator@V?$_Vector_val@U?$_Simple_types@N@std@@@std@@@std@@QAEAAV01@H@Z 00437550 f i fluidsim.obj
 0002:0000f590       ??Y?$_Vector_const_iterator@V?$_Vector_val@U?$_Simple_types@V?$vector@IV?$allocator@I@std@@@std@@@std@@@std@@@std@@QAEAAV01@H@Z 00437590 f i fluidsim.obj
 0002:0000f5d0       ??Y?$_Vector_const_iterator@V?$_Vector_val@U?$_Simple_types@V?$vector@NV?$allocator@N@std@@@std@@@std@@@std@@@std@@QAEAAV01@H@Z 004375d0 f i fluidsim.obj
 0002:0000f610       ??Y?$_Vector_iterator@V?$_Vector_val@U?$_Simple_types@I@std@@@std@@@std@@QAEAAV01@H@Z 00437610 f i fluidsim.obj
 0002:0000f640       ??Y?$_Vector_iterator@V?$_Vector_val@U?$_Simple_types@N@std@@@std@@@std@@QAEAAV01@H@Z 00437640 f i fluidsim.obj
 0002:0000f670       ??Y?$_Vector_iterator@V?$_Vector_val@U?$_Simple_types@V?$vector@IV?$allocator@I@std@@@std@@@std@@@std@@@std@@QAEAAV01@H@Z 00437670 f i fluidsim.obj
 0002:0000f6a0       ??Y?$_Vector_iterator@V?$_Vector_val@U?$_Simple_types@V?$vector@NV?$allocator@N@std@@@std@@@std@@@std@@@std@@QAEAAV01@H@Z 004376a0 f i fluidsim.obj
 0002:0000f6d0       ??Y?$basic_string@DU?$char_traits@D@std@@V?$allocator@D@2@@std@@QAEAAV01@D@Z 004376d0 f i fluidsim.obj
 0002:0000f700       ??Z?$Vec@$02M@@QAE?AU0@ABU0@@Z 00437700 f i fluidsim.obj
 0002:0000f790       ??Z?$_Vector_iterator@V?$_Vector_val@U?$_Simple_types@I@std@@@std@@@std@@QAEAAV01@H@Z 00437790 f i fluidsim.obj
 0002:0000f7c0       ??Z?$_Vector_iterator@V?$_Vector_val@U?$_Simple_types@N@std@@@std@@@std@@QAEAAV01@H@Z 004377c0 f i fluidsim.obj
 0002:0000f7f0       ??_0?$Vec@$02M@@QAE?AU0@M@Z 004377f0 f i fluidsim.obj
 0002:0000f870       ??_D?$basic_ifstream@DU?$char_traits@D@std@@@std@@QAEXXZ 00437870 f i fluidsim.obj
 0002:0000f8b0       ??_D?$basic_ofstream@DU?$char_traits@D@std@@@std@@QAEXXZ 004378b0 f i fluidsim.obj
 0002:0000f8f0       ??_D?$basic_stringstream@DU?$char_traits@D@std@@V?$allocator@D@2@@std@@QAEXXZ 004378f0 f i fluidsim.obj
 0002:0000f924       ??_E?$basic_ifstream@DU?$char_traits@D@std@@@std@@$4PPPPPPPM@A@AEPAXI@Z 00437924 f i fluidsim.obj
 0002:0000f92e       ??_E?$basic_ofstream@DU?$char_traits@D@std@@@std@@$4PPPPPPPM@A@AEPAXI@Z 0043792e f i fluidsim.obj
 0002:0000f938       ??_E?$basic_stringstream@DU?$char_traits@D@std@@V?$allocator@D@2@@std@@$4PPPPPPPM@A@AEPAXI@Z 00437938 f i fluidsim.obj
 0002:0000f950       ??_G?$basic_filebuf@DU?$char_traits@D@std@@@std@@UAEPAXI@Z 00437950 f i fluidsim.obj
 0002:0000f950       ??_E?$basic_filebuf@DU?$char_traits@D@std@@@std@@UAEPAXI@Z 00437950 f i fluidsim.obj
 0002:0000f9a0       ??_G?$basic_ifstream@DU?$char_traits@D@std@@@std@@UAEPAXI@Z 004379a0 f i fluidsim.obj
 0002:0000f9a0       ??_E?$basic_ifstream@DU?$char_traits@D@std@@@std@@UAEPAXI@Z 004379a0 f i fluidsim.obj
 0002:0000f9f0       ??_E?$basic_ofstream@DU?$char_traits@D@std@@@std@@UAEPAXI@Z 004379f0 f i fluidsim.obj
 0002:0000f9f0       ??_G?$basic_ofstream@DU?$char_traits@D@std@@@std@@UAEPAXI@Z 004379f0 f i fluidsim.obj
 0002:0000fa40       ??_E?$basic_stringbuf@DU?$char_traits@D@std@@V?$allocator@D@2@@std@@UAEPAXI@Z 00437a40 f i fluidsim.obj
 0002:0000fa40       ??_G?$basic_stringbuf@DU?$char_traits@D@std@@V?$allocator@D@2@@std@@UAEPAXI@Z 00437a40 f i fluidsim.obj
 0002:0000fa90       ??_G?$basic_stringstream@DU?$char_traits@D@std@@V?$allocator@D@2@@std@@UAEPAXI@Z 00437a90 f i fluidsim.obj
 0002:0000fa90       ??_E?$basic_stringstream@DU?$char_traits@D@std@@V?$allocator@D@2@@std@@UAEPAXI@Z 00437a90 f i fluidsim.obj
 0002:0000fae0       ??_G?$vector@IV?$allocator@I@std@@@std@@QAEPAXI@Z 00437ae0 f i fluidsim.obj
 0002:0000fb30       ??_G?$vector@NV?$allocator@N@std@@@std@@QAEPAXI@Z 00437b30 f i fluidsim.obj
 0002:0000fb80       ??_E_Generic_error_category@std@@UAEPAXI@Z 00437b80 f i fluidsim.obj
 0002:0000fb80       ??_G_Generic_error_category@std@@UAEPAXI@Z 00437b80 f i fluidsim.obj
 0002:0000fbd0       ??_G_Iostream_error_category@std@@UAEPAXI@Z 00437bd0 f i fluidsim.obj
 0002:0000fbd0       ??_E_Iostream_error_category@std@@UAEPAXI@Z 00437bd0 f i fluidsim.obj
 0002:0000fc20       ??_G_System_error_category@std@@UAEPAXI@Z 00437c20 f i fluidsim.obj
 0002:0000fc20       ??_E_System_error_category@std@@UAEPAXI@Z 00437c20 f i fluidsim.obj
 0002:0000fc70       ??_Gbad_alloc@std@@UAEPAXI@Z 00437c70 f i fluidsim.obj
 0002:0000fc70       ??_Ebad_alloc@std@@UAEPAXI@Z 00437c70 f i fluidsim.obj
 0002:0000fcc0       ??_Gerror_category@std@@UAEPAXI@Z 00437cc0 f i fluidsim.obj
 0002:0000fcc0       ??_Eerror_category@std@@UAEPAXI@Z 00437cc0 f i fluidsim.obj
 0002:0000fd01       ?_Add_vtordisp1@?$basic_istream@DU?$char_traits@D@std@@@std@@$4PPPPPPPM@FA@AEXXZ 00437d01 f i fluidsim.obj
 0002:0000fd10       ?_Add_vtordisp1@?$basic_istream@DU?$char_traits@D@std@@@std@@$4PPPPPPPM@FI@AEXXZ 00437d10 f i fluidsim.obj
 0002:0000fd1f       ?_Add_vtordisp2@?$basic_ostream@DU?$char_traits@D@std@@@std@@$4PPPPPPPM@FA@AEXXZ 00437d1f f i fluidsim.obj
 0002:0000fd2e       ?_Add_vtordisp2@?$basic_ostream@DU?$char_traits@D@std@@@std@@$4PPPPPPPM@FI@AEXXZ 00437d2e f i fluidsim.obj
 0002:0000fd40       ?_Adopt@_Iterator_base0@std@@QAEXPBX@Z 00437d40 f i fluidsim.obj
 0002:0000fd60       ?_Assign_n@?$vector@NV?$allocator@N@std@@@std@@IAEXIABN@Z 00437d60 f i fluidsim.obj
 0002:0000fe00       ?_Assign_rv@?$basic_string@DU?$char_traits@D@std@@V?$allocator@D@2@@std@@QAEX$$QAV12@@Z 00437e00 f i fluidsim.obj
 0002:0000feb0       ?_Assign_rv@?$vector@IV?$allocator@I@std@@@std@@QAEX$$QAV12@@Z 00437eb0 f i fluidsim.obj
 0002:0000ff30       ?_Assign_rv@?$vector@NV?$allocator@N@std@@@std@@QAEX$$QAV12@@Z 00437f30 f i fluidsim.obj
 0002:0000ffb0       ?_Buy@?$vector@NV?$allocator@N@std@@@std@@IAE_NI@Z 00437fb0 f i fluidsim.obj
 0002:00010070       ?_Change_alloc@?$_Vector_alloc@$0A@U?$_Vec_base_types@IV?$allocator@I@std@@@std@@@std@@QAEXABU?$_Wrap_alloc@V?$allocator@I@std@@@2@@Z 00438070 f i fluidsim.obj
 0002:00010090       ?_Change_alloc@?$_Vector_alloc@$0A@U?$_Vec_base_types@NV?$allocator@N@std@@@std@@@std@@QAEXABU?$_Wrap_alloc@V?$allocator@N@std@@@2@@Z 00438090 f i fluidsim.obj
 0002:000100b0       ?_Chassign@?$basic_string@DU?$char_traits@D@std@@V?$allocator@D@2@@std@@QAEXIID@Z 004380b0 f i fluidsim.obj
 0002:00010120       ?_Compat@?$_Vector_const_iterator@V?$_Vector_val@U?$_Simple_types@I@std@@@std@@@std@@QBEXABV12@@Z 00438120 f i fluidsim.obj
 0002:00010140       ?_Compat@?$_Vector_const_iterator@V?$_Vector_val@U?$_Simple_types@N@std@@@std@@@std@@QBEXABV12@@Z 00438140 f i fluidsim.obj
 0002:00010160       ?_Compat@?$_Vector_const_iterator@V?$_Vector_val@U?$_Simple_types@V?$vector@IV?$allocator@I@std@@@std@@@std@@@std@@@std@@QBEXABV12@@Z 00438160 f i fluidsim.obj
 0002:00010180       ?_Compat@?$_Vector_const_iterator@V?$_Vector_val@U?$_Simple_types@V?$vector@NV?$allocator@N@std@@@std@@@std@@@std@@@std@@QBEXABV12@@Z 00438180 f i fluidsim.obj
 0002:000101a0       ?_Copy@?$basic_string@DU?$char_traits@D@std@@V?$allocator@D@2@@std@@QAEXII@Z 004381a0 f i fluidsim.obj
 0002:000103d0       ?_Destroy@?$vector@IV?$allocator@I@std@@@std@@IAEXPAI0@Z 004383d0 f i fluidsim.obj
 0002:00010420       ?_Destroy@?$vector@NV?$allocator@N@std@@@std@@IAEXPAN0@Z 00438420 f i fluidsim.obj
 0002:00010470       ?_Destroy@?$vector@U?$Vec@$02I@@V?$allocator@U?$Vec@$02I@@@std@@@std@@IAEXPAU?$Vec@$02I@@0@Z 00438470 f i fluidsim.obj
 0002:000104c0       ?_Destroy@?$vector@U?$Vec@$02M@@V?$allocator@U?$Vec@$02M@@@std@@@std@@IAEXPAU?$Vec@$02M@@0@Z 004384c0 f i fluidsim.obj
 0002:00010510       ?_Destroy@?$vector@V?$vector@IV?$allocator@I@std@@@std@@V?$allocator@V?$vector@IV?$allocator@I@std@@@std@@@2@@std@@IAEXPAV?$vector@IV?$allocator@I@std@@@2@0@Z 00438510 f i fluidsim.obj
 0002:00010560       ?_Destroy@?$vector@V?$vector@NV?$allocator@N@std@@@std@@V?$allocator@V?$vector@NV?$allocator@N@std@@@std@@@2@@std@@IAEXPAV?$vector@NV?$allocator@N@std@@@2@0@Z 00438560 f i fluidsim.obj
 0002:000105b0       ?_Endwrite@?$basic_filebuf@DU?$char_traits@D@std@@@std@@IAE_NXZ 004385b0 f i fluidsim.obj
 0002:00010870       ?_Eos@?$basic_string@DU?$char_traits@D@std@@V?$allocator@D@2@@std@@QAEXI@Z 00438870 f i fluidsim.obj
 0002:000108c0       ?_Getal@?$_String_alloc@$0A@U?$_String_base_types@DV?$allocator@D@std@@@std@@@std@@QBE?AU?$_Wrap_alloc@V?$allocator@D@std@@@2@XZ 004388c0 f i fluidsim.obj
 0002:000108f0       ?_Getal@?$_Vector_alloc@$0A@U?$_Vec_base_types@IV?$allocator@I@std@@@std@@@std@@QBE?AU?$_Wrap_alloc@V?$allocator@I@std@@@2@XZ 004388f0 f i fluidsim.obj
 0002:00010920       ?_Getal@?$_Vector_alloc@$0A@U?$_Vec_base_types@NV?$allocator@N@std@@@std@@@std@@QBE?AU?$_Wrap_alloc@V?$allocator@N@std@@@2@XZ 00438920 f i fluidsim.obj
 0002:00010950       ?_Getal@?$_Vector_alloc@$0A@U?$_Vec_base_types@U?$Vec@$02I@@V?$allocator@U?$Vec@$02I@@@std@@@std@@@std@@QBE?AU?$_Wrap_alloc@V?$allocator@U?$Vec@$02I@@@std@@@2@XZ 00438950 f i fluidsim.obj
 0002:00010980       ?_Getal@?$_Vector_alloc@$0A@U?$_Vec_base_types@U?$Vec@$02M@@V?$allocator@U?$Vec@$02M@@@std@@@std@@@std@@QBE?AU?$_Wrap_alloc@V?$allocator@U?$Vec@$02M@@@std@@@2@XZ 00438980 f i fluidsim.obj
 0002:000109b0       ?_Getal@?$_Vector_alloc@$0A@U?$_Vec_base_types@V?$vector@IV?$allocator@I@std@@@std@@V?$allocator@V?$vector@IV?$allocator@I@std@@@std@@@2@@std@@@std@@QBE?AU?$_Wrap_alloc@V?$allocator@V?$vector@IV?$allocator@I@std@@@std@@@std@@@2@XZ 004389b0 f i fluidsim.obj
 0002:000109e0       ?_Getal@?$_Vector_alloc@$0A@U?$_Vec_base_types@V?$vector@NV?$allocator@N@std@@@std@@V?$allocator@V?$vector@NV?$allocator@N@std@@@std@@@2@@std@@@std@@QBE?AU?$_Wrap_alloc@V?$allocator@V?$vector@NV?$allocator@N@std@@@std@@@std@@@2@XZ 004389e0 f i fluidsim.obj
 0002:00010a10       ?_Getfacet@locale@std@@QBEPBVfacet@12@I@Z 00438a10 f i fluidsim.obj
 0002:00010ac0       ?_Getstate@?$basic_stringbuf@DU?$char_traits@D@std@@V?$allocator@D@2@@std@@AAEHH@Z 00438ac0 f i fluidsim.obj
 0002:00010b40       ?_Grow@?$basic_string@DU?$char_traits@D@std@@V?$allocator@D@2@@std@@QAE_NI_N@Z 00438b40 f i fluidsim.obj
 0002:00010c20       ?_Grow_to@?$vector@IV?$allocator@I@std@@@std@@IBEII@Z 00438c20 f i fluidsim.obj
 0002:00010ca0       ?_Grow_to@?$vector@NV?$allocator@N@std@@@std@@IBEII@Z 00438ca0 f i fluidsim.obj
 0002:00010d20       ?_Grow_to@?$vector@U?$Vec@$02I@@V?$allocator@U?$Vec@$02I@@@std@@@std@@IBEII@Z 00438d20 f i fluidsim.obj
 0002:00010da0       ?_Grow_to@?$vector@U?$Vec@$02M@@V?$allocator@U?$Vec@$02M@@@std@@@std@@IBEII@Z 00438da0 f i fluidsim.obj
 0002:00010e20       ?_Grow_to@?$vector@V?$vector@IV?$allocator@I@std@@@std@@V?$allocator@V?$vector@IV?$allocator@I@std@@@std@@@2@@std@@IBEII@Z 00438e20 f i fluidsim.obj
 0002:00010ea0       ?_Grow_to@?$vector@V?$vector@NV?$allocator@N@std@@@std@@V?$allocator@V?$vector@NV?$allocator@N@std@@@std@@@2@@std@@IBEII@Z 00438ea0 f i fluidsim.obj
 0002:00010f20       ?_Init@?$basic_filebuf@DU?$char_traits@D@std@@@std@@IAEXPAU_iobuf@@W4_Initfl@12@@Z 00438f20 f i fluidsim.obj
 0002:00011010       ?_Init@?$basic_stringbuf@DU?$char_traits@D@std@@V?$allocator@D@2@@std@@IAEXPBDIH@Z 00439010 f i fluidsim.obj
 0002:00011160       ?_Initcvt@?$basic_filebuf@DU?$char_traits@D@std@@@std@@IAEXPBV?$codecvt@DDH@2@@Z 00439160 f i fluidsim.obj
 0002:000111c0       ?_Insert_n@?$vector@NV?$allocator@N@std@@@std@@IAE?AV?$_Vector_iterator@V?$_Vector_val@U?$_Simple_types@N@std@@@std@@@2@V?$_Vector_const_iterator@V?$_Vector_val@U?$_Simple_types@N@std@@@std@@@2@IABN@Z 004391c0 f i fluidsim.obj
 0002:000116b0       ?_Inside@?$basic_string@DU?$char_traits@D@std@@V?$allocator@D@2@@std@@QAE_NPBD@Z 004396b0 f i fluidsim.obj
 0002:00011710       ?_Inside@?$vector@IV?$allocator@I@std@@@std@@IBE_NPBI@Z 00439710 f i fluidsim.obj
 0002:00011760       ?_Inside@?$vector@NV?$allocator@N@std@@@std@@IBE_NPBN@Z 00439760 f i fluidsim.obj
 0002:000117b0       ?_Inside@?$vector@U?$Vec@$02I@@V?$allocator@U?$Vec@$02I@@@std@@@std@@IBE_NPBU?$Vec@$02I@@@Z 004397b0 f i fluidsim.obj
 0002:00011800       ?_Inside@?$vector@U?$Vec@$02M@@V?$allocator@U?$Vec@$02M@@@std@@@std@@IBE_NPBU?$Vec@$02M@@@Z 00439800 f i fluidsim.obj
 0002:00011850       ?_Lock@?$basic_filebuf@DU?$char_traits@D@std@@@std@@UAEXXZ 00439850 f i fluidsim.obj
 0002:00011890       ?_Make_iter@?$vector@IV?$allocator@I@std@@@std@@QBE?AV?$_Vector_iterator@V?$_Vector_val@U?$_Simple_types@I@std@@@std@@@2@V?$_Vector_const_iterator@V?$_Vector_val@U?$_Simple_types@I@std@@@std@@@2@@Z 00439890 f i fluidsim.obj
 0002:000118d0       ?_Make_iter@?$vector@NV?$allocator@N@std@@@std@@QBE?AV?$_Vector_iterator@V?$_Vector_val@U?$_Simple_types@N@std@@@std@@@2@V?$_Vector_const_iterator@V?$_Vector_val@U?$_Simple_types@N@std@@@std@@@2@@Z 004398d0 f i fluidsim.obj
 0002:00011910       ?_Make_iter@?$vector@V?$vector@IV?$allocator@I@std@@@std@@V?$allocator@V?$vector@IV?$allocator@I@std@@@std@@@2@@std@@QBE?AV?$_Vector_iterator@V?$_Vector_val@U?$_Simple_types@V?$vector@IV?$allocator@I@std@@@std@@@std@@@std@@@2@V?$_Vector_const_iterator@V?$_Vector_val@U?$_Simple_types@V?$vector@IV?$allocator@I@std@@@std@@@std@@@std@@@2@@Z 00439910 f i fluidsim.obj
 0002:00011950       ?_Make_iter@?$vector@V?$vector@NV?$allocator@N@std@@@std@@V?$allocator@V?$vector@NV?$allocator@N@std@@@std@@@2@@std@@QBE?AV?$_Vector_iterator@V?$_Vector_val@U?$_Simple_types@V?$vector@NV?$allocator@N@std@@@std@@@std@@@std@@@2@V?$_Vector_const_iterator@V?$_Vector_val@U?$_Simple_types@V?$vector@NV?$allocator@N@std@@@std@@@std@@@std@@@2@@Z 00439950 f i fluidsim.obj
 0002:00011990       ?_Myptr@?$_String_val@U?$_Simple_types@D@std@@@std@@QAEPADXZ 00439990 f i fluidsim.obj
 0002:000119e0       ?_Myptr@?$_String_val@U?$_Simple_types@D@std@@@std@@QBEPBDXZ 004399e0 f i fluidsim.obj
 0002:00011a30       ?_Orphan_range@?$vector@IV?$allocator@I@std@@@std@@IBEXPAI0@Z 00439a30 f i fluidsim.obj
 0002:00011a50       ?_Orphan_range@?$vector@NV?$allocator@N@std@@@std@@IBEXPAN0@Z 00439a50 f i fluidsim.obj
 0002:00011a70       ?_Orphan_range@?$vector@U?$Vec@$02I@@V?$allocator@U?$Vec@$02I@@@std@@@std@@IBEXPAU?$Vec@$02I@@0@Z 00439a70 f i fluidsim.obj
 0002:00011a90       ?_Orphan_range@?$vector@U?$Vec@$02M@@V?$allocator@U?$Vec@$02M@@@std@@@std@@IBEXPAU?$Vec@$02M@@0@Z 00439a90 f i fluidsim.obj
 0002:00011ab0       ?_Reallocate@?$vector@IV?$allocator@I@std@@@std@@IAEXI@Z 00439ab0 f i fluidsim.obj
 0002:00011c40       ?_Reallocate@?$vector@NV?$allocator@N@std@@@std@@IAEXI@Z 00439c40 f i fluidsim.obj
[...]
 0005:00000724       __imp_?write@?$basic_ostream@DU?$char_traits@D@std@@@std@@QAEAAV12@PBD_J@Z 00485724     msvcprt:MSVCP110.dll
 0005:00000728       __imp_?xsgetn@?$basic_streambuf@DU?$char_traits@D@std@@@std@@MAE_JPAD_J@Z 00485728     msvcprt:MSVCP110.dll
 0005:0000072c       __imp_?_Add_vtordisp1@?$basic_istream@DU?$char_traits@D@std@@@std@@UAEXXZ 0048572c     msvcprt:MSVCP110.dll
 0005:00000730       __imp_??1?$basic_istream@DU?$char_traits@D@std@@@std@@UAE@XZ 00485730     msvcprt:MSVCP110.dll
 0005:00000734       __imp_??0?$basic_istream@DU?$char_traits@D@std@@@std@@QAE@PAV?$basic_streambuf@DU?$char_traits@D@std@@@1@_N@Z 00485734     msvcprt:MSVCP110.dll
 0005:00000738       __imp_?endl@std@@YAAAV?$basic_ostream@DU?$char_traits@D@std@@@1@AAV21@@Z 00485738     msvcprt:MSVCP110.dll
 0005:0000073c       __imp_?flush@?$basic_ostream@DU?$char_traits@D@std@@@std@@QAEAAV12@XZ 0048573c     msvcprt:MSVCP110.dll
 0005:00000740       __imp_??6?$basic_ostream@DU?$char_traits@D@std@@@std@@QAEAAV01@M@Z 00485740     msvcprt:MSVCP110.dll
 0005:00000744       __imp_??6?$basic_ostream@DU?$char_traits@D@std@@@std@@QAEAAV01@H@Z 00485744     msvcprt:MSVCP110.dll
 0005:00000748       __imp_??6?$basic_ostream@DU?$char_traits@D@std@@@std@@QAEAAV01@P6AAAV01@AAV01@@Z@Z 00485748     msvcprt:MSVCP110.dll
 0005:0000074c       __imp_?_Osfx@?$basic_ostream@DU?$char_traits@D@std@@@std@@QAEXXZ 0048574c     msvcprt:MSVCP110.dll
 0005:00000750       __imp_?_Add_vtordisp2@?$basic_ostream@DU?$char_traits@D@std@@@std@@UAEXXZ 00485750     msvcprt:MSVCP110.dll
 0005:00000754       __imp_??1?$basic_ostream@DU?$char_traits@D@std@@@std@@UAE@XZ 00485754     msvcprt:MSVCP110.dll
 0005:00000758       __imp_??0?$basic_ostream@DU?$char_traits@D@std@@@std@@QAE@PAV?$basic_streambuf@DU?$char_traits@D@std@@@1@_N@Z 00485758     msvcprt:MSVCP110.dll
 0005:0000075c       __imp_??0?$basic_ios@DU?$char_traits@D@std@@@std@@IAE@XZ 0048575c     msvcprt:MSVCP110.dll
 0005:00000760       __imp_?widen@?$basic_ios@DU?$char_traits@D@std@@@std@@QBEDD@Z 00485760     msvcprt:MSVCP110.dll
 0005:00000764       __imp_?fill@?$basic_ios@DU?$char_traits@D@std@@@std@@QBEDXZ 00485764     msvcprt:MSVCP110.dll
 0005:00000768       __imp_?rdbuf@?$basic_ios@DU?$char_traits@D@std@@@std@@QBEPAV?$basic_streambuf@DU?$char_traits@D@std@@@2@XZ 00485768     msvcprt:MSVCP110.dll
 0005:0000076c       __imp_?tie@?$basic_ios@DU?$char_traits@D@std@@@std@@QBEPAV?$basic_ostream@DU?$char_traits@D@std@@@2@XZ 0048576c     msvcprt:MSVCP110.dll
 0005:00000770       __imp_??0_Lockit@std@@QAE@H@Z 00485770     msvcprt:MSVCP110.dll
 0005:00000774       __imp_??1_Lockit@std@@QAE@XZ 00485774     msvcprt:MSVCP110.dll
 0005:00000778       __imp_?uncaught_exception@std@@YA_NXZ 00485778     msvcprt:MSVCP110.dll
 0005:0000077c       __imp_?_Orphan_all@_Container_base0@std@@QAEXXZ 0048577c     msvcprt:MSVCP110.dll
 0005:00000780       __imp_?_Swap_all@_Container_base0@std@@QAEXAAU12@@Z 00485780     msvcprt:MSVCP110.dll
 0005:00000784       __imp_?_Xbad_alloc@std@@YAXXZ 00485784     msvcprt:MSVCP110.dll
 0005:00000788       __imp_?_Xlength_error@std@@YAXPBD@Z 00485788     msvcprt:MSVCP110.dll
 0005:0000078c       __imp_?_Xout_of_range@std@@YAXPBD@Z 0048578c     msvcprt:MSVCP110.dll
 0005:00000790       __imp_??0id@locale@std@@QAE@I@Z 00485790     msvcprt:MSVCP110.dll
 0005:00000794       __imp_??Bid@locale@std@@QAEIXZ 00485794     msvcprt:MSVCP110.dll
 0005:00000798       __imp_?_Getgloballocale@locale@std@@CAPAV_Locimp@12@XZ 00485798     msvcprt:MSVCP110.dll
 0005:0000079c       __imp_?always_noconv@codecvt_base@std@@QBE_NXZ 0048579c     msvcprt:MSVCP110.dll
 0005:000007a0       __imp_?in@?$codecvt@DDH@std@@QBEHAAHPBD1AAPBDPAD3AAPAD@Z 004857a0     msvcprt:MSVCP110.dll
 0005:000007a4       __imp_?out@?$codecvt@DDH@std@@QBEHAAHPBD1AAPBDPAD3AAPAD@Z 004857a4     msvcprt:MSVCP110.dll
 0005:000007a8       __imp_?unshift@?$codecvt@DDH@std@@QBEHAAHPAD1AAPAD@Z 004857a8     msvcprt:MSVCP110.dll
 0005:000007ac       __imp_?_Getcat@?$codecvt@DDH@std@@SAIPAPBVfacet@locale@2@PBV42@@Z 004857ac     msvcprt:MSVCP110.dll
 0005:000007b0       __imp_?_Syserror_map@std@@YAPBDH@Z 004857b0     msvcprt:MSVCP110.dll
 0005:000007b4       __imp_?_Winerror_map@std@@YAPBDH@Z 004857b4     msvcprt:MSVCP110.dll
 0005:000007b8       __imp_??7ios_base@std@@QBE_NXZ 004857b8     msvcprt:MSVCP110.dll
 0005:000007bc       __imp_?good@ios_base@std@@QBE_NXZ 004857bc     msvcprt:MSVCP110.dll
 0005:000007c0       __imp_?eof@ios_base@std@@QBE_NXZ 004857c0     msvcprt:MSVCP110.dll
 0005:000007c4       __imp_?flags@ios_base@std@@QBEHXZ 004857c4     msvcprt:MSVCP110.dll
 0005:000007c8       __imp_?width@ios_base@std@@QBE_JXZ 004857c8     msvcprt:MSVCP110.dll
 0005:000007cc       __imp_?width@ios_base@std@@QAE_J_J@Z 004857cc     msvcprt:MSVCP110.dll
 0005:000007d0       __imp_??0?$basic_streambuf@DU?$char_traits@D@std@@@std@@IAE@XZ 004857d0     msvcprt:MSVCP110.dll
 0005:000007d4       __imp_??1?$basic_streambuf@DU?$char_traits@D@std@@@std@@UAE@XZ 004857d4     msvcprt:MSVCP110.dll
 0005:000007d8       __imp_?getloc@?$basic_streambuf@DU?$char_traits@D@std@@@std@@QBE?AVlocale@2@XZ 004857d8     msvcprt:MSVCP110.dll
 0005:000007dc       __imp_?sbumpc@?$basic_streambuf@DU?$char_traits@D@std@@@std@@QAEHXZ 004857dc     msvcprt:MSVCP110.dll
 0005:000007e0       __imp_?sgetc@?$basic_streambuf@DU?$char_traits@D@std@@@std@@QAEHXZ 004857e0     msvcprt:MSVCP110.dll
 0005:000007e4       __imp_?snextc@?$basic_streambuf@DU?$char_traits@D@std@@@std@@QAEHXZ 004857e4     msvcprt:MSVCP110.dll
 0005:000007e8       __imp_?sputc@?$basic_streambuf@DU?$char_traits@D@std@@@std@@QAEHD@Z 004857e8     msvcprt:MSVCP110.dll
 0005:000007ec       __imp_?sputn@?$basic_streambuf@DU?$char_traits@D@std@@@std@@QAE_JPBD_J@Z 004857ec     msvcprt:MSVCP110.dll
 0005:000007f0       __imp_?eback@?$basic_streambuf@DU?$char_traits@D@std@@@std@@IBEPADXZ 004857f0     msvcprt:MSVCP110.dll
 0005:000007f4       __imp_?gptr@?$basic_streambuf@DU?$char_traits@D@std@@@std@@IBEPADXZ 004857f4     msvcprt:MSVCP110.dll
 0005:000007f8       __imp_?pbase@?$basic_streambuf@DU?$char_traits@D@std@@@std@@IBEPADXZ 004857f8     msvcprt:MSVCP110.dll
 0005:000007fc       __imp_?pptr@?$basic_streambuf@DU?$char_traits@D@std@@@std@@IBEPADXZ 004857fc     msvcprt:MSVCP110.dll
 0005:00000800       __imp_?egptr@?$basic_streambuf@DU?$char_traits@D@std@@@std@@IBEPADXZ 00485800     msvcprt:MSVCP110.dll
 0005:00000804       __imp_?gbump@?$basic_streambuf@DU?$char_traits@D@std@@@std@@IAEXH@Z 00485804     msvcprt:MSVCP110.dll
 0005:00000808       __imp_?setg@?$basic_streambuf@DU?$char_traits@D@std@@@std@@IAEXPAD00@Z 00485808     msvcprt:MSVCP110.dll
 0005:0000080c       __imp_?epptr@?$basic_streambuf@DU?$char_traits@D@std@@@std@@IBEPADXZ 0048580c     msvcprt:MSVCP110.dll
 0005:00000810       __imp_?_Gndec@?$basic_streambuf@DU?$char_traits@D@std@@@std@@IAEPADXZ 00485810     msvcprt:MSVCP110.dll
 0005:00000814       __imp_?_Gninc@?$basic_streambuf@DU?$char_traits@D@std@@@std@@IAEPADXZ 00485814     msvcprt:MSVCP110.dll
 0005:00000818       __imp_?pbump@?$basic_streambuf@DU?$char_traits@D@std@@@std@@IAEXH@Z 00485818     msvcprt:MSVCP110.dll
 0005:0000081c       __imp_?setp@?$basic_streambuf@DU?$char_traits@D@std@@@std@@IAEXPAD0@Z 0048581c     msvcprt:MSVCP110.dll
 0005:00000820       __imp_?setp@?$basic_streambuf@DU?$char_traits@D@std@@@std@@IAEXPAD00@Z 00485820     msvcprt:MSVCP110.dll
 0005:00000824       __imp_?_Pninc@?$basic_streambuf@DU?$char_traits@D@std@@@std@@IAEPADXZ 00485824     msvcprt:MSVCP110.dll
 0005:00000828       __imp_?_Init@?$basic_streambuf@DU?$char_traits@D@std@@@std@@IAEXXZ 00485828     msvcprt:MSVCP110.dll
 0005:0000082c       __imp_?_Init@?$basic_streambuf@DU?$char_traits@D@std@@@std@@IAEXPAPAD0PAH001@Z 0048582c     msvcprt:MSVCP110.dll
 0005:00000830       __imp_??1?$basic_ios@DU?$char_traits@D@std@@@std@@UAE@XZ 00485830     msvcprt:MSVCP110.dll
 0005:00000834       __imp_?setstate@?$basic_ios@DU?$char_traits@D@std@@@std@@QAEXH_N@Z 00485834     msvcprt:MSVCP110.dll
 0005:00000838       \177MSVCP110_NULL_THUNK_DATA 00485838     msvcprt:MSVCP110.dll
 0005:000008ac       __imp___fseeki64           004858ac     MSVCRT:MSVCR110.dll
 0005:000008b0       __imp___initterm           004858b0     MSVCRT:MSVCR110.dll
 0005:000008b4       __imp___initterm_e         004858b4     MSVCRT:MSVCR110.dll
 0005:000008b8       __imp____setusermatherr    004858b8     MSVCRT:MSVCR110.dll
 0005:000008bc       __imp___configthreadlocale 004858bc     MSVCRT:MSVCR110.dll
 0005:000008c0       __imp___cexit              004858c0     MSVCRT:MSVCR110.dll
 0005:000008c4       __imp___exit               004858c4     MSVCRT:MSVCR110.dll
 0005:000008c8       __imp__exit                004858c8     MSVCRT:MSVCR110.dll
 0005:000008cc       __imp____set_app_type      004858cc     MSVCRT:MSVCR110.dll
 0005:000008d0       __imp___controlfp_s        004858d0     MSVCRT:MSVCR110.dll
 0005:000008d4       __imp___invoke_watson      004858d4     MSVCRT:MSVCR110.dll
 0005:000008d8       __imp____crtSetUnhandledExceptionFilter 004858d8     MSVCRT:MSVCR110.dll
 0005:000008dc       __imp_?terminate@@YAXXZ    004858dc     MSVCRT:MSVCR110.dll
 0005:000008e0       __imp___except_handler4_common 004858e0     MSVCRT:MSVCR110.dll
 0005:000008e4       __imp___commode            004858e4     MSVCRT:MSVCR110.dll
 0005:000008e8       __imp___fmode              004858e8     MSVCRT:MSVCR110.dll
 0005:000008ec       __imp____getmainargs       004858ec     MSVCRT:MSVCR110.dll
 0005:000008f0       __imp___amsg_exit          004858f0     MSVCRT:MSVCR110.dll
 0005:000008f4       __imp___XcptFilter         004858f4     MSVCRT:MSVCR110.dll
 0005:000008f8       __imp____crtTerminateProcess 004858f8     MSVCRT:MSVCR110.dll
 0005:000008fc       __imp____crtUnhandledException 004858fc     MSVCRT:MSVCR110.dll
 0005:00000900       __imp___crt_debugger_hook  00485900     MSVCRT:MSVCR110.dll
 0005:00000904       __imp_??1type_info@@UAE@XZ 00485904     MSVCRT:MSVCR110.dll
 0005:00000908       __imp___onexit             00485908     MSVCRT:MSVCR110.dll
 0005:0000090c       __imp____dllonexit         0048590c     MSVCRT:MSVCR110.dll
 0005:00000910       __imp___calloc_crt         00485910     MSVCRT:MSVCR110.dll
 0005:00000914       __imp___unlock             00485914     MSVCRT:MSVCR110.dll
 0005:00000918       __imp___lock               00485918     MSVCRT:MSVCR110.dll
 0005:0000091c       __imp___vsnprintf          0048591c     MSVCRT:MSVCR110.dll
 0005:00000920       __imp__tan                 00485920     MSVCRT:MSVCR110.dll
 0005:00000924       __imp__sin                 00485924     MSVCRT:MSVCR110.dll
 0005:00000928       __imp__cos                 00485928     MSVCRT:MSVCR110.dll
 0005:0000092c       __imp___lrotl              0048592c     MSVCRT:MSVCR110.dll
 0005:00000930       __imp__strtol              00485930     MSVCRT:MSVCR110.dll
 0005:00000934       __imp__strncmp             00485934     MSVCRT:MSVCR110.dll
 0005:00000938       __imp__strcmp              00485938     MSVCRT:MSVCR110.dll
 0005:0000093c       __imp__ldexp               0048593c     MSVCRT:MSVCR110.dll
 0005:00000940       __imp__pow                 00485940     MSVCRT:MSVCR110.dll
 0005:00000944       __imp__abs                 00485944     MSVCRT:MSVCR110.dll
 0005:00000948       __imp__ftell               00485948     MSVCRT:MSVCR110.dll
 0005:0000094c       __imp__fseek               0048594c     MSVCRT:MSVCR110.dll
 0005:00000950       __imp__fread               00485950     MSVCRT:MSVCR110.dll
 0005:00000954       __imp__fopen               00485954     MSVCRT:MSVCR110.dll
 0005:00000958       __imp___purecall           00485958     MSVCRT:MSVCR110.dll
 0005:0000095c       __imp_??2@YAPAXI@Z         0048595c     MSVCRT:MSVCR110.dll
 0005:00000960       __imp_??3@YAXPAX@Z         00485960     MSVCRT:MSVCR110.dll
 0005:00000964       __imp__atof                00485964     MSVCRT:MSVCR110.dll
 0005:00000968       __imp__atoi                00485968     MSVCRT:MSVCR110.dll
 0005:0000096c       __imp__calloc              0048596c     MSVCRT:MSVCR110.dll
 0005:00000970       __imp__free                00485970     MSVCRT:MSVCR110.dll
 0005:00000974       __imp__malloc              00485974     MSVCRT:MSVCR110.dll
 0005:00000978       __imp__realloc             00485978     MSVCRT:MSVCR110.dll
 0005:0000097c       __imp__fabs                0048597c     MSVCRT:MSVCR110.dll
 0005:00000980       __imp__sqrt                00485980     MSVCRT:MSVCR110.dll
 0005:00000984       __imp__floor               00485984     MSVCRT:MSVCR110.dll
 0005:00000988       __imp__memmove             00485988     MSVCRT:MSVCR110.dll
 0005:0000098c       __imp__memcpy              0048598c     MSVCRT:MSVCR110.dll
 0005:00000990       __imp__memcpy_s            00485990     MSVCRT:MSVCR110.dll
 0005:00000994       __imp__memcmp              00485994     MSVCRT:MSVCR110.dll
 0005:00000998       __imp__memset              00485998     MSVCRT:MSVCR110.dll
 0005:0000099c       __imp__strlen              0048599c     MSVCRT:MSVCR110.dll
 0005:000009a0       __imp__strtok              004859a0     MSVCRT:MSVCR110.dll
 0005:000009a4       __imp_??0exception@std@@QAE@ABQBDH@Z 004859a4     MSVCRT:MSVCR110.dll
 0005:000009a8       __imp_??0exception@std@@QAE@ABV01@@Z 004859a8     MSVCRT:MSVCR110.dll
 0005:000009ac       __imp_??1exception@std@@UAE@XZ 004859ac     MSVCRT:MSVCR110.dll
 0005:000009b0       __imp__fclose              004859b0     MSVCRT:MSVCR110.dll
 0005:000009b4       __imp__fflush              004859b4     MSVCRT:MSVCR110.dll
 0005:000009b8       __imp__fgetc               004859b8     MSVCRT:MSVCR110.dll
 0005:000009bc       __imp__fgetpos             004859bc     MSVCRT:MSVCR110.dll
 0005:000009c0       __imp__fputc               004859c0     MSVCRT:MSVCR110.dll
 0005:000009c4       __imp__fsetpos             004859c4     MSVCRT:MSVCR110.dll
 0005:000009c8       __imp__feof                004859c8     MSVCRT:MSVCR110.dll
 0005:000009cc       __imp__fwrite              004859cc     MSVCRT:MSVCR110.dll
 0005:000009d0       __imp__printf              004859d0     MSVCRT:MSVCR110.dll
 0005:000009d4       __imp__setvbuf             004859d4     MSVCRT:MSVCR110.dll
 0005:000009d8       __imp__ungetc              004859d8     MSVCRT:MSVCR110.dll
 0005:000009dc       __imp___lock_file          004859dc     MSVCRT:MSVCR110.dll
 0005:000009e0       __imp___unlock_file        004859e0     MSVCRT:MSVCR110.dll
 0005:000009e4       __imp___wassert            004859e4     MSVCRT:MSVCR110.dll
 0005:000009e8       __imp_??0bad_cast@std@@QAE@PBD@Z 004859e8     MSVCRT:MSVCR110.dll
 0005:000009ec       __imp_??0bad_cast@std@@QAE@ABV01@@Z 004859ec     MSVCRT:MSVCR110.dll
 0005:000009f0       __imp_??1bad_cast@std@@UAE@XZ 004859f0     MSVCRT:MSVCR110.dll
 0005:000009f4       __imp_?what@exception@std@@UBEPBDXZ 004859f4     MSVCRT:MSVCR110.dll
 0005:000009f8       __imp___CxxThrowException@8 004859f8     MSVCRT:MSVCR110.dll
 0005:000009fc       __imp____CxxFrameHandler3  004859fc     MSVCRT:MSVCR110.dll
 0005:00000a00       __imp__sprintf_s           00485a00     MSVCRT:MSVCR110.dll
 0005:00000a04       __imp_??_V@YAXPAX@Z        00485a04     MSVCRT:MSVCR110.dll
 0005:00000a08       __imp__ceil                00485a08     MSVCRT:MSVCR110.dll
 0005:00000a0c       __imp__memchr              00485a0c     MSVCRT:MSVCR110.dll
 0005:00000a10       __imp____initenv           00485a10     MSVCRT:MSVCR110.dll
 0005:00000a14       \177MSVCR110_NULL_THUNK_DATA 00485a14     MSVCRT:MSVCR110.dll
 0005:00000a88       __imp__glPolygonMode@8     00485a88     opengl32:OPENGL32.dll
 0005:00000a8c       __imp__glPopMatrix@0       00485a8c     opengl32:OPENGL32.dll
 0005:00000a90       __imp__glPushMatrix@0      00485a90     opengl32:OPENGL32.dll
 0005:00000a94       __imp__glReadPixels@28     00485a94     opengl32:OPENGL32.dll
 0005:00000a98       __imp__glShadeModel@4      00485a98     opengl32:OPENGL32.dll
 0005:00000a9c       __imp__glTranslatef@12     00485a9c     opengl32:OPENGL32.dll
 0005:00000aa0       __imp__glVertex3f@12       00485aa0     opengl32:OPENGL32.dll
 0005:00000aa4       __imp__glClear@4           00485aa4     opengl32:OPENGL32.dll
 0005:00000aa8       __imp__glClearDepth@8      00485aa8     opengl32:OPENGL32.dll
 0005:00000aac       __imp__glLightModelfv@8    00485aac     opengl32:OPENGL32.dll
 0005:00000ab0       __imp__glLightfv@12        00485ab0     opengl32:OPENGL32.dll
 0005:00000ab4       __imp__glLineWidth@4       00485ab4     opengl32:OPENGL32.dll
 0005:00000ab8       __imp__glLoadIdentity@0    00485ab8     opengl32:OPENGL32.dll
 0005:00000abc       __imp__glMaterialf@12      00485abc     opengl32:OPENGL32.dll
 0005:00000ac0       __imp__glMaterialfv@12     00485ac0     opengl32:OPENGL32.dll
 0005:00000ac4       __imp__glMatrixMode@4      00485ac4     opengl32:OPENGL32.dll
 0005:00000ac8       __imp__glOrtho@48          00485ac8     opengl32:OPENGL32.dll
 0005:00000acc       __imp__glPixelStorei@8     00485acc     opengl32:OPENGL32.dll
 0005:00000ad0       __imp__glPopAttrib@0       00485ad0     opengl32:OPENGL32.dll
 0005:00000ad4       __imp__glPushAttrib@4      00485ad4     opengl32:OPENGL32.dll
 0005:00000ad8       __imp__glRasterPos2i@8     00485ad8     opengl32:OPENGL32.dll
 0005:00000adc       __imp__glReadBuffer@4      00485adc     opengl32:OPENGL32.dll
 0005:00000ae0       __imp__glRotatef@16        00485ae0     opengl32:OPENGL32.dll
 0005:00000ae4       __imp__glVertex2f@8        00485ae4     opengl32:OPENGL32.dll
 0005:00000ae8       __imp__glVertex2i@8        00485ae8     opengl32:OPENGL32.dll
 0005:00000aec       __imp__glViewport@16       00485aec     opengl32:OPENGL32.dll
 0005:00000af0       __imp__glEnd@0             00485af0     opengl32:OPENGL32.dll
 0005:00000af4       __imp__glEnable@4          00485af4     opengl32:OPENGL32.dll
 0005:00000af8       __imp__glDisable@4         00485af8     opengl32:OPENGL32.dll
 0005:00000afc       __imp__glDepthFunc@4       00485afc     opengl32:OPENGL32.dll
 0005:00000b00       __imp__glColor4f@16        00485b00     opengl32:OPENGL32.dll
 0005:00000b04       __imp__glColor3f@12        00485b04     opengl32:OPENGL32.dll
 0005:00000b08       __imp__glClearColor@16     00485b08     opengl32:OPENGL32.dll
 0005:00000b0c       __imp__glBlendFunc@8       00485b0c     opengl32:OPENGL32.dll
 0005:00000b10       __imp__glBegin@4           00485b10     opengl32:OPENGL32.dll
 0005:00000b14       \177OPENGL32_NULL_THUNK_DATA 00485b14     opengl32:OPENGL32.dll
 0005:00000b5c       __imp__glutPostRedisplay@0 00485b5c     glut32:glut32.dll
 0005:00000b60       __imp__glutKeyboardFunc@4  00485b60     glut32:glut32.dll
 0005:00000b64       __imp__glutTimerFunc@12    00485b64     glut32:glut32.dll
 0005:00000b68       __imp__glutInit@8          00485b68     glut32:glut32.dll
 0005:00000b6c       __imp__glutInitDisplayMode@4 00485b6c     glut32:glut32.dll
 0005:00000b70       __imp__glutInitWindowSize@8 00485b70     glut32:glut32.dll
 0005:00000b74       __imp__glutMainLoop@0      00485b74     glut32:glut32.dll
 0005:00000b78       __imp__glutCreateWindow@4  00485b78     glut32:glut32.dll
 0005:00000b7c       __imp__glutSwapBuffers@0   00485b7c     glut32:glut32.dll
 0005:00000b80       __imp__glutDisplayFunc@4   00485b80     glut32:glut32.dll
 0005:00000b84       __imp__glutReshapeFunc@4   00485b84     glut32:glut32.dll
 0005:00000b88       __imp__glutMouseFunc@4     00485b88     glut32:glut32.dll
 0005:00000b8c       __imp__glutMotionFunc@4    00485b8c     glut32:glut32.dll
 0005:00000b90       __imp__glutGetModifiers@0  00485b90     glut32:glut32.dll
 0005:00000b94       __imp__glutBitmapCharacter@8 00485b94     glut32:glut32.dll
 0005:00000b98       __imp__glutBitmapLength@8  00485b98     glut32:glut32.dll
 0005:00000b9c       \177glut32_NULL_THUNK_DATA 00485b9c     glut32:glut32.dll

 entry point at        0002:000014d2

