 Fluid3D

 Timestamp is 535d7e90 (Sun Apr 27 18:02:56 2014)

 Preferred load address is 00400000

 Start         Length     Name                   Class
 0001:00000000 000337e6H .textbss                DATA
 0002:00000000 0006b3f0H .text                   CODE
 0002:0006b3f0 00003085H .text$x                 CODE
 0002:0006e480 00001915H .text$yc                CODE
 0002:0006fda0 000012d7H .text$yd                CODE
 0003:00000000 00000104H .CRT$XCA                DATA
 0003:00000104 00000104H .CRT$XCAA               DATA
 0003:00000208 00000104H .CRT$XCL                DATA
 0003:0000030c 0000018dH .CRT$XCU                DATA
 0003:0000049c 00000104H .CRT$XCZ                DATA
 0003:000005a0 00000104H .CRT$XIA                DATA
 0003:000006a4 00000104H .CRT$XIAA               DATA
 0003:000007a8 00000109H .CRT$XIC                DATA
 0003:000008b4 00000104H .CRT$XIY                DATA
 0003:000009b8 00000104H .CRT$XIZ                DATA
 0003:00000ac0 00005d05H .rdata                  DATA
 0003:000067c8 00000194H .rdata$debug            DATA
 0003:0000695c 00000c20H .rdata$r                DATA
 0003:0000757c 00000104H .rtc$IAA                DATA
 0003:00007680 00000104H .rtc$IZZ                DATA
 0003:00007784 00000104H .rtc$TAA                DATA
 0003:00007888 00000104H .rtc$TZZ                DATA
 0003:00007990 000025ccH .xdata$x                DATA
 0003:00009f5c 00000000H .edata                  DATA
 0004:00000000 00000cadH .data                   DATA
 0004:00000cb0 00000e58H .bss                    DATA
 0005:00000000 0000008cH .idata$2                DATA
 0005:0000008c 00000014H .idata$3                DATA
 0005:000000a0 000005e4H .idata$4                DATA
 0005:00000684 000005e4H .idata$5                DATA
 0005:00000c68 00002357H .idata$6                DATA
 0006:00000000 00000169H .rsrc$01                DATA
 0006:00000170 000002ccH .rsrc$02                DATA

  Address         Publics by Value              Rva+Base       Lib:Object

 0000:00000000       ___safe_se_handler_count   00000000     <absolute>
 0000:00000000       ___safe_se_handler_table   00000000     <absolute>
 0000:00000000       __except_list              00000000     <absolute>
 0000:00009876       __ldused                   00009876     <absolute>
 0000:00009876       __fltused                  00009876     <absolute>
 0000:00000000       ___ImageBase               00400000     <linker-defined>
 0001:00000000       __enc$textbss$begin        00401000     <linker-defined>
 0001:000337e6       __enc$textbss$end          004347e6     <linker-defined>
 0002:00006f20       ??$?0AAPAUParticle@@AAPAU0@@?$pair@PAUParticle@@PAU1@@std@@QAE@AAPAUParticle@@0PAPAX@Z 0043bf20 f i fluidsim.obj
 0002:00006f70       ??$?0PAUParticle@@PAU0@@?$pair@PAUParticle@@PAU1@@std@@QAE@$$QAU01@PAPAX@Z 0043bf70 f i fluidsim.obj
 0002:00006fd0       ??$?0U?$inverse_impl@V?$Matrix@M$02$02$0A@$02$02@Eigen@@@internal@Eigen@@@?$Matrix@M$02$02$0A@$02$02@Eigen@@QAE@ABV?$ReturnByValue@U?$inverse_impl@V?$Matrix@M$02$02$0A@$02$02@Eigen@@@internal@Eigen@@@1@@Z 0043bfd0 f i fluidsim.obj
 0002:00007030       ??$?0V?$CoeffBasedProduct@$$CBV?$CwiseUnaryOp@U?$scalar_multiple_op@M@internal@Eigen@@$$CBV?$Matrix@M$02$02$0A@$02$02@3@@Eigen@@$$CBV?$Transpose@V?$Matrix@M$02$02$0A@$02$02@Eigen@@@2@$05@Eigen@@V?$Matrix@M$02$00$0A@$02$00@1@@?$CoeffBasedProduct@ABV?$Matrix@M$02$02$00$02$02@Eigen@@ABV?$Matrix@M$02$00$0A@$02$00@2@$05@Eigen@@QAE@ABV?$CoeffBasedProduct@$$CBV?$CwiseUnaryOp@U?$scalar_multiple_op@M@internal@Eigen@@$$CBV?$Matrix@M$02$02$0A@$02$02@3@@Eigen@@$$CBV?$Transpose@V?$Matrix@M$02$02$0A@$02$02@Eigen@@@2@$05@1@ABV?$Matrix@M$02$00$0A@$02$00@1@@Z 0043c030 f i fluidsim.obj
 0002:000070e0       ??$?0V?$CoeffBasedProduct@ABV?$Matrix@M$02$02$00$02$02@Eigen@@ABV?$Matrix@M$02$02$0A@$02$02@2@$05@Eigen@@@?$Matrix@M$02$02$0A@$02$02@Eigen@@QAE@ABV?$MatrixBase@V?$CoeffBasedProduct@ABV?$Matrix@M$02$02$00$02$02@Eigen@@ABV?$Matrix@M$02$02$0A@$02$02@2@$05@Eigen@@@1@@Z 0043c0e0 f i fluidsim.obj
 0002:00007150       ??$?0V?$CoeffBasedProduct@ABV?$Matrix@M$02$02$0A@$02$02@Eigen@@$$CBV?$Transpose@V?$Matrix@M$02$02$0A@$02$02@Eigen@@@2@$05@Eigen@@@?$Matrix@M$02$02$00$02$02@Eigen@@QAE@ABV?$MatrixBase@V?$CoeffBasedProduct@ABV?$Matrix@M$02$02$0A@$02$02@Eigen@@$$CBV?$Transpose@V?$Matrix@M$02$02$0A@$02$02@Eigen@@@2@$05@Eigen@@@1@@Z 0043c150 f i fluidsim.obj
 0002:000071c0       ??$?0V?$CoeffBasedProduct@ABV?$Matrix@M$02$02$0A@$02$02@Eigen@@$$CBV?$Transpose@V?$Matrix@M$02$02$0A@$02$02@Eigen@@@2@$05@Eigen@@@?$Matrix@M$02$02$0A@$02$02@Eigen@@QAE@ABV?$MatrixBase@V?$CoeffBasedProduct@ABV?$Matrix@M$02$02$0A@$02$02@Eigen@@$$CBV?$Transpose@V?$Matrix@M$02$02$0A@$02$02@Eigen@@@2@$05@Eigen@@@1@@Z 0043c1c0 f i fluidsim.obj
 0002:00007230       ??$?0V?$CoeffBasedProduct@ABV?$Matrix@M$02$02$0A@$02$02@Eigen@@$$CBV?$Transpose@V?$Matrix@M$02$02$0A@$02$02@Eigen@@@2@$05@Eigen@@V?$Matrix@M$02$02$0A@$02$02@1@@?$CoeffBasedProduct@ABV?$Matrix@M$02$02$00$02$02@Eigen@@ABV?$Matrix@M$02$02$0A@$02$02@2@$05@Eigen@@QAE@ABV?$CoeffBasedProduct@ABV?$Matrix@M$02$02$0A@$02$02@Eigen@@$$CBV?$Transpose@V?$Matrix@M$02$02$0A@$02$02@Eigen@@@2@$05@1@ABV?$Matrix@M$02$02$0A@$02$02@1@@Z 0043c230 f i fluidsim.obj
 0002:000072e0       ??$?0V?$CoeffBasedProduct@ABV?$Matrix@M$02$02$0A@$02$02@Eigen@@ABV12@$05@Eigen@@@?$Matrix@M$02$02$0A@$02$02@Eigen@@QAE@ABV?$MatrixBase@V?$CoeffBasedProduct@ABV?$Matrix@M$02$02$0A@$02$02@Eigen@@ABV12@$05@Eigen@@@1@@Z 0043c2e0 f i fluidsim.obj
 0002:00007350       ??$?0V?$CoeffBasedProduct@ABV?$Matrix@M$02$02$0A@$02$02@Eigen@@ABV12@$05@Eigen@@V?$Transpose@V?$Matrix@M$02$02$0A@$02$02@Eigen@@@1@@?$CoeffBasedProduct@ABV?$Matrix@M$02$02$0A@$02$02@Eigen@@$$CBV?$Transpose@V?$Matrix@M$02$02$0A@$02$02@Eigen@@@2@$05@Eigen@@QAE@ABV?$CoeffBasedProduct@ABV?$Matrix@M$02$02$0A@$02$02@Eigen@@ABV12@$05@1@ABV?$Transpose@V?$Matrix@M$02$02$0A@$02$02@Eigen@@@1@@Z 0043c350 f i fluidsim.obj
 0002:00007400       ??$?0V?$CoeffBasedProduct@ABV?$Matrix@M$02$02$0A@$02$02@Eigen@@ABV?$Matrix@M$02$00$0A@$02$00@2@$05@Eigen@@@?$Matrix@M$02$00$0A@$02$00@Eigen@@QAE@ABV?$MatrixBase@V?$CoeffBasedProduct@ABV?$Matrix@M$02$02$0A@$02$02@Eigen@@ABV?$Matrix@M$02$00$0A@$02$00@2@$05@Eigen@@@1@@Z 0043c400 f i fluidsim.obj
 0002:00007470       ??$?0V?$CoeffBasedProduct@ABV?$Matrix@M$02$02$0A@$02$02@Eigen@@V12@$05@Eigen@@V?$Transpose@V?$Matrix@M$02$02$0A@$02$02@Eigen@@@1@@?$CoeffBasedProduct@ABV?$Matrix@M$02$02$0A@$02$02@Eigen@@$$CBV?$Transpose@V?$Matrix@M$02$02$0A@$02$02@Eigen@@@2@$05@Eigen@@QAE@ABV?$CoeffBasedProduct@ABV?$Matrix@M$02$02$0A@$02$02@Eigen@@V12@$05@1@ABV?$Transpose@V?$Matrix@M$02$02$0A@$02$02@Eigen@@@1@@Z 0043c470 f i fluidsim.obj
 0002:00007520       ??$?0V?$CwiseBinaryOp@U?$scalar_difference_op@M@internal@Eigen@@$$CBV?$Matrix@M$02$02$0A@$02$02@3@$$CBV?$CwiseNullaryOp@U?$scalar_identity_op@M@internal@Eigen@@V?$Matrix@M$02$02$0A@$02$02@3@@3@@Eigen@@@?$Matrix@M$02$02$0A@$02$02@Eigen@@QAE@ABV?$MatrixBase@V?$CwiseBinaryOp@U?$scalar_difference_op@M@internal@Eigen@@$$CBV?$Matrix@M$02$02$0A@$02$02@3@$$CBV?$CwiseNullaryOp@U?$scalar_identity_op@M@internal@Eigen@@V?$Matrix@M$02$02$0A@$02$02@3@@3@@Eigen@@@1@@Z 0043c520 f i fluidsim.obj
 0002:00007590       ??$?0V?$CwiseNullaryOp@U?$scalar_constant_op@M@internal@Eigen@@V?$Matrix@M$02$00$0A@$02$00@3@@Eigen@@@?$Matrix@M$02$00$0A@$02$00@Eigen@@QAE@ABV?$MatrixBase@V?$CwiseNullaryOp@U?$scalar_constant_op@M@internal@Eigen@@V?$Matrix@M$02$00$0A@$02$00@3@@Eigen@@@1@@Z 0043c590 f i fluidsim.obj
 0002:00007600       ??$?0V?$CwiseNullaryOp@U?$scalar_constant_op@M@internal@Eigen@@V?$Matrix@M$02$02$0A@$02$02@3@@Eigen@@@?$Matrix@M$02$02$0A@$02$02@Eigen@@QAE@ABV?$MatrixBase@V?$CwiseNullaryOp@U?$scalar_constant_op@M@internal@Eigen@@V?$Matrix@M$02$02$0A@$02$02@3@@Eigen@@@1@@Z 0043c600 f i fluidsim.obj
 0002:00007670       ??$?0V?$CwiseNullaryOp@U?$scalar_identity_op@M@internal@Eigen@@V?$Matrix@M$02$02$0A@$02$02@3@@Eigen@@@?$Matrix@M$02$02$0A@$02$02@Eigen@@QAE@ABV?$MatrixBase@V?$CwiseNullaryOp@U?$scalar_identity_op@M@internal@Eigen@@V?$Matrix@M$02$02$0A@$02$02@3@@Eigen@@@1@@Z 0043c670 f i fluidsim.obj
 0002:000076e0       ??$?0V?$CwiseUnaryOp@U?$scalar_multiple_op@M@internal@Eigen@@$$CBV?$CwiseBinaryOp@U?$scalar_difference_op@M@internal@Eigen@@$$CBV?$Matrix@M$02$02$0A@$02$02@3@$$CBV43@@3@@Eigen@@@?$Matrix@M$02$02$0A@$02$02@Eigen@@QAE@ABV?$MatrixBase@V?$CwiseUnaryOp@U?$scalar_multiple_op@M@internal@Eigen@@$$CBV?$CwiseBinaryOp@U?$scalar_difference_op@M@internal@Eigen@@$$CBV?$Matrix@M$02$02$0A@$02$02@3@$$CBV43@@3@@Eigen@@@1@@Z 0043c6e0 f i fluidsim.obj
 0002:00007750       ??$?0V?$CwiseUnaryOp@U?$scalar_multiple_op@M@internal@Eigen@@$$CBV?$Matrix@M$02$00$0A@$02$00@3@@Eigen@@V?$Transpose@V?$Matrix@M$02$00$0A@$02$00@Eigen@@@1@@?$CoeffBasedProduct@$$CBV?$CwiseUnaryOp@U?$scalar_multiple_op@M@internal@Eigen@@$$CBV?$Matrix@M$02$00$0A@$02$00@3@@Eigen@@$$CBV?$Transpose@V?$Matrix@M$02$00$0A@$02$00@Eigen@@@2@$0BAA@@Eigen@@QAE@ABV?$CwiseUnaryOp@U?$scalar_multiple_op@M@internal@Eigen@@$$CBV?$Matrix@M$02$00$0A@$02$00@3@@1@ABV?$Transpose@V?$Matrix@M$02$00$0A@$02$00@Eigen@@@1@@Z 0043c750 f i fluidsim.obj
 0002:00007800       ??$?0V?$CwiseUnaryOp@U?$scalar_multiple_op@M@internal@Eigen@@$$CBV?$Matrix@M$02$02$0A@$02$02@3@@Eigen@@V?$Transpose@V?$Matrix@M$02$02$0A@$02$02@Eigen@@@1@@?$CoeffBasedProduct@$$CBV?$CwiseUnaryOp@U?$scalar_multiple_op@M@internal@Eigen@@$$CBV?$Matrix@M$02$02$0A@$02$02@3@@Eigen@@$$CBV?$Transpose@V?$Matrix@M$02$02$0A@$02$02@Eigen@@@2@$05@Eigen@@QAE@ABV?$CwiseUnaryOp@U?$scalar_multiple_op@M@internal@Eigen@@$$CBV?$Matrix@M$02$02$0A@$02$02@3@@1@ABV?$Transpose@V?$Matrix@M$02$02$0A@$02$02@Eigen@@@1@@Z 0043c800 f i fluidsim.obj
 0002:000078b0       ??$?0V?$Matrix@M$02$02$0A@$02$02@Eigen@@V01@@?$CoeffBasedProduct@ABV?$Matrix@M$02$02$0A@$02$02@Eigen@@ABV12@$05@Eigen@@QAE@ABV?$Matrix@M$02$02$0A@$02$02@1@0@Z 0043c8b0 f i fluidsim.obj
 0002:00007950       ??$?0V?$Matrix@M$02$02$0A@$02$02@Eigen@@V?$Matrix@M$02$00$0A@$02$00@1@@?$CoeffBasedProduct@ABV?$Matrix@M$02$02$0A@$02$02@Eigen@@ABV?$Matrix@M$02$00$0A@$02$00@2@$05@Eigen@@QAE@ABV?$Matrix@M$02$02$0A@$02$02@1@ABV?$Matrix@M$02$00$0A@$02$00@1@@Z 0043c950 f i fluidsim.obj
 0002:000079f0       ??$?0V?$Matrix@M$02$02$0A@$02$02@Eigen@@V?$ReturnByValue@U?$inverse_impl@V?$Matrix@M$02$02$0A@$02$02@Eigen@@@internal@Eigen@@@1@@?$CoeffBasedProduct@ABV?$Matrix@M$02$02$0A@$02$02@Eigen@@V12@$05@Eigen@@QAE@ABV?$Matrix@M$02$02$0A@$02$02@1@ABV?$ReturnByValue@U?$inverse_impl@V?$Matrix@M$02$02$0A@$02$02@Eigen@@@internal@Eigen@@@1@@Z 0043c9f0 f i fluidsim.obj
 0002:00007aa0       ??$?0V?$Matrix@M$02$02$0A@$02$02@Eigen@@V?$Transpose@V?$Matrix@M$02$02$0A@$02$02@Eigen@@@1@@?$CoeffBasedProduct@ABV?$Matrix@M$02$02$0A@$02$02@Eigen@@$$CBV?$Transpose@V?$Matrix@M$02$02$0A@$02$02@Eigen@@@2@$05@Eigen@@QAE@ABV?$Matrix@M$02$02$0A@$02$02@1@ABV?$Transpose@V?$Matrix@M$02$02$0A@$02$02@Eigen@@@1@@Z 0043caa0 f i fluidsim.obj
 0002:00007b50       ??$?0V?$Transpose@V?$Matrix@M$02$02$0A@$02$02@Eigen@@@Eigen@@@?$Matrix@M$02$02$0A@$02$02@Eigen@@QAE@ABV?$MatrixBase@V?$Transpose@V?$Matrix@M$02$02$0A@$02$02@Eigen@@@Eigen@@@1@@Z 0043cb50 f i fluidsim.obj
 0002:00007bc0       ??$?4V?$Block@$$CBV?$Matrix@M$02$02$0A@$02$02@Eigen@@$0?0$0?0$0A@@Eigen@@@?$Matrix@M$02$02$0A@$02$02@Eigen@@QAEAAV01@ABV?$MatrixBase@V?$Block@$$CBV?$Matrix@M$02$02$0A@$02$02@Eigen@@$0?0$0?0$0A@@Eigen@@@1@@Z 0043cbc0 f i fluidsim.obj
 0002:00007bf0       ??$?4V?$CoeffBasedProduct@$$CBV?$CwiseUnaryOp@U?$scalar_multiple_op@M@internal@Eigen@@$$CBV?$Matrix@M$02$00$0A@$02$00@3@@Eigen@@$$CBV?$Transpose@V?$Matrix@M$02$00$0A@$02$00@Eigen@@@2@$0BAA@@Eigen@@@?$MatrixBase@V?$SelfCwiseBinaryOp@U?$scalar_sum_op@M@internal@Eigen@@V?$Matrix@M$02$02$0A@$02$02@3@V?$CoeffBasedProduct@$$CBV?$CwiseUnaryOp@U?$scalar_multiple_op@M@internal@Eigen@@$$CBV?$Matrix@M$02$00$0A@$02$00@3@@Eigen@@$$CBV?$Transpose@V?$Matrix@M$02$00$0A@$02$00@Eigen@@@2@$0BAA@@3@@Eigen@@@Eigen@@QAEAAV?$SelfCwiseBinaryOp@U?$scalar_sum_op@M@internal@Eigen@@V?$Matrix@M$02$02$0A@$02$02@3@V?$CoeffBasedProduct@$$CBV?$CwiseUnaryOp@U?$scalar_multiple_op@M@internal@Eigen@@$$CBV?$Matrix@M$02$00$0A@$02$00@3@@Eigen@@$$CBV?$Transpose@V?$Matrix@M$02$00$0A@$02$00@Eigen@@@2@$0BAA@@3@@1@ABV?$DenseBase@V?$CoeffBasedProduct@$$CBV?$CwiseUnaryOp@U?$scalar_multiple_op@M@internal@Eigen@@$$CBV?$Matrix@M$02$00$0A@$02$00@3@@Eigen@@$$CBV?$Transpose@V?$Matrix@M$02$00$0A@$02$00@Eigen@@@2@$0BAA@@Eigen@@@1@@Z 0043cbf0 f i fluidsim.obj
 0002:00007c30       ??$?4V?$CoeffBasedProduct@ABV?$Matrix@M$02$02$00$02$02@Eigen@@ABV?$Matrix@M$02$02$0A@$02$02@2@$05@Eigen@@@?$Matrix@M$02$02$0A@$02$02@Eigen@@QAEAAV01@ABV?$MatrixBase@V?$CoeffBasedProduct@ABV?$Matrix@M$02$02$00$02$02@Eigen@@ABV?$Matrix@M$02$02$0A@$02$02@2@$05@Eigen@@@1@@Z 0043cc30 f i fluidsim.obj
 0002:00007c60       ??$?4V?$CoeffBasedProduct@ABV?$Matrix@M$02$02$0A@$02$02@Eigen@@$$CBV?$Transpose@V?$Matrix@M$02$02$0A@$02$02@Eigen@@@2@$05@Eigen@@@?$Matrix@M$02$02$0A@$02$02@Eigen@@QAEAAV01@ABV?$MatrixBase@V?$CoeffBasedProduct@ABV?$Matrix@M$02$02$0A@$02$02@Eigen@@$$CBV?$Transpose@V?$Matrix@M$02$02$0A@$02$02@Eigen@@@2@$05@Eigen@@@1@@Z 0043cc60 f i fluidsim.obj
 0002:00007c90       ??$?4V?$CoeffBasedProduct@ABV?$Matrix@M$02$02$0A@$02$02@Eigen@@ABV12@$05@Eigen@@@?$Matrix@M$02$02$0A@$02$02@Eigen@@QAEAAV01@ABV?$MatrixBase@V?$CoeffBasedProduct@ABV?$Matrix@M$02$02$0A@$02$02@Eigen@@ABV12@$05@Eigen@@@1@@Z 0043cc90 f i fluidsim.obj
 0002:00007cc0       ??$?4V?$CwiseNullaryOp@U?$scalar_constant_op@M@internal@Eigen@@V?$Matrix@M$02$00$0A@$02$00@3@@Eigen@@@?$MatrixBase@V?$SelfCwiseBinaryOp@U?$scalar_product_op@MM@internal@Eigen@@V?$Block@V?$Matrix@M$02$02$0A@$02$02@Eigen@@$02$00$00@3@V?$CwiseNullaryOp@U?$scalar_constant_op@M@internal@Eigen@@V?$Matrix@M$02$00$0A@$02$00@3@@3@@Eigen@@@Eigen@@QAEAAV?$SelfCwiseBinaryOp@U?$scalar_product_op@MM@internal@Eigen@@V?$Block@V?$Matrix@M$02$02$0A@$02$02@Eigen@@$02$00$00@3@V?$CwiseNullaryOp@U?$scalar_constant_op@M@internal@Eigen@@V?$Matrix@M$02$00$0A@$02$00@3@@3@@1@ABV?$DenseBase@V?$CwiseNullaryOp@U?$scalar_constant_op@M@internal@Eigen@@V?$Matrix@M$02$00$0A@$02$00@3@@Eigen@@@1@@Z 0043ccc0 f i fluidsim.obj
 0002:00007d00       ??$?4V?$CwiseNullaryOp@U?$scalar_identity_op@M@internal@Eigen@@V?$Matrix@M$02$02$0A@$02$02@3@@Eigen@@@?$Matrix@M$02$02$0A@$02$02@Eigen@@QAEAAV01@ABV?$MatrixBase@V?$CwiseNullaryOp@U?$scalar_identity_op@M@internal@Eigen@@V?$Matrix@M$02$02$0A@$02$02@3@@Eigen@@@1@@Z 0043cd00 f i fluidsim.obj
 0002:00007d30       ??$?4V?$CwiseUnaryOp@U?$scalar_multiple_op@M@internal@Eigen@@$$CBV?$Matrix@M$02$00$0A@$02$00@3@@Eigen@@@?$MatrixBase@V?$Block@V?$Matrix@M$02$02$0A@$02$02@Eigen@@$00$02$0A@@Eigen@@@Eigen@@QAEAAV?$Block@V?$Matrix@M$02$02$0A@$02$02@Eigen@@$00$02$0A@@1@ABV?$DenseBase@V?$CwiseUnaryOp@U?$scalar_multiple_op@M@internal@Eigen@@$$CBV?$Matrix@M$02$00$0A@$02$00@3@@Eigen@@@1@@Z 0043cd30 f i fluidsim.obj
 0002:00007d70       ??$?4V?$Matrix@M$02$00$0A@$02$00@Eigen@@@?$MatrixBase@V?$SelfCwiseBinaryOp@U?$scalar_difference_op@M@internal@Eigen@@V?$Matrix@M$02$00$0A@$02$00@3@V?$CoeffBasedProduct@ABV?$Matrix@M$02$02$00$02$02@Eigen@@ABV?$Matrix@M$02$00$0A@$02$00@2@$05@3@@Eigen@@@Eigen@@QAEAAV?$SelfCwiseBinaryOp@U?$scalar_difference_op@M@internal@Eigen@@V?$Matrix@M$02$00$0A@$02$00@3@V?$CoeffBasedProduct@ABV?$Matrix@M$02$02$00$02$02@Eigen@@ABV?$Matrix@M$02$00$0A@$02$00@2@$05@3@@1@ABV?$DenseBase@V?$Matrix@M$02$00$0A@$02$00@Eigen@@@1@@Z 0043cd70 f i fluidsim.obj
 0002:00007db0       ??$?5DU?$char_traits@D@std@@@std@@YAAAV?$basic_istream@DU?$char_traits@D@std@@@0@AAV10@AAD@Z 0043cdb0 f i fluidsim.obj
 0002:00007f30       ??$?6$02M@@YAAAV?$basic_ostream@DU?$char_traits@D@std@@@std@@AAV01@ABU?$Vec@$02M@@@Z 0043cf30 f i fluidsim.obj
 0002:00007fc0       ??$?6DU?$char_traits@D@std@@V?$allocator@D@1@@std@@YAAAV?$basic_ostream@DU?$char_traits@D@std@@@0@AAV10@ABV?$basic_string@DU?$char_traits@D@std@@V?$allocator@D@2@@0@@Z 0043cfc0 f i fluidsim.obj
 0002:000083a0       ??$?6U?$char_traits@D@std@@@std@@YAAAV?$basic_ostream@DU?$char_traits@D@std@@@0@AAV10@D@Z 0043d3a0 f i fluidsim.obj
 0002:000087e0       ??$?6U?$char_traits@D@std@@@std@@YAAAV?$basic_ostream@DU?$char_traits@D@std@@@0@AAV10@PBD@Z 0043d7e0 f i fluidsim.obj
 0002:00008c70       ??$?6V?$Matrix@M$02$00$0A@$02$00@Eigen@@@Eigen@@YAAAV?$basic_ostream@DU?$char_traits@D@std@@@std@@AAV12@ABV?$DenseBase@V?$Matrix@M$02$00$0A@$02$00@Eigen@@@0@@Z 0043dc70 f i fluidsim.obj
 0002:00008e70       ??$?8DU?$char_traits@D@std@@V?$allocator@D@1@@std@@YA_NABV?$basic_string@DU?$char_traits@D@std@@V?$allocator@D@2@@0@0@Z 0043de70 f i fluidsim.obj
 0002:00008eb0       ??$?9DU?$char_traits@D@std@@V?$allocator@D@1@@std@@YA_NABV?$basic_string@DU?$char_traits@D@std@@V?$allocator@D@2@@0@0@Z 0043deb0 f i fluidsim.obj
 0002:00008f00       ??$?D$02M@@YA?AU?$Vec@$02M@@MABU0@@Z 0043df00 f i fluidsim.obj
 0002:00008f80       ??$?DV?$Matrix@M$02$00$0A@$02$00@Eigen@@@?$MatrixBase@V?$CoeffBasedProduct@$$CBV?$CwiseUnaryOp@U?$scalar_multiple_op@M@internal@Eigen@@$$CBV?$Matrix@M$02$02$0A@$02$02@3@@Eigen@@$$CBV?$Transpose@V?$Matrix@M$02$02$0A@$02$02@Eigen@@@2@$05@Eigen@@@Eigen@@QBE?BV?$CoeffBasedProduct@ABV?$Matrix@M$02$02$00$02$02@Eigen@@ABV?$Matrix@M$02$00$0A@$02$00@2@$05@1@ABV?$MatrixBase@V?$Matrix@M$02$00$0A@$02$00@Eigen@@@1@@Z 0043df80 f i fluidsim.obj
 0002:00008fc0       ??$?DV?$Matrix@M$02$00$0A@$02$00@Eigen@@@?$MatrixBase@V?$Matrix@M$02$02$0A@$02$02@Eigen@@@Eigen@@QBE?BV?$CoeffBasedProduct@ABV?$Matrix@M$02$02$0A@$02$02@Eigen@@ABV?$Matrix@M$02$00$0A@$02$00@2@$05@1@ABV?$MatrixBase@V?$Matrix@M$02$00$0A@$02$00@Eigen@@@1@@Z 0043dfc0 f i fluidsim.obj
 0002:00009000       ??$?DV?$Matrix@M$02$02$0A@$02$02@Eigen@@@?$MatrixBase@V?$CoeffBasedProduct@ABV?$Matrix@M$02$02$0A@$02$02@Eigen@@$$CBV?$Transpose@V?$Matrix@M$02$02$0A@$02$02@Eigen@@@2@$05@Eigen@@@Eigen@@QBE?BV?$CoeffBasedProduct@ABV?$Matrix@M$02$02$00$02$02@Eigen@@ABV?$Matrix@M$02$02$0A@$02$02@2@$05@1@ABV?$MatrixBase@V?$Matrix@M$02$02$0A@$02$02@Eigen@@@1@@Z 0043e000 f i fluidsim.obj
 0002:00009040       ??$?DV?$Matrix@M$02$02$0A@$02$02@Eigen@@@?$MatrixBase@V?$Matrix@M$02$02$0A@$02$02@Eigen@@@Eigen@@QBE?BV?$CoeffBasedProduct@ABV?$Matrix@M$02$02$0A@$02$02@Eigen@@ABV12@$05@1@ABV01@@Z 0043e040 f i fluidsim.obj
 0002:00009080       ??$?DV?$ReturnByValue@U?$inverse_impl@V?$Matrix@M$02$02$0A@$02$02@Eigen@@@internal@Eigen@@@Eigen@@@?$MatrixBase@V?$Matrix@M$02$02$0A@$02$02@Eigen@@@Eigen@@QBE?BV?$CoeffBasedProduct@ABV?$Matrix@M$02$02$0A@$02$02@Eigen@@V12@$05@1@ABV?$MatrixBase@V?$ReturnByValue@U?$inverse_impl@V?$Matrix@M$02$02$0A@$02$02@Eigen@@@internal@Eigen@@@Eigen@@@1@@Z 0043e080 f i fluidsim.obj
 0002:000090c0       ??$?DV?$Transpose@V?$Matrix@M$02$00$0A@$02$00@Eigen@@@Eigen@@@?$MatrixBase@V?$CwiseUnaryOp@U?$scalar_multiple_op@M@internal@Eigen@@$$CBV?$Matrix@M$02$00$0A@$02$00@3@@Eigen@@@Eigen@@QBE?BV?$CoeffBasedProduct@$$CBV?$CwiseUnaryOp@U?$scalar_multiple_op@M@internal@Eigen@@$$CBV?$Matrix@M$02$00$0A@$02$00@3@@Eigen@@$$CBV?$Transpose@V?$Matrix@M$02$00$0A@$02$00@Eigen@@@2@$0BAA@@1@ABV?$MatrixBase@V?$Transpose@V?$Matrix@M$02$00$0A@$02$00@Eigen@@@Eigen@@@1@@Z 0043e0c0 f i fluidsim.obj
 0002:00009100       ??$?DV?$Transpose@V?$Matrix@M$02$02$0A@$02$02@Eigen@@@Eigen@@@?$MatrixBase@V?$CoeffBasedProduct@ABV?$Matrix@M$02$02$0A@$02$02@Eigen@@ABV12@$05@Eigen@@@Eigen@@QBE?BV?$CoeffBasedProduct@ABV?$Matrix@M$02$02$0A@$02$02@Eigen@@$$CBV?$Transpose@V?$Matrix@M$02$02$0A@$02$02@Eigen@@@2@$05@1@ABV?$MatrixBase@V?$Transpose@V?$Matrix@M$02$02$0A@$02$02@Eigen@@@Eigen@@@1@@Z 0043e100 f i fluidsim.obj
 0002:00009140       ??$?DV?$Transpose@V?$Matrix@M$02$02$0A@$02$02@Eigen@@@Eigen@@@?$MatrixBase@V?$CoeffBasedProduct@ABV?$Matrix@M$02$02$0A@$02$02@Eigen@@V12@$05@Eigen@@@Eigen@@QBE?BV?$CoeffBasedProduct@ABV?$Matrix@M$02$02$0A@$02$02@Eigen@@$$CBV?$Transpose@V?$Matrix@M$02$02$0A@$02$02@Eigen@@@2@$05@1@ABV?$MatrixBase@V?$Transpose@V?$Matrix@M$02$02$0A@$02$02@Eigen@@@Eigen@@@1@@Z 0043e140 f i fluidsim.obj
 0002:00009180       ??$?DV?$Transpose@V?$Matrix@M$02$02$0A@$02$02@Eigen@@@Eigen@@@?$MatrixBase@V?$CwiseUnaryOp@U?$scalar_multiple_op@M@internal@Eigen@@$$CBV?$Matrix@M$02$02$0A@$02$02@3@@Eigen@@@Eigen@@QBE?BV?$CoeffBasedProduct@$$CBV?$CwiseUnaryOp@U?$scalar_multiple_op@M@internal@Eigen@@$$CBV?$Matrix@M$02$02$0A@$02$02@3@@Eigen@@$$CBV?$Transpose@V?$Matrix@M$02$02$0A@$02$02@Eigen@@@2@$05@1@ABV?$MatrixBase@V?$Transpose@V?$Matrix@M$02$02$0A@$02$02@Eigen@@@Eigen@@@1@@Z 0043e180 f i fluidsim.obj
 0002:000091c0       ??$?DV?$Transpose@V?$Matrix@M$02$02$0A@$02$02@Eigen@@@Eigen@@@?$MatrixBase@V?$Matrix@M$02$02$0A@$02$02@Eigen@@@Eigen@@QBE?BV?$CoeffBasedProduct@ABV?$Matrix@M$02$02$0A@$02$02@Eigen@@$$CBV?$Transpose@V?$Matrix@M$02$02$0A@$02$02@Eigen@@@2@$05@1@ABV?$MatrixBase@V?$Transpose@V?$Matrix@M$02$02$0A@$02$02@Eigen@@@Eigen@@@1@@Z 0043e1c0 f i fluidsim.obj
 0002:00009200       ??$?GV?$CwiseNullaryOp@U?$scalar_identity_op@M@internal@Eigen@@V?$Matrix@M$02$02$0A@$02$02@3@@Eigen@@@?$MatrixBase@V?$Matrix@M$02$02$0A@$02$02@Eigen@@@Eigen@@QBE?BV?$CwiseBinaryOp@U?$scalar_difference_op@M@internal@Eigen@@$$CBV?$Matrix@M$02$02$0A@$02$02@3@$$CBV?$CwiseNullaryOp@U?$scalar_identity_op@M@internal@Eigen@@V?$Matrix@M$02$02$0A@$02$02@3@@3@@1@ABV?$MatrixBase@V?$CwiseNullaryOp@U?$scalar_identity_op@M@internal@Eigen@@V?$Matrix@M$02$02$0A@$02$02@3@@Eigen@@@1@@Z 0043e200 f i fluidsim.obj
 0002:00009250       ??$?GV?$Matrix@M$02$02$0A@$02$02@Eigen@@@?$MatrixBase@V?$Matrix@M$02$02$0A@$02$02@Eigen@@@Eigen@@QBE?BV?$CwiseBinaryOp@U?$scalar_difference_op@M@internal@Eigen@@$$CBV?$Matrix@M$02$02$0A@$02$02@3@$$CBV43@@1@ABV01@@Z 0043e250 f i fluidsim.obj
 0002:000092a0       ??$?HDU?$char_traits@D@std@@V?$allocator@D@1@@std@@YA?AV?$basic_string@DU?$char_traits@D@std@@V?$allocator@D@2@@0@$$QAV10@0@Z 0043e2a0 f i fluidsim.obj
 0002:00009380       ??$?HDU?$char_traits@D@std@@V?$allocator@D@1@@std@@YA?AV?$basic_string@DU?$char_traits@D@std@@V?$allocator@D@2@@0@$$QAV10@PBD@Z 0043e380 f i fluidsim.obj
 0002:000093e0       ??$?RH@?$scalar_constant_op@M@internal@Eigen@@QBE?BMHH@Z 0043e3e0 f i fluidsim.obj
 0002:00009400       ??$?RH@?$scalar_identity_op@M@internal@Eigen@@QBE?BMHH@Z 0043e400 f i fluidsim.obj
 0002:00009450       ??$?YV?$CoeffBasedProduct@$$CBV?$CwiseUnaryOp@U?$scalar_multiple_op@M@internal@Eigen@@$$CBV?$Matrix@M$02$00$0A@$02$00@3@@Eigen@@$$CBV?$Transpose@V?$Matrix@M$02$00$0A@$02$00@Eigen@@@2@$0BAA@@Eigen@@@?$MatrixBase@V?$Matrix@M$02$02$0A@$02$02@Eigen@@@Eigen@@QAEAAV?$Matrix@M$02$02$0A@$02$02@1@ABV?$MatrixBase@V?$CoeffBasedProduct@$$CBV?$CwiseUnaryOp@U?$scalar_multiple_op@M@internal@Eigen@@$$CBV?$Matrix@M$02$00$0A@$02$00@3@@Eigen@@$$CBV?$Transpose@V?$Matrix@M$02$00$0A@$02$00@Eigen@@@2@$0BAA@@Eigen@@@1@@Z 0043e450 f i fluidsim.obj
 0002:000094b0       ??$?ZV?$CoeffBasedProduct@ABV?$Matrix@M$02$02$00$02$02@Eigen@@ABV?$Matrix@M$02$00$0A@$02$00@2@$05@Eigen@@@?$MatrixBase@V?$Matrix@M$02$00$0A@$02$00@Eigen@@@Eigen@@QAEAAV?$Matrix@M$02$00$0A@$02$00@1@ABV?$MatrixBase@V?$CoeffBasedProduct@ABV?$Matrix@M$02$02$00$02$02@Eigen@@ABV?$Matrix@M$02$00$0A@$02$00@2@$05@Eigen@@@1@@Z 0043e4b0 f i fluidsim.obj
 0002:00009510       ??$NullaryExpr@U?$scalar_constant_op@M@internal@Eigen@@@?$DenseBase@V?$Matrix@M$02$00$0A@$02$00@Eigen@@@Eigen@@SA?BV?$CwiseNullaryOp@U?$scalar_constant_op@M@internal@Eigen@@V?$Matrix@M$02$00$0A@$02$00@3@@1@HHABU?$scalar_constant_op@M@internal@1@@Z 0043e510 f i fluidsim.obj
 0002:00009540       ??$NullaryExpr@U?$scalar_constant_op@M@internal@Eigen@@@?$DenseBase@V?$Matrix@M$02$02$0A@$02$02@Eigen@@@Eigen@@SA?BV?$CwiseNullaryOp@U?$scalar_constant_op@M@internal@Eigen@@V?$Matrix@M$02$02$0A@$02$02@3@@1@HHABU?$scalar_constant_op@M@internal@1@@Z 0043e540 f i fluidsim.obj
 0002:00009570       ??$NullaryExpr@U?$scalar_identity_op@M@internal@Eigen@@@?$DenseBase@V?$Matrix@M$02$02$0A@$02$02@Eigen@@@Eigen@@SA?BV?$CwiseNullaryOp@U?$scalar_identity_op@M@internal@Eigen@@V?$Matrix@M$02$02$0A@$02$02@3@@1@HHABU?$scalar_identity_op@M@internal@1@@Z 0043e570 f i fluidsim.obj
 0002:000095a0       ??$_Adjust_heap@PAUParticle@@HU1@P6A_NU1@0@Z@std@@YAXPAUParticle@@HH$$QAU1@P6A_NU1@2@Z@Z 0043e5a0 f i fluidsim.obj
 0002:00009710       ??$_Allocate@D@std@@YAPADIPAD@Z 0043e710 f i fluidsim.obj
 0002:00009770       ??$_Allocate@U?$Vec@$02I@@@std@@YAPAU?$Vec@$02I@@IPAU1@@Z 0043e770 f i fluidsim.obj
 0002:000097d0       ??$_Allocate@U?$Vec@$02M@@@std@@YAPAU?$Vec@$02M@@IPAU1@@Z 0043e7d0 f i fluidsim.obj
 0002:00009830       ??$_Allocate@UParticle@@@std@@YAPAUParticle@@IPAU1@@Z 0043e830 f i fluidsim.obj
 0002:00009890       ??$_Destroy_range@U?$_Wrap_alloc@V?$allocator@U?$Vec@$02I@@@std@@@std@@@std@@YAXPAU?$Vec@$02I@@0AAU?$_Wrap_alloc@V?$allocator@U?$Vec@$02I@@@std@@@0@@Z 0043e890 f i fluidsim.obj
 0002:000098e0       ??$_Destroy_range@U?$_Wrap_alloc@V?$allocator@U?$Vec@$02I@@@std@@@std@@@std@@YAXPAU?$Vec@$02I@@0AAU?$_Wrap_alloc@V?$allocator@U?$Vec@$02I@@@std@@@0@U_Nonscalar_ptr_iterator_tag@0@@Z 0043e8e0 f i fluidsim.obj
 0002:00009920       ??$_Destroy_range@U?$_Wrap_alloc@V?$allocator@U?$Vec@$02M@@@std@@@std@@@std@@YAXPAU?$Vec@$02M@@0AAU?$_Wrap_alloc@V?$allocator@U?$Vec@$02M@@@std@@@0@@Z 0043e920 f i fluidsim.obj
 0002:00009970       ??$_Destroy_range@U?$_Wrap_alloc@V?$allocator@U?$Vec@$02M@@@std@@@std@@@std@@YAXPAU?$Vec@$02M@@0AAU?$_Wrap_alloc@V?$allocator@U?$Vec@$02M@@@std@@@0@U_Nonscalar_ptr_iterator_tag@0@@Z 0043e970 f i fluidsim.obj
 0002:000099b0       ??$_Destroy_range@U?$_Wrap_alloc@V?$allocator@UParticle@@@std@@@std@@@std@@YAXPAUParticle@@0AAU?$_Wrap_alloc@V?$allocator@UParticle@@@std@@@0@@Z 0043e9b0 f i fluidsim.obj
 0002:00009a00       ??$_Destroy_range@U?$_Wrap_alloc@V?$allocator@UParticle@@@std@@@std@@@std@@YAXPAUParticle@@0AAU?$_Wrap_alloc@V?$allocator@UParticle@@@std@@@0@U_Nonscalar_ptr_iterator_tag@0@@Z 0043ea00 f i fluidsim.obj
 0002:00009a40       ??$_Dist_type@PAUParticle@@@std@@YAPAHPAUParticle@@@Z 0043ea40 f i fluidsim.obj
 0002:00009a60       ??$_Fgetc@D@std@@YA_NAADPAU_iobuf@@@Z 0043ea60 f i fluidsim.obj
 0002:00009ab0       ??$_Fputc@D@std@@YA_NDPAU_iobuf@@@Z 0043eab0 f i fluidsim.obj
 0002:00009b00       ??$_Insertion_sort1@PAUParticle@@P6A_NU1@0@ZU1@@std@@YAXPAUParticle@@0P6A_NU1@1@Z0@Z 0043eb00 f i fluidsim.obj
 0002:00009cd0       ??$_Insertion_sort@PAUParticle@@P6A_NU1@0@Z@std@@YAXPAUParticle@@0P6A_NU1@1@Z@Z 0043ecd0 f i fluidsim.obj
 0002:00009d10       ??$_Make_heap@PAUParticle@@HU1@P6A_NU1@0@Z@std@@YAXPAUParticle@@0P6A_NU1@1@ZPAH0@Z 0043ed10 f i fluidsim.obj
 0002:00009de0       ??$_Med3@PAUParticle@@P6A_NU1@0@Z@std@@YAXPAUParticle@@00P6A_NU1@1@Z@Z 0043ede0 f i fluidsim.obj
 0002:00009ef0       ??$_Median@PAUParticle@@P6A_NU1@0@Z@std@@YAXPAUParticle@@00P6A_NU1@1@Z@Z 0043eef0 f i fluidsim.obj
 0002:0000a050       ??$_Move@AAM@std@@YA$$QAMAAM@Z 0043f050 f i fluidsim.obj
 0002:0000a070       ??$_Move@AAUParticle@@@std@@YA$$QAUParticle@@AAU1@@Z 0043f070 f i fluidsim.obj
 0002:0000a090       ??$_Move_backward@PAUParticle@@PAU1@@std@@YAPAUParticle@@PAU1@00@Z 0043f090 f i fluidsim.obj
 0002:0000a0e0       ??$_Move_backward@PAUParticle@@PAU1@@std@@YAPAUParticle@@PAU1@00U_Nonscalar_ptr_iterator_tag@0@@Z 0043f0e0 f i fluidsim.obj
 0002:0000a140       ??$_Pop_heap@PAUParticle@@HU1@P6A_NU1@0@Z@std@@YAXPAUParticle@@00$$QAU1@P6A_NU1@2@ZPAH@Z 0043f140 f i fluidsim.obj
 0002:0000a1b0       ??$_Pop_heap@PAUParticle@@P6A_NU1@0@Z@std@@YAXPAUParticle@@0P6A_NU1@1@Z@Z 0043f1b0 f i fluidsim.obj
 0002:0000a210       ??$_Pop_heap_0@PAUParticle@@U1@P6A_NU1@0@Z@std@@YAXPAUParticle@@0P6A_NU1@1@Z0@Z 0043f210 f i fluidsim.obj
 0002:0000a2c0       ??$_Pow_int@M@@YAMMH@Z     0043f2c0 f i fluidsim.obj
 0002:0000a380       ??$_Ptr_cat@U?$Vec@$02I@@U1@@std@@YA?AU_Nonscalar_ptr_iterator_tag@0@PAU?$Vec@$02I@@0@Z 0043f380 f i fluidsim.obj
 0002:0000a3a0       ??$_Ptr_cat@U?$Vec@$02M@@U1@@std@@YA?AU_Nonscalar_ptr_iterator_tag@0@PAU?$Vec@$02M@@0@Z 0043f3a0 f i fluidsim.obj
 0002:0000a3c0       ??$_Ptr_cat@UParticle@@U1@@std@@YA?AU_Nonscalar_ptr_iterator_tag@0@PAUParticle@@0@Z 0043f3c0 f i fluidsim.obj
 0002:0000a3e0       ??$_Push_heap@PAUParticle@@HU1@P6A_NU1@0@Z@std@@YAXPAUParticle@@HH$$QAU1@P6A_NU1@2@Z@Z 0043f3e0 f i fluidsim.obj
 0002:0000a4e0       ??$_Sort@PAUParticle@@HP6A_NU1@0@Z@std@@YAXPAUParticle@@0HP6A_NU1@1@Z@Z 0043f4e0 f i fluidsim.obj
 0002:0000a650       ??$_Sort_heap@PAUParticle@@P6A_NU1@0@Z@std@@YAXPAUParticle@@0P6A_NU1@1@Z@Z 0043f650 f i fluidsim.obj
 0002:0000a6b0       ??$_Umove@PAU?$Vec@$02I@@@?$vector@U?$Vec@$02I@@V?$allocator@U?$Vec@$02I@@@std@@@std@@IAEPAU?$Vec@$02I@@PAU2@00@Z 0043f6b0 f i fluidsim.obj
 0002:0000a700       ??$_Umove@PAU?$Vec@$02M@@@?$vector@U?$Vec@$02M@@V?$allocator@U?$Vec@$02M@@@std@@@std@@IAEPAU?$Vec@$02M@@PAU2@00@Z 0043f700 f i fluidsim.obj
 0002:0000a750       ??$_Umove@PAUParticle@@@?$vector@UParticle@@V?$allocator@UParticle@@@std@@@std@@IAEPAUParticle@@PAU2@00@Z 0043f750 f i fluidsim.obj
 0002:0000a7a0       ??$_Unchecked@PAUParticle@@@std@@YAPAUParticle@@PAU1@@Z 0043f7a0 f i fluidsim.obj
 0002:0000a7c0       ??$_Unchecked@V?$_Vector_val@U?$_Simple_types@UParticle@@@std@@@std@@@std@@YAPAUParticle@@V?$_Vector_iterator@V?$_Vector_val@U?$_Simple_types@UParticle@@@std@@@std@@@0@@Z 0043f7c0 f i fluidsim.obj
 0002:0000a7e0       ??$_Ungetc@D@std@@YA_NABDPAU_iobuf@@@Z 0043f7e0 f i fluidsim.obj
 0002:0000a830       ??$_Unguarded_partition@PAUParticle@@P6A_NU1@0@Z@std@@YA?AU?$pair@PAUParticle@@PAU1@@0@PAUParticle@@0P6A_NU2@1@Z@Z 0043f830 f i fluidsim.obj
 0002:0000ad40       ??$_Uninit_move@PAU?$Vec@$02I@@PAU1@V?$allocator@U?$Vec@$02I@@@std@@U1@@std@@YAPAU?$Vec@$02I@@PAU1@00AAU?$_Wrap_alloc@V?$allocator@U?$Vec@$02I@@@std@@@0@0U_Nonscalar_ptr_iterator_tag@0@@Z 0043fd40 f i fluidsim.obj
 0002:0000ae30       ??$_Uninit_move@PAU?$Vec@$02M@@PAU1@V?$allocator@U?$Vec@$02M@@@std@@U1@@std@@YAPAU?$Vec@$02M@@PAU1@00AAU?$_Wrap_alloc@V?$allocator@U?$Vec@$02M@@@std@@@0@0U_Nonscalar_ptr_iterator_tag@0@@Z 0043fe30 f i fluidsim.obj
 0002:0000af20       ??$_Uninit_move@PAUParticle@@PAU1@V?$allocator@UParticle@@@std@@U1@@std@@YAPAUParticle@@PAU1@00AAU?$_Wrap_alloc@V?$allocator@UParticle@@@std@@@0@0U_Nonscalar_ptr_iterator_tag@0@@Z 0043ff20 f i fluidsim.obj
 0002:0000b020       ??$_Uninitialized_move@PAU?$Vec@$02I@@PAU1@U?$_Wrap_alloc@V?$allocator@U?$Vec@$02I@@@std@@@std@@@std@@YAPAU?$Vec@$02I@@PAU1@00AAU?$_Wrap_alloc@V?$allocator@U?$Vec@$02I@@@std@@@0@@Z 00440020 f i fluidsim.obj
 0002:0000b080       ??$_Uninitialized_move@PAU?$Vec@$02M@@PAU1@U?$_Wrap_alloc@V?$allocator@U?$Vec@$02M@@@std@@@std@@@std@@YAPAU?$Vec@$02M@@PAU1@00AAU?$_Wrap_alloc@V?$allocator@U?$Vec@$02M@@@std@@@0@@Z 00440080 f i fluidsim.obj
 0002:0000b0e0       ??$_Uninitialized_move@PAUParticle@@PAU1@U?$_Wrap_alloc@V?$allocator@UParticle@@@std@@@std@@@std@@YAPAUParticle@@PAU1@00AAU?$_Wrap_alloc@V?$allocator@UParticle@@@std@@@0@@Z 004400e0 f i fluidsim.obj
 0002:0000b140       ??$_Val_type@PAU?$Vec@$02I@@@std@@YAPAU?$Vec@$02I@@PAU1@@Z 00440140 f i fluidsim.obj
 0002:0000b160       ??$_Val_type@PAU?$Vec@$02M@@@std@@YAPAU?$Vec@$02M@@PAU1@@Z 00440160 f i fluidsim.obj
 0002:0000b180       ??$_Val_type@PAUParticle@@@std@@YAPAUParticle@@PAU1@@Z 00440180 f i fluidsim.obj
 0002:0000b1a0       ??$_resize_to_match@V?$Block@$$CBV?$Matrix@M$02$02$0A@$02$02@Eigen@@$0?0$0?0$0A@@Eigen@@@?$PlainObjectBase@V?$Matrix@M$02$02$0A@$02$02@Eigen@@@Eigen@@IAEXABU?$EigenBase@V?$Block@$$CBV?$Matrix@M$02$02$0A@$02$02@Eigen@@$0?0$0?0$0A@@Eigen@@@1@@Z 004401a0 f i fluidsim.obj
 0002:0000b1d0       ??$_resize_to_match@V?$CoeffBasedProduct@$$CBV?$CwiseUnaryOp@U?$scalar_multiple_op@M@internal@Eigen@@$$CBV?$Matrix@M$02$02$0A@$02$02@3@@Eigen@@$$CBV?$Transpose@V?$Matrix@M$02$02$0A@$02$02@Eigen@@@2@$05@Eigen@@@?$PlainObjectBase@V?$Matrix@M$02$02$00$02$02@Eigen@@@Eigen@@IAEXABU?$EigenBase@V?$CoeffBasedProduct@$$CBV?$CwiseUnaryOp@U?$scalar_multiple_op@M@internal@Eigen@@$$CBV?$Matrix@M$02$02$0A@$02$02@3@@Eigen@@$$CBV?$Transpose@V?$Matrix@M$02$02$0A@$02$02@Eigen@@@2@$05@Eigen@@@1@@Z 004401d0 f i fluidsim.obj
 0002:0000b200       ??$_resize_to_match@V?$CoeffBasedProduct@ABV?$Matrix@M$02$02$00$02$02@Eigen@@ABV?$Matrix@M$02$00$0A@$02$00@2@$05@Eigen@@@?$PlainObjectBase@V?$Matrix@M$02$00$0A@$02$00@Eigen@@@Eigen@@IAEXABU?$EigenBase@V?$CoeffBasedProduct@ABV?$Matrix@M$02$02$00$02$02@Eigen@@ABV?$Matrix@M$02$00$0A@$02$00@2@$05@Eigen@@@1@@Z 00440200 f i fluidsim.obj
 0002:0000b230       ??$_resize_to_match@V?$CoeffBasedProduct@ABV?$Matrix@M$02$02$00$02$02@Eigen@@ABV?$Matrix@M$02$02$0A@$02$02@2@$05@Eigen@@@?$PlainObjectBase@V?$Matrix@M$02$02$0A@$02$02@Eigen@@@Eigen@@IAEXABU?$EigenBase@V?$CoeffBasedProduct@ABV?$Matrix@M$02$02$00$02$02@Eigen@@ABV?$Matrix@M$02$02$0A@$02$02@2@$05@Eigen@@@1@@Z 00440230 f i fluidsim.obj
 0002:0000b260       ??$_resize_to_match@V?$CoeffBasedProduct@ABV?$Matrix@M$02$02$0A@$02$02@Eigen@@$$CBV?$Transpose@V?$Matrix@M$02$02$0A@$02$02@Eigen@@@2@$05@Eigen@@@?$PlainObjectBase@V?$Matrix@M$02$02$00$02$02@Eigen@@@Eigen@@IAEXABU?$EigenBase@V?$CoeffBasedProduct@ABV?$Matrix@M$02$02$0A@$02$02@Eigen@@$$CBV?$Transpose@V?$Matrix@M$02$02$0A@$02$02@Eigen@@@2@$05@Eigen@@@1@@Z 00440260 f i fluidsim.obj
 0002:0000b290       ??$_resize_to_match@V?$CoeffBasedProduct@ABV?$Matrix@M$02$02$0A@$02$02@Eigen@@$$CBV?$Transpose@V?$Matrix@M$02$02$0A@$02$02@Eigen@@@2@$05@Eigen@@@?$PlainObjectBase@V?$Matrix@M$02$02$0A@$02$02@Eigen@@@Eigen@@IAEXABU?$EigenBase@V?$CoeffBasedProduct@ABV?$Matrix@M$02$02$0A@$02$02@Eigen@@$$CBV?$Transpose@V?$Matrix@M$02$02$0A@$02$02@Eigen@@@2@$05@Eigen@@@1@@Z 00440290 f i fluidsim.obj
 0002:0000b2c0       ??$_resize_to_match@V?$CoeffBasedProduct@ABV?$Matrix@M$02$02$0A@$02$02@Eigen@@ABV12@$05@Eigen@@@?$PlainObjectBase@V?$Matrix@M$02$02$0A@$02$02@Eigen@@@Eigen@@IAEXABU?$EigenBase@V?$CoeffBasedProduct@ABV?$Matrix@M$02$02$0A@$02$02@Eigen@@ABV12@$05@Eigen@@@1@@Z 004402c0 f i fluidsim.obj
 0002:0000b2f0       ??$_resize_to_match@V?$CoeffBasedProduct@ABV?$Matrix@M$02$02$0A@$02$02@Eigen@@ABV?$Matrix@M$02$00$0A@$02$00@2@$05@Eigen@@@?$PlainObjectBase@V?$Matrix@M$02$00$0A@$02$00@Eigen@@@Eigen@@IAEXABU?$EigenBase@V?$CoeffBasedProduct@ABV?$Matrix@M$02$02$0A@$02$02@Eigen@@ABV?$Matrix@M$02$00$0A@$02$00@2@$05@Eigen@@@1@@Z 004402f0 f i fluidsim.obj
 0002:0000b320       ??$_resize_to_match@V?$CoeffBasedProduct@ABV?$Matrix@M$02$02$0A@$02$02@Eigen@@V12@$05@Eigen@@@?$PlainObjectBase@V?$Matrix@M$02$02$0A@$02$02@Eigen@@@Eigen@@IAEXABU?$EigenBase@V?$CoeffBasedProduct@ABV?$Matrix@M$02$02$0A@$02$02@Eigen@@V12@$05@Eigen@@@1@@Z 00440320 f i fluidsim.obj
 0002:0000b350       ??$_resize_to_match@V?$CwiseBinaryOp@U?$scalar_difference_op@M@internal@Eigen@@$$CBV?$Matrix@M$02$02$0A@$02$02@3@$$CBV?$CwiseNullaryOp@U?$scalar_identity_op@M@internal@Eigen@@V?$Matrix@M$02$02$0A@$02$02@3@@3@@Eigen@@@?$PlainObjectBase@V?$Matrix@M$02$02$0A@$02$02@Eigen@@@Eigen@@IAEXABU?$EigenBase@V?$CwiseBinaryOp@U?$scalar_difference_op@M@internal@Eigen@@$$CBV?$Matrix@M$02$02$0A@$02$02@3@$$CBV?$CwiseNullaryOp@U?$scalar_identity_op@M@internal@Eigen@@V?$Matrix@M$02$02$0A@$02$02@3@@3@@Eigen@@@1@@Z 00440350 f i fluidsim.obj
 0002:0000b380       ??$_resize_to_match@V?$CwiseNullaryOp@U?$scalar_constant_op@M@internal@Eigen@@V?$Matrix@M$02$00$0A@$02$00@3@@Eigen@@@?$PlainObjectBase@V?$Matrix@M$02$00$0A@$02$00@Eigen@@@Eigen@@IAEXABU?$EigenBase@V?$CwiseNullaryOp@U?$scalar_constant_op@M@internal@Eigen@@V?$Matrix@M$02$00$0A@$02$00@3@@Eigen@@@1@@Z 00440380 f i fluidsim.obj
 0002:0000b3b0       ??$_resize_to_match@V?$CwiseNullaryOp@U?$scalar_constant_op@M@internal@Eigen@@V?$Matrix@M$02$02$0A@$02$02@3@@Eigen@@@?$PlainObjectBase@V?$Matrix@M$02$02$0A@$02$02@Eigen@@@Eigen@@IAEXABU?$EigenBase@V?$CwiseNullaryOp@U?$scalar_constant_op@M@internal@Eigen@@V?$Matrix@M$02$02$0A@$02$02@3@@Eigen@@@1@@Z 004403b0 f i fluidsim.obj
 0002:0000b3e0       ??$_resize_to_match@V?$CwiseNullaryOp@U?$scalar_identity_op@M@internal@Eigen@@V?$Matrix@M$02$02$0A@$02$02@3@@Eigen@@@?$PlainObjectBase@V?$Matrix@M$02$02$0A@$02$02@Eigen@@@Eigen@@IAEXABU?$EigenBase@V?$CwiseNullaryOp@U?$scalar_identity_op@M@internal@Eigen@@V?$Matrix@M$02$02$0A@$02$02@3@@Eigen@@@1@@Z 004403e0 f i fluidsim.obj
 0002:0000b410       ??$_resize_to_match@V?$CwiseUnaryOp@U?$scalar_multiple_op@M@internal@Eigen@@$$CBV?$CwiseBinaryOp@U?$scalar_difference_op@M@internal@Eigen@@$$CBV?$Matrix@M$02$02$0A@$02$02@3@$$CBV43@@3@@Eigen@@@?$PlainObjectBase@V?$Matrix@M$02$02$0A@$02$02@Eigen@@@Eigen@@IAEXABU?$EigenBase@V?$CwiseUnaryOp@U?$scalar_multiple_op@M@internal@Eigen@@$$CBV?$CwiseBinaryOp@U?$scalar_difference_op@M@internal@Eigen@@$$CBV?$Matrix@M$02$02$0A@$02$02@3@$$CBV43@@3@@Eigen@@@1@@Z 00440410 f i fluidsim.obj
 0002:0000b440       ??$_resize_to_match@V?$Matrix@M$02$00$0A@$02$00@Eigen@@@?$PlainObjectBase@V?$Matrix@M$02$00$0A@$02$00@Eigen@@@Eigen@@IAEXABU?$EigenBase@V?$Matrix@M$02$00$0A@$02$00@Eigen@@@1@@Z 00440440 f i fluidsim.obj
 0002:0000b470       ??$_resize_to_match@V?$Matrix@M$02$02$00$02$02@Eigen@@@?$PlainObjectBase@V?$Matrix@M$02$02$0A@$02$02@Eigen@@@Eigen@@IAEXABU?$EigenBase@V?$Matrix@M$02$02$00$02$02@Eigen@@@1@@Z 00440470 f i fluidsim.obj
 0002:0000b4a0       ??$_resize_to_match@V?$Matrix@M$02$02$0A@$02$02@Eigen@@@?$PlainObjectBase@V?$Matrix@M$02$02$0A@$02$02@Eigen@@@Eigen@@IAEXABU?$EigenBase@V?$Matrix@M$02$02$0A@$02$02@Eigen@@@1@@Z 004404a0 f i fluidsim.obj
 0002:0000b4d0       ??$_resize_to_match@V?$Transpose@V?$Matrix@M$02$02$0A@$02$02@Eigen@@@Eigen@@@?$PlainObjectBase@V?$Matrix@M$02$02$0A@$02$02@Eigen@@@Eigen@@IAEXABU?$EigenBase@V?$Transpose@V?$Matrix@M$02$02$0A@$02$02@Eigen@@@Eigen@@@1@@Z 004404d0 f i fluidsim.obj
 0002:0000b500       ??$_set@V?$Block@$$CBV?$Matrix@M$02$02$0A@$02$02@Eigen@@$0?0$0?0$0A@@Eigen@@@?$PlainObjectBase@V?$Matrix@M$02$02$0A@$02$02@Eigen@@@Eigen@@IAEAAV?$Matrix@M$02$02$0A@$02$02@1@ABV?$DenseBase@V?$Block@$$CBV?$Matrix@M$02$02$0A@$02$02@Eigen@@$0?0$0?0$0A@@Eigen@@@1@@Z 00440500 f i fluidsim.obj
 0002:0000b550       ??$_set@V?$CoeffBasedProduct@ABV?$Matrix@M$02$02$00$02$02@Eigen@@ABV?$Matrix@M$02$02$0A@$02$02@2@$05@Eigen@@@?$PlainObjectBase@V?$Matrix@M$02$02$0A@$02$02@Eigen@@@Eigen@@IAEAAV?$Matrix@M$02$02$0A@$02$02@1@ABV?$DenseBase@V?$CoeffBasedProduct@ABV?$Matrix@M$02$02$00$02$02@Eigen@@ABV?$Matrix@M$02$02$0A@$02$02@2@$05@Eigen@@@1@@Z 00440550 f i fluidsim.obj
 0002:0000b5a0       ??$_set@V?$CoeffBasedProduct@ABV?$Matrix@M$02$02$0A@$02$02@Eigen@@$$CBV?$Transpose@V?$Matrix@M$02$02$0A@$02$02@Eigen@@@2@$05@Eigen@@@?$PlainObjectBase@V?$Matrix@M$02$02$0A@$02$02@Eigen@@@Eigen@@IAEAAV?$Matrix@M$02$02$0A@$02$02@1@ABV?$DenseBase@V?$CoeffBasedProduct@ABV?$Matrix@M$02$02$0A@$02$02@Eigen@@$$CBV?$Transpose@V?$Matrix@M$02$02$0A@$02$02@Eigen@@@2@$05@Eigen@@@1@@Z 004405a0 f i fluidsim.obj
 0002:0000b5f0       ??$_set@V?$CoeffBasedProduct@ABV?$Matrix@M$02$02$0A@$02$02@Eigen@@ABV12@$05@Eigen@@@?$PlainObjectBase@V?$Matrix@M$02$02$0A@$02$02@Eigen@@@Eigen@@IAEAAV?$Matrix@M$02$02$0A@$02$02@1@ABV?$DenseBase@V?$CoeffBasedProduct@ABV?$Matrix@M$02$02$0A@$02$02@Eigen@@ABV12@$05@Eigen@@@1@@Z 004405f0 f i fluidsim.obj
 0002:0000b640       ??$_set@V?$CwiseNullaryOp@U?$scalar_identity_op@M@internal@Eigen@@V?$Matrix@M$02$02$0A@$02$02@3@@Eigen@@@?$PlainObjectBase@V?$Matrix@M$02$02$0A@$02$02@Eigen@@@Eigen@@IAEAAV?$Matrix@M$02$02$0A@$02$02@1@ABV?$DenseBase@V?$CwiseNullaryOp@U?$scalar_identity_op@M@internal@Eigen@@V?$Matrix@M$02$02$0A@$02$02@3@@Eigen@@@1@@Z 00440640 f i fluidsim.obj
 0002:0000b690       ??$_set@V?$Matrix@M$02$02$0A@$02$02@Eigen@@@?$PlainObjectBase@V?$Matrix@M$02$02$0A@$02$02@Eigen@@@Eigen@@IAEAAV?$Matrix@M$02$02$0A@$02$02@1@ABV?$DenseBase@V?$Matrix@M$02$02$0A@$02$02@Eigen@@@1@@Z 00440690 f i fluidsim.obj
 0002:0000b6e0       ??$_set_noalias@V?$Block@$$CBV?$Matrix@M$02$02$0A@$02$02@Eigen@@$0?0$0?0$0A@@Eigen@@@?$PlainObjectBase@V?$Matrix@M$02$02$0A@$02$02@Eigen@@@Eigen@@IAEAAV?$Matrix@M$02$02$0A@$02$02@1@ABV?$DenseBase@V?$Block@$$CBV?$Matrix@M$02$02$0A@$02$02@Eigen@@$0?0$0?0$0A@@Eigen@@@1@@Z 004406e0 f i fluidsim.obj
 0002:0000b720       ??$_set_noalias@V?$CoeffBasedProduct@ABV?$Matrix@M$02$02$00$02$02@Eigen@@ABV?$Matrix@M$02$02$0A@$02$02@2@$05@Eigen@@@?$PlainObjectBase@V?$Matrix@M$02$02$0A@$02$02@Eigen@@@Eigen@@IAEAAV?$Matrix@M$02$02$0A@$02$02@1@ABV?$DenseBase@V?$CoeffBasedProduct@ABV?$Matrix@M$02$02$00$02$02@Eigen@@ABV?$Matrix@M$02$02$0A@$02$02@2@$05@Eigen@@@1@@Z 00440720 f i fluidsim.obj
 0002:0000b760       ??$_set_noalias@V?$CoeffBasedProduct@ABV?$Matrix@M$02$02$0A@$02$02@Eigen@@$$CBV?$Transpose@V?$Matrix@M$02$02$0A@$02$02@Eigen@@@2@$05@Eigen@@@?$PlainObjectBase@V?$Matrix@M$02$02$00$02$02@Eigen@@@Eigen@@IAEAAV?$Matrix@M$02$02$00$02$02@1@ABV?$DenseBase@V?$CoeffBasedProduct@ABV?$Matrix@M$02$02$0A@$02$02@Eigen@@$$CBV?$Transpose@V?$Matrix@M$02$02$0A@$02$02@Eigen@@@2@$05@Eigen@@@1@@Z 00440760 f i fluidsim.obj
 0002:0000b7a0       ??$_set_noalias@V?$CoeffBasedProduct@ABV?$Matrix@M$02$02$0A@$02$02@Eigen@@$$CBV?$Transpose@V?$Matrix@M$02$02$0A@$02$02@Eigen@@@2@$05@Eigen@@@?$PlainObjectBase@V?$Matrix@M$02$02$0A@$02$02@Eigen@@@Eigen@@IAEAAV?$Matrix@M$02$02$0A@$02$02@1@ABV?$DenseBase@V?$CoeffBasedProduct@ABV?$Matrix@M$02$02$0A@$02$02@Eigen@@$$CBV?$Transpose@V?$Matrix@M$02$02$0A@$02$02@Eigen@@@2@$05@Eigen@@@1@@Z 004407a0 f i fluidsim.obj
 0002:0000b7e0       ??$_set_noalias@V?$CoeffBasedProduct@ABV?$Matrix@M$02$02$0A@$02$02@Eigen@@ABV12@$05@Eigen@@@?$PlainObjectBase@V?$Matrix@M$02$02$0A@$02$02@Eigen@@@Eigen@@IAEAAV?$Matrix@M$02$02$0A@$02$02@1@ABV?$DenseBase@V?$CoeffBasedProduct@ABV?$Matrix@M$02$02$0A@$02$02@Eigen@@ABV12@$05@Eigen@@@1@@Z 004407e0 f i fluidsim.obj
 0002:0000b820       ??$_set_noalias@V?$CoeffBasedProduct@ABV?$Matrix@M$02$02$0A@$02$02@Eigen@@ABV?$Matrix@M$02$00$0A@$02$00@2@$05@Eigen@@@?$PlainObjectBase@V?$Matrix@M$02$00$0A@$02$00@Eigen@@@Eigen@@IAEAAV?$Matrix@M$02$00$0A@$02$00@1@ABV?$DenseBase@V?$CoeffBasedProduct@ABV?$Matrix@M$02$02$0A@$02$02@Eigen@@ABV?$Matrix@M$02$00$0A@$02$00@2@$05@Eigen@@@1@@Z 00440820 f i fluidsim.obj
 0002:0000b860       ??$_set_noalias@V?$CwiseBinaryOp@U?$scalar_difference_op@M@internal@Eigen@@$$CBV?$Matrix@M$02$02$0A@$02$02@3@$$CBV?$CwiseNullaryOp@U?$scalar_identity_op@M@internal@Eigen@@V?$Matrix@M$02$02$0A@$02$02@3@@3@@Eigen@@@?$PlainObjectBase@V?$Matrix@M$02$02$0A@$02$02@Eigen@@@Eigen@@IAEAAV?$Matrix@M$02$02$0A@$02$02@1@ABV?$DenseBase@V?$CwiseBinaryOp@U?$scalar_difference_op@M@internal@Eigen@@$$CBV?$Matrix@M$02$02$0A@$02$02@3@$$CBV?$CwiseNullaryOp@U?$scalar_identity_op@M@internal@Eigen@@V?$Matrix@M$02$02$0A@$02$02@3@@3@@Eigen@@@1@@Z 00440860 f i fluidsim.obj
 0002:0000b8a0       ??$_set_noalias@V?$CwiseNullaryOp@U?$scalar_constant_op@M@internal@Eigen@@V?$Matrix@M$02$00$0A@$02$00@3@@Eigen@@@?$PlainObjectBase@V?$Matrix@M$02$00$0A@$02$00@Eigen@@@Eigen@@IAEAAV?$Matrix@M$02$00$0A@$02$00@1@ABV?$DenseBase@V?$CwiseNullaryOp@U?$scalar_constant_op@M@internal@Eigen@@V?$Matrix@M$02$00$0A@$02$00@3@@Eigen@@@1@@Z 004408a0 f i fluidsim.obj
 0002:0000b8e0       ??$_set_noalias@V?$CwiseNullaryOp@U?$scalar_constant_op@M@internal@Eigen@@V?$Matrix@M$02$02$0A@$02$02@3@@Eigen@@@?$PlainObjectBase@V?$Matrix@M$02$02$0A@$02$02@Eigen@@@Eigen@@IAEAAV?$Matrix@M$02$02$0A@$02$02@1@ABV?$DenseBase@V?$CwiseNullaryOp@U?$scalar_constant_op@M@internal@Eigen@@V?$Matrix@M$02$02$0A@$02$02@3@@Eigen@@@1@@Z 004408e0 f i fluidsim.obj
 0002:0000b920       ??$_set_noalias@V?$CwiseNullaryOp@U?$scalar_identity_op@M@internal@Eigen@@V?$Matrix@M$02$02$0A@$02$02@3@@Eigen@@@?$PlainObjectBase@V?$Matrix@M$02$02$0A@$02$02@Eigen@@@Eigen@@IAEAAV?$Matrix@M$02$02$0A@$02$02@1@ABV?$DenseBase@V?$CwiseNullaryOp@U?$scalar_identity_op@M@internal@Eigen@@V?$Matrix@M$02$02$0A@$02$02@3@@Eigen@@@1@@Z 00440920 f i fluidsim.obj
 0002:0000b960       ??$_set_noalias@V?$CwiseUnaryOp@U?$scalar_multiple_op@M@internal@Eigen@@$$CBV?$CwiseBinaryOp@U?$scalar_difference_op@M@internal@Eigen@@$$CBV?$Matrix@M$02$02$0A@$02$02@3@$$CBV43@@3@@Eigen@@@?$PlainObjectBase@V?$Matrix@M$02$02$0A@$02$02@Eigen@@@Eigen@@IAEAAV?$Matrix@M$02$02$0A@$02$02@1@ABV?$DenseBase@V?$CwiseUnaryOp@U?$scalar_multiple_op@M@internal@Eigen@@$$CBV?$CwiseBinaryOp@U?$scalar_difference_op@M@internal@Eigen@@$$CBV?$Matrix@M$02$02$0A@$02$02@3@$$CBV43@@3@@Eigen@@@1@@Z 00440960 f i fluidsim.obj
 0002:0000b9a0       ??$_set_noalias@V?$Matrix@M$02$00$0A@$02$00@Eigen@@@?$PlainObjectBase@V?$Matrix@M$02$00$0A@$02$00@Eigen@@@Eigen@@IAEAAV?$Matrix@M$02$00$0A@$02$00@1@ABV?$DenseBase@V?$Matrix@M$02$00$0A@$02$00@Eigen@@@1@@Z 004409a0 f i fluidsim.obj
 0002:0000b9e0       ??$_set_noalias@V?$Matrix@M$02$02$00$02$02@Eigen@@@?$PlainObjectBase@V?$Matrix@M$02$02$0A@$02$02@Eigen@@@Eigen@@IAEAAV?$Matrix@M$02$02$0A@$02$02@1@ABV?$DenseBase@V?$Matrix@M$02$02$00$02$02@Eigen@@@1@@Z 004409e0 f i fluidsim.obj
 0002:0000ba20       ??$_set_noalias@V?$Matrix@M$02$02$0A@$02$02@Eigen@@@?$PlainObjectBase@V?$Matrix@M$02$02$0A@$02$02@Eigen@@@Eigen@@IAEAAV?$Matrix@M$02$02$0A@$02$02@1@ABV?$DenseBase@V?$Matrix@M$02$02$0A@$02$02@Eigen@@@1@@Z 00440a20 f i fluidsim.obj
 0002:0000ba60       ??$_set_noalias@V?$Transpose@V?$Matrix@M$02$02$0A@$02$02@Eigen@@@Eigen@@@?$PlainObjectBase@V?$Matrix@M$02$02$0A@$02$02@Eigen@@@Eigen@@IAEAAV?$Matrix@M$02$02$0A@$02$02@1@ABV?$DenseBase@V?$Transpose@V?$Matrix@M$02$02$0A@$02$02@Eigen@@@Eigen@@@1@@Z 00440a60 f i fluidsim.obj
 0002:0000baa0       ??$_set_selector@V?$Block@$$CBV?$Matrix@M$02$02$0A@$02$02@Eigen@@$0?0$0?0$0A@@Eigen@@@?$PlainObjectBase@V?$Matrix@M$02$02$0A@$02$02@Eigen@@@Eigen@@IAEXABV?$Block@$$CBV?$Matrix@M$02$02$0A@$02$02@Eigen@@$0?0$0?0$0A@@1@ABUfalse_type@internal@1@@Z 00440aa0 f i fluidsim.obj
 0002:0000bad0       ??$_set_selector@V?$CoeffBasedProduct@ABV?$Matrix@M$02$02$00$02$02@Eigen@@ABV?$Matrix@M$02$02$0A@$02$02@2@$05@Eigen@@@?$PlainObjectBase@V?$Matrix@M$02$02$0A@$02$02@Eigen@@@Eigen@@IAEXABV?$CoeffBasedProduct@ABV?$Matrix@M$02$02$00$02$02@Eigen@@ABV?$Matrix@M$02$02$0A@$02$02@2@$05@1@ABUtrue_type@internal@1@@Z 00440ad0 f i fluidsim.obj
 0002:0000bb30       ??$_set_selector@V?$CoeffBasedProduct@ABV?$Matrix@M$02$02$0A@$02$02@Eigen@@$$CBV?$Transpose@V?$Matrix@M$02$02$0A@$02$02@Eigen@@@2@$05@Eigen@@@?$PlainObjectBase@V?$Matrix@M$02$02$0A@$02$02@Eigen@@@Eigen@@IAEXABV?$CoeffBasedProduct@ABV?$Matrix@M$02$02$0A@$02$02@Eigen@@$$CBV?$Transpose@V?$Matrix@M$02$02$0A@$02$02@Eigen@@@2@$05@1@ABUtrue_type@internal@1@@Z 00440b30 f i fluidsim.obj
 0002:0000bb90       ??$_set_selector@V?$CoeffBasedProduct@ABV?$Matrix@M$02$02$0A@$02$02@Eigen@@ABV12@$05@Eigen@@@?$PlainObjectBase@V?$Matrix@M$02$02$0A@$02$02@Eigen@@@Eigen@@IAEXABV?$CoeffBasedProduct@ABV?$Matrix@M$02$02$0A@$02$02@Eigen@@ABV12@$05@1@ABUtrue_type@internal@1@@Z 00440b90 f i fluidsim.obj
 0002:0000bbf0       ??$_set_selector@V?$CwiseNullaryOp@U?$scalar_identity_op@M@internal@Eigen@@V?$Matrix@M$02$02$0A@$02$02@3@@Eigen@@@?$PlainObjectBase@V?$Matrix@M$02$02$0A@$02$02@Eigen@@@Eigen@@IAEXABV?$CwiseNullaryOp@U?$scalar_identity_op@M@internal@Eigen@@V?$Matrix@M$02$02$0A@$02$02@3@@1@ABUfalse_type@internal@1@@Z 00440bf0 f i fluidsim.obj
 0002:0000bc40       ??$_set_selector@V?$Matrix@M$02$02$0A@$02$02@Eigen@@@?$PlainObjectBase@V?$Matrix@M$02$02$0A@$02$02@Eigen@@@Eigen@@IAEXABV?$Matrix@M$02$02$0A@$02$02@1@ABUfalse_type@internal@1@@Z 00440c40 f i fluidsim.obj
 0002:0000bc70       ??$abs2@M@numext@Eigen@@YAMABM@Z 00440c70 f i fluidsim.obj
 0002:0000bca0       ??$addressof@$$CBU?$Vec@$02M@@@std@@YAPBU?$Vec@$02M@@ABU1@@Z 00440ca0 f i fluidsim.obj
 0002:0000bcc0       ??$addressof@D@std@@YAPADAAD@Z 00440cc0 f i fluidsim.obj
 0002:0000bce0       ??$addressof@U?$Vec@$02I@@@std@@YAPAU?$Vec@$02I@@AAU1@@Z 00440ce0 f i fluidsim.obj
 0002:0000bd00       ??$addressof@UParticle@@@std@@YAPAUParticle@@AAU1@@Z 00440d00 f i fluidsim.obj
 0002:0000bd20       ??$applyOnTheLeft@M@?$MatrixBase@V?$Matrix@M$01$01$0A@$01$01@Eigen@@@Eigen@@QAEXHHABV?$JacobiRotation@M@1@@Z 00440d20 f i fluidsim.obj
 0002:0000bd80       ??$applyOnTheLeft@M@?$MatrixBase@V?$Matrix@M$02$02$0A@$02$02@Eigen@@@Eigen@@QAEXHHABV?$JacobiRotation@M@1@@Z 00440d80 f i fluidsim.obj
 0002:0000bde0       ??$applyOnTheRight@M@?$MatrixBase@V?$Matrix@M$02$02$0A@$02$02@Eigen@@@Eigen@@QAEXHHABV?$JacobiRotation@M@1@@Z 00440de0 f i fluidsim.obj
 0002:0000be50       ??$apply_rotation_in_the_plane@V?$Block@V?$Matrix@M$01$01$0A@$01$01@Eigen@@$00$01$0A@@Eigen@@V12@M@internal@Eigen@@YAXAAV?$Block@V?$Matrix@M$01$01$0A@$01$01@Eigen@@$00$01$0A@@1@0ABV?$JacobiRotation@M@1@@Z 00440e50 f i fluidsim.obj
 0002:0000cbf0       ??$apply_rotation_in_the_plane@V?$Block@V?$Matrix@M$02$02$0A@$02$02@Eigen@@$00$02$0A@@Eigen@@V12@M@internal@Eigen@@YAXAAV?$Block@V?$Matrix@M$02$02$0A@$02$02@Eigen@@$00$02$0A@@1@0ABV?$JacobiRotation@M@1@@Z 00441bf0 f i fluidsim.obj
 0002:0000d990       ??$apply_rotation_in_the_plane@V?$Block@V?$Matrix@M$02$02$0A@$02$02@Eigen@@$02$00$00@Eigen@@V12@M@internal@Eigen@@YAXAAV?$Block@V?$Matrix@M$02$02$0A@$02$02@Eigen@@$02$00$00@1@0ABV?$JacobiRotation@M@1@@Z 00442990 f i fluidsim.obj
 0002:0000e730       ??$bilerp@MM@@YAMABM000MM@Z 00443730 f i fluidsim.obj
 0002:0000e7b0       ??$bruteforce_det3_helper@V?$Matrix@M$02$02$0A@$02$02@Eigen@@@internal@Eigen@@YA?BMABV?$MatrixBase@V?$Matrix@M$02$02$0A@$02$02@Eigen@@@1@HHH@Z 004437b0 f i fluidsim.obj
 0002:0000e860       ??$cast@MH@internal@Eigen@@YAHABM@Z 00443860 f i fluidsim.obj
 0002:0000e890       ??$checkTransposeAliasing@V?$Block@$$CBV?$Matrix@M$02$02$0A@$02$02@Eigen@@$0?0$0?0$0A@@Eigen@@@?$DenseBase@V?$Matrix@M$02$02$0A@$02$02@Eigen@@@Eigen@@IBEXABV?$Block@$$CBV?$Matrix@M$02$02$0A@$02$02@Eigen@@$0?0$0?0$0A@@1@@Z 00443890 f i fluidsim.obj
 0002:0000e8d0       ??$checkTransposeAliasing@V?$Block@V?$Matrix@M$02$02$0A@$02$02@Eigen@@$02$00$00@Eigen@@@?$DenseBase@V?$SwapWrapper@V?$Block@V?$Matrix@M$02$02$0A@$02$02@Eigen@@$02$00$00@Eigen@@@Eigen@@@Eigen@@IBEXABV?$Block@V?$Matrix@M$02$02$0A@$02$02@Eigen@@$02$00$00@1@@Z 004438d0 f i fluidsim.obj
 0002:0000e910       ??$checkTransposeAliasing@V?$CoeffBasedProduct@$$CBV?$CwiseUnaryOp@U?$scalar_multiple_op@M@internal@Eigen@@$$CBV?$Matrix@M$02$00$0A@$02$00@3@@Eigen@@$$CBV?$Transpose@V?$Matrix@M$02$00$0A@$02$00@Eigen@@@2@$0BAA@@Eigen@@@?$DenseBase@V?$SelfCwiseBinaryOp@U?$scalar_sum_op@M@internal@Eigen@@V?$Matrix@M$02$02$0A@$02$02@3@V?$CoeffBasedProduct@$$CBV?$CwiseUnaryOp@U?$scalar_multiple_op@M@internal@Eigen@@$$CBV?$Matrix@M$02$00$0A@$02$00@3@@Eigen@@$$CBV?$Transpose@V?$Matrix@M$02$00$0A@$02$00@Eigen@@@2@$0BAA@@3@@Eigen@@@Eigen@@IBEXABV?$CoeffBasedProduct@$$CBV?$CwiseUnaryOp@U?$scalar_multiple_op@M@internal@Eigen@@$$CBV?$Matrix@M$02$00$0A@$02$00@3@@Eigen@@$$CBV?$Transpose@V?$Matrix@M$02$00$0A@$02$00@Eigen@@@2@$0BAA@@1@@Z 00443910 f i fluidsim.obj
 0002:0000e950       ??$checkTransposeAliasing@V?$CoeffBasedProduct@$$CBV?$CwiseUnaryOp@U?$scalar_multiple_op@M@internal@Eigen@@$$CBV?$Matrix@M$02$02$0A@$02$02@3@@Eigen@@$$CBV?$Transpose@V?$Matrix@M$02$02$0A@$02$02@Eigen@@@2@$05@Eigen@@@?$DenseBase@V?$Matrix@M$02$02$00$02$02@Eigen@@@Eigen@@IBEXABV?$CoeffBasedProduct@$$CBV?$CwiseUnaryOp@U?$scalar_multiple_op@M@internal@Eigen@@$$CBV?$Matrix@M$02$02$0A@$02$02@3@@Eigen@@$$CBV?$Transpose@V?$Matrix@M$02$02$0A@$02$02@Eigen@@@2@$05@1@@Z 00443950 f i fluidsim.obj
 0002:0000e990       ??$checkTransposeAliasing@V?$CoeffBasedProduct@ABV?$Matrix@M$02$02$00$02$02@Eigen@@ABV?$Matrix@M$02$00$0A@$02$00@2@$05@Eigen@@@?$DenseBase@V?$Matrix@M$02$00$0A@$02$00@Eigen@@@Eigen@@IBEXABV?$CoeffBasedProduct@ABV?$Matrix@M$02$02$00$02$02@Eigen@@ABV?$Matrix@M$02$00$0A@$02$00@2@$05@1@@Z 00443990 f i fluidsim.obj
 0002:0000e9d0       ??$checkTransposeAliasing@V?$CoeffBasedProduct@ABV?$Matrix@M$02$02$00$02$02@Eigen@@ABV?$Matrix@M$02$02$0A@$02$02@2@$05@Eigen@@@?$DenseBase@V?$Matrix@M$02$02$0A@$02$02@Eigen@@@Eigen@@IBEXABV?$CoeffBasedProduct@ABV?$Matrix@M$02$02$00$02$02@Eigen@@ABV?$Matrix@M$02$02$0A@$02$02@2@$05@1@@Z 004439d0 f i fluidsim.obj
 0002:0000ea10       ??$checkTransposeAliasing@V?$CoeffBasedProduct@ABV?$Matrix@M$02$02$0A@$02$02@Eigen@@$$CBV?$Transpose@V?$Matrix@M$02$02$0A@$02$02@Eigen@@@2@$05@Eigen@@@?$DenseBase@V?$Matrix@M$02$02$00$02$02@Eigen@@@Eigen@@IBEXABV?$CoeffBasedProduct@ABV?$Matrix@M$02$02$0A@$02$02@Eigen@@$$CBV?$Transpose@V?$Matrix@M$02$02$0A@$02$02@Eigen@@@2@$05@1@@Z 00443a10 f i fluidsim.obj
 0002:0000ea50       ??$checkTransposeAliasing@V?$CoeffBasedProduct@ABV?$Matrix@M$02$02$0A@$02$02@Eigen@@$$CBV?$Transpose@V?$Matrix@M$02$02$0A@$02$02@Eigen@@@2@$05@Eigen@@@?$DenseBase@V?$Matrix@M$02$02$0A@$02$02@Eigen@@@Eigen@@IBEXABV?$CoeffBasedProduct@ABV?$Matrix@M$02$02$0A@$02$02@Eigen@@$$CBV?$Transpose@V?$Matrix@M$02$02$0A@$02$02@Eigen@@@2@$05@1@@Z 00443a50 f i fluidsim.obj
 0002:0000ea90       ??$checkTransposeAliasing@V?$CoeffBasedProduct@ABV?$Matrix@M$02$02$0A@$02$02@Eigen@@ABV12@$05@Eigen@@@?$DenseBase@V?$Matrix@M$02$02$0A@$02$02@Eigen@@@Eigen@@IBEXABV?$CoeffBasedProduct@ABV?$Matrix@M$02$02$0A@$02$02@Eigen@@ABV12@$05@1@@Z 00443a90 f i fluidsim.obj
 0002:0000ead0       ??$checkTransposeAliasing@V?$CoeffBasedProduct@ABV?$Matrix@M$02$02$0A@$02$02@Eigen@@ABV?$Matrix@M$02$00$0A@$02$00@2@$05@Eigen@@@?$DenseBase@V?$Matrix@M$02$00$0A@$02$00@Eigen@@@Eigen@@IBEXABV?$CoeffBasedProduct@ABV?$Matrix@M$02$02$0A@$02$02@Eigen@@ABV?$Matrix@M$02$00$0A@$02$00@2@$05@1@@Z 00443ad0 f i fluidsim.obj
 0002:0000eb10       ??$checkTransposeAliasing@V?$CoeffBasedProduct@ABV?$Matrix@M$02$02$0A@$02$02@Eigen@@V12@$05@Eigen@@@?$DenseBase@V?$Matrix@M$02$02$0A@$02$02@Eigen@@@Eigen@@IBEXABV?$CoeffBasedProduct@ABV?$Matrix@M$02$02$0A@$02$02@Eigen@@V12@$05@1@@Z 00443b10 f i fluidsim.obj
 0002:0000eb50       ??$checkTransposeAliasing@V?$CwiseBinaryOp@U?$scalar_difference_op@M@internal@Eigen@@$$CBV?$Matrix@M$02$02$0A@$02$02@3@$$CBV?$CwiseNullaryOp@U?$scalar_identity_op@M@internal@Eigen@@V?$Matrix@M$02$02$0A@$02$02@3@@3@@Eigen@@@?$DenseBase@V?$Matrix@M$02$02$0A@$02$02@Eigen@@@Eigen@@IBEXABV?$CwiseBinaryOp@U?$scalar_difference_op@M@internal@Eigen@@$$CBV?$Matrix@M$02$02$0A@$02$02@3@$$CBV?$CwiseNullaryOp@U?$scalar_identity_op@M@internal@Eigen@@V?$Matrix@M$02$02$0A@$02$02@3@@3@@1@@Z 00443b50 f i fluidsim.obj
 0002:0000eb90       ??$checkTransposeAliasing@V?$CwiseNullaryOp@U?$scalar_constant_op@M@internal@Eigen@@V?$Matrix@M$02$00$0A@$02$00@3@@Eigen@@@?$DenseBase@V?$Matrix@M$02$00$0A@$02$00@Eigen@@@Eigen@@IBEXABV?$CwiseNullaryOp@U?$scalar_constant_op@M@internal@Eigen@@V?$Matrix@M$02$00$0A@$02$00@3@@1@@Z 00443b90 f i fluidsim.obj
 0002:0000ebd0       ??$checkTransposeAliasing@V?$CwiseNullaryOp@U?$scalar_constant_op@M@internal@Eigen@@V?$Matrix@M$02$00$0A@$02$00@3@@Eigen@@@?$DenseBase@V?$SelfCwiseBinaryOp@U?$scalar_product_op@MM@internal@Eigen@@V?$Block@V?$Matrix@M$02$02$0A@$02$02@Eigen@@$02$00$00@3@V?$CwiseNullaryOp@U?$scalar_constant_op@M@internal@Eigen@@V?$Matrix@M$02$00$0A@$02$00@3@@3@@Eigen@@@Eigen@@IBEXABV?$CwiseNullaryOp@U?$scalar_constant_op@M@internal@Eigen@@V?$Matrix@M$02$00$0A@$02$00@3@@1@@Z 00443bd0 f i fluidsim.obj
 0002:0000ec10       ??$checkTransposeAliasing@V?$CwiseNullaryOp@U?$scalar_constant_op@M@internal@Eigen@@V?$Matrix@M$02$02$0A@$02$02@3@@Eigen@@@?$DenseBase@V?$Matrix@M$02$02$0A@$02$02@Eigen@@@Eigen@@IBEXABV?$CwiseNullaryOp@U?$scalar_constant_op@M@internal@Eigen@@V?$Matrix@M$02$02$0A@$02$02@3@@1@@Z 00443c10 f i fluidsim.obj
 0002:0000ec50       ??$checkTransposeAliasing@V?$CwiseNullaryOp@U?$scalar_identity_op@M@internal@Eigen@@V?$Matrix@M$02$02$0A@$02$02@3@@Eigen@@@?$DenseBase@V?$Matrix@M$02$02$0A@$02$02@Eigen@@@Eigen@@IBEXABV?$CwiseNullaryOp@U?$scalar_identity_op@M@internal@Eigen@@V?$Matrix@M$02$02$0A@$02$02@3@@1@@Z 00443c50 f i fluidsim.obj
 0002:0000ec90       ??$checkTransposeAliasing@V?$CwiseUnaryOp@U?$scalar_multiple_op@M@internal@Eigen@@$$CBV?$CwiseBinaryOp@U?$scalar_difference_op@M@internal@Eigen@@$$CBV?$Matrix@M$02$02$0A@$02$02@3@$$CBV43@@3@@Eigen@@@?$DenseBase@V?$Matrix@M$02$02$0A@$02$02@Eigen@@@Eigen@@IBEXABV?$CwiseUnaryOp@U?$scalar_multiple_op@M@internal@Eigen@@$$CBV?$CwiseBinaryOp@U?$scalar_difference_op@M@internal@Eigen@@$$CBV?$Matrix@M$02$02$0A@$02$02@3@$$CBV43@@3@@1@@Z 00443c90 f i fluidsim.obj
 0002:0000ecd0       ??$checkTransposeAliasing@V?$Matrix@M$02$00$0A@$02$00@Eigen@@@?$DenseBase@V?$Matrix@M$02$00$0A@$02$00@Eigen@@@Eigen@@IBEXABV?$Matrix@M$02$00$0A@$02$00@1@@Z 00443cd0 f i fluidsim.obj
 0002:0000ed10       ??$checkTransposeAliasing@V?$Matrix@M$02$00$0A@$02$00@Eigen@@@?$DenseBase@V?$SelfCwiseBinaryOp@U?$scalar_difference_op@M@internal@Eigen@@V?$Matrix@M$02$00$0A@$02$00@3@V?$CoeffBasedProduct@ABV?$Matrix@M$02$02$00$02$02@Eigen@@ABV?$Matrix@M$02$00$0A@$02$00@2@$05@3@@Eigen@@@Eigen@@IBEXABV?$Matrix@M$02$00$0A@$02$00@1@@Z 00443d10 f i fluidsim.obj
 0002:0000ed50       ??$checkTransposeAliasing@V?$Matrix@M$02$02$00$02$02@Eigen@@@?$DenseBase@V?$Matrix@M$02$02$0A@$02$02@Eigen@@@Eigen@@IBEXABV?$Matrix@M$02$02$00$02$02@1@@Z 00443d50 f i fluidsim.obj
 0002:0000ed90       ??$checkTransposeAliasing@V?$Matrix@M$02$02$0A@$02$02@Eigen@@@?$DenseBase@V?$Matrix@M$02$02$0A@$02$02@Eigen@@@Eigen@@IBEXABV?$Matrix@M$02$02$0A@$02$02@1@@Z 00443d90 f i fluidsim.obj
 0002:0000edd0       ??$checkTransposeAliasing@V?$Transpose@$$CBV?$CwiseUnaryOp@U?$scalar_multiple_op@M@internal@Eigen@@$$CBV?$Matrix@M$02$00$0A@$02$00@3@@Eigen@@@Eigen@@@?$DenseBase@V?$Block@V?$Matrix@M$02$02$0A@$02$02@Eigen@@$00$02$0A@@Eigen@@@Eigen@@IBEXABV?$Transpose@$$CBV?$CwiseUnaryOp@U?$scalar_multiple_op@M@internal@Eigen@@$$CBV?$Matrix@M$02$00$0A@$02$00@3@@Eigen@@@1@@Z 00443dd0 f i fluidsim.obj
 0002:0000ee10       ??$checkTransposeAliasing@V?$Transpose@V?$Matrix@M$02$02$0A@$02$02@Eigen@@@Eigen@@@?$DenseBase@V?$Matrix@M$02$02$0A@$02$02@Eigen@@@Eigen@@IBEXABV?$Transpose@V?$Matrix@M$02$02$0A@$02$02@Eigen@@@1@@Z 00443e10 f i fluidsim.obj
 0002:0000ee50       ??$clamp@M@@YAMMMM@Z       00443e50 f i fluidsim.obj
 0002:0000eea0       ??$cofactor_3x3@V?$Matrix@M$02$02$0A@$02$02@Eigen@@$00$00@internal@Eigen@@YAMABV?$Matrix@M$02$02$0A@$02$02@1@@Z 00443ea0 f i fluidsim.obj
 0002:0000ef30       ??$cofactor_3x3@V?$Matrix@M$02$02$0A@$02$02@Eigen@@$00$01@internal@Eigen@@YAMABV?$Matrix@M$02$02$0A@$02$02@1@@Z 00443f30 f i fluidsim.obj
 0002:0000efc0       ??$cofactor_3x3@V?$Matrix@M$02$02$0A@$02$02@Eigen@@$00$0A@@internal@Eigen@@YAMABV?$Matrix@M$02$02$0A@$02$02@1@@Z 00443fc0 f i fluidsim.obj
 0002:0000f050       ??$cofactor_3x3@V?$Matrix@M$02$02$0A@$02$02@Eigen@@$01$00@internal@Eigen@@YAMABV?$Matrix@M$02$02$0A@$02$02@1@@Z 00444050 f i fluidsim.obj
 0002:0000f0e0       ??$cofactor_3x3@V?$Matrix@M$02$02$0A@$02$02@Eigen@@$01$01@internal@Eigen@@YAMABV?$Matrix@M$02$02$0A@$02$02@1@@Z 004440e0 f i fluidsim.obj
 0002:0000f170       ??$cofactor_3x3@V?$Matrix@M$02$02$0A@$02$02@Eigen@@$01$0A@@internal@Eigen@@YAMABV?$Matrix@M$02$02$0A@$02$02@1@@Z 00444170 f i fluidsim.obj
 0002:0000f200       ??$cofactor_3x3@V?$Matrix@M$02$02$0A@$02$02@Eigen@@$0A@$00@internal@Eigen@@YAMABV?$Matrix@M$02$02$0A@$02$02@1@@Z 00444200 f i fluidsim.obj
 0002:0000f290       ??$cofactor_3x3@V?$Matrix@M$02$02$0A@$02$02@Eigen@@$0A@$01@internal@Eigen@@YAMABV?$Matrix@M$02$02$0A@$02$02@1@@Z 00444290 f i fluidsim.obj
 0002:0000f320       ??$cofactor_3x3@V?$Matrix@M$02$02$0A@$02$02@Eigen@@$0A@$0A@@internal@Eigen@@YAMABV?$Matrix@M$02$02$0A@$02$02@1@@Z 00444320 f i fluidsim.obj
 0002:0000f3b0       ??$compute_inverse_size3_helper@V?$Matrix@M$02$02$0A@$02$02@Eigen@@V12@@internal@Eigen@@YAXABV?$Matrix@M$02$02$0A@$02$02@1@ABMABV?$Matrix@M$02$00$0A@$02$00@1@AAV21@@Z 004443b0 f i fluidsim.obj
 0002:0000f5b0       ??$conj@M@numext@Eigen@@YAMABM@Z 004445b0 f i fluidsim.obj
 0002:0000f5e0       ??$const_cast_ptr@M@internal@Eigen@@YAPAMPBM@Z 004445e0 f i fluidsim.obj
 0002:0000f600       ??$construct@PADAAPAD@?$_Wrap_alloc@V?$allocator@D@std@@@std@@QAEXPAPADAAPAD@Z 00444600 f i fluidsim.obj
 0002:0000f640       ??$construct@PADAAPAD@?$allocator@D@std@@QAEXPAPADAAPAD@Z 00444640 f i fluidsim.obj
 0002:0000f6f0       ??$construct@PADAAPAD@?$allocator_traits@V?$allocator@D@std@@@std@@SAXAAV?$allocator@D@1@PAPADAAPAD@Z 004446f0 f i fluidsim.obj
 0002:0000f730       ??$construct@U?$Vec@$02I@@U1@@?$_Wrap_alloc@V?$allocator@U?$Vec@$02I@@@std@@@std@@QAEXPAU?$Vec@$02I@@$$QAU2@@Z 00444730 f i fluidsim.obj
 0002:0000f770       ??$construct@U?$Vec@$02I@@U1@@?$allocator@U?$Vec@$02I@@@std@@QAEXPAU?$Vec@$02I@@$$QAU2@@Z 00444770 f i fluidsim.obj
 0002:0000f830       ??$construct@U?$Vec@$02I@@U1@@?$allocator_traits@V?$allocator@U?$Vec@$02I@@@std@@@std@@SAXAAV?$allocator@U?$Vec@$02I@@@1@PAU?$Vec@$02I@@$$QAU3@@Z 00444830 f i fluidsim.obj
 0002:0000f870       ??$construct@U?$Vec@$02M@@AAU1@@?$_Wrap_alloc@V?$allocator@U?$Vec@$02M@@@std@@@std@@QAEXPAU?$Vec@$02M@@AAU2@@Z 00444870 f i fluidsim.obj
 0002:0000f8b0       ??$construct@U?$Vec@$02M@@AAU1@@?$allocator@U?$Vec@$02M@@@std@@QAEXPAU?$Vec@$02M@@AAU2@@Z 004448b0 f i fluidsim.obj
 0002:0000f970       ??$construct@U?$Vec@$02M@@AAU1@@?$allocator_traits@V?$allocator@U?$Vec@$02M@@@std@@@std@@SAXAAV?$allocator@U?$Vec@$02M@@@1@PAU?$Vec@$02M@@AAU3@@Z 00444970 f i fluidsim.obj
 0002:0000f9b0       ??$construct@U?$Vec@$02M@@ABU1@@?$_Wrap_alloc@V?$allocator@U?$Vec@$02M@@@std@@@std@@QAEXPAU?$Vec@$02M@@ABU2@@Z 004449b0 f i fluidsim.obj
 0002:0000f9f0       ??$construct@U?$Vec@$02M@@ABU1@@?$allocator_traits@V?$allocator@U?$Vec@$02M@@@std@@@std@@SAXAAV?$allocator@U?$Vec@$02M@@@1@PAU?$Vec@$02M@@ABU3@@Z 004449f0 f i fluidsim.obj
 0002:0000fa30       ??$construct@U?$Vec@$02M@@U1@@?$_Wrap_alloc@V?$allocator@U?$Vec@$02M@@@std@@@std@@QAEXPAU?$Vec@$02M@@$$QAU2@@Z 00444a30 f i fluidsim.obj
 0002:0000fa70       ??$construct@U?$Vec@$02M@@U1@@?$allocator@U?$Vec@$02M@@@std@@QAEXPAU?$Vec@$02M@@$$QAU2@@Z 00444a70 f i fluidsim.obj
 0002:0000fb30       ??$construct@U?$Vec@$02M@@U1@@?$allocator_traits@V?$allocator@U?$Vec@$02M@@@std@@@std@@SAXAAV?$allocator@U?$Vec@$02M@@@1@PAU?$Vec@$02M@@$$QAU3@@Z 00444b30 f i fluidsim.obj
 0002:0000fb70       ??$construct@UParticle@@U1@@?$_Wrap_alloc@V?$allocator@UParticle@@@std@@@std@@QAEXPAUParticle@@$$QAU2@@Z 00444b70 f i fluidsim.obj
 0002:0000fbb0       ??$construct@UParticle@@U1@@?$allocator@UParticle@@@std@@QAEXPAUParticle@@$$QAU2@@Z 00444bb0 f i fluidsim.obj
 0002:0000fc70       ??$construct@UParticle@@U1@@?$allocator_traits@V?$allocator@UParticle@@@std@@@std@@SAXAAV?$allocator@UParticle@@@1@PAUParticle@@$$QAU3@@Z 00444c70 f i fluidsim.obj
 0002:0000fcb0       ??$copyCoeff@V?$Block@$$CBV?$Matrix@M$02$02$0A@$02$02@Eigen@@$0?0$0?0$0A@@Eigen@@@?$DenseCoeffsBase@V?$Matrix@M$02$02$0A@$02$02@Eigen@@$00@Eigen@@QAEXHHABV?$DenseBase@V?$Block@$$CBV?$Matrix@M$02$02$0A@$02$02@Eigen@@$0?0$0?0$0A@@Eigen@@@1@@Z 00444cb0 f i fluidsim.obj
 0002:0000fd10       ??$copyCoeff@V?$Block@V?$Matrix@M$02$02$0A@$02$02@Eigen@@$02$00$00@Eigen@@@?$SwapWrapper@V?$Block@V?$Matrix@M$02$02$0A@$02$02@Eigen@@$02$00$00@Eigen@@@Eigen@@QAEXHABV?$DenseBase@V?$Block@V?$Matrix@M$02$02$0A@$02$02@Eigen@@$02$00$00@Eigen@@@1@@Z 00444d10 f i fluidsim.obj
 0002:0000fda0       ??$copyCoeff@V?$CoeffBasedProduct@$$CBV?$CwiseUnaryOp@U?$scalar_multiple_op@M@internal@Eigen@@$$CBV?$Matrix@M$02$00$0A@$02$00@3@@Eigen@@$$CBV?$Transpose@V?$Matrix@M$02$00$0A@$02$00@Eigen@@@2@$0BAA@@Eigen@@@?$SelfCwiseBinaryOp@U?$scalar_sum_op@M@internal@Eigen@@V?$Matrix@M$02$02$0A@$02$02@3@V?$CoeffBasedProduct@$$CBV?$CwiseUnaryOp@U?$scalar_multiple_op@M@internal@Eigen@@$$CBV?$Matrix@M$02$00$0A@$02$00@3@@Eigen@@$$CBV?$Transpose@V?$Matrix@M$02$00$0A@$02$00@Eigen@@@2@$0BAA@@3@@Eigen@@QAEXHHABV?$DenseBase@V?$CoeffBasedProduct@$$CBV?$CwiseUnaryOp@U?$scalar_multiple_op@M@internal@Eigen@@$$CBV?$Matrix@M$02$00$0A@$02$00@3@@Eigen@@$$CBV?$Transpose@V?$Matrix@M$02$00$0A@$02$00@Eigen@@@2@$0BAA@@Eigen@@@1@@Z 00444da0 f i fluidsim.obj
 0002:0000fe20       ??$copyCoeff@V?$CoeffBasedProduct@$$CBV?$CwiseUnaryOp@U?$scalar_multiple_op@M@internal@Eigen@@$$CBV?$Matrix@M$02$02$0A@$02$02@3@@Eigen@@$$CBV?$Transpose@V?$Matrix@M$02$02$0A@$02$02@Eigen@@@2@$05@Eigen@@@?$DenseCoeffsBase@V?$Matrix@M$02$02$00$02$02@Eigen@@$00@Eigen@@QAEXHHABV?$DenseBase@V?$CoeffBasedProduct@$$CBV?$CwiseUnaryOp@U?$scalar_multiple_op@M@internal@Eigen@@$$CBV?$Matrix@M$02$02$0A@$02$02@3@@Eigen@@$$CBV?$Transpose@V?$Matrix@M$02$02$0A@$02$02@Eigen@@@2@$05@Eigen@@@1@@Z 00444e20 f i fluidsim.obj
 0002:0000fe80       ??$copyCoeff@V?$CoeffBasedProduct@ABV?$Matrix@M$02$02$00$02$02@Eigen@@ABV?$Matrix@M$02$00$0A@$02$00@2@$05@Eigen@@@?$DenseCoeffsBase@V?$Matrix@M$02$00$0A@$02$00@Eigen@@$00@Eigen@@QAEXHHABV?$DenseBase@V?$CoeffBasedProduct@ABV?$Matrix@M$02$02$00$02$02@Eigen@@ABV?$Matrix@M$02$00$0A@$02$00@2@$05@Eigen@@@1@@Z 00444e80 f i fluidsim.obj
 0002:0000fee0       ??$copyCoeff@V?$CoeffBasedProduct@ABV?$Matrix@M$02$02$00$02$02@Eigen@@ABV?$Matrix@M$02$02$0A@$02$02@2@$05@Eigen@@@?$DenseCoeffsBase@V?$Matrix@M$02$02$0A@$02$02@Eigen@@$00@Eigen@@QAEXHHABV?$DenseBase@V?$CoeffBasedProduct@ABV?$Matrix@M$02$02$00$02$02@Eigen@@ABV?$Matrix@M$02$02$0A@$02$02@2@$05@Eigen@@@1@@Z 00444ee0 f i fluidsim.obj
 0002:0000ff40       ??$copyCoeff@V?$CoeffBasedProduct@ABV?$Matrix@M$02$02$0A@$02$02@Eigen@@$$CBV?$Transpose@V?$Matrix@M$02$02$0A@$02$02@Eigen@@@2@$05@Eigen@@@?$DenseCoeffsBase@V?$Matrix@M$02$02$00$02$02@Eigen@@$00@Eigen@@QAEXHHABV?$DenseBase@V?$CoeffBasedProduct@ABV?$Matrix@M$02$02$0A@$02$02@Eigen@@$$CBV?$Transpose@V?$Matrix@M$02$02$0A@$02$02@Eigen@@@2@$05@Eigen@@@1@@Z 00444f40 f i fluidsim.obj
 0002:0000ffa0       ??$copyCoeff@V?$CoeffBasedProduct@ABV?$Matrix@M$02$02$0A@$02$02@Eigen@@$$CBV?$Transpose@V?$Matrix@M$02$02$0A@$02$02@Eigen@@@2@$05@Eigen@@@?$DenseCoeffsBase@V?$Matrix@M$02$02$0A@$02$02@Eigen@@$00@Eigen@@QAEXHHABV?$DenseBase@V?$CoeffBasedProduct@ABV?$Matrix@M$02$02$0A@$02$02@Eigen@@$$CBV?$Transpose@V?$Matrix@M$02$02$0A@$02$02@Eigen@@@2@$05@Eigen@@@1@@Z 00444fa0 f i fluidsim.obj
 0002:00010000       ??$copyCoeff@V?$CoeffBasedProduct@ABV?$Matrix@M$02$02$0A@$02$02@Eigen@@ABV12@$05@Eigen@@@?$DenseCoeffsBase@V?$Matrix@M$02$02$0A@$02$02@Eigen@@$00@Eigen@@QAEXHHABV?$DenseBase@V?$CoeffBasedProduct@ABV?$Matrix@M$02$02$0A@$02$02@Eigen@@ABV12@$05@Eigen@@@1@@Z 00445000 f i fluidsim.obj
 0002:00010060       ??$copyCoeff@V?$CoeffBasedProduct@ABV?$Matrix@M$02$02$0A@$02$02@Eigen@@ABV?$Matrix@M$02$00$0A@$02$00@2@$05@Eigen@@@?$DenseCoeffsBase@V?$Matrix@M$02$00$0A@$02$00@Eigen@@$00@Eigen@@QAEXHHABV?$DenseBase@V?$CoeffBasedProduct@ABV?$Matrix@M$02$02$0A@$02$02@Eigen@@ABV?$Matrix@M$02$00$0A@$02$00@2@$05@Eigen@@@1@@Z 00445060 f i fluidsim.obj
 0002:000100c0       ??$copyCoeff@V?$CoeffBasedProduct@ABV?$Matrix@M$02$02$0A@$02$02@Eigen@@V12@$05@Eigen@@@?$DenseCoeffsBase@V?$Matrix@M$02$02$0A@$02$02@Eigen@@$00@Eigen@@QAEXHHABV?$DenseBase@V?$CoeffBasedProduct@ABV?$Matrix@M$02$02$0A@$02$02@Eigen@@V12@$05@Eigen@@@1@@Z 004450c0 f i fluidsim.obj
 0002:00010120       ??$copyCoeff@V?$CwiseBinaryOp@U?$scalar_difference_op@M@internal@Eigen@@$$CBV?$Matrix@M$02$02$0A@$02$02@3@$$CBV?$CwiseNullaryOp@U?$scalar_identity_op@M@internal@Eigen@@V?$Matrix@M$02$02$0A@$02$02@3@@3@@Eigen@@@?$DenseCoeffsBase@V?$Matrix@M$02$02$0A@$02$02@Eigen@@$00@Eigen@@QAEXHHABV?$DenseBase@V?$CwiseBinaryOp@U?$scalar_difference_op@M@internal@Eigen@@$$CBV?$Matrix@M$02$02$0A@$02$02@3@$$CBV?$CwiseNullaryOp@U?$scalar_identity_op@M@internal@Eigen@@V?$Matrix@M$02$02$0A@$02$02@3@@3@@Eigen@@@1@@Z 00445120 f i fluidsim.obj
 0002:00010190       ??$copyCoeff@V?$CwiseNullaryOp@U?$scalar_constant_op@M@internal@Eigen@@V?$Matrix@M$02$00$0A@$02$00@3@@Eigen@@@?$DenseCoeffsBase@V?$Matrix@M$02$00$0A@$02$00@Eigen@@$00@Eigen@@QAEXHABV?$DenseBase@V?$CwiseNullaryOp@U?$scalar_constant_op@M@internal@Eigen@@V?$Matrix@M$02$00$0A@$02$00@3@@Eigen@@@1@@Z 00445190 f i fluidsim.obj
 0002:000101f0       ??$copyCoeff@V?$CwiseNullaryOp@U?$scalar_constant_op@M@internal@Eigen@@V?$Matrix@M$02$00$0A@$02$00@3@@Eigen@@@?$SelfCwiseBinaryOp@U?$scalar_product_op@MM@internal@Eigen@@V?$Block@V?$Matrix@M$02$02$0A@$02$02@Eigen@@$02$00$00@3@V?$CwiseNullaryOp@U?$scalar_constant_op@M@internal@Eigen@@V?$Matrix@M$02$00$0A@$02$00@3@@3@@Eigen@@QAEXHABV?$DenseBase@V?$CwiseNullaryOp@U?$scalar_constant_op@M@internal@Eigen@@V?$Matrix@M$02$00$0A@$02$00@3@@Eigen@@@1@@Z 004451f0 f i fluidsim.obj
 0002:00010260       ??$copyCoeff@V?$CwiseNullaryOp@U?$scalar_constant_op@M@internal@Eigen@@V?$Matrix@M$02$02$0A@$02$02@3@@Eigen@@@?$DenseCoeffsBase@V?$Matrix@M$02$02$0A@$02$02@Eigen@@$00@Eigen@@QAEXHABV?$DenseBase@V?$CwiseNullaryOp@U?$scalar_constant_op@M@internal@Eigen@@V?$Matrix@M$02$02$0A@$02$02@3@@Eigen@@@1@@Z 00445260 f i fluidsim.obj
 0002:000102c0       ??$copyCoeff@V?$CwiseNullaryOp@U?$scalar_identity_op@M@internal@Eigen@@V?$Matrix@M$02$02$0A@$02$02@3@@Eigen@@@?$DenseCoeffsBase@V?$Matrix@M$02$02$0A@$02$02@Eigen@@$00@Eigen@@QAEXHHABV?$DenseBase@V?$CwiseNullaryOp@U?$scalar_identity_op@M@internal@Eigen@@V?$Matrix@M$02$02$0A@$02$02@3@@Eigen@@@1@@Z 004452c0 f i fluidsim.obj
 0002:00010320       ??$copyCoeff@V?$CwiseUnaryOp@U?$scalar_multiple_op@M@internal@Eigen@@$$CBV?$CwiseBinaryOp@U?$scalar_difference_op@M@internal@Eigen@@$$CBV?$Matrix@M$02$02$0A@$02$02@3@$$CBV43@@3@@Eigen@@@?$DenseCoeffsBase@V?$Matrix@M$02$02$0A@$02$02@Eigen@@$00@Eigen@@QAEXHABV?$DenseBase@V?$CwiseUnaryOp@U?$scalar_multiple_op@M@internal@Eigen@@$$CBV?$CwiseBinaryOp@U?$scalar_difference_op@M@internal@Eigen@@$$CBV?$Matrix@M$02$02$0A@$02$02@3@$$CBV43@@3@@Eigen@@@1@@Z 00445320 f i fluidsim.obj
 0002:00010380       ??$copyCoeff@V?$Matrix@M$02$00$0A@$02$00@Eigen@@@?$DenseCoeffsBase@V?$Matrix@M$02$00$0A@$02$00@Eigen@@$00@Eigen@@QAEXHABV?$DenseBase@V?$Matrix@M$02$00$0A@$02$00@Eigen@@@1@@Z 00445380 f i fluidsim.obj
 0002:000103e0       ??$copyCoeff@V?$Matrix@M$02$00$0A@$02$00@Eigen@@@?$SelfCwiseBinaryOp@U?$scalar_difference_op@M@internal@Eigen@@V?$Matrix@M$02$00$0A@$02$00@3@V?$CoeffBasedProduct@ABV?$Matrix@M$02$02$00$02$02@Eigen@@ABV?$Matrix@M$02$00$0A@$02$00@2@$05@3@@Eigen@@QAEXHABV?$DenseBase@V?$Matrix@M$02$00$0A@$02$00@Eigen@@@1@@Z 004453e0 f i fluidsim.obj
 0002:00010450       ??$copyCoeff@V?$Matrix@M$02$02$00$02$02@Eigen@@@?$DenseCoeffsBase@V?$Matrix@M$02$02$0A@$02$02@Eigen@@$00@Eigen@@QAEXHHABV?$DenseBase@V?$Matrix@M$02$02$00$02$02@Eigen@@@1@@Z 00445450 f i fluidsim.obj
 0002:000104b0       ??$copyCoeff@V?$Matrix@M$02$02$0A@$02$02@Eigen@@@?$DenseCoeffsBase@V?$Matrix@M$02$02$0A@$02$02@Eigen@@$00@Eigen@@QAEXHABV?$DenseBase@V?$Matrix@M$02$02$0A@$02$02@Eigen@@@1@@Z 004454b0 f i fluidsim.obj
 0002:00010510       ??$copyCoeff@V?$Transpose@$$CBV?$CwiseUnaryOp@U?$scalar_multiple_op@M@internal@Eigen@@$$CBV?$Matrix@M$02$00$0A@$02$00@3@@Eigen@@@Eigen@@@?$DenseCoeffsBase@V?$Block@V?$Matrix@M$02$02$0A@$02$02@Eigen@@$00$02$0A@@Eigen@@$00@Eigen@@QAEXHABV?$DenseBase@V?$Transpose@$$CBV?$CwiseUnaryOp@U?$scalar_multiple_op@M@internal@Eigen@@$$CBV?$Matrix@M$02$00$0A@$02$00@3@@Eigen@@@Eigen@@@1@@Z 00445510 f i fluidsim.obj
 0002:00010570       ??$copyCoeff@V?$Transpose@V?$Matrix@M$02$02$0A@$02$02@Eigen@@@Eigen@@@?$DenseCoeffsBase@V?$Matrix@M$02$02$0A@$02$02@Eigen@@$00@Eigen@@QAEXHHABV?$DenseBase@V?$Transpose@V?$Matrix@M$02$02$0A@$02$02@Eigen@@@Eigen@@@1@@Z 00445570 f i fluidsim.obj
 0002:000105d0       ??$copyCoeffByOuterInner@V?$Block@$$CBV?$Matrix@M$02$02$0A@$02$02@Eigen@@$0?0$0?0$0A@@Eigen@@@?$DenseCoeffsBase@V?$Matrix@M$02$02$0A@$02$02@Eigen@@$00@Eigen@@QAEXHHABV?$DenseBase@V?$Block@$$CBV?$Matrix@M$02$02$0A@$02$02@Eigen@@$0?0$0?0$0A@@Eigen@@@1@@Z 004455d0 f i fluidsim.obj
 0002:00010640       ??$copyCoeffByOuterInner@V?$CoeffBasedProduct@$$CBV?$CwiseUnaryOp@U?$scalar_multiple_op@M@internal@Eigen@@$$CBV?$Matrix@M$02$00$0A@$02$00@3@@Eigen@@$$CBV?$Transpose@V?$Matrix@M$02$00$0A@$02$00@Eigen@@@2@$0BAA@@Eigen@@@?$DenseCoeffsBase@V?$SelfCwiseBinaryOp@U?$scalar_sum_op@M@internal@Eigen@@V?$Matrix@M$02$02$0A@$02$02@3@V?$CoeffBasedProduct@$$CBV?$CwiseUnaryOp@U?$scalar_multiple_op@M@internal@Eigen@@$$CBV?$Matrix@M$02$00$0A@$02$00@3@@Eigen@@$$CBV?$Transpose@V?$Matrix@M$02$00$0A@$02$00@Eigen@@@2@$0BAA@@3@@Eigen@@$00@Eigen@@QAEXHHABV?$DenseBase@V?$CoeffBasedProduct@$$CBV?$CwiseUnaryOp@U?$scalar_multiple_op@M@internal@Eigen@@$$CBV?$Matrix@M$02$00$0A@$02$00@3@@Eigen@@$$CBV?$Transpose@V?$Matrix@M$02$00$0A@$02$00@Eigen@@@2@$0BAA@@Eigen@@@1@@Z 00445640 f i fluidsim.obj
 0002:000106b0       ??$copyCoeffByOuterInner@V?$CoeffBasedProduct@$$CBV?$CwiseUnaryOp@U?$scalar_multiple_op@M@internal@Eigen@@$$CBV?$Matrix@M$02$02$0A@$02$02@3@@Eigen@@$$CBV?$Transpose@V?$Matrix@M$02$02$0A@$02$02@Eigen@@@2@$05@Eigen@@@?$DenseCoeffsBase@V?$Matrix@M$02$02$00$02$02@Eigen@@$00@Eigen@@QAEXHHABV?$DenseBase@V?$CoeffBasedProduct@$$CBV?$CwiseUnaryOp@U?$scalar_multiple_op@M@internal@Eigen@@$$CBV?$Matrix@M$02$02$0A@$02$02@3@@Eigen@@$$CBV?$Transpose@V?$Matrix@M$02$02$0A@$02$02@Eigen@@@2@$05@Eigen@@@1@@Z 004456b0 f i fluidsim.obj
 0002:00010720       ??$copyCoeffByOuterInner@V?$CoeffBasedProduct@ABV?$Matrix@M$02$02$00$02$02@Eigen@@ABV?$Matrix@M$02$00$0A@$02$00@2@$05@Eigen@@@?$DenseCoeffsBase@V?$Matrix@M$02$00$0A@$02$00@Eigen@@$00@Eigen@@QAEXHHABV?$DenseBase@V?$CoeffBasedProduct@ABV?$Matrix@M$02$02$00$02$02@Eigen@@ABV?$Matrix@M$02$00$0A@$02$00@2@$05@Eigen@@@1@@Z 00445720 f i fluidsim.obj
 0002:00010790       ??$copyCoeffByOuterInner@V?$CoeffBasedProduct@ABV?$Matrix@M$02$02$00$02$02@Eigen@@ABV?$Matrix@M$02$02$0A@$02$02@2@$05@Eigen@@@?$DenseCoeffsBase@V?$Matrix@M$02$02$0A@$02$02@Eigen@@$00@Eigen@@QAEXHHABV?$DenseBase@V?$CoeffBasedProduct@ABV?$Matrix@M$02$02$00$02$02@Eigen@@ABV?$Matrix@M$02$02$0A@$02$02@2@$05@Eigen@@@1@@Z 00445790 f i fluidsim.obj
 0002:00010800       ??$copyCoeffByOuterInner@V?$CoeffBasedProduct@ABV?$Matrix@M$02$02$0A@$02$02@Eigen@@$$CBV?$Transpose@V?$Matrix@M$02$02$0A@$02$02@Eigen@@@2@$05@Eigen@@@?$DenseCoeffsBase@V?$Matrix@M$02$02$00$02$02@Eigen@@$00@Eigen@@QAEXHHABV?$DenseBase@V?$CoeffBasedProduct@ABV?$Matrix@M$02$02$0A@$02$02@Eigen@@$$CBV?$Transpose@V?$Matrix@M$02$02$0A@$02$02@Eigen@@@2@$05@Eigen@@@1@@Z 00445800 f i fluidsim.obj
 0002:00010870       ??$copyCoeffByOuterInner@V?$CoeffBasedProduct@ABV?$Matrix@M$02$02$0A@$02$02@Eigen@@$$CBV?$Transpose@V?$Matrix@M$02$02$0A@$02$02@Eigen@@@2@$05@Eigen@@@?$DenseCoeffsBase@V?$Matrix@M$02$02$0A@$02$02@Eigen@@$00@Eigen@@QAEXHHABV?$DenseBase@V?$CoeffBasedProduct@ABV?$Matrix@M$02$02$0A@$02$02@Eigen@@$$CBV?$Transpose@V?$Matrix@M$02$02$0A@$02$02@Eigen@@@2@$05@Eigen@@@1@@Z 00445870 f i fluidsim.obj
 0002:000108e0       ??$copyCoeffByOuterInner@V?$CoeffBasedProduct@ABV?$Matrix@M$02$02$0A@$02$02@Eigen@@ABV12@$05@Eigen@@@?$DenseCoeffsBase@V?$Matrix@M$02$02$0A@$02$02@Eigen@@$00@Eigen@@QAEXHHABV?$DenseBase@V?$CoeffBasedProduct@ABV?$Matrix@M$02$02$0A@$02$02@Eigen@@ABV12@$05@Eigen@@@1@@Z 004458e0 f i fluidsim.obj
 0002:00010950       ??$copyCoeffByOuterInner@V?$CoeffBasedProduct@ABV?$Matrix@M$02$02$0A@$02$02@Eigen@@ABV?$Matrix@M$02$00$0A@$02$00@2@$05@Eigen@@@?$DenseCoeffsBase@V?$Matrix@M$02$00$0A@$02$00@Eigen@@$00@Eigen@@QAEXHHABV?$DenseBase@V?$CoeffBasedProduct@ABV?$Matrix@M$02$02$0A@$02$02@Eigen@@ABV?$Matrix@M$02$00$0A@$02$00@2@$05@Eigen@@@1@@Z 00445950 f i fluidsim.obj
 0002:000109c0       ??$copyCoeffByOuterInner@V?$CoeffBasedProduct@ABV?$Matrix@M$02$02$0A@$02$02@Eigen@@V12@$05@Eigen@@@?$DenseCoeffsBase@V?$Matrix@M$02$02$0A@$02$02@Eigen@@$00@Eigen@@QAEXHHABV?$DenseBase@V?$CoeffBasedProduct@ABV?$Matrix@M$02$02$0A@$02$02@Eigen@@V12@$05@Eigen@@@1@@Z 004459c0 f i fluidsim.obj
 0002:00010a30       ??$copyCoeffByOuterInner@V?$CwiseBinaryOp@U?$scalar_difference_op@M@internal@Eigen@@$$CBV?$Matrix@M$02$02$0A@$02$02@3@$$CBV?$CwiseNullaryOp@U?$scalar_identity_op@M@internal@Eigen@@V?$Matrix@M$02$02$0A@$02$02@3@@3@@Eigen@@@?$DenseCoeffsBase@V?$Matrix@M$02$02$0A@$02$02@Eigen@@$00@Eigen@@QAEXHHABV?$DenseBase@V?$CwiseBinaryOp@U?$scalar_difference_op@M@internal@Eigen@@$$CBV?$Matrix@M$02$02$0A@$02$02@3@$$CBV?$CwiseNullaryOp@U?$scalar_identity_op@M@internal@Eigen@@V?$Matrix@M$02$02$0A@$02$02@3@@3@@Eigen@@@1@@Z 00445a30 f i fluidsim.obj
 0002:00010aa0       ??$copyCoeffByOuterInner@V?$CwiseNullaryOp@U?$scalar_identity_op@M@internal@Eigen@@V?$Matrix@M$02$02$0A@$02$02@3@@Eigen@@@?$DenseCoeffsBase@V?$Matrix@M$02$02$0A@$02$02@Eigen@@$00@Eigen@@QAEXHHABV?$DenseBase@V?$CwiseNullaryOp@U?$scalar_identity_op@M@internal@Eigen@@V?$Matrix@M$02$02$0A@$02$02@3@@Eigen@@@1@@Z 00445aa0 f i fluidsim.obj
 0002:00010b10       ??$copyCoeffByOuterInner@V?$Matrix@M$02$02$00$02$02@Eigen@@@?$DenseCoeffsBase@V?$Matrix@M$02$02$0A@$02$02@Eigen@@$00@Eigen@@QAEXHHABV?$DenseBase@V?$Matrix@M$02$02$00$02$02@Eigen@@@1@@Z 00445b10 f i fluidsim.obj
 0002:00010b80       ??$copyCoeffByOuterInner@V?$Transpose@V?$Matrix@M$02$02$0A@$02$02@Eigen@@@Eigen@@@?$DenseCoeffsBase@V?$Matrix@M$02$02$0A@$02$02@Eigen@@$00@Eigen@@QAEXHHABV?$DenseBase@V?$Transpose@V?$Matrix@M$02$02$0A@$02$02@Eigen@@@Eigen@@@1@@Z 00445b80 f i fluidsim.obj
 0002:00010bf0       ??$cwiseProduct@V?$Block@$$CBV?$Matrix@M$02$02$0A@$02$02@Eigen@@$02$00$00@Eigen@@@?$MatrixBase@V?$Matrix@M$02$00$0A@$02$00@Eigen@@@Eigen@@QBE?BV?$CwiseBinaryOp@U?$scalar_product_op@MM@internal@Eigen@@$$CBV?$Matrix@M$02$00$0A@$02$00@3@$$CBV?$Block@$$CBV?$Matrix@M$02$02$0A@$02$02@Eigen@@$02$00$00@3@@1@ABV?$MatrixBase@V?$Block@$$CBV?$Matrix@M$02$02$0A@$02$02@Eigen@@$02$00$00@Eigen@@@1@@Z 00445bf0 f i fluidsim.obj
 0002:00010c40       ??$destroy@PAD@?$_Wrap_alloc@V?$allocator@D@std@@@std@@QAEXPAPAD@Z 00445c40 f i fluidsim.obj
 0002:00010c70       ??$destroy@PAD@?$allocator@D@std@@QAEXPAPAD@Z 00445c70 f i fluidsim.obj
 0002:00010c90       ??$destroy@PAD@?$allocator_traits@V?$allocator@D@std@@@std@@SAXAAV?$allocator@D@1@PAPAD@Z 00445c90 f i fluidsim.obj
 0002:00010cc0       ??$destroy@U?$Vec@$02I@@@?$_Wrap_alloc@V?$allocator@U?$Vec@$02I@@@std@@@std@@QAEXPAU?$Vec@$02I@@@Z 00445cc0 f i fluidsim.obj
 0002:00010cf0       ??$destroy@U?$Vec@$02I@@@?$allocator@U?$Vec@$02I@@@std@@QAEXPAU?$Vec@$02I@@@Z 00445cf0 f i fluidsim.obj
 0002:00010d10       ??$destroy@U?$Vec@$02I@@@?$allocator_traits@V?$allocator@U?$Vec@$02I@@@std@@@std@@SAXAAV?$allocator@U?$Vec@$02I@@@1@PAU?$Vec@$02I@@@Z 00445d10 f i fluidsim.obj
 0002:00010d40       ??$destroy@U?$Vec@$02M@@@?$_Wrap_alloc@V?$allocator@U?$Vec@$02M@@@std@@@std@@QAEXPAU?$Vec@$02M@@@Z 00445d40 f i fluidsim.obj
 0002:00010d70       ??$destroy@U?$Vec@$02M@@@?$allocator@U?$Vec@$02M@@@std@@QAEXPAU?$Vec@$02M@@@Z 00445d70 f i fluidsim.obj
 0002:00010d90       ??$destroy@U?$Vec@$02M@@@?$allocator_traits@V?$allocator@U?$Vec@$02M@@@std@@@std@@SAXAAV?$allocator@U?$Vec@$02M@@@1@PAU?$Vec@$02M@@@Z 00445d90 f i fluidsim.obj
 0002:00010dc0       ??$destroy@UParticle@@@?$_Wrap_alloc@V?$allocator@UParticle@@@std@@@std@@QAEXPAUParticle@@@Z 00445dc0 f i fluidsim.obj
 0002:00010df0       ??$destroy@UParticle@@@?$allocator@UParticle@@@std@@QAEXPAUParticle@@@Z 00445df0 f i fluidsim.obj
 0002:00010e10       ??$destroy@UParticle@@@?$allocator_traits@V?$allocator@UParticle@@@std@@@std@@SAXAAV?$allocator@UParticle@@@1@PAUParticle@@@Z 00445e10 f i fluidsim.obj
 0002:00010e40       ??$dot@$02M@@YAMABU?$Vec@$02M@@0@Z 00445e40 f i fluidsim.obj
 0002:00010ed0       ??$evalTo@V?$Matrix@M$02$02$0A@$02$02@Eigen@@@?$ReturnByValue@U?$inverse_impl@V?$Matrix@M$02$02$0A@$02$02@Eigen@@@internal@Eigen@@@Eigen@@QBEXAAV?$Matrix@M$02$02$0A@$02$02@1@@Z 00445ed0 f i fluidsim.obj
 0002:00010f00       ??$evalTo@V?$Matrix@M$02$02$0A@$02$02@Eigen@@@?$inverse_impl@V?$Matrix@M$02$02$0A@$02$02@Eigen@@@internal@Eigen@@QBEXAAV?$Matrix@M$02$02$0A@$02$02@2@@Z 00445f00 f i fluidsim.obj
 0002:00010fa0       ??$extract_data@V?$Block@V?$Matrix@M$02$02$0A@$02$02@Eigen@@$00$02$0A@@Eigen@@@internal@Eigen@@YAPBMABV?$Block@V?$Matrix@M$02$02$0A@$02$02@Eigen@@$00$02$0A@@1@@Z 00445fa0 f i fluidsim.obj
 0002:00010fd0       ??$extract_data@V?$Matrix@M$02$02$0A@$02$02@Eigen@@@internal@Eigen@@YAPBMABV?$Matrix@M$02$02$0A@$02$02@1@@Z 00445fd0 f i fluidsim.obj
 0002:00011000       ??$extract_data@V?$Transpose@$$CBV?$CwiseUnaryOp@U?$scalar_multiple_op@M@internal@Eigen@@$$CBV?$Matrix@M$02$00$0A@$02$00@3@@Eigen@@@Eigen@@@internal@Eigen@@YAPBMABV?$Transpose@$$CBV?$CwiseUnaryOp@U?$scalar_multiple_op@M@internal@Eigen@@$$CBV?$Matrix@M$02$00$0A@$02$00@3@@Eigen@@@1@@Z 00446000 f i fluidsim.obj
 0002:00011030       ??$extract_data@V?$Transpose@V?$Matrix@M$02$02$0A@$02$02@Eigen@@@Eigen@@@internal@Eigen@@YAPBMABV?$Transpose@V?$Matrix@M$02$02$0A@$02$02@Eigen@@@1@@Z 00446030 f i fluidsim.obj
 0002:000110d0       ??$forward@AAPAD@std@@YAAAPADAAPAD@Z 004460d0 f i fluidsim.obj
 0002:000110f0       ??$forward@AAPAUParticle@@@std@@YAAAPAUParticle@@AAPAU1@@Z 004460f0 f i fluidsim.obj
 0002:00011110       ??$forward@AAU?$Vec@$02M@@@std@@YAAAU?$Vec@$02M@@AAU1@@Z 00446110 f i fluidsim.obj
 0002:00011130       ??$forward@ABU?$Vec@$02M@@@std@@YAABU?$Vec@$02M@@ABU1@@Z 00446130 f i fluidsim.obj
 0002:00011150       ??$forward@PAUParticle@@@std@@YA$$QAPAUParticle@@AAPAU1@@Z 00446150 f i fluidsim.obj
 0002:00011170       ??$forward@U?$Vec@$02I@@@std@@YA$$QAU?$Vec@$02I@@AAU1@@Z 00446170 f i fluidsim.obj
 0002:00011190       ??$forward@U?$Vec@$02M@@@std@@YA$$QAU?$Vec@$02M@@AAU1@@Z 00446190 f i fluidsim.obj
[...]
 0005:0000078c       __imp_??1?$basic_istream@DU?$char_traits@D@std@@@std@@UAE@XZ 004b378c     msvcprt:MSVCP110.dll
 0005:00000790       __imp_??0?$basic_istream@DU?$char_traits@D@std@@@std@@QAE@PAV?$basic_streambuf@DU?$char_traits@D@std@@@1@_N@Z 004b3790     msvcprt:MSVCP110.dll
 0005:00000794       __imp_?endl@std@@YAAAV?$basic_ostream@DU?$char_traits@D@std@@@1@AAV21@@Z 004b3794     msvcprt:MSVCP110.dll
 0005:00000798       __imp_?flush@?$basic_ostream@DU?$char_traits@D@std@@@std@@QAEAAV12@XZ 004b3798     msvcprt:MSVCP110.dll
 0005:0000079c       __imp_??6?$basic_ostream@DU?$char_traits@D@std@@@std@@QAEAAV01@M@Z 004b379c     msvcprt:MSVCP110.dll
 0005:000007a0       __imp_??6?$basic_ostream@DU?$char_traits@D@std@@@std@@QAEAAV01@H@Z 004b37a0     msvcprt:MSVCP110.dll
 0005:000007a4       __imp_??6?$basic_ostream@DU?$char_traits@D@std@@@std@@QAEAAV01@P6AAAV01@AAV01@@Z@Z 004b37a4     msvcprt:MSVCP110.dll
 0005:000007a8       __imp_?_Osfx@?$basic_ostream@DU?$char_traits@D@std@@@std@@QAEXXZ 004b37a8     msvcprt:MSVCP110.dll
 0005:000007ac       __imp_?_Add_vtordisp2@?$basic_ostream@DU?$char_traits@D@std@@@std@@UAEXXZ 004b37ac     msvcprt:MSVCP110.dll
 0005:000007b0       __imp_??1?$basic_ostream@DU?$char_traits@D@std@@@std@@UAE@XZ 004b37b0     msvcprt:MSVCP110.dll
 0005:000007b4       __imp_??0?$basic_ostream@DU?$char_traits@D@std@@@std@@QAE@PAV?$basic_streambuf@DU?$char_traits@D@std@@@1@_N@Z 004b37b4     msvcprt:MSVCP110.dll
 0005:000007b8       __imp_??0_Lockit@std@@QAE@H@Z 004b37b8     msvcprt:MSVCP110.dll
 0005:000007bc       __imp_??1_Lockit@std@@QAE@XZ 004b37bc     msvcprt:MSVCP110.dll
 0005:000007c0       __imp_?uncaught_exception@std@@YA_NXZ 004b37c0     msvcprt:MSVCP110.dll
 0005:000007c4       __imp_?_Orphan_all@_Container_base0@std@@QAEXXZ 004b37c4     msvcprt:MSVCP110.dll
 0005:000007c8       __imp_?_Xbad_alloc@std@@YAXXZ 004b37c8     msvcprt:MSVCP110.dll
 0005:000007cc       __imp_?_Xlength_error@std@@YAXPBD@Z 004b37cc     msvcprt:MSVCP110.dll
 0005:000007d0       __imp_?_Xout_of_range@std@@YAXPBD@Z 004b37d0     msvcprt:MSVCP110.dll
 0005:000007d4       __imp_??0id@locale@std@@QAE@I@Z 004b37d4     msvcprt:MSVCP110.dll
 0005:000007d8       __imp_??Bid@locale@std@@QAEIXZ 004b37d8     msvcprt:MSVCP110.dll
 0005:000007dc       __imp_?_Getgloballocale@locale@std@@CAPAV_Locimp@12@XZ 004b37dc     msvcprt:MSVCP110.dll
 0005:000007e0       __imp_?always_noconv@codecvt_base@std@@QBE_NXZ 004b37e0     msvcprt:MSVCP110.dll
 0005:000007e4       __imp_?in@?$codecvt@DDH@std@@QBEHAAHPBD1AAPBDPAD3AAPAD@Z 004b37e4     msvcprt:MSVCP110.dll
 0005:000007e8       __imp_?out@?$codecvt@DDH@std@@QBEHAAHPBD1AAPBDPAD3AAPAD@Z 004b37e8     msvcprt:MSVCP110.dll
 0005:000007ec       __imp_?unshift@?$codecvt@DDH@std@@QBEHAAHPAD1AAPAD@Z 004b37ec     msvcprt:MSVCP110.dll
 0005:000007f0       __imp_?_Getcat@?$codecvt@DDH@std@@SAIPAPBVfacet@locale@2@PBV42@@Z 004b37f0     msvcprt:MSVCP110.dll
 0005:000007f4       __imp_?_Syserror_map@std@@YAPBDH@Z 004b37f4     msvcprt:MSVCP110.dll
 0005:000007f8       __imp_?_Winerror_map@std@@YAPBDH@Z 004b37f8     msvcprt:MSVCP110.dll
 0005:000007fc       __imp_??7ios_base@std@@QBE_NXZ 004b37fc     msvcprt:MSVCP110.dll
 0005:00000800       __imp_?good@ios_base@std@@QBE_NXZ 004b3800     msvcprt:MSVCP110.dll
 0005:00000804       __imp_?eof@ios_base@std@@QBE_NXZ 004b3804     msvcprt:MSVCP110.dll
 0005:00000808       __imp_?flags@ios_base@std@@QBEHXZ 004b3808     msvcprt:MSVCP110.dll
 0005:0000080c       __imp_?precision@ios_base@std@@QAE_J_J@Z 004b380c     msvcprt:MSVCP110.dll
 0005:00000810       __imp_?width@ios_base@std@@QBE_JXZ 004b3810     msvcprt:MSVCP110.dll
 0005:00000814       __imp_?width@ios_base@std@@QAE_J_J@Z 004b3814     msvcprt:MSVCP110.dll
 0005:00000818       __imp_??0?$basic_streambuf@DU?$char_traits@D@std@@@std@@IAE@XZ 004b3818     msvcprt:MSVCP110.dll
 0005:0000081c       __imp_??1?$basic_streambuf@DU?$char_traits@D@std@@@std@@UAE@XZ 004b381c     msvcprt:MSVCP110.dll
 0005:00000820       __imp_?getloc@?$basic_streambuf@DU?$char_traits@D@std@@@std@@QBE?AVlocale@2@XZ 004b3820     msvcprt:MSVCP110.dll
 0005:00000824       __imp_?sbumpc@?$basic_streambuf@DU?$char_traits@D@std@@@std@@QAEHXZ 004b3824     msvcprt:MSVCP110.dll
 0005:00000828       __imp_?sgetc@?$basic_streambuf@DU?$char_traits@D@std@@@std@@QAEHXZ 004b3828     msvcprt:MSVCP110.dll
 0005:0000082c       __imp_?snextc@?$basic_streambuf@DU?$char_traits@D@std@@@std@@QAEHXZ 004b382c     msvcprt:MSVCP110.dll
 0005:00000830       __imp_?sputc@?$basic_streambuf@DU?$char_traits@D@std@@@std@@QAEHD@Z 004b3830     msvcprt:MSVCP110.dll
 0005:00000834       __imp_?sputn@?$basic_streambuf@DU?$char_traits@D@std@@@std@@QAE_JPBD_J@Z 004b3834     msvcprt:MSVCP110.dll
 0005:00000838       __imp_?eback@?$basic_streambuf@DU?$char_traits@D@std@@@std@@IBEPADXZ 004b3838     msvcprt:MSVCP110.dll
 0005:0000083c       __imp_?gptr@?$basic_streambuf@DU?$char_traits@D@std@@@std@@IBEPADXZ 004b383c     msvcprt:MSVCP110.dll
 0005:00000840       __imp_?pbase@?$basic_streambuf@DU?$char_traits@D@std@@@std@@IBEPADXZ 004b3840     msvcprt:MSVCP110.dll
 0005:00000844       __imp_?pptr@?$basic_streambuf@DU?$char_traits@D@std@@@std@@IBEPADXZ 004b3844     msvcprt:MSVCP110.dll
 0005:00000848       __imp_?egptr@?$basic_streambuf@DU?$char_traits@D@std@@@std@@IBEPADXZ 004b3848     msvcprt:MSVCP110.dll
 0005:0000084c       __imp_?gbump@?$basic_streambuf@DU?$char_traits@D@std@@@std@@IAEXH@Z 004b384c     msvcprt:MSVCP110.dll
 0005:00000850       __imp_?setg@?$basic_streambuf@DU?$char_traits@D@std@@@std@@IAEXPAD00@Z 004b3850     msvcprt:MSVCP110.dll
 0005:00000854       __imp_?epptr@?$basic_streambuf@DU?$char_traits@D@std@@@std@@IBEPADXZ 004b3854     msvcprt:MSVCP110.dll
 0005:00000858       __imp_?_Gndec@?$basic_streambuf@DU?$char_traits@D@std@@@std@@IAEPADXZ 004b3858     msvcprt:MSVCP110.dll
 0005:0000085c       __imp_?_Gninc@?$basic_streambuf@DU?$char_traits@D@std@@@std@@IAEPADXZ 004b385c     msvcprt:MSVCP110.dll
 0005:00000860       __imp_?pbump@?$basic_streambuf@DU?$char_traits@D@std@@@std@@IAEXH@Z 004b3860     msvcprt:MSVCP110.dll
 0005:00000864       __imp_?setp@?$basic_streambuf@DU?$char_traits@D@std@@@std@@IAEXPAD0@Z 004b3864     msvcprt:MSVCP110.dll
 0005:00000868       __imp_?setp@?$basic_streambuf@DU?$char_traits@D@std@@@std@@IAEXPAD00@Z 004b3868     msvcprt:MSVCP110.dll
 0005:0000086c       __imp_?_Pninc@?$basic_streambuf@DU?$char_traits@D@std@@@std@@IAEPADXZ 004b386c     msvcprt:MSVCP110.dll
 0005:00000870       __imp_?_Init@?$basic_streambuf@DU?$char_traits@D@std@@@std@@IAEXXZ 004b3870     msvcprt:MSVCP110.dll
 0005:00000874       __imp_?_Init@?$basic_streambuf@DU?$char_traits@D@std@@@std@@IAEXPAPAD0PAH001@Z 004b3874     msvcprt:MSVCP110.dll
 0005:00000878       __imp_??1?$basic_ios@DU?$char_traits@D@std@@@std@@UAE@XZ 004b3878     msvcprt:MSVCP110.dll
 0005:0000087c       __imp_?setstate@?$basic_ios@DU?$char_traits@D@std@@@std@@QAEXH_N@Z 004b387c     msvcprt:MSVCP110.dll
 0005:00000880       __imp_?copyfmt@?$basic_ios@DU?$char_traits@D@std@@@std@@QAEAAV12@ABV12@@Z 004b3880     msvcprt:MSVCP110.dll
 0005:00000884       __imp_?tie@?$basic_ios@DU?$char_traits@D@std@@@std@@QBEPAV?$basic_ostream@DU?$char_traits@D@std@@@2@XZ 004b3884     msvcprt:MSVCP110.dll
 0005:00000888       __imp_?rdbuf@?$basic_ios@DU?$char_traits@D@std@@@std@@QBEPAV?$basic_streambuf@DU?$char_traits@D@std@@@2@XZ 004b3888     msvcprt:MSVCP110.dll
 0005:0000088c       __imp_?fill@?$basic_ios@DU?$char_traits@D@std@@@std@@QBEDXZ 004b388c     msvcprt:MSVCP110.dll
 0005:00000890       __imp_?widen@?$basic_ios@DU?$char_traits@D@std@@@std@@QBEDD@Z 004b3890     msvcprt:MSVCP110.dll
 0005:00000894       __imp_??0?$basic_ios@DU?$char_traits@D@std@@@std@@IAE@XZ 004b3894     msvcprt:MSVCP110.dll
 0005:00000898       \177MSVCP110_NULL_THUNK_DATA 004b3898     msvcprt:MSVCP110.dll
 0005:00000910       __imp__fwrite              004b3910     MSVCRT:MSVCR110.dll
 0005:00000914       __imp___initterm           004b3914     MSVCRT:MSVCR110.dll
 0005:00000918       __imp___initterm_e         004b3918     MSVCRT:MSVCR110.dll
 0005:0000091c       __imp____setusermatherr    004b391c     MSVCRT:MSVCR110.dll
 0005:00000920       __imp___configthreadlocale 004b3920     MSVCRT:MSVCR110.dll
 0005:00000924       __imp___cexit              004b3924     MSVCRT:MSVCR110.dll
 0005:00000928       __imp___exit               004b3928     MSVCRT:MSVCR110.dll
 0005:0000092c       __imp__exit                004b392c     MSVCRT:MSVCR110.dll
 0005:00000930       __imp____set_app_type      004b3930     MSVCRT:MSVCR110.dll
 0005:00000934       __imp___controlfp_s        004b3934     MSVCRT:MSVCR110.dll
 0005:00000938       __imp___invoke_watson      004b3938     MSVCRT:MSVCR110.dll
 0005:0000093c       __imp____crtSetUnhandledExceptionFilter 004b393c     MSVCRT:MSVCR110.dll
 0005:00000940       __imp_?terminate@@YAXXZ    004b3940     MSVCRT:MSVCR110.dll
 0005:00000944       __imp___except_handler4_common 004b3944     MSVCRT:MSVCR110.dll
 0005:00000948       __imp___commode            004b3948     MSVCRT:MSVCR110.dll
 0005:0000094c       __imp___fmode              004b394c     MSVCRT:MSVCR110.dll
 0005:00000950       __imp____getmainargs       004b3950     MSVCRT:MSVCR110.dll
 0005:00000954       __imp___amsg_exit          004b3954     MSVCRT:MSVCR110.dll
 0005:00000958       __imp___XcptFilter         004b3958     MSVCRT:MSVCR110.dll
 0005:0000095c       __imp____crtTerminateProcess 004b395c     MSVCRT:MSVCR110.dll
 0005:00000960       __imp____crtUnhandledException 004b3960     MSVCRT:MSVCR110.dll
 0005:00000964       __imp___crt_debugger_hook  004b3964     MSVCRT:MSVCR110.dll
 0005:00000968       __imp_??1type_info@@UAE@XZ 004b3968     MSVCRT:MSVCR110.dll
 0005:0000096c       __imp___onexit             004b396c     MSVCRT:MSVCR110.dll
 0005:00000970       __imp____dllonexit         004b3970     MSVCRT:MSVCR110.dll
 0005:00000974       __imp___calloc_crt         004b3974     MSVCRT:MSVCR110.dll
 0005:00000978       __imp___unlock             004b3978     MSVCRT:MSVCR110.dll
 0005:0000097c       __imp___lock               004b397c     MSVCRT:MSVCR110.dll
 0005:00000980       __imp___lrotl              004b3980     MSVCRT:MSVCR110.dll
 0005:00000984       __imp__strtol              004b3984     MSVCRT:MSVCR110.dll
 0005:00000988       __imp__strncmp             004b3988     MSVCRT:MSVCR110.dll
 0005:0000098c       __imp__strcmp              004b398c     MSVCRT:MSVCR110.dll
 0005:00000990       __imp__ldexp               004b3990     MSVCRT:MSVCR110.dll
 0005:00000994       __imp__abs                 004b3994     MSVCRT:MSVCR110.dll
 0005:00000998       __imp__ftell               004b3998     MSVCRT:MSVCR110.dll
 0005:0000099c       __imp__fseek               004b399c     MSVCRT:MSVCR110.dll
 0005:000009a0       __imp__fread               004b39a0     MSVCRT:MSVCR110.dll
 0005:000009a4       __imp__fopen               004b39a4     MSVCRT:MSVCR110.dll
 0005:000009a8       __imp__feof                004b39a8     MSVCRT:MSVCR110.dll
 0005:000009ac       __imp__memchr              004b39ac     MSVCRT:MSVCR110.dll
 0005:000009b0       __imp___purecall           004b39b0     MSVCRT:MSVCR110.dll
 0005:000009b4       __imp_??2@YAPAXI@Z         004b39b4     MSVCRT:MSVCR110.dll
 0005:000009b8       __imp_??3@YAXPAX@Z         004b39b8     MSVCRT:MSVCR110.dll
 0005:000009bc       __imp__atof                004b39bc     MSVCRT:MSVCR110.dll
 0005:000009c0       __imp__atoi                004b39c0     MSVCRT:MSVCR110.dll
 0005:000009c4       __imp__free                004b39c4     MSVCRT:MSVCR110.dll
 0005:000009c8       __imp__malloc              004b39c8     MSVCRT:MSVCR110.dll
 0005:000009cc       __imp__realloc             004b39cc     MSVCRT:MSVCR110.dll
 0005:000009d0       __imp__exp                 004b39d0     MSVCRT:MSVCR110.dll
 0005:000009d4       __imp__fabs                004b39d4     MSVCRT:MSVCR110.dll
 0005:000009d8       __imp__log                 004b39d8     MSVCRT:MSVCR110.dll
 0005:000009dc       __imp__pow                 004b39dc     MSVCRT:MSVCR110.dll
 0005:000009e0       __imp__sqrt                004b39e0     MSVCRT:MSVCR110.dll
 0005:000009e4       __imp__ceil                004b39e4     MSVCRT:MSVCR110.dll
 0005:000009e8       __imp__floor               004b39e8     MSVCRT:MSVCR110.dll
 0005:000009ec       __imp__memmove             004b39ec     MSVCRT:MSVCR110.dll
 0005:000009f0       __imp__memcpy              004b39f0     MSVCRT:MSVCR110.dll
 0005:000009f4       __imp__memcpy_s            004b39f4     MSVCRT:MSVCR110.dll
 0005:000009f8       __imp__memcmp              004b39f8     MSVCRT:MSVCR110.dll
 0005:000009fc       __imp__memset              004b39fc     MSVCRT:MSVCR110.dll
 0005:00000a00       __imp__strlen              004b3a00     MSVCRT:MSVCR110.dll
 0005:00000a04       __imp__strtok              004b3a04     MSVCRT:MSVCR110.dll
 0005:00000a08       __imp_??0exception@std@@QAE@ABQBDH@Z 004b3a08     MSVCRT:MSVCR110.dll
 0005:00000a0c       __imp_??0exception@std@@QAE@ABV01@@Z 004b3a0c     MSVCRT:MSVCR110.dll
 0005:00000a10       __imp_??1exception@std@@UAE@XZ 004b3a10     MSVCRT:MSVCR110.dll
 0005:00000a14       __imp__fclose              004b3a14     MSVCRT:MSVCR110.dll
 0005:00000a18       __imp__fflush              004b3a18     MSVCRT:MSVCR110.dll
 0005:00000a1c       __imp__fgetc               004b3a1c     MSVCRT:MSVCR110.dll
 0005:00000a20       __imp__fgetpos             004b3a20     MSVCRT:MSVCR110.dll
 0005:00000a24       __imp__fputc               004b3a24     MSVCRT:MSVCR110.dll
 0005:00000a28       __imp__fsetpos             004b3a28     MSVCRT:MSVCR110.dll
 0005:00000a2c       __imp___fseeki64           004b3a2c     MSVCRT:MSVCR110.dll
 0005:00000a30       __imp__calloc              004b3a30     MSVCRT:MSVCR110.dll
 0005:00000a34       __imp__printf              004b3a34     MSVCRT:MSVCR110.dll
 0005:00000a38       __imp__setvbuf             004b3a38     MSVCRT:MSVCR110.dll
 0005:00000a3c       __imp__sprintf_s           004b3a3c     MSVCRT:MSVCR110.dll
 0005:00000a40       __imp__ungetc              004b3a40     MSVCRT:MSVCR110.dll
 0005:00000a44       __imp___lock_file          004b3a44     MSVCRT:MSVCR110.dll
 0005:00000a48       __imp___unlock_file        004b3a48     MSVCRT:MSVCR110.dll
 0005:00000a4c       __imp___wassert            004b3a4c     MSVCRT:MSVCR110.dll
 0005:00000a50       __imp_??0bad_cast@std@@QAE@PBD@Z 004b3a50     MSVCRT:MSVCR110.dll
 0005:00000a54       __imp_??0bad_cast@std@@QAE@ABV01@@Z 004b3a54     MSVCRT:MSVCR110.dll
 0005:00000a58       __imp_??1bad_cast@std@@UAE@XZ 004b3a58     MSVCRT:MSVCR110.dll
 0005:00000a5c       __imp_?what@exception@std@@UBEPBDXZ 004b3a5c     MSVCRT:MSVCR110.dll
 0005:00000a60       __imp___CxxThrowException@8 004b3a60     MSVCRT:MSVCR110.dll
 0005:00000a64       __imp____CxxFrameHandler3  004b3a64     MSVCRT:MSVCR110.dll
 0005:00000a68       __imp__cos                 004b3a68     MSVCRT:MSVCR110.dll
 0005:00000a6c       __imp__sin                 004b3a6c     MSVCRT:MSVCR110.dll
 0005:00000a70       __imp__tan                 004b3a70     MSVCRT:MSVCR110.dll
 0005:00000a74       __imp___vsnprintf          004b3a74     MSVCRT:MSVCR110.dll
 0005:00000a78       __imp_??_V@YAXPAX@Z        004b3a78     MSVCRT:MSVCR110.dll
 0005:00000a7c       __imp____initenv           004b3a7c     MSVCRT:MSVCR110.dll
 0005:00000a80       \177MSVCR110_NULL_THUNK_DATA 004b3a80     MSVCRT:MSVCR110.dll
 0005:00000af4       __imp__glLightfv@12        004b3af4     opengl32:OPENGL32.dll
 0005:00000af8       __imp__glLineWidth@4       004b3af8     opengl32:OPENGL32.dll
 0005:00000afc       __imp__glLoadIdentity@0    004b3afc     opengl32:OPENGL32.dll
 0005:00000b00       __imp__glMaterialf@12      004b3b00     opengl32:OPENGL32.dll
 0005:00000b04       __imp__glMaterialfv@12     004b3b04     opengl32:OPENGL32.dll
 0005:00000b08       __imp__glMatrixMode@4      004b3b08     opengl32:OPENGL32.dll
 0005:00000b0c       __imp__glOrtho@48          004b3b0c     opengl32:OPENGL32.dll
 0005:00000b10       __imp__glPixelStorei@8     004b3b10     opengl32:OPENGL32.dll
 0005:00000b14       __imp__glPopAttrib@0       004b3b14     opengl32:OPENGL32.dll
 0005:00000b18       __imp__glPushAttrib@4      004b3b18     opengl32:OPENGL32.dll
 0005:00000b1c       __imp__glRasterPos2i@8     004b3b1c     opengl32:OPENGL32.dll
 0005:00000b20       __imp__glReadBuffer@4      004b3b20     opengl32:OPENGL32.dll
 0005:00000b24       __imp__glReadPixels@28     004b3b24     opengl32:OPENGL32.dll
 0005:00000b28       __imp__glRotatef@16        004b3b28     opengl32:OPENGL32.dll
 0005:00000b2c       __imp__glTranslatef@12     004b3b2c     opengl32:OPENGL32.dll
 0005:00000b30       __imp__glVertex2f@8        004b3b30     opengl32:OPENGL32.dll
 0005:00000b34       __imp__glVertex2i@8        004b3b34     opengl32:OPENGL32.dll
 0005:00000b38       __imp__glVertex3f@12       004b3b38     opengl32:OPENGL32.dll
 0005:00000b3c       __imp__glViewport@16       004b3b3c     opengl32:OPENGL32.dll
 0005:00000b40       __imp__glPolygonMode@8     004b3b40     opengl32:OPENGL32.dll
 0005:00000b44       __imp__glPopMatrix@0       004b3b44     opengl32:OPENGL32.dll
 0005:00000b48       __imp__glPushMatrix@0      004b3b48     opengl32:OPENGL32.dll
 0005:00000b4c       __imp__glShadeModel@4      004b3b4c     opengl32:OPENGL32.dll
 0005:00000b50       __imp__glLightModelfv@8    004b3b50     opengl32:OPENGL32.dll
 0005:00000b54       __imp__glEnd@0             004b3b54     opengl32:OPENGL32.dll
 0005:00000b58       __imp__glEnable@4          004b3b58     opengl32:OPENGL32.dll
 0005:00000b5c       __imp__glDisable@4         004b3b5c     opengl32:OPENGL32.dll
 0005:00000b60       __imp__glColor3f@12        004b3b60     opengl32:OPENGL32.dll
 0005:00000b64       __imp__glClearDepth@8      004b3b64     opengl32:OPENGL32.dll
 0005:00000b68       __imp__glClearColor@16     004b3b68     opengl32:OPENGL32.dll
 0005:00000b6c       __imp__glClear@4           004b3b6c     opengl32:OPENGL32.dll
 0005:00000b70       __imp__glBegin@4           004b3b70     opengl32:OPENGL32.dll
 0005:00000b74       \177OPENGL32_NULL_THUNK_DATA 004b3b74     opengl32:OPENGL32.dll
 0005:00000bb8       __imp___vcomp_fork         004b3bb8     VCOMP:VCOMP110.DLL
 0005:00000bbc       __imp___vcomp_for_static_simple_init 004b3bbc     VCOMP:VCOMP110.DLL
 0005:00000bc0       __imp___vcomp_for_static_end 004b3bc0     VCOMP:VCOMP110.DLL
 0005:00000bc4       \177VCOMP110_NULL_THUNK_DATA 004b3bc4     VCOMP:VCOMP110.DLL
 0005:00000bf0       __imp__glutPostRedisplay@0 004b3bf0     glut32:glut32.dll
 0005:00000bf4       __imp__glutMainLoop@0      004b3bf4     glut32:glut32.dll
 0005:00000bf8       __imp__glutDisplayFunc@4   004b3bf8     glut32:glut32.dll
 0005:00000bfc       __imp__glutInitWindowSize@8 004b3bfc     glut32:glut32.dll
 0005:00000c00       __imp__glutInitDisplayMode@4 004b3c00     glut32:glut32.dll
 0005:00000c04       __imp__glutInit@8          004b3c04     glut32:glut32.dll
 0005:00000c08       __imp__glutSwapBuffers@0   004b3c08     glut32:glut32.dll
 0005:00000c0c       __imp__glutCreateWindow@4  004b3c0c     glut32:glut32.dll
 0005:00000c10       __imp__glutReshapeFunc@4   004b3c10     glut32:glut32.dll
 0005:00000c14       __imp__glutMouseFunc@4     004b3c14     glut32:glut32.dll
 0005:00000c18       __imp__glutMotionFunc@4    004b3c18     glut32:glut32.dll
 0005:00000c1c       __imp__glutGetModifiers@0  004b3c1c     glut32:glut32.dll
 0005:00000c20       __imp__glutBitmapCharacter@8 004b3c20     glut32:glut32.dll
 0005:00000c24       __imp__glutBitmapLength@8  004b3c24     glut32:glut32.dll
 0005:00000c28       __imp__glutKeyboardFunc@4  004b3c28     glut32:glut32.dll
 0005:00000c2c       __imp__glutTimerFunc@12    004b3c2c     glut32:glut32.dll
 0005:00000c30       \177glut32_NULL_THUNK_DATA 004b3c30     glut32:glut32.dll

 entry point at        0002:00001c66

