 Fluid3D

 Timestamp is 530f6ccf (Thu Feb 27 11:50:23 2014)

 Preferred load address is 00400000

 Start         Length     Name                   Class
 0001:00000000 0001656eH .textbss                DATA
 0002:00000000 0002e708H .text                   CODE
 0002:0002e710 00002687H .text$x                 CODE
 0002:00030da0 000015a0H .text$yc                CODE
 0002:00032340 00001235H .text$yd                CODE
 0003:00000000 00000104H .CRT$XCA                DATA
 0003:00000104 00000104H .CRT$XCAA               DATA
 0003:00000208 00000104H .CRT$XCL                DATA
 0003:0000030c 00000166H .CRT$XCU                DATA
 0003:00000474 00000104H .CRT$XCZ                DATA
 0003:00000578 00000104H .CRT$XIA                DATA
 0003:0000067c 00000104H .CRT$XIAA               DATA
 0003:00000780 00000109H .CRT$XIC                DATA
 0003:0000088c 00000104H .CRT$XIY                DATA
 0003:00000990 00000104H .CRT$XIZ                DATA
 0003:00000aa0 000015cdH .rdata                  DATA
 0003:00002070 00000194H .rdata$debug            DATA
 0003:00002204 00000cd9H .rdata$r                DATA
 0003:00002ee0 00000104H .rtc$IAA                DATA
 0003:00002fe4 00000104H .rtc$IZZ                DATA
 0003:000030e8 00000104H .rtc$TAA                DATA
 0003:000031ec 00000104H .rtc$TZZ                DATA
 0003:000032f0 00001bb5H .xdata$x                DATA
 0003:00004ea5 00000000H .edata                  DATA
 0004:00000000 00000792H .data                   DATA
 0004:00000798 0000083cH .bss                    DATA
 0005:00000000 00000078H .idata$2                DATA
 0005:00000078 00000014H .idata$3                DATA
 0005:0000008c 00000554H .idata$4                DATA
 0005:000005e0 00000554H .idata$5                DATA
 0005:00000b34 000021a5H .idata$6                DATA
 0006:00000000 00000169H .rsrc$01                DATA
 0006:00000170 000002ccH .rsrc$02                DATA

  Address         Publics by Value              Rva+Base       Lib:Object

 0000:00000000       __except_list              00000000     <absolute>
 0000:00000000       ___safe_se_handler_table   00000000     <absolute>
 0000:00000000       ___safe_se_handler_count   00000000     <absolute>
 0000:00009876       __fltused                  00009876     <absolute>
 0000:00009876       __ldused                   00009876     <absolute>
 0000:00000000       ___ImageBase               00400000     <linker-defined>
 0001:00000000       __enc$textbss$begin        00401000     <linker-defined>
 0001:0001656e       __enc$textbss$end          0041756e     <linker-defined>
 0002:000032d0       ??$?0M@?$Vec@$02H@@QAE@ABU?$Vec@$02M@@@Z 0041b2d0 f i fluidsim.obj
 0002:00003330       ??$?5DU?$char_traits@D@std@@@std@@YAAAV?$basic_istream@DU?$char_traits@D@std@@@0@AAV10@AAD@Z 0041b330 f i fluidsim.obj
 0002:000034b0       ??$?6$02M@@YAAAV?$basic_ostream@DU?$char_traits@D@std@@@std@@AAV01@ABU?$Vec@$02M@@@Z 0041b4b0 f i fluidsim.obj
 0002:00003540       ??$?6DU?$char_traits@D@std@@V?$allocator@D@1@@std@@YAAAV?$basic_ostream@DU?$char_traits@D@std@@@0@AAV10@ABV?$basic_string@DU?$char_traits@D@std@@V?$allocator@D@2@@0@@Z 0041b540 f i fluidsim.obj
 0002:00003920       ??$?6U?$char_traits@D@std@@@std@@YAAAV?$basic_ostream@DU?$char_traits@D@std@@@0@AAV10@D@Z 0041b920 f i fluidsim.obj
 0002:00003d60       ??$?6U?$char_traits@D@std@@@std@@YAAAV?$basic_ostream@DU?$char_traits@D@std@@@0@AAV10@PBD@Z 0041bd60 f i fluidsim.obj
 0002:000041f0       ??$?8DU?$char_traits@D@std@@V?$allocator@D@1@@std@@YA_NABV?$basic_string@DU?$char_traits@D@std@@V?$allocator@D@2@@0@0@Z 0041c1f0 f i fluidsim.obj
 0002:00004230       ??$?8II@std@@YA_NABV?$allocator@I@0@0@Z 0041c230 f i fluidsim.obj
 0002:00004250       ??$?8NN@std@@YA_NABV?$allocator@N@0@0@Z 0041c250 f i fluidsim.obj
 0002:00004270       ??$?8V?$_Vector_iterator@V?$_Vector_val@U?$_Simple_types@I@std@@@std@@@std@@V01@@std@@YA_NABV?$move_iterator@V?$_Vector_iterator@V?$_Vector_val@U?$_Simple_types@I@std@@@std@@@std@@@0@0@Z 0041c270 f i fluidsim.obj
 0002:000042a0       ??$?8V?$_Vector_iterator@V?$_Vector_val@U?$_Simple_types@N@std@@@std@@@std@@V01@@std@@YA_NABV?$move_iterator@V?$_Vector_iterator@V?$_Vector_val@U?$_Simple_types@N@std@@@std@@@std@@@0@0@Z 0041c2a0 f i fluidsim.obj
 0002:000042d0       ??$?8V?$allocator@I@std@@V01@@std@@YA_NABU?$_Wrap_alloc@V?$allocator@I@std@@@0@0@Z 0041c2d0 f i fluidsim.obj
 0002:00004310       ??$?8V?$allocator@N@std@@V01@@std@@YA_NABU?$_Wrap_alloc@V?$allocator@N@std@@@0@0@Z 0041c310 f i fluidsim.obj
 0002:00004350       ??$?9DU?$char_traits@D@std@@V?$allocator@D@1@@std@@YA_NABV?$basic_string@DU?$char_traits@D@std@@V?$allocator@D@2@@0@0@Z 0041c350 f i fluidsim.obj
 0002:000043a0       ??$?9V?$_Vector_iterator@V?$_Vector_val@U?$_Simple_types@I@std@@@std@@@std@@V01@@std@@YA_NABV?$move_iterator@V?$_Vector_iterator@V?$_Vector_val@U?$_Simple_types@I@std@@@std@@@std@@@0@0@Z 0041c3a0 f i fluidsim.obj
 0002:000043f0       ??$?9V?$_Vector_iterator@V?$_Vector_val@U?$_Simple_types@N@std@@@std@@@std@@V01@@std@@YA_NABV?$move_iterator@V?$_Vector_iterator@V?$_Vector_val@U?$_Simple_types@N@std@@@std@@@std@@@0@0@Z 0041c3f0 f i fluidsim.obj
 0002:00004440       ??$?9V?$allocator@I@std@@V01@@std@@YA_NABU?$_Wrap_alloc@V?$allocator@I@std@@@0@0@Z 0041c440 f i fluidsim.obj
 0002:00004490       ??$?9V?$allocator@N@std@@V01@@std@@YA_NABU?$_Wrap_alloc@V?$allocator@N@std@@@0@0@Z 0041c490 f i fluidsim.obj
 0002:000044e0       ??$?D$02M@@YA?AU?$Vec@$02M@@MABU0@@Z 0041c4e0 f i fluidsim.obj
 0002:00004560       ??$?GV?$_Vector_iterator@V?$_Vector_val@U?$_Simple_types@I@std@@@std@@@std@@V01@@std@@YAHAAV?$move_iterator@V?$_Vector_iterator@V?$_Vector_val@U?$_Simple_types@I@std@@@std@@@std@@@0@ABV10@@Z 0041c560 f i fluidsim.obj
 0002:000045a0       ??$?GV?$_Vector_iterator@V?$_Vector_val@U?$_Simple_types@N@std@@@std@@@std@@V01@@std@@YAHAAV?$move_iterator@V?$_Vector_iterator@V?$_Vector_val@U?$_Simple_types@N@std@@@std@@@std@@@0@ABV10@@Z 0041c5a0 f i fluidsim.obj
 0002:000045e0       ??$_Advance@PAIH@std@@YAXAAPAIHUrandom_access_iterator_tag@0@@Z 0041c5e0 f i fluidsim.obj
 0002:00004610       ??$_Advance@PANH@std@@YAXAAPANHUrandom_access_iterator_tag@0@@Z 0041c610 f i fluidsim.obj
 0002:00004640       ??$_Allocate@D@std@@YAPADIPAD@Z 0041c640 f i fluidsim.obj
 0002:000046a0       ??$_Allocate@I@std@@YAPAIIPAI@Z 0041c6a0 f i fluidsim.obj
 0002:00004700       ??$_Allocate@N@std@@YAPANIPAN@Z 0041c700 f i fluidsim.obj
 0002:00004760       ??$_Allocate@U?$Vec@$02I@@@std@@YAPAU?$Vec@$02I@@IPAU1@@Z 0041c760 f i fluidsim.obj
 0002:000047c0       ??$_Allocate@U?$Vec@$02M@@@std@@YAPAU?$Vec@$02M@@IPAU1@@Z 0041c7c0 f i fluidsim.obj
 0002:00004820       ??$_Allocate@V?$vector@IV?$allocator@I@std@@@std@@@std@@YAPAV?$vector@IV?$allocator@I@std@@@0@IPAV10@@Z 0041c820 f i fluidsim.obj
 0002:00004880       ??$_Allocate@V?$vector@NV?$allocator@N@std@@@std@@@std@@YAPAV?$vector@NV?$allocator@N@std@@@0@IPAV10@@Z 0041c880 f i fluidsim.obj
 0002:000048e0       ??$_Copy_backward@PANPAN@std@@YAPANPAN00@Z 0041c8e0 f i fluidsim.obj
 0002:00004930       ??$_Copy_backward@PANPAN@std@@YAPANPAN00U_Scalar_ptr_iterator_tag@0@@Z 0041c930 f i fluidsim.obj
 0002:00004990       ??$_Copy_impl@PANPAN@std@@YAPANPAN00@Z 0041c990 f i fluidsim.obj
 0002:000049e0       ??$_Copy_impl@PANPAN@std@@YAPANPAN00U_Scalar_ptr_iterator_tag@0@@Z 0041c9e0 f i fluidsim.obj
 0002:00004a30       ??$_Destroy_range@U?$_Wrap_alloc@V?$allocator@I@std@@@std@@@std@@YAXPAI0AAU?$_Wrap_alloc@V?$allocator@I@std@@@0@@Z 0041ca30 f i fluidsim.obj
 0002:00004a80       ??$_Destroy_range@U?$_Wrap_alloc@V?$allocator@I@std@@@std@@@std@@YAXPAI0AAU?$_Wrap_alloc@V?$allocator@I@std@@@0@U_Scalar_ptr_iterator_tag@0@@Z 0041ca80 f i fluidsim.obj
 0002:00004aa0       ??$_Destroy_range@U?$_Wrap_alloc@V?$allocator@N@std@@@std@@@std@@YAXPAN0AAU?$_Wrap_alloc@V?$allocator@N@std@@@0@@Z 0041caa0 f i fluidsim.obj
 0002:00004af0       ??$_Destroy_range@U?$_Wrap_alloc@V?$allocator@N@std@@@std@@@std@@YAXPAN0AAU?$_Wrap_alloc@V?$allocator@N@std@@@0@U_Scalar_ptr_iterator_tag@0@@Z 0041caf0 f i fluidsim.obj
 0002:00004b10       ??$_Destroy_range@U?$_Wrap_alloc@V?$allocator@U?$Vec@$02I@@@std@@@std@@@std@@YAXPAU?$Vec@$02I@@0AAU?$_Wrap_alloc@V?$allocator@U?$Vec@$02I@@@std@@@0@@Z 0041cb10 f i fluidsim.obj
 0002:00004b60       ??$_Destroy_range@U?$_Wrap_alloc@V?$allocator@U?$Vec@$02I@@@std@@@std@@@std@@YAXPAU?$Vec@$02I@@0AAU?$_Wrap_alloc@V?$allocator@U?$Vec@$02I@@@std@@@0@U_Nonscalar_ptr_iterator_tag@0@@Z 0041cb60 f i fluidsim.obj
 0002:00004ba0       ??$_Destroy_range@U?$_Wrap_alloc@V?$allocator@U?$Vec@$02M@@@std@@@std@@@std@@YAXPAU?$Vec@$02M@@0AAU?$_Wrap_alloc@V?$allocator@U?$Vec@$02M@@@std@@@0@@Z 0041cba0 f i fluidsim.obj
 0002:00004bf0       ??$_Destroy_range@U?$_Wrap_alloc@V?$allocator@U?$Vec@$02M@@@std@@@std@@@std@@YAXPAU?$Vec@$02M@@0AAU?$_Wrap_alloc@V?$allocator@U?$Vec@$02M@@@std@@@0@U_Nonscalar_ptr_iterator_tag@0@@Z 0041cbf0 f i fluidsim.obj
 0002:00004c30       ??$_Destroy_range@U?$_Wrap_alloc@V?$allocator@V?$vector@IV?$allocator@I@std@@@std@@@std@@@std@@@std@@YAXPAV?$vector@IV?$allocator@I@std@@@0@0AAU?$_Wrap_alloc@V?$allocator@V?$vector@IV?$allocator@I@std@@@std@@@std@@@0@@Z 0041cc30 f i fluidsim.obj
 0002:00004c80       ??$_Destroy_range@U?$_Wrap_alloc@V?$allocator@V?$vector@IV?$allocator@I@std@@@std@@@std@@@std@@@std@@YAXPAV?$vector@IV?$allocator@I@std@@@0@0AAU?$_Wrap_alloc@V?$allocator@V?$vector@IV?$allocator@I@std@@@std@@@std@@@0@U_Nonscalar_ptr_iterator_tag@0@@Z 0041cc80 f i fluidsim.obj
 0002:00004cc0       ??$_Destroy_range@U?$_Wrap_alloc@V?$allocator@V?$vector@NV?$allocator@N@std@@@std@@@std@@@std@@@std@@YAXPAV?$vector@NV?$allocator@N@std@@@0@0AAU?$_Wrap_alloc@V?$allocator@V?$vector@NV?$allocator@N@std@@@std@@@std@@@0@@Z 0041ccc0 f i fluidsim.obj
 0002:00004d10       ??$_Destroy_range@U?$_Wrap_alloc@V?$allocator@V?$vector@NV?$allocator@N@std@@@std@@@std@@@std@@@std@@YAXPAV?$vector@NV?$allocator@N@std@@@0@0AAU?$_Wrap_alloc@V?$allocator@V?$vector@NV?$allocator@N@std@@@std@@@std@@@0@U_Nonscalar_ptr_iterator_tag@0@@Z 0041cd10 f i fluidsim.obj
 0002:00004d50       ??$_Dist_type@PAI@std@@YAPAHPAI@Z 0041cd50 f i fluidsim.obj
 0002:00004d70       ??$_Dist_type@PAN@std@@YAPAHPAN@Z 0041cd70 f i fluidsim.obj
 0002:00004d90       ??$_Distance2@PAIH@std@@YAXPAI0AAHUrandom_access_iterator_tag@0@@Z 0041cd90 f i fluidsim.obj
 0002:00004dc0       ??$_Distance2@PANH@std@@YAXPAN0AAHUrandom_access_iterator_tag@0@@Z 0041cdc0 f i fluidsim.obj
 0002:00004df0       ??$_Distance2@V?$move_iterator@V?$_Vector_iterator@V?$_Vector_val@U?$_Simple_types@I@std@@@std@@@std@@@std@@I@std@@YAXV?$move_iterator@V?$_Vector_iterator@V?$_Vector_val@U?$_Simple_types@I@std@@@std@@@std@@@0@0AAIUrandom_access_iterator_tag@0@@Z 0041cdf0 f i fluidsim.obj
 0002:00004e30       ??$_Distance2@V?$move_iterator@V?$_Vector_iterator@V?$_Vector_val@U?$_Simple_types@N@std@@@std@@@std@@@std@@I@std@@YAXV?$move_iterator@V?$_Vector_iterator@V?$_Vector_val@U?$_Simple_types@N@std@@@std@@@std@@@0@0AAIUrandom_access_iterator_tag@0@@Z 0041ce30 f i fluidsim.obj
 0002:00004e70       ??$_Distance@V?$move_iterator@V?$_Vector_iterator@V?$_Vector_val@U?$_Simple_types@I@std@@@std@@@std@@@std@@I@std@@YAXV?$move_iterator@V?$_Vector_iterator@V?$_Vector_val@U?$_Simple_types@I@std@@@std@@@std@@@0@0AAI@Z 0041ce70 f i fluidsim.obj
 0002:00004ec0       ??$_Distance@V?$move_iterator@V?$_Vector_iterator@V?$_Vector_val@U?$_Simple_types@N@std@@@std@@@std@@@std@@I@std@@YAXV?$move_iterator@V?$_Vector_iterator@V?$_Vector_val@U?$_Simple_types@N@std@@@std@@@std@@@0@0AAI@Z 0041cec0 f i fluidsim.obj
 0002:00004f10       ??$_Equal@V?$_Vector_iterator@V?$_Vector_val@U?$_Simple_types@I@std@@@std@@@std@@@?$move_iterator@V?$_Vector_iterator@V?$_Vector_val@U?$_Simple_types@I@std@@@std@@@std@@@std@@QBE_NABV01@@Z 0041cf10 f i fluidsim.obj
 0002:00004f50       ??$_Equal@V?$_Vector_iterator@V?$_Vector_val@U?$_Simple_types@N@std@@@std@@@std@@@?$move_iterator@V?$_Vector_iterator@V?$_Vector_val@U?$_Simple_types@N@std@@@std@@@std@@@std@@QBE_NABV01@@Z 0041cf50 f i fluidsim.obj
 0002:00004f90       ??$_Fgetc@D@std@@YA_NAADPAU_iobuf@@@Z 0041cf90 f i fluidsim.obj
 0002:00004fe0       ??$_Fill@PANN@std@@YAXPAN0ABN@Z 0041cfe0 f i fluidsim.obj
 0002:00005020       ??$_Fill_n@PAIII@std@@YAPAIPAIIABI@Z 0041d020 f i fluidsim.obj
 0002:00005070       ??$_Fill_n@PANIN@std@@YAPANPANIABN@Z 0041d070 f i fluidsim.obj
 0002:000050c0       ??$_Fputc@D@std@@YA_NDPAU_iobuf@@@Z 0041d0c0 f i fluidsim.obj
 0002:00005110       ??$_Insert@V?$move_iterator@V?$_Vector_iterator@V?$_Vector_val@U?$_Simple_types@I@std@@@std@@@std@@@std@@@?$vector@IV?$allocator@I@std@@@std@@QAEXV?$_Vector_const_iterator@V?$_Vector_val@U?$_Simple_types@I@std@@@std@@@1@V?$move_iterator@V?$_Vector_iterator@V?$_Vector_val@U?$_Simple_types@I@std@@@std@@@std@@@1@1Uforward_iterator_tag@1@@Z 0041d110 f i fluidsim.obj
 0002:00005400       ??$_Insert@V?$move_iterator@V?$_Vector_iterator@V?$_Vector_val@U?$_Simple_types@N@std@@@std@@@std@@@std@@@?$vector@NV?$allocator@N@std@@@std@@QAEXV?$_Vector_const_iterator@V?$_Vector_val@U?$_Simple_types@N@std@@@std@@@1@V?$move_iterator@V?$_Vector_iterator@V?$_Vector_val@U?$_Simple_types@N@std@@@std@@@std@@@1@1Uforward_iterator_tag@1@@Z 0041d400 f i fluidsim.obj
 0002:000056f0       ??$_Iter_cat@PAI@std@@YA?AUrandom_access_iterator_tag@0@ABQAI@Z 0041d6f0 f i fluidsim.obj
 0002:00005720       ??$_Iter_cat@PAN@std@@YA?AUrandom_access_iterator_tag@0@ABQAN@Z 0041d720 f i fluidsim.obj
 0002:00005750       ??$_Iter_cat@V?$move_iterator@V?$_Vector_iterator@V?$_Vector_val@U?$_Simple_types@I@std@@@std@@@std@@@std@@@std@@YA?AUrandom_access_iterator_tag@0@ABV?$move_iterator@V?$_Vector_iterator@V?$_Vector_val@U?$_Simple_types@I@std@@@std@@@std@@@0@@Z 0041d750 f i fluidsim.obj
 0002:00005780       ??$_Iter_cat@V?$move_iterator@V?$_Vector_iterator@V?$_Vector_val@U?$_Simple_types@N@std@@@std@@@std@@@std@@@std@@YA?AUrandom_access_iterator_tag@0@ABV?$move_iterator@V?$_Vector_iterator@V?$_Vector_val@U?$_Simple_types@N@std@@@std@@@std@@@0@@Z 0041d780 f i fluidsim.obj
 0002:000057b0       ??$_Move@AAI@std@@YA$$QAIAAI@Z 0041d7b0 f i fluidsim.obj
 0002:000057d0       ??$_Move@AAN@std@@YA$$QANAAN@Z 0041d7d0 f i fluidsim.obj
 0002:000057f0       ??$_Move@AAPAN@std@@YA$$QAPANAAPAN@Z 0041d7f0 f i fluidsim.obj
 0002:00005810       ??$_Move@AAV?$vector@NV?$allocator@N@std@@@std@@@std@@YA$$QAV?$vector@NV?$allocator@N@std@@@0@AAV10@@Z 0041d810 f i fluidsim.obj
 0002:00005830       ??$_Move@PAIPAI@std@@YAPAIPAI00@Z 0041d830 f i fluidsim.obj
 0002:00005880       ??$_Move@PAIPAI@std@@YAPAIPAI00U_Scalar_ptr_iterator_tag@0@@Z 0041d880 f i fluidsim.obj
 0002:000058d0       ??$_Move@PANPAN@std@@YAPANPAN00@Z 0041d8d0 f i fluidsim.obj
 0002:00005920       ??$_Move@PANPAN@std@@YAPANPAN00U_Scalar_ptr_iterator_tag@0@@Z 0041d920 f i fluidsim.obj
 0002:00005970       ??$_Move@PAV?$vector@IV?$allocator@I@std@@@std@@PAV12@@std@@YAPAV?$vector@IV?$allocator@I@std@@@0@PAV10@00@Z 0041d970 f i fluidsim.obj
 0002:000059c0       ??$_Move@PAV?$vector@IV?$allocator@I@std@@@std@@PAV12@@std@@YAPAV?$vector@IV?$allocator@I@std@@@0@PAV10@00U_Nonscalar_ptr_iterator_tag@0@@Z 0041d9c0 f i fluidsim.obj
 0002:00005a20       ??$_Move@PAV?$vector@NV?$allocator@N@std@@@std@@PAV12@@std@@YAPAV?$vector@NV?$allocator@N@std@@@0@PAV10@00@Z 0041da20 f i fluidsim.obj
 0002:00005a70       ??$_Move@PAV?$vector@NV?$allocator@N@std@@@std@@PAV12@@std@@YAPAV?$vector@NV?$allocator@N@std@@@0@PAV10@00U_Nonscalar_ptr_iterator_tag@0@@Z 0041da70 f i fluidsim.obj
 0002:00005ad0       ??$_Ptr_cat@II@std@@YA?AU_Scalar_ptr_iterator_tag@0@PAI0@Z 0041dad0 f i fluidsim.obj
 0002:00005af0       ??$_Ptr_cat@NN@std@@YA?AU_Scalar_ptr_iterator_tag@0@PAN0@Z 0041daf0 f i fluidsim.obj
 0002:00005b10       ??$_Ptr_cat@U?$Vec@$02I@@U1@@std@@YA?AU_Nonscalar_ptr_iterator_tag@0@PAU?$Vec@$02I@@0@Z 0041db10 f i fluidsim.obj
 0002:00005b30       ??$_Ptr_cat@U?$Vec@$02M@@U1@@std@@YA?AU_Nonscalar_ptr_iterator_tag@0@PAU?$Vec@$02M@@0@Z 0041db30 f i fluidsim.obj
 0002:00005b50       ??$_Ptr_cat@V?$move_iterator@V?$_Vector_iterator@V?$_Vector_val@U?$_Simple_types@I@std@@@std@@@std@@@std@@PAI@std@@YA?AU_Nonscalar_ptr_iterator_tag@0@AAV?$move_iterator@V?$_Vector_iterator@V?$_Vector_val@U?$_Simple_types@I@std@@@std@@@std@@@0@AAPAI@Z 0041db50 f i fluidsim.obj
 0002:00005b70       ??$_Ptr_cat@V?$move_iterator@V?$_Vector_iterator@V?$_Vector_val@U?$_Simple_types@N@std@@@std@@@std@@@std@@PAN@std@@YA?AU_Nonscalar_ptr_iterator_tag@0@AAV?$move_iterator@V?$_Vector_iterator@V?$_Vector_val@U?$_Simple_types@N@std@@@std@@@std@@@0@AAPAN@Z 0041db70 f i fluidsim.obj
 0002:00005b90       ??$_Ptr_cat@V?$vector@IV?$allocator@I@std@@@std@@V12@@std@@YA?AU_Nonscalar_ptr_iterator_tag@0@PAV?$vector@IV?$allocator@I@std@@@0@0@Z 0041db90 f i fluidsim.obj
 0002:00005bb0       ??$_Ptr_cat@V?$vector@NV?$allocator@N@std@@@std@@V12@@std@@YA?AU_Nonscalar_ptr_iterator_tag@0@PAV?$vector@NV?$allocator@N@std@@@0@0@Z 0041dbb0 f i fluidsim.obj
 0002:00005bd0       ??$_Rotate@PAI@std@@YAXPAI00Urandom_access_iterator_tag@0@@Z 0041dbd0 f i fluidsim.obj
 0002:00005c20       ??$_Rotate@PAIHI@std@@YAXPAI00PAH0@Z 0041dc20 f i fluidsim.obj
 0002:00005d70       ??$_Rotate@PAN@std@@YAXPAN00Urandom_access_iterator_tag@0@@Z 0041dd70 f i fluidsim.obj
 0002:00005dc0       ??$_Rotate@PANHN@std@@YAXPAN00PAH0@Z 0041ddc0 f i fluidsim.obj
 0002:00005f10       ??$_Swap_adl@PAN@std@@YAXAAPAN0@Z 0041df10 f i fluidsim.obj
 0002:00005f40       ??$_Ucopy@PAN@?$vector@NV?$allocator@N@std@@@std@@IAEPANPAN00@Z 0041df40 f i fluidsim.obj
 0002:00005f90       ??$_Ucopy@V?$move_iterator@V?$_Vector_iterator@V?$_Vector_val@U?$_Simple_types@I@std@@@std@@@std@@@std@@@?$vector@IV?$allocator@I@std@@@std@@IAEPAIV?$move_iterator@V?$_Vector_iterator@V?$_Vector_val@U?$_Simple_types@I@std@@@std@@@std@@@1@0PAI@Z 0041df90 f i fluidsim.obj
 0002:00005fe0       ??$_Ucopy@V?$move_iterator@V?$_Vector_iterator@V?$_Vector_val@U?$_Simple_types@N@std@@@std@@@std@@@std@@@?$vector@NV?$allocator@N@std@@@std@@IAEPANV?$move_iterator@V?$_Vector_iterator@V?$_Vector_val@U?$_Simple_types@N@std@@@std@@@std@@@1@0PAN@Z 0041dfe0 f i fluidsim.obj
 0002:00006030       ??$_Umove@PAI@?$vector@IV?$allocator@I@std@@@std@@IAEPAIPAI00@Z 0041e030 f i fluidsim.obj
 0002:00006080       ??$_Umove@PAN@?$vector@NV?$allocator@N@std@@@std@@IAEPANPAN00@Z 0041e080 f i fluidsim.obj
 0002:000060d0       ??$_Umove@PAU?$Vec@$02I@@@?$vector@U?$Vec@$02I@@V?$allocator@U?$Vec@$02I@@@std@@@std@@IAEPAU?$Vec@$02I@@PAU2@00@Z 0041e0d0 f i fluidsim.obj
 0002:00006120       ??$_Umove@PAU?$Vec@$02M@@@?$vector@U?$Vec@$02M@@V?$allocator@U?$Vec@$02M@@@std@@@std@@IAEPAU?$Vec@$02M@@PAU2@00@Z 0041e120 f i fluidsim.obj
 0002:00006170       ??$_Umove@PAV?$vector@IV?$allocator@I@std@@@std@@@?$vector@V?$vector@IV?$allocator@I@std@@@std@@V?$allocator@V?$vector@IV?$allocator@I@std@@@std@@@2@@std@@IAEPAV?$vector@IV?$allocator@I@std@@@1@PAV21@00@Z 0041e170 f i fluidsim.obj
 0002:000061c0       ??$_Umove@PAV?$vector@NV?$allocator@N@std@@@std@@@?$vector@V?$vector@NV?$allocator@N@std@@@std@@V?$allocator@V?$vector@NV?$allocator@N@std@@@std@@@2@@std@@IAEPAV?$vector@NV?$allocator@N@std@@@1@PAV21@00@Z 0041e1c0 f i fluidsim.obj
 0002:00006210       ??$_Unchecked@PAI@std@@YAPAIPAI@Z 0041e210 f i fluidsim.obj
 0002:00006230       ??$_Unchecked@PAN@std@@YAPANPAN@Z 0041e230 f i fluidsim.obj
 0002:00006250       ??$_Ungetc@D@std@@YA_NABDPAU_iobuf@@@Z 0041e250 f i fluidsim.obj
 0002:000062a0       ??$_Uninit_copy@NN@std@@YAPANPAN00AAU?$_Wrap_alloc@V?$allocator@N@std@@@0@U_Scalar_ptr_iterator_tag@0@@Z 0041e2a0 f i fluidsim.obj
 0002:000062f0       ??$_Uninit_copy@V?$move_iterator@V?$_Vector_iterator@V?$_Vector_val@U?$_Simple_types@I@std@@@std@@@std@@@std@@PAIV?$allocator@I@2@@std@@YAPAIV?$move_iterator@V?$_Vector_iterator@V?$_Vector_val@U?$_Simple_types@I@std@@@std@@@std@@@0@0PAIAAU?$_Wrap_alloc@V?$allocator@I@std@@@0@U_Nonscalar_ptr_iterator_tag@0@@Z 0041e2f0 f i fluidsim.obj
 0002:00006410       ??$_Uninit_copy@V?$move_iterator@V?$_Vector_iterator@V?$_Vector_val@U?$_Simple_types@N@std@@@std@@@std@@@std@@PANV?$allocator@N@2@@std@@YAPANV?$move_iterator@V?$_Vector_iterator@V?$_Vector_val@U?$_Simple_types@N@std@@@std@@@std@@@0@0PANAAU?$_Wrap_alloc@V?$allocator@N@std@@@0@U_Nonscalar_ptr_iterator_tag@0@@Z 0041e410 f i fluidsim.obj
 0002:00006530       ??$_Uninit_def_fill_n@III@std@@YAXPAIIAAU?$_Wrap_alloc@V?$allocator@I@std@@@0@0U_Scalar_ptr_iterator_tag@0@@Z 0041e530 f i fluidsim.obj
 0002:00006570       ??$_Uninit_def_fill_n@NIN@std@@YAXPANIAAU?$_Wrap_alloc@V?$allocator@N@std@@@0@0U_Scalar_ptr_iterator_tag@0@@Z 0041e570 f i fluidsim.obj
 0002:000065b0       ??$_Uninit_def_fill_n@PAV?$vector@IV?$allocator@I@std@@@std@@IV?$allocator@V?$vector@IV?$allocator@I@std@@@std@@@2@V12@@std@@YAXPAV?$vector@IV?$allocator@I@std@@@0@IAAU?$_Wrap_alloc@V?$allocator@V?$vector@IV?$allocator@I@std@@@std@@@std@@@0@0U_Nonscalar_ptr_iterator_tag@0@@Z 0041e5b0 f i fluidsim.obj
 0002:000066a0       ??$_Uninit_def_fill_n@PAV?$vector@NV?$allocator@N@std@@@std@@IV?$allocator@V?$vector@NV?$allocator@N@std@@@std@@@2@V12@@std@@YAXPAV?$vector@NV?$allocator@N@std@@@0@IAAU?$_Wrap_alloc@V?$allocator@V?$vector@NV?$allocator@N@std@@@std@@@std@@@0@0U_Nonscalar_ptr_iterator_tag@0@@Z 0041e6a0 f i fluidsim.obj
 0002:00006790       ??$_Uninit_fill_n@NINN@std@@YAXPANIPBNAAU?$_Wrap_alloc@V?$allocator@N@std@@@0@0U_Scalar_ptr_iterator_tag@0@@Z 0041e790 f i fluidsim.obj
 0002:000067c0       ??$_Uninit_move@III@std@@YAPAIPAI00AAU?$_Wrap_alloc@V?$allocator@I@std@@@0@0U_Scalar_ptr_iterator_tag@0@@Z 0041e7c0 f i fluidsim.obj
 0002:00006810       ??$_Uninit_move@NNN@std@@YAPANPAN00AAU?$_Wrap_alloc@V?$allocator@N@std@@@0@0U_Scalar_ptr_iterator_tag@0@@Z 0041e810 f i fluidsim.obj
 0002:00006860       ??$_Uninit_move@PAU?$Vec@$02I@@PAU1@V?$allocator@U?$Vec@$02I@@@std@@U1@@std@@YAPAU?$Vec@$02I@@PAU1@00AAU?$_Wrap_alloc@V?$allocator@U?$Vec@$02I@@@std@@@0@0U_Nonscalar_ptr_iterator_tag@0@@Z 0041e860 f i fluidsim.obj
 0002:00006950       ??$_Uninit_move@PAU?$Vec@$02M@@PAU1@V?$allocator@U?$Vec@$02M@@@std@@U1@@std@@YAPAU?$Vec@$02M@@PAU1@00AAU?$_Wrap_alloc@V?$allocator@U?$Vec@$02M@@@std@@@0@0U_Nonscalar_ptr_iterator_tag@0@@Z 0041e950 f i fluidsim.obj
 0002:00006a40       ??$_Uninit_move@PAV?$vector@IV?$allocator@I@std@@@std@@PAV12@V?$allocator@V?$vector@IV?$allocator@I@std@@@std@@@2@V12@@std@@YAPAV?$vector@IV?$allocator@I@std@@@0@PAV10@00AAU?$_Wrap_alloc@V?$allocator@V?$vector@IV?$allocator@I@std@@@std@@@std@@@0@0U_Nonscalar_ptr_iterator_tag@0@@Z 0041ea40 f i fluidsim.obj
 0002:00006b30       ??$_Uninit_move@PAV?$vector@NV?$allocator@N@std@@@std@@PAV12@V?$allocator@V?$vector@NV?$allocator@N@std@@@std@@@2@V12@@std@@YAPAV?$vector@NV?$allocator@N@std@@@0@PAV10@00AAU?$_Wrap_alloc@V?$allocator@V?$vector@NV?$allocator@N@std@@@std@@@std@@@0@0U_Nonscalar_ptr_iterator_tag@0@@Z 0041eb30 f i fluidsim.obj
 0002:00006c20       ??$_Uninitialized_copy@PANPANU?$_Wrap_alloc@V?$allocator@N@std@@@std@@@std@@YAPANPAN00AAU?$_Wrap_alloc@V?$allocator@N@std@@@0@@Z 0041ec20 f i fluidsim.obj
 0002:00006c70       ??$_Uninitialized_copy@V?$move_iterator@V?$_Vector_iterator@V?$_Vector_val@U?$_Simple_types@I@std@@@std@@@std@@@std@@PAIU?$_Wrap_alloc@V?$allocator@I@std@@@2@@std@@YAPAIV?$move_iterator@V?$_Vector_iterator@V?$_Vector_val@U?$_Simple_types@I@std@@@std@@@std@@@0@0PAIAAU?$_Wrap_alloc@V?$allocator@I@std@@@0@@Z 0041ec70 f i fluidsim.obj
 0002:00006cc0       ??$_Uninitialized_copy@V?$move_iterator@V?$_Vector_iterator@V?$_Vector_val@U?$_Simple_types@N@std@@@std@@@std@@@std@@PANU?$_Wrap_alloc@V?$allocator@N@std@@@2@@std@@YAPANV?$move_iterator@V?$_Vector_iterator@V?$_Vector_val@U?$_Simple_types@N@std@@@std@@@std@@@0@0PANAAU?$_Wrap_alloc@V?$allocator@N@std@@@0@@Z 0041ecc0 f i fluidsim.obj
 0002:00006d10       ??$_Uninitialized_default_fill_n@PAIIU?$_Wrap_alloc@V?$allocator@I@std@@@std@@@std@@YAXPAIIAAU?$_Wrap_alloc@V?$allocator@I@std@@@0@@Z 0041ed10 f i fluidsim.obj
 0002:00006d70       ??$_Uninitialized_default_fill_n@PANIU?$_Wrap_alloc@V?$allocator@N@std@@@std@@@std@@YAXPANIAAU?$_Wrap_alloc@V?$allocator@N@std@@@0@@Z 0041ed70 f i fluidsim.obj
 0002:00006dd0       ??$_Uninitialized_default_fill_n@PAV?$vector@IV?$allocator@I@std@@@std@@IU?$_Wrap_alloc@V?$allocator@V?$vector@IV?$allocator@I@std@@@std@@@std@@@2@@std@@YAXPAV?$vector@IV?$allocator@I@std@@@0@IAAU?$_Wrap_alloc@V?$allocator@V?$vector@IV?$allocator@I@std@@@std@@@std@@@0@@Z 0041edd0 f i fluidsim.obj
 0002:00006e30       ??$_Uninitialized_default_fill_n@PAV?$vector@NV?$allocator@N@std@@@std@@IU?$_Wrap_alloc@V?$allocator@V?$vector@NV?$allocator@N@std@@@std@@@std@@@2@@std@@YAXPAV?$vector@NV?$allocator@N@std@@@0@IAAU?$_Wrap_alloc@V?$allocator@V?$vector@NV?$allocator@N@std@@@std@@@std@@@0@@Z 0041ee30 f i fluidsim.obj
 0002:00006e90       ??$_Uninitialized_fill_n@PANINU?$_Wrap_alloc@V?$allocator@N@std@@@std@@@std@@YAXPANIPBNAAU?$_Wrap_alloc@V?$allocator@N@std@@@0@@Z 0041ee90 f i fluidsim.obj
 0002:00006ef0       ??$_Uninitialized_move@PAIPAIU?$_Wrap_alloc@V?$allocator@I@std@@@std@@@std@@YAPAIPAI00AAU?$_Wrap_alloc@V?$allocator@I@std@@@0@@Z 0041eef0 f i fluidsim.obj
 0002:00006f50       ??$_Uninitialized_move@PANPANU?$_Wrap_alloc@V?$allocator@N@std@@@std@@@std@@YAPANPAN00AAU?$_Wrap_alloc@V?$allocator@N@std@@@0@@Z 0041ef50 f i fluidsim.obj
 0002:00006fb0       ??$_Uninitialized_move@PAU?$Vec@$02I@@PAU1@U?$_Wrap_alloc@V?$allocator@U?$Vec@$02I@@@std@@@std@@@std@@YAPAU?$Vec@$02I@@PAU1@00AAU?$_Wrap_alloc@V?$allocator@U?$Vec@$02I@@@std@@@0@@Z 0041efb0 f i fluidsim.obj
 0002:00007010       ??$_Uninitialized_move@PAU?$Vec@$02M@@PAU1@U?$_Wrap_alloc@V?$allocator@U?$Vec@$02M@@@std@@@std@@@std@@YAPAU?$Vec@$02M@@PAU1@00AAU?$_Wrap_alloc@V?$allocator@U?$Vec@$02M@@@std@@@0@@Z 0041f010 f i fluidsim.obj
 0002:00007070       ??$_Uninitialized_move@PAV?$vector@IV?$allocator@I@std@@@std@@PAV12@U?$_Wrap_alloc@V?$allocator@V?$vector@IV?$allocator@I@std@@@std@@@std@@@2@@std@@YAPAV?$vector@IV?$allocator@I@std@@@0@PAV10@00AAU?$_Wrap_alloc@V?$allocator@V?$vector@IV?$allocator@I@std@@@std@@@std@@@0@@Z 0041f070 f i fluidsim.obj
 0002:000070d0       ??$_Uninitialized_move@PAV?$vector@NV?$allocator@N@std@@@std@@PAV12@U?$_Wrap_alloc@V?$allocator@V?$vector@NV?$allocator@N@std@@@std@@@std@@@2@@std@@YAPAV?$vector@NV?$allocator@N@std@@@0@PAV10@00AAU?$_Wrap_alloc@V?$allocator@V?$vector@NV?$allocator@N@std@@@std@@@std@@@0@@Z 0041f0d0 f i fluidsim.obj
 0002:00007130       ??$_Val_type@PAI@std@@YAPAIPAI@Z 0041f130 f i fluidsim.obj
 0002:00007150       ??$_Val_type@PAN@std@@YAPANPAN@Z 0041f150 f i fluidsim.obj
 0002:00007170       ??$_Val_type@PAU?$Vec@$02I@@@std@@YAPAU?$Vec@$02I@@PAU1@@Z 0041f170 f i fluidsim.obj
 0002:00007190       ??$_Val_type@PAU?$Vec@$02M@@@std@@YAPAU?$Vec@$02M@@PAU1@@Z 0041f190 f i fluidsim.obj
 0002:000071b0       ??$_Val_type@PAV?$vector@IV?$allocator@I@std@@@std@@@std@@YAPAV?$vector@IV?$allocator@I@std@@@0@PAV10@@Z 0041f1b0 f i fluidsim.obj
 0002:000071d0       ??$_Val_type@PAV?$vector@NV?$allocator@N@std@@@std@@@std@@YAPAV?$vector@NV?$allocator@N@std@@@0@PAV10@@Z 0041f1d0 f i fluidsim.obj
 0002:000071f0       ??$addressof@$$CBI@std@@YAPBIABI@Z 0041f1f0 f i fluidsim.obj
 0002:00007210       ??$addressof@$$CBN@std@@YAPBNABN@Z 0041f210 f i fluidsim.obj
 0002:00007230       ??$addressof@$$CBU?$Vec@$02M@@@std@@YAPBU?$Vec@$02M@@ABU1@@Z 0041f230 f i fluidsim.obj
 0002:00007250       ??$addressof@D@std@@YAPADAAD@Z 0041f250 f i fluidsim.obj
 0002:00007270       ??$addressof@N@std@@YAPANAAN@Z 0041f270 f i fluidsim.obj
 0002:00007290       ??$addressof@U?$Vec@$02I@@@std@@YAPAU?$Vec@$02I@@AAU1@@Z 0041f290 f i fluidsim.obj
 0002:000072b0       ??$advance@PAIH@std@@YAXAAPAIH@Z 0041f2b0 f i fluidsim.obj
 0002:00007300       ??$advance@PANH@std@@YAXAAPANH@Z 0041f300 f i fluidsim.obj
 0002:00007350       ??$assign@V?$move_iterator@V?$_Vector_iterator@V?$_Vector_val@U?$_Simple_types@I@std@@@std@@@std@@@std@@@?$vector@IV?$allocator@I@std@@@std@@QAEXV?$move_iterator@V?$_Vector_iterator@V?$_Vector_val@U?$_Simple_types@I@std@@@std@@@std@@@1@0@Z 0041f350 f i fluidsim.obj
 0002:000073f0       ??$assign@V?$move_iterator@V?$_Vector_iterator@V?$_Vector_val@U?$_Simple_types@N@std@@@std@@@std@@@std@@@?$vector@NV?$allocator@N@std@@@std@@QAEXV?$move_iterator@V?$_Vector_iterator@V?$_Vector_val@U?$_Simple_types@N@std@@@std@@@std@@@1@0@Z 0041f3f0 f i fluidsim.obj
 0002:00007490       ??$bilerp@MM@@YAMABM000MM@Z 0041f490 f i fluidsim.obj
 0002:00007510       ??$clamp@M@@YAMMMM@Z       0041f510 f i fluidsim.obj
 0002:00007560       ??$construct@IAAI@?$_Wrap_alloc@V?$allocator@I@std@@@std@@QAEXPAIAAI@Z 0041f560 f i fluidsim.obj
 0002:000075a0       ??$construct@IAAI@?$allocator@I@std@@QAEXPAIAAI@Z 0041f5a0 f i fluidsim.obj
 0002:00007650       ??$construct@IAAI@?$allocator_traits@V?$allocator@I@std@@@std@@SAXAAV?$allocator@I@1@PAIAAI@Z 0041f650 f i fluidsim.obj
 0002:00007690       ??$construct@IABI@?$_Wrap_alloc@V?$allocator@I@std@@@std@@QAEXPAIABI@Z 0041f690 f i fluidsim.obj
 0002:000076d0       ??$construct@IABI@?$allocator_traits@V?$allocator@I@std@@@std@@SAXAAV?$allocator@I@1@PAIABI@Z 0041f6d0 f i fluidsim.obj
 0002:00007710       ??$construct@II@?$_Wrap_alloc@V?$allocator@I@std@@@std@@QAEXPAI$$QAI@Z 0041f710 f i fluidsim.obj
 0002:00007750       ??$construct@II@?$allocator@I@std@@QAEXPAI$$QAI@Z 0041f750 f i fluidsim.obj
 0002:00007800       ??$construct@II@?$allocator_traits@V?$allocator@I@std@@@std@@SAXAAV?$allocator@I@1@PAI$$QAI@Z 0041f800 f i fluidsim.obj
 0002:00007840       ??$construct@NAAN@?$_Wrap_alloc@V?$allocator@N@std@@@std@@QAEXPANAAN@Z 0041f840 f i fluidsim.obj
 0002:00007880       ??$construct@NAAN@?$allocator@N@std@@QAEXPANAAN@Z 0041f880 f i fluidsim.obj
 0002:00007940       ??$construct@NAAN@?$allocator_traits@V?$allocator@N@std@@@std@@SAXAAV?$allocator@N@1@PANAAN@Z 0041f940 f i fluidsim.obj
 0002:00007980       ??$construct@NABN@?$_Wrap_alloc@V?$allocator@N@std@@@std@@QAEXPANABN@Z 0041f980 f i fluidsim.obj
 0002:000079c0       ??$construct@NABN@?$allocator_traits@V?$allocator@N@std@@@std@@SAXAAV?$allocator@N@1@PANABN@Z 0041f9c0 f i fluidsim.obj
 0002:00007a00       ??$construct@NN@?$_Wrap_alloc@V?$allocator@N@std@@@std@@QAEXPAN$$QAN@Z 0041fa00 f i fluidsim.obj
 0002:00007a40       ??$construct@NN@?$allocator@N@std@@QAEXPAN$$QAN@Z 0041fa40 f i fluidsim.obj
 0002:00007b00       ??$construct@NN@?$allocator_traits@V?$allocator@N@std@@@std@@SAXAAV?$allocator@N@1@PAN$$QAN@Z 0041fb00 f i fluidsim.obj
 0002:00007b40       ??$construct@PADAAPAD@?$_Wrap_alloc@V?$allocator@D@std@@@std@@QAEXPAPADAAPAD@Z 0041fb40 f i fluidsim.obj
 0002:00007b80       ??$construct@PADAAPAD@?$allocator@D@std@@QAEXPAPADAAPAD@Z 0041fb80 f i fluidsim.obj
 0002:00007c30       ??$construct@PADAAPAD@?$allocator_traits@V?$allocator@D@std@@@std@@SAXAAV?$allocator@D@1@PAPADAAPAD@Z 0041fc30 f i fluidsim.obj
 0002:00007c70       ??$construct@U?$Vec@$02I@@U1@@?$_Wrap_alloc@V?$allocator@U?$Vec@$02I@@@std@@@std@@QAEXPAU?$Vec@$02I@@$$QAU2@@Z 0041fc70 f i fluidsim.obj
 0002:00007cb0       ??$construct@U?$Vec@$02I@@U1@@?$allocator@U?$Vec@$02I@@@std@@QAEXPAU?$Vec@$02I@@$$QAU2@@Z 0041fcb0 f i fluidsim.obj
 0002:00007d70       ??$construct@U?$Vec@$02I@@U1@@?$allocator_traits@V?$allocator@U?$Vec@$02I@@@std@@@std@@SAXAAV?$allocator@U?$Vec@$02I@@@1@PAU?$Vec@$02I@@$$QAU3@@Z 0041fd70 f i fluidsim.obj
 0002:00007db0       ??$construct@U?$Vec@$02M@@AAU1@@?$_Wrap_alloc@V?$allocator@U?$Vec@$02M@@@std@@@std@@QAEXPAU?$Vec@$02M@@AAU2@@Z 0041fdb0 f i fluidsim.obj
 0002:00007df0       ??$construct@U?$Vec@$02M@@AAU1@@?$allocator@U?$Vec@$02M@@@std@@QAEXPAU?$Vec@$02M@@AAU2@@Z 0041fdf0 f i fluidsim.obj
 0002:00007eb0       ??$construct@U?$Vec@$02M@@AAU1@@?$allocator_traits@V?$allocator@U?$Vec@$02M@@@std@@@std@@SAXAAV?$allocator@U?$Vec@$02M@@@1@PAU?$Vec@$02M@@AAU3@@Z 0041feb0 f i fluidsim.obj
 0002:00007ef0       ??$construct@U?$Vec@$02M@@ABU1@@?$_Wrap_alloc@V?$allocator@U?$Vec@$02M@@@std@@@std@@QAEXPAU?$Vec@$02M@@ABU2@@Z 0041fef0 f i fluidsim.obj
 0002:00007f30       ??$construct@U?$Vec@$02M@@ABU1@@?$allocator_traits@V?$allocator@U?$Vec@$02M@@@std@@@std@@SAXAAV?$allocator@U?$Vec@$02M@@@1@PAU?$Vec@$02M@@ABU3@@Z 0041ff30 f i fluidsim.obj
 0002:00007f70       ??$construct@U?$Vec@$02M@@U1@@?$_Wrap_alloc@V?$allocator@U?$Vec@$02M@@@std@@@std@@QAEXPAU?$Vec@$02M@@$$QAU2@@Z 0041ff70 f i fluidsim.obj
 0002:00007fb0       ??$construct@U?$Vec@$02M@@U1@@?$allocator@U?$Vec@$02M@@@std@@QAEXPAU?$Vec@$02M@@$$QAU2@@Z 0041ffb0 f i fluidsim.obj
 0002:00008070       ??$construct@U?$Vec@$02M@@U1@@?$allocator_traits@V?$allocator@U?$Vec@$02M@@@std@@@std@@SAXAAV?$allocator@U?$Vec@$02M@@@1@PAU?$Vec@$02M@@$$QAU3@@Z 00420070 f i fluidsim.obj
 0002:000080b0       ??$construct@V?$vector@IV?$allocator@I@std@@@std@@@?$allocator_traits@V?$allocator@V?$vector@IV?$allocator@I@std@@@std@@@std@@@std@@SAXAAV?$allocator@V?$vector@IV?$allocator@I@std@@@std@@@1@PAV?$vector@IV?$allocator@I@std@@@1@@Z 004200b0 f i fluidsim.obj
 0002:000080e0       ??$construct@V?$vector@IV?$allocator@I@std@@@std@@V12@@?$_Wrap_alloc@V?$allocator@V?$vector@IV?$allocator@I@std@@@std@@@std@@@std@@QAEXPAV?$vector@IV?$allocator@I@std@@@1@$$QAV21@@Z 004200e0 f i fluidsim.obj
 0002:00008120       ??$construct@V?$vector@IV?$allocator@I@std@@@std@@V12@@?$allocator@V?$vector@IV?$allocator@I@std@@@std@@@std@@QAEXPAV?$vector@IV?$allocator@I@std@@@1@$$QAV21@@Z 00420120 f i fluidsim.obj
 0002:000081d0       ??$construct@V?$vector@IV?$allocator@I@std@@@std@@V12@@?$allocator_traits@V?$allocator@V?$vector@IV?$allocator@I@std@@@std@@@std@@@std@@SAXAAV?$allocator@V?$vector@IV?$allocator@I@std@@@std@@@1@PAV?$vector@IV?$allocator@I@std@@@1@$$QAV31@@Z 004201d0 f i fluidsim.obj
 0002:00008210       ??$construct@V?$vector@NV?$allocator@N@std@@@std@@@?$allocator_traits@V?$allocator@V?$vector@NV?$allocator@N@std@@@std@@@std@@@std@@SAXAAV?$allocator@V?$vector@NV?$allocator@N@std@@@std@@@1@PAV?$vector@NV?$allocator@N@std@@@1@@Z 00420210 f i fluidsim.obj
 0002:00008240       ??$construct@V?$vector@NV?$allocator@N@std@@@std@@V12@@?$_Wrap_alloc@V?$allocator@V?$vector@NV?$allocator@N@std@@@std@@@std@@@std@@QAEXPAV?$vector@NV?$allocator@N@std@@@1@$$QAV21@@Z 00420240 f i fluidsim.obj
 0002:00008280       ??$construct@V?$vector@NV?$allocator@N@std@@@std@@V12@@?$allocator@V?$vector@NV?$allocator@N@std@@@std@@@std@@QAEXPAV?$vector@NV?$allocator@N@std@@@1@$$QAV21@@Z 00420280 f i fluidsim.obj
 0002:00008330       ??$construct@V?$vector@NV?$allocator@N@std@@@std@@V12@@?$allocator_traits@V?$allocator@V?$vector@NV?$allocator@N@std@@@std@@@std@@@std@@SAXAAV?$allocator@V?$vector@NV?$allocator@N@std@@@std@@@1@PAV?$vector@NV?$allocator@N@std@@@1@$$QAV31@@Z 00420330 f i fluidsim.obj
 0002:00008370       ??$destroy@I@?$_Wrap_alloc@V?$allocator@I@std@@@std@@QAEXPAI@Z 00420370 f i fluidsim.obj
 0002:000083a0       ??$destroy@I@?$allocator@I@std@@QAEXPAI@Z 004203a0 f i fluidsim.obj
 0002:000083c0       ??$destroy@I@?$allocator_traits@V?$allocator@I@std@@@std@@SAXAAV?$allocator@I@1@PAI@Z 004203c0 f i fluidsim.obj
 0002:000083f0       ??$destroy@N@?$_Wrap_alloc@V?$allocator@N@std@@@std@@QAEXPAN@Z 004203f0 f i fluidsim.obj
 0002:00008420       ??$destroy@N@?$allocator@N@std@@QAEXPAN@Z 00420420 f i fluidsim.obj
 0002:00008440       ??$destroy@N@?$allocator_traits@V?$allocator@N@std@@@std@@SAXAAV?$allocator@N@1@PAN@Z 00420440 f i fluidsim.obj
 0002:00008470       ??$destroy@PAD@?$_Wrap_alloc@V?$allocator@D@std@@@std@@QAEXPAPAD@Z 00420470 f i fluidsim.obj
 0002:000084a0       ??$destroy@PAD@?$allocator@D@std@@QAEXPAPAD@Z 004204a0 f i fluidsim.obj
 0002:000084c0       ??$destroy@PAD@?$allocator_traits@V?$allocator@D@std@@@std@@SAXAAV?$allocator@D@1@PAPAD@Z 004204c0 f i fluidsim.obj
 0002:000084f0       ??$destroy@U?$Vec@$02I@@@?$_Wrap_alloc@V?$allocator@U?$Vec@$02I@@@std@@@std@@QAEXPAU?$Vec@$02I@@@Z 004204f0 f i fluidsim.obj
 0002:00008520       ??$destroy@U?$Vec@$02I@@@?$allocator@U?$Vec@$02I@@@std@@QAEXPAU?$Vec@$02I@@@Z 00420520 f i fluidsim.obj
 0002:00008540       ??$destroy@U?$Vec@$02I@@@?$allocator_traits@V?$allocator@U?$Vec@$02I@@@std@@@std@@SAXAAV?$allocator@U?$Vec@$02I@@@1@PAU?$Vec@$02I@@@Z 00420540 f i fluidsim.obj
 0002:00008570       ??$destroy@U?$Vec@$02M@@@?$_Wrap_alloc@V?$allocator@U?$Vec@$02M@@@std@@@std@@QAEXPAU?$Vec@$02M@@@Z 00420570 f i fluidsim.obj
 0002:000085a0       ??$destroy@U?$Vec@$02M@@@?$allocator@U?$Vec@$02M@@@std@@QAEXPAU?$Vec@$02M@@@Z 004205a0 f i fluidsim.obj
 0002:000085c0       ??$destroy@U?$Vec@$02M@@@?$allocator_traits@V?$allocator@U?$Vec@$02M@@@std@@@std@@SAXAAV?$allocator@U?$Vec@$02M@@@1@PAU?$Vec@$02M@@@Z 004205c0 f i fluidsim.obj
 0002:000085f0       ??$destroy@V?$vector@IV?$allocator@I@std@@@std@@@?$_Wrap_alloc@V?$allocator@V?$vector@IV?$allocator@I@std@@@std@@@std@@@std@@QAEXPAV?$vector@IV?$allocator@I@std@@@1@@Z 004205f0 f i fluidsim.obj
 0002:00008620       ??$destroy@V?$vector@IV?$allocator@I@std@@@std@@@?$allocator@V?$vector@IV?$allocator@I@std@@@std@@@std@@QAEXPAV?$vector@IV?$allocator@I@std@@@1@@Z 00420620 f i fluidsim.obj
 0002:00008650       ??$destroy@V?$vector@IV?$allocator@I@std@@@std@@@?$allocator_traits@V?$allocator@V?$vector@IV?$allocator@I@std@@@std@@@std@@@std@@SAXAAV?$allocator@V?$vector@IV?$allocator@I@std@@@std@@@1@PAV?$vector@IV?$allocator@I@std@@@1@@Z 00420650 f i fluidsim.obj
 0002:00008680       ??$destroy@V?$vector@NV?$allocator@N@std@@@std@@@?$_Wrap_alloc@V?$allocator@V?$vector@NV?$allocator@N@std@@@std@@@std@@@std@@QAEXPAV?$vector@NV?$allocator@N@std@@@1@@Z 00420680 f i fluidsim.obj
 0002:000086b0       ??$destroy@V?$vector@NV?$allocator@N@std@@@std@@@?$allocator@V?$vector@NV?$allocator@N@std@@@std@@@std@@QAEXPAV?$vector@NV?$allocator@N@std@@@1@@Z 004206b0 f i fluidsim.obj
 0002:000086e0       ??$destroy@V?$vector@NV?$allocator@N@std@@@std@@@?$allocator_traits@V?$allocator@V?$vector@NV?$allocator@N@std@@@std@@@std@@@std@@SAXAAV?$allocator@V?$vector@NV?$allocator@N@std@@@std@@@1@PAV?$vector@NV?$allocator@N@std@@@1@@Z 004206e0 f i fluidsim.obj
 0002:00008710       ??$dist2@$02M@@YAMABU?$Vec@$02M@@0@Z 00420710 f i fluidsim.obj
 0002:000087d0       ??$dist@$02M@@YAMABU?$Vec@$02M@@0@Z 004207d0 f i fluidsim.obj
 0002:00008810       ??$distance@PAI@std@@YAHPAI0@Z 00420810 f i fluidsim.obj
 0002:00008870       ??$distance@PAN@std@@YAHPAN0@Z 00420870 f i fluidsim.obj
 0002:000088d0       ??$dot@$02M@@YAMABU?$Vec@$02M@@0@Z 004208d0 f i fluidsim.obj
 0002:00008960       ??$factor_modified_incomplete_cholesky0@N@@YAXABU?$SparseMatrix@N@@AAU?$SparseColumnLowerFactor@N@@NN@Z 00420960 f i fluidsim.obj
 0002:00009210       ??$fill@PANN@std@@YAXPAN0ABN@Z 00421210 f i fluidsim.obj
 0002:00009260       ??$forward@AAI@std@@YAAAIAAI@Z 00421260 f i fluidsim.obj
 0002:00009280       ??$forward@AAN@std@@YAAANAAN@Z 00421280 f i fluidsim.obj
 0002:000092a0       ??$forward@AAPAD@std@@YAAAPADAAPAD@Z 004212a0 f i fluidsim.obj
 0002:000092c0       ??$forward@AAU?$Vec@$02M@@@std@@YAAAU?$Vec@$02M@@AAU1@@Z 004212c0 f i fluidsim.obj
 0002:000092e0       ??$forward@ABI@std@@YAABIABI@Z 004212e0 f i fluidsim.obj
 0002:00009300       ??$forward@ABN@std@@YAABNABN@Z 00421300 f i fluidsim.obj
 0002:00009320       ??$forward@ABU?$Vec@$02M@@@std@@YAABU?$Vec@$02M@@ABU1@@Z 00421320 f i fluidsim.obj
 0002:00009340       ??$forward@I@std@@YA$$QAIAAI@Z 00421340 f i fluidsim.obj
 0002:00009360       ??$forward@N@std@@YA$$QANAAN@Z 00421360 f i fluidsim.obj
 0002:00009380       ??$forward@U?$Vec@$02I@@@std@@YA$$QAU?$Vec@$02I@@AAU1@@Z 00421380 f i fluidsim.obj
 0002:000093a0       ??$forward@U?$Vec@$02M@@@std@@YA$$QAU?$Vec@$02M@@AAU1@@Z 004213a0 f i fluidsim.obj
 0002:000093c0       ??$forward@V?$vector@IV?$allocator@I@std@@@std@@@std@@YA$$QAV?$vector@IV?$allocator@I@std@@@0@AAV10@@Z 004213c0 f i fluidsim.obj
 0002:000093e0       ??$forward@V?$vector@NV?$allocator@N@std@@@std@@@std@@YA$$QAV?$vector@NV?$allocator@N@std@@@0@AAV10@@Z 004213e0 f i fluidsim.obj
 0002:00009400       ??$get_barycentric@M@@YAXMAAHAAMHH@Z 00421400 f i fluidsim.obj
 0002:000094b0       ??$getline@DU?$char_traits@D@std@@V?$allocator@D@2@@std@@YAAAV?$basic_istream@DU?$char_traits@D@std@@@0@$$QAV10@AAV?$basic_string@DU?$char_traits@D@std@@V?$allocator@D@2@@0@D@Z 004214b0 f i fluidsim.obj
 0002:00009730       ??$getline@DU?$char_traits@D@std@@V?$allocator@D@2@@std@@YAAAV?$basic_istream@DU?$char_traits@D@std@@@0@AAV10@AAV?$basic_string@DU?$char_traits@D@std@@V?$allocator@D@2@@0@@Z 00421730 f i fluidsim.obj
 0002:00009790       ??$insert@I@@YAXAAV?$vector@IV?$allocator@I@std@@@std@@II@Z 00421790 f i fluidsim.obj
 0002:00009830       ??$insert@N@@YAXAAV?$vector@NV?$allocator@N@std@@@std@@IN@Z 00421830 f i fluidsim.obj
 0002:000098d0       ??$insert@V?$move_iterator@V?$_Vector_iterator@V?$_Vector_val@U?$_Simple_types@I@std@@@std@@@std@@@std@@@?$vector@IV?$allocator@I@std@@@std@@QAE?AV?$_Vector_iterator@V?$_Vector_val@U?$_Simple_types@I@std@@@std@@@1@V?$_Vector_const_iterator@V?$_Vector_val@U?$_Simple_types@I@std@@@std@@@1@V?$move_iterator@V?$_Vector_iterator@V?$_Vector_val@U?$_Simple_types@I@std@@@std@@@std@@@1@1@Z 004218d0 f i fluidsim.obj
 0002:00009960       ??$insert@V?$move_iterator@V?$_Vector_iterator@V?$_Vector_val@U?$_Simple_types@N@std@@@std@@@std@@@std@@@?$vector@NV?$allocator@N@std@@@std@@QAE?AV?$_Vector_iterator@V?$_Vector_val@U?$_Simple_types@N@std@@@std@@@1@V?$_Vector_const_iterator@V?$_Vector_val@U?$_Simple_types@N@std@@@std@@@1@V?$move_iterator@V?$_Vector_iterator@V?$_Vector_val@U?$_Simple_types@N@std@@@std@@@std@@@1@1@Z 00421960 f i fluidsim.obj
 0002:000099f0       ??$interpolate_gradient@MM@@YAMAAU?$Vec@$02M@@ABU0@ABU?$Array3@MU?$Array1@M@@@@@Z 004219f0 f i fluidsim.obj
 0002:00009e40       ??$interpolate_value@MM@@YAMABU?$Vec@$02M@@ABU?$Array3@MU?$Array1@M@@@@@Z 00421e40 f i fluidsim.obj
 0002:0000a030       ??$iter_swap@PAIPAI@std@@YAXPAI0@Z 00422030 f i fluidsim.obj
 0002:0000a060       ??$iter_swap@PANPAN@std@@YAXPAN0@Z 00422060 f i fluidsim.obj
 0002:0000a090       ??$lerp@MM@@YAMABM0M@Z     00422090 f i fluidsim.obj
 0002:0000a0e0       ??$mag2@$02M@@YAMABU?$Vec@$02M@@@Z 004220e0 f i fluidsim.obj
 0002:0000a170       ??$mag@$02M@@YAMABU?$Vec@$02M@@@Z 00422170 f i fluidsim.obj
 0002:0000a1a0       ??$make_move_iterator@V?$_Vector_iterator@V?$_Vector_val@U?$_Simple_types@I@std@@@std@@@std@@@std@@YA?AV?$move_iterator@V?$_Vector_iterator@V?$_Vector_val@U?$_Simple_types@I@std@@@std@@@std@@@0@V?$_Vector_iterator@V?$_Vector_val@U?$_Simple_types@I@std@@@std@@@0@@Z 004221a0 f i fluidsim.obj
 0002:0000a1d0       ??$make_move_iterator@V?$_Vector_iterator@V?$_Vector_val@U?$_Simple_types@N@std@@@std@@@std@@@std@@YA?AV?$move_iterator@V?$_Vector_iterator@V?$_Vector_val@U?$_Simple_types@N@std@@@std@@@std@@@0@V?$_Vector_iterator@V?$_Vector_val@U?$_Simple_types@N@std@@@std@@@0@@Z 004221d0 f i fluidsim.obj
 0002:0000a200       ??$max@H@std@@YAABHABH0@Z  00422200 f i fluidsim.obj
 0002:0000a240       ??$max@M@std@@YAABMABM0@Z  00422240 f i fluidsim.obj
 0002:0000a290       ??$min@H@std@@YAABHABH0@Z  00422290 f i fluidsim.obj
 0002:0000a2d0       ??$move@AAI@std@@YA$$QAIAAI@Z 004222d0 f i fluidsim.obj
 0002:0000a2f0       ??$move@AAN@std@@YA$$QANAAN@Z 004222f0 f i fluidsim.obj
 0002:0000a310       ??$move@AAV?$basic_istream@DU?$char_traits@D@std@@@std@@@std@@YA$$QAV?$basic_istream@DU?$char_traits@D@std@@@0@AAV10@@Z 00422310 f i fluidsim.obj
 0002:0000a330       ??$move@AAV?$vector@IV?$allocator@I@std@@@std@@@std@@YA$$QAV?$vector@IV?$allocator@I@std@@@0@AAV10@@Z 00422330 f i fluidsim.obj
 0002:0000a350       ??$move@AAV?$vector@NV?$allocator@N@std@@@std@@@std@@YA$$QAV?$vector@NV?$allocator@N@std@@@0@AAV10@@Z 00422350 f i fluidsim.obj
 0002:0000a370       ??$multiply@N@@YAXABU?$FixedSparseMatrix@N@@ABV?$vector@NV?$allocator@N@std@@@std@@AAV12@@Z 00422370 f i fluidsim.obj
 0002:0000a4c0       ??$normalize@$02M@@YAXAAU?$Vec@$02M@@@Z 004224c0 f i fluidsim.obj
 0002:0000a510       ??$rotate@PAI@std@@YAPAIPAI00@Z 00422510 f i fluidsim.obj
 0002:0000a5c0       ??$rotate@PAN@std@@YAPANPAN00@Z 004225c0 f i fluidsim.obj
 0002:0000a670       ??$solve_lower@N@@YAXABU?$SparseColumnLowerFactor@N@@ABV?$vector@NV?$allocator@N@std@@@std@@AAV12@@Z 00422670 f i fluidsim.obj
 0002:0000a810       ??$solve_lower_transpose_in_place@N@@YAXABU?$SparseColumnLowerFactor@N@@AAV?$vector@NV?$allocator@N@std@@@std@@@Z 00422810 f i fluidsim.obj
 0002:0000a990       ??$sqr@M@@YAMABM@Z         00422990 f i fluidsim.obj
 0002:0000a9c0       ??$swap@I@std@@YAXAAI0@Z   004229c0 f i fluidsim.obj
 0002:0000aa20       ??$swap@N@std@@YAXAAN0@Z   00422a20 f i fluidsim.obj
 0002:0000aa90       ??$swap@PAN@std@@YAXAAPAN0@Z 00422a90 f i fluidsim.obj
 0002:0000aaf0       ??$trilerp@MM@@YAMABM0000000MMM@Z 00422af0 f i fluidsim.obj
 0002:0000aba0       ??$update_minmax@$02M@@YAXABU?$Vec@$02M@@AAU0@1@Z 00422ba0 f i fluidsim.obj
 0002:0000ac20       ??$update_minmax@M@@YAXMAAM0@Z 00422c20 f i fluidsim.obj
 0002:0000ac80       ??$use_facet@V?$codecvt@DDH@std@@@std@@YAABV?$codecvt@DDH@0@ABVlocale@0@@Z 00422c80 f i fluidsim.obj
 0002:0000add0       ??$zero@N@@YAXAAV?$vector@NV?$allocator@N@std@@@std@@@Z 00422dd0 f i fluidsim.obj
 0002:0000ae30       ??0?$Array1@D@@QAE@K@Z     00422e30 f i fluidsim.obj
 0002:0000aef0       ??0?$Array1@M@@QAE@ABU0@@Z 00422ef0 f i fluidsim.obj
 0002:0000afc0       ??0?$Array3@DU?$Array1@D@@@@QAE@HHH@Z 00422fc0 f i fluidsim.obj
 0002:0000b050       ??0?$Array3@MU?$Array1@M@@@@QAE@ABU0@@Z 00423050 f i fluidsim.obj
 0002:0000b0b0       ??0?$Vec@$02I@@QAE@III@Z   004230b0 f i fluidsim.obj
 0002:0000b110       ??0?$Vec@$02M@@QAE@MMM@Z   00423110 f i fluidsim.obj
 0002:0000b180       ??0?$Vec@$02M@@QAE@XZ      00423180 f i fluidsim.obj
 0002:0000b1a0       ??0?$_String_alloc@$0A@U?$_String_base_types@DV?$allocator@D@std@@@std@@@std@@QAE@ABV?$allocator@D@1@@Z 004231a0 f i fluidsim.obj
 0002:0000b1d0       ??0?$_String_const_iterator@V?$_String_val@U?$_Simple_types@D@std@@@std@@@std@@QAE@PBDPBU_Container_base0@1@@Z 004231d0 f i fluidsim.obj
 0002:0000b210       ??0?$_String_iterator@V?$_String_val@U?$_Simple_types@D@std@@@std@@@std@@QAE@PADPBU_Container_base0@1@@Z 00423210 f i fluidsim.obj
 0002:0000b250       ??0?$_String_val@U?$_Simple_types@D@std@@@std@@QAE@XZ 00423250 f i fluidsim.obj
 0002:0000b290       ??0?$_Vector_alloc@$0A@U?$_Vec_base_types@IV?$allocator@I@std@@@std@@@std@@QAE@ABV?$allocator@I@1@@Z 00423290 f i fluidsim.obj
 0002:0000b2c0       ??0?$_Vector_alloc@$0A@U?$_Vec_base_types@NV?$allocator@N@std@@@std@@@std@@QAE@ABV?$allocator@N@1@@Z 004232c0 f i fluidsim.obj
 0002:0000b2f0       ??0?$_Vector_alloc@$0A@U?$_Vec_base_types@U?$Vec@$02I@@V?$allocator@U?$Vec@$02I@@@std@@@std@@@std@@QAE@ABV?$allocator@U?$Vec@$02I@@@1@@Z 004232f0 f i fluidsim.obj
 0002:0000b320       ??0?$_Vector_alloc@$0A@U?$_Vec_base_types@U?$Vec@$02M@@V?$allocator@U?$Vec@$02M@@@std@@@std@@@std@@QAE@ABV?$allocator@U?$Vec@$02M@@@1@@Z 00423320 f i fluidsim.obj
 0002:0000b350       ??0?$_Vector_const_iterator@V?$_Vector_val@U?$_Simple_types@I@std@@@std@@@std@@QAE@PAIPBU_Container_base0@1@@Z 00423350 f i fluidsim.obj
 0002:0000b390       ??0?$_Vector_const_iterator@V?$_Vector_val@U?$_Simple_types@N@std@@@std@@@std@@QAE@PANPBU_Container_base0@1@@Z 00423390 f i fluidsim.obj
 0002:0000b3d0       ??0?$_Vector_const_iterator@V?$_Vector_val@U?$_Simple_types@V?$vector@IV?$allocator@I@std@@@std@@@std@@@std@@@std@@QAE@PAV?$vector@IV?$allocator@I@std@@@1@PBU_Container_base0@1@@Z 004233d0 f i fluidsim.obj
 0002:0000b410       ??0?$_Vector_const_iterator@V?$_Vector_val@U?$_Simple_types@V?$vector@NV?$allocator@N@std@@@std@@@std@@@std@@@std@@QAE@PAV?$vector@NV?$allocator@N@std@@@1@PBU_Container_base0@1@@Z 00423410 f i fluidsim.obj
 0002:0000b450       ??0?$_Vector_iterator@V?$_Vector_val@U?$_Simple_types@I@std@@@std@@@std@@QAE@PAIPBU_Container_base0@1@@Z 00423450 f i fluidsim.obj
 0002:0000b490       ??0?$_Vector_iterator@V?$_Vector_val@U?$_Simple_types@N@std@@@std@@@std@@QAE@PANPBU_Container_base0@1@@Z 00423490 f i fluidsim.obj
 0002:0000b4d0       ??0?$_Vector_iterator@V?$_Vector_val@U?$_Simple_types@V?$vector@IV?$allocator@I@std@@@std@@@std@@@std@@@std@@QAE@PAV?$vector@IV?$allocator@I@std@@@1@PBU_Container_base0@1@@Z 004234d0 f i fluidsim.obj
 0002:0000b510       ??0?$_Vector_iterator@V?$_Vector_val@U?$_Simple_types@V?$vector@NV?$allocator@N@std@@@std@@@std@@@std@@@std@@QAE@PAV?$vector@NV?$allocator@N@std@@@1@PBU_Container_base0@1@@Z 00423510 f i fluidsim.obj
 0002:0000b550       ??0?$_Vector_val@U?$_Simple_types@I@std@@@std@@QAE@XZ 00423550 f i fluidsim.obj
 0002:0000b590       ??0?$_Vector_val@U?$_Simple_types@N@std@@@std@@QAE@XZ 00423590 f i fluidsim.obj
 0002:0000b5d0       ??0?$_Vector_val@U?$_Simple_types@U?$Vec@$02I@@@std@@@std@@QAE@XZ 004235d0 f i fluidsim.obj
 0002:0000b610       ??0?$_Vector_val@U?$_Simple_types@U?$Vec@$02M@@@std@@@std@@QAE@XZ 00423610 f i fluidsim.obj
 0002:0000b650       ??0?$_Wrap_alloc@V?$allocator@D@std@@@std@@QAE@ABV?$allocator@D@1@@Z 00423650 f i fluidsim.obj
 0002:0000b680       ??0?$_Wrap_alloc@V?$allocator@D@std@@@std@@QAE@XZ 00423680 f i fluidsim.obj
 0002:0000b6b0       ??0?$_Wrap_alloc@V?$allocator@I@std@@@std@@QAE@XZ 004236b0 f i fluidsim.obj
 0002:0000b6e0       ??0?$_Wrap_alloc@V?$allocator@N@std@@@std@@QAE@XZ 004236e0 f i fluidsim.obj
 0002:0000b710       ??0?$_Wrap_alloc@V?$allocator@U?$Vec@$02I@@@std@@@std@@QAE@XZ 00423710 f i fluidsim.obj
 0002:0000b740       ??0?$_Wrap_alloc@V?$allocator@U?$Vec@$02M@@@std@@@std@@QAE@XZ 00423740 f i fluidsim.obj
 0002:0000b770       ??0?$_Wrap_alloc@V?$allocator@V?$vector@IV?$allocator@I@std@@@std@@@std@@@std@@QAE@XZ 00423770 f i fluidsim.obj
 0002:0000b7a0       ??0?$_Wrap_alloc@V?$allocator@V?$vector@NV?$allocator@N@std@@@std@@@std@@@std@@QAE@XZ 004237a0 f i fluidsim.obj
 0002:0000b7d0       ??0?$allocator@D@std@@QAE@ABV01@@Z 004237d0 f i fluidsim.obj
 0002:0000b7f0       ??0?$allocator@D@std@@QAE@XZ 004237f0 f i fluidsim.obj
 0002:0000b810       ??0?$allocator@I@std@@QAE@ABV01@@Z 00423810 f i fluidsim.obj
 0002:0000b830       ??0?$allocator@I@std@@QAE@XZ 00423830 f i fluidsim.obj
 0002:0000b850       ??0?$allocator@N@std@@QAE@ABV01@@Z 00423850 f i fluidsim.obj
 0002:0000b870       ??0?$allocator@N@std@@QAE@XZ 00423870 f i fluidsim.obj
 0002:0000b890       ??0?$allocator@U?$Vec@$02I@@@std@@QAE@XZ 00423890 f i fluidsim.obj
 0002:0000b8b0       ??0?$allocator@U?$Vec@$02M@@@std@@QAE@XZ 004238b0 f i fluidsim.obj
 0002:0000b8d0       ??0?$allocator@V?$vector@IV?$allocator@I@std@@@std@@@std@@QAE@XZ 004238d0 f i fluidsim.obj
 0002:0000b8f0       ??0?$allocator@V?$vector@NV?$allocator@N@std@@@std@@@std@@QAE@XZ 004238f0 f i fluidsim.obj
 0002:0000b910       ??0?$basic_filebuf@DU?$char_traits@D@std@@@std@@QAE@PAU_iobuf@@@Z 00423910 f i fluidsim.obj
 0002:0000b9a0       ??0?$basic_ifstream@DU?$char_traits@D@std@@@std@@QAE@ABV?$basic_string@DU?$char_traits@D@std@@V?$allocator@D@2@@1@HH@Z 004239a0 f i fluidsim.obj
 0002:0000baf0       ??0?$basic_string@DU?$char_traits@D@std@@V?$allocator@D@2@@std@@QAE@ABV01@@Z 00423af0 f i fluidsim.obj
 0002:0000bb60       ??0?$basic_string@DU?$char_traits@D@std@@V?$allocator@D@2@@std@@QAE@ABV01@IIABV?$allocator@D@1@@Z 00423b60 f i fluidsim.obj
 0002:0000bbc0       ??0?$basic_string@DU?$char_traits@D@std@@V?$allocator@D@2@@std@@QAE@ID@Z 00423bc0 f i fluidsim.obj
 0002:0000bc20       ??0?$basic_string@DU?$char_traits@D@std@@V?$allocator@D@2@@std@@QAE@PBD@Z 00423c20 f i fluidsim.obj
 0002:0000bc80       ??0?$basic_string@DU?$char_traits@D@std@@V?$allocator@D@2@@std@@QAE@XZ 00423c80 f i fluidsim.obj
 0002:0000bcc0       ??0?$basic_stringbuf@DU?$char_traits@D@std@@V?$allocator@D@2@@std@@QAE@ABV?$basic_string@DU?$char_traits@D@std@@V?$allocator@D@2@@1@H@Z 00423cc0 f i fluidsim.obj
 0002:0000bd80       ??0?$basic_stringstream@DU?$char_traits@D@std@@V?$allocator@D@2@@std@@QAE@ABV?$basic_string@DU?$char_traits@D@std@@V?$allocator@D@2@@1@H@Z 00423d80 f i fluidsim.obj
 0002:0000bea0       ??0?$fpos@H@std@@QAE@H_J@Z 00423ea0 f i fluidsim.obj
 0002:0000bef0       ??0?$fpos@H@std@@QAE@_J@Z  00423ef0 f i fluidsim.obj
 0002:0000bf50       ??0?$move_iterator@V?$_Vector_iterator@V?$_Vector_val@U?$_Simple_types@I@std@@@std@@@std@@@std@@QAE@V?$_Vector_iterator@V?$_Vector_val@U?$_Simple_types@I@std@@@std@@@1@@Z 00423f50 f i fluidsim.obj
 0002:0000bf80       ??0?$move_iterator@V?$_Vector_iterator@V?$_Vector_val@U?$_Simple_types@N@std@@@std@@@std@@@std@@QAE@V?$_Vector_iterator@V?$_Vector_val@U?$_Simple_types@N@std@@@std@@@1@@Z 00423f80 f i fluidsim.obj
 0002:0000bfb0       ??0?$vector@IV?$allocator@I@std@@@std@@QAE@$$QAV01@@Z 00423fb0 f i fluidsim.obj
 0002:0000c010       ??0?$vector@IV?$allocator@I@std@@@std@@QAE@XZ 00424010 f i fluidsim.obj
 0002:0000c040       ??0?$vector@NV?$allocator@N@std@@@std@@QAE@$$QAV01@@Z 00424040 f i fluidsim.obj
 0002:0000c0a0       ??0?$vector@NV?$allocator@N@std@@@std@@QAE@XZ 004240a0 f i fluidsim.obj
 0002:0000c0d0       ??0?$vector@U?$Vec@$02I@@V?$allocator@U?$Vec@$02I@@@std@@@std@@QAE@XZ 004240d0 f i fluidsim.obj
 0002:0000c100       ??0?$vector@U?$Vec@$02M@@V?$allocator@U?$Vec@$02M@@@std@@@std@@QAE@XZ 00424100 f i fluidsim.obj
 0002:0000c130       ??0_Generic_error_category@std@@QAE@XZ 00424130 f i fluidsim.obj
 0002:0000c160       ??0_Iostream_error_category@std@@QAE@XZ 00424160 f i fluidsim.obj
 0002:0000c190       ??0_Sentry_base@?$basic_istream@DU?$char_traits@D@std@@@std@@QAE@AAV12@@Z 00424190 f i fluidsim.obj
 0002:0000c210       ??0_Sentry_base@?$basic_ostream@DU?$char_traits@D@std@@@std@@QAE@AAV12@@Z 00424210 f i fluidsim.obj
 0002:0000c290       ??0_System_error_category@std@@QAE@XZ 00424290 f i fluidsim.obj
 0002:0000c2c0       ??0bad_alloc@std@@QAE@ABV01@@Z 004242c0 f i fluidsim.obj
 0002:0000c300       ??0bad_alloc@std@@QAE@XZ   00424300 f i fluidsim.obj
 0002:0000c350       ??0error_category@std@@QAE@XZ 00424350 f i fluidsim.obj
 0002:0000c380       ??0error_condition@std@@QAE@HABVerror_category@1@@Z 00424380 f i fluidsim.obj
 0002:0000c3c0       ??0sentry@?$basic_istream@DU?$char_traits@D@std@@@std@@QAE@AAV12@_N@Z 004243c0 f i fluidsim.obj
 0002:0000c450       ??0sentry@?$basic_ostream@DU?$char_traits@D@std@@@std@@QAE@AAV12@@Z 00424450 f i fluidsim.obj
 0002:0000c550       ??1?$Array1@D@@QAE@XZ      00424550 f i fluidsim.obj
 0002:0000c5a0       ??1?$Array1@M@@QAE@XZ      004245a0 f i fluidsim.obj
 0002:0000c5f0       ??1?$Array3@DU?$Array1@D@@@@QAE@XZ 004245f0 f i fluidsim.obj
 0002:0000c630       ??1?$Array3@MU?$Array1@M@@@@QAE@XZ 00424630 f i fluidsim.obj
 0002:0000c670       ??1?$basic_filebuf@DU?$char_traits@D@std@@@std@@UAE@XZ 00424670 f i fluidsim.obj
 0002:0000c6d0       ??1?$basic_ifstream@DU?$char_traits@D@std@@@std@@UAE@XZ 004246d0 f i fluidsim.obj
 0002:0000c740       ??1?$basic_string@DU?$char_traits@D@std@@V?$allocator@D@2@@std@@QAE@XZ 00424740 f i fluidsim.obj
 0002:0000c770       ??1?$basic_stringbuf@DU?$char_traits@D@std@@V?$allocator@D@2@@std@@UAE@XZ 00424770 f i fluidsim.obj
 0002:0000c7b0       ??1?$basic_stringstream@DU?$char_traits@D@std@@V?$allocator@D@2@@std@@UAE@XZ 004247b0 f i fluidsim.obj
 0002:0000c820       ??1?$vector@IV?$allocator@I@std@@@std@@QAE@XZ 00424820 f i fluidsim.obj
 0002:0000c850       ??1?$vector@NV?$allocator@N@std@@@std@@QAE@XZ 00424850 f i fluidsim.obj
 0002:0000c880       ??1?$vector@U?$Vec@$02I@@V?$allocator@U?$Vec@$02I@@@std@@@std@@QAE@XZ 00424880 f i fluidsim.obj
 0002:0000c8b0       ??1?$vector@U?$Vec@$02M@@V?$allocator@U?$Vec@$02M@@@std@@@std@@QAE@XZ 004248b0 f i fluidsim.obj
 0002:0000c8e0       ??1_Generic_error_category@std@@UAE@XZ 004248e0 f i fluidsim.obj
 0002:0000c910       ??1_Iostream_error_category@std@@UAE@XZ 00424910 f i fluidsim.obj
 0002:0000c940       ??1_Sentry_base@?$basic_istream@DU?$char_traits@D@std@@@std@@QAE@XZ 00424940 f i fluidsim.obj
 0002:0000c9b0       ??1_Sentry_base@?$basic_ostream@DU?$char_traits@D@std@@@std@@QAE@XZ 004249b0 f i fluidsim.obj
 0002:0000ca20       ??1_System_error_category@std@@UAE@XZ 00424a20 f i fluidsim.obj
 0002:0000ca50       ??1bad_alloc@std@@UAE@XZ   00424a50 f i fluidsim.obj
 0002:0000ca80       ??1error_category@std@@UAE@XZ 00424a80 f i fluidsim.obj
 0002:0000cab0       ??1locale@std@@QAE@XZ      00424ab0 f i fluidsim.obj
 0002:0000cb20       ??1sentry@?$basic_istream@DU?$char_traits@D@std@@@std@@QAE@XZ 00424b20 f i fluidsim.obj
 0002:0000cb50       ??1sentry@?$basic_ostream@DU?$char_traits@D@std@@@std@@QAE@XZ 00424b50 f i fluidsim.obj
 0002:0000cb90       ??2@YAPAXIPAX@Z            00424b90 f i fluidsim.obj
 0002:0000cbb0       ??3@YAXPAX0@Z              00424bb0 f i fluidsim.obj
 0002:0000cbd0       ??4?$Array1@D@@QAEAAU0@ABU0@@Z 00424bd0 f i fluidsim.obj
 0002:0000cca0       ??4?$Array1@M@@QAEAAU0@ABU0@@Z 00424ca0 f i fluidsim.obj
 0002:0000cd70       ??4?$Array3@DU?$Array1@D@@@@QAEAAU0@ABU0@@Z 00424d70 f i fluidsim.obj
 0002:0000cdd0       ??4?$Array3@MU?$Array1@M@@@@QAEAAU0@ABU0@@Z 00424dd0 f i fluidsim.obj
 0002:0000ce30       ??4?$basic_string@DU?$char_traits@D@std@@V?$allocator@D@2@@std@@QAEAAV01@PBD@Z 00424e30 f i fluidsim.obj
 0002:0000ce60       ??4?$vector@IV?$allocator@I@std@@@std@@QAEAAV01@$$QAV01@@Z 00424e60 f i fluidsim.obj
 0002:0000cf90       ??4?$vector@NV?$allocator@N@std@@@std@@QAEAAV01@$$QAV01@@Z 00424f90 f i fluidsim.obj
 0002:0000d0c0       ??4?$vector@NV?$allocator@N@std@@@std@@QAEAAV01@ABV01@@Z 004250c0 f i fluidsim.obj
 0002:0000d390       ??8?$_Vector_const_iterator@V?$_Vector_val@U?$_Simple_types@I@std@@@std@@@std@@QBE_NABV01@@Z 00425390 f i fluidsim.obj
 0002:0000d3e0       ??8?$_Vector_const_iterator@V?$_Vector_val@U?$_Simple_types@N@std@@@std@@@std@@QBE_NABV01@@Z 004253e0 f i fluidsim.obj
 0002:0000d430       ??8?$_Vector_const_iterator@V?$_Vector_val@U?$_Simple_types@V?$vector@IV?$allocator@I@std@@@std@@@std@@@std@@@std@@QBE_NABV01@@Z 00425430 f i fluidsim.obj
 0002:0000d480       ??8?$_Vector_const_iterator@V?$_Vector_val@U?$_Simple_types@V?$vector@NV?$allocator@N@std@@@std@@@std@@@std@@@std@@QBE_NABV01@@Z 00425480 f i fluidsim.obj
 0002:0000d4d0       ??8error_category@std@@QBE_NABV01@@Z 004254d0 f i fluidsim.obj
 0002:0000d510       ??8error_condition@std@@QBE_NABV01@@Z 00425510 f i fluidsim.obj
 0002:0000d590       ??9?$_Vector_const_iterator@V?$_Vector_val@U?$_Simple_types@I@std@@@std@@@std@@QBE_NABV01@@Z 00425590 f i fluidsim.obj
 0002:0000d5e0       ??9?$_Vector_const_iterator@V?$_Vector_val@U?$_Simple_types@N@std@@@std@@@std@@QBE_NABV01@@Z 004255e0 f i fluidsim.obj
 0002:0000d630       ??9?$_Vector_const_iterator@V?$_Vector_val@U?$_Simple_types@V?$vector@IV?$allocator@I@std@@@std@@@std@@@std@@@std@@QBE_NABV01@@Z 00425630 f i fluidsim.obj
 0002:0000d680       ??9?$_Vector_const_iterator@V?$_Vector_val@U?$_Simple_types@V?$vector@NV?$allocator@N@std@@@std@@@std@@@std@@@std@@QBE_NABV01@@Z 00425680 f i fluidsim.obj
 0002:0000d6d0       ??A?$Array1@D@@QAEAADK@Z   004256d0 f i fluidsim.obj
 0002:0000d700       ??A?$Array1@M@@QAEAAMK@Z   00425700 f i fluidsim.obj
 0002:0000d730       ??A?$Array1@M@@QBEABMK@Z   00425730 f i fluidsim.obj
 0002:0000d760       ??A?$Vec@$02H@@QAEAAHH@Z   00425760 f i fluidsim.obj
 0002:0000d7b0       ??A?$Vec@$02M@@QAEAAMH@Z   004257b0 f i fluidsim.obj
 0002:0000d800       ??A?$Vec@$02M@@QBEABMH@Z   00425800 f i fluidsim.obj
 0002:0000d850       ??A?$vector@IV?$allocator@I@std@@@std@@QAEAAII@Z 00425850 f i fluidsim.obj
 0002:0000d880       ??A?$vector@IV?$allocator@I@std@@@std@@QBEABII@Z 00425880 f i fluidsim.obj
 0002:0000d8b0       ??A?$vector@NV?$allocator@N@std@@@std@@QAEAANI@Z 004258b0 f i fluidsim.obj
 0002:0000d8e0       ??A?$vector@NV?$allocator@N@std@@@std@@QBEABNI@Z 004258e0 f i fluidsim.obj
 0002:0000d910       ??A?$vector@U?$Vec@$02M@@V?$allocator@U?$Vec@$02M@@@std@@@std@@QAEAAU?$Vec@$02M@@I@Z 00425910 f i fluidsim.obj
 0002:0000d940       ??A?$vector@V?$vector@IV?$allocator@I@std@@@std@@V?$allocator@V?$vector@IV?$allocator@I@std@@@std@@@2@@std@@QAEAAV?$vector@IV?$allocator@I@std@@@1@I@Z 00425940 f i fluidsim.obj
 0002:0000d970       ??A?$vector@V?$vector@IV?$allocator@I@std@@@std@@V?$allocator@V?$vector@IV?$allocator@I@std@@@std@@@2@@std@@QBEABV?$vector@IV?$allocator@I@std@@@1@I@Z 00425970 f i fluidsim.obj
 0002:0000d9a0       ??A?$vector@V?$vector@NV?$allocator@N@std@@@std@@V?$allocator@V?$vector@NV?$allocator@N@std@@@std@@@2@@std@@QAEAAV?$vector@NV?$allocator@N@std@@@1@I@Z 004259a0 f i fluidsim.obj
 0002:0000d9d0       ??A?$vector@V?$vector@NV?$allocator@N@std@@@std@@V?$allocator@V?$vector@NV?$allocator@N@std@@@std@@@2@@std@@QBEABV?$vector@NV?$allocator@N@std@@@1@I@Z 004259d0 f i fluidsim.obj
 0002:0000da00       ??B?$fpos@H@std@@QBE_JXZ   00425a00 f i fluidsim.obj
 0002:0000da40       ??Bsentry@?$basic_istream@DU?$char_traits@D@std@@@std@@QBEPQ?$_Bool_struct@V?$basic_istream@DU?$char_traits@D@std@@@std@@@2@HXZ 00425a40 f i fluidsim.obj
 0002:0000da80       ??Bsentry@?$basic_ostream@DU?$char_traits@D@std@@@std@@QBEPQ?$_Bool_struct@V?$basic_ostream@DU?$char_traits@D@std@@@std@@@2@HXZ 00425a80 f i fluidsim.obj
 0002:0000dac0       ??D?$_String_const_iterator@V?$_String_val@U?$_Simple_types@D@std@@@std@@@std@@QBEABDXZ 00425ac0 f i fluidsim.obj
 0002:0000dae0       ??D?$_String_iterator@V?$_String_val@U?$_Simple_types@D@std@@@std@@@std@@QBEAADXZ 00425ae0 f i fluidsim.obj
 0002:0000db10       ??D?$_Vector_const_iterator@V?$_Vector_val@U?$_Simple_types@I@std@@@std@@@std@@QBEABIXZ 00425b10 f i fluidsim.obj
 0002:0000db30       ??D?$_Vector_const_iterator@V?$_Vector_val@U?$_Simple_types@N@std@@@std@@@std@@QBEABNXZ 00425b30 f i fluidsim.obj
 0002:0000db50       ??D?$_Vector_iterator@V?$_Vector_val@U?$_Simple_types@I@std@@@std@@@std@@QBEAAIXZ 00425b50 f i fluidsim.obj
 0002:0000db80       ??D?$_Vector_iterator@V?$_Vector_val@U?$_Simple_types@N@std@@@std@@@std@@QBEAANXZ 00425b80 f i fluidsim.obj
 0002:0000dbb0       ??D?$move_iterator@V?$_Vector_iterator@V?$_Vector_val@U?$_Simple_types@I@std@@@std@@@std@@@std@@QBE$$QAIXZ 00425bb0 f i fluidsim.obj
 0002:0000dbe0       ??D?$move_iterator@V?$_Vector_iterator@V?$_Vector_val@U?$_Simple_types@N@std@@@std@@@std@@@std@@QBE$$QANXZ 00425be0 f i fluidsim.obj
 0002:0000dc10       ??E?$_Vector_const_iterator@V?$_Vector_val@U?$_Simple_types@I@std@@@std@@@std@@QAEAAV01@XZ 00425c10 f i fluidsim.obj
 0002:0000dc40       ??E?$_Vector_const_iterator@V?$_Vector_val@U?$_Simple_types@N@std@@@std@@@std@@QAEAAV01@XZ 00425c40 f i fluidsim.obj
 0002:0000dc70       ??E?$_Vector_iterator@V?$_Vector_val@U?$_Simple_types@I@std@@@std@@@std@@QAEAAV01@XZ 00425c70 f i fluidsim.obj
 0002:0000dca0       ??E?$_Vector_iterator@V?$_Vector_val@U?$_Simple_types@N@std@@@std@@@std@@QAEAAV01@XZ 00425ca0 f i fluidsim.obj
 0002:0000dcd0       ??E?$move_iterator@V?$_Vector_iterator@V?$_Vector_val@U?$_Simple_types@I@std@@@std@@@std@@@std@@QAEAAV01@XZ 00425cd0 f i fluidsim.obj
 0002:0000dd00       ??E?$move_iterator@V?$_Vector_iterator@V?$_Vector_val@U?$_Simple_types@N@std@@@std@@@std@@@std@@QAEAAV01@XZ 00425d00 f i fluidsim.obj
 0002:0000dd30       ??G?$Vec@$02M@@QBE?AU0@ABU0@@Z 00425d30 f i fluidsim.obj
 0002:0000ddb0       ??G?$_Vector_const_iterator@V?$_Vector_val@U?$_Simple_types@I@std@@@std@@@std@@QBEHABV01@@Z 00425db0 f i fluidsim.obj
 0002:0000ddf0       ??G?$_Vector_const_iterator@V?$_Vector_val@U?$_Simple_types@N@std@@@std@@@std@@QBEHABV01@@Z 00425df0 f i fluidsim.obj
 0002:0000de30       ??G?$_Vector_iterator@V?$_Vector_val@U?$_Simple_types@I@std@@@std@@@std@@QBE?AV01@H@Z 00425e30 f i fluidsim.obj
 0002:0000de70       ??G?$_Vector_iterator@V?$_Vector_val@U?$_Simple_types@I@std@@@std@@@std@@QBEHABV?$_Vector_const_iterator@V?$_Vector_val@U?$_Simple_types@I@std@@@std@@@1@@Z 00425e70 f i fluidsim.obj
 0002:0000dea0       ??G?$_Vector_iterator@V?$_Vector_val@U?$_Simple_types@N@std@@@std@@@std@@QBE?AV01@H@Z 00425ea0 f i fluidsim.obj
 0002:0000dee0       ??G?$_Vector_iterator@V?$_Vector_val@U?$_Simple_types@N@std@@@std@@@std@@QBEHABV?$_Vector_const_iterator@V?$_Vector_val@U?$_Simple_types@N@std@@@std@@@1@@Z 00425ee0 f i fluidsim.obj
 0002:0000df10       ??H?$Vec@$02M@@QBE?AU0@ABU0@@Z 00425f10 f i fluidsim.obj
 0002:0000df90       ??H?$_Vector_iterator@V?$_Vector_val@U?$_Simple_types@I@std@@@std@@@std@@QBE?AV01@H@Z 00425f90 f i fluidsim.obj
 0002:0000dfd0       ??H?$_Vector_iterator@V?$_Vector_val@U?$_Simple_types@N@std@@@std@@@std@@QBE?AV01@H@Z 00425fd0 f i fluidsim.obj
 0002:0000e010       ??H?$_Vector_iterator@V?$_Vector_val@U?$_Simple_types@V?$vector@IV?$allocator@I@std@@@std@@@std@@@std@@@std@@QBE?AV01@H@Z 00426010 f i fluidsim.obj
 0002:0000e050       ??H?$_Vector_iterator@V?$_Vector_val@U?$_Simple_types@V?$vector@NV?$allocator@N@std@@@std@@@std@@@std@@@std@@QBE?AV01@H@Z 00426050 f i fluidsim.obj
 0002:0000e090       ??K?$Vec@$02M@@QBE?AU0@M@Z 00426090 f i fluidsim.obj
 0002:0000e120       ??R?$Array3@DU?$Array1@D@@@@QAEAADHHH@Z 00426120 f i fluidsim.obj
 0002:0000e1c0       ??R?$Array3@MU?$Array1@M@@@@QAEAAMHHH@Z 004261c0 f i fluidsim.obj
 0002:0000e260       ??R?$Array3@MU?$Array1@M@@@@QBEABMHHH@Z 00426260 f i fluidsim.obj
 0002:0000e300       ??X?$Vec@$02M@@QAE?AU0@M@Z 00426300 f i fluidsim.obj
 0002:0000e380       ??Y?$Vec@$02M@@QAE?AU0@ABU0@@Z 00426380 f i fluidsim.obj
 0002:0000e410       ??Y?$_Vector_const_iterator@V?$_Vector_val@U?$_Simple_types@I@std@@@std@@@std@@QAEAAV01@H@Z 00426410 f i fluidsim.obj
 0002:0000e450       ??Y?$_Vector_const_iterator@V?$_Vector_val@U?$_Simple_types@N@std@@@std@@@std@@QAEAAV01@H@Z 00426450 f i fluidsim.obj
 0002:0000e490       ??Y?$_Vector_const_iterator@V?$_Vector_val@U?$_Simple_types@V?$vector@IV?$allocator@I@std@@@std@@@std@@@std@@@std@@QAEAAV01@H@Z 00426490 f i fluidsim.obj
 0002:0000e4d0       ??Y?$_Vector_const_iterator@V?$_Vector_val@U?$_Simple_types@V?$vector@NV?$allocator@N@std@@@std@@@std@@@std@@@std@@QAEAAV01@H@Z 004264d0 f i fluidsim.obj
 0002:0000e510       ??Y?$_Vector_iterator@V?$_Vector_val@U?$_Simple_types@I@std@@@std@@@std@@QAEAAV01@H@Z 00426510 f i fluidsim.obj
 0002:0000e540       ??Y?$_Vector_iterator@V?$_Vector_val@U?$_Simple_types@N@std@@@std@@@std@@QAEAAV01@H@Z 00426540 f i fluidsim.obj
 0002:0000e570       ??Y?$_Vector_iterator@V?$_Vector_val@U?$_Simple_types@V?$vector@IV?$allocator@I@std@@@std@@@std@@@std@@@std@@QAEAAV01@H@Z 00426570 f i fluidsim.obj
 0002:0000e5a0       ??Y?$_Vector_iterator@V?$_Vector_val@U?$_Simple_types@V?$vector@NV?$allocator@N@std@@@std@@@std@@@std@@@std@@QAEAAV01@H@Z 004265a0 f i fluidsim.obj
 0002:0000e5d0       ??Y?$basic_string@DU?$char_traits@D@std@@V?$allocator@D@2@@std@@QAEAAV01@D@Z 004265d0 f i fluidsim.obj
 0002:0000e600       ??Z?$Vec@$02M@@QAE?AU0@ABU0@@Z 00426600 f i fluidsim.obj
 0002:0000e690       ??Z?$_Vector_iterator@V?$_Vector_val@U?$_Simple_types@I@std@@@std@@@std@@QAEAAV01@H@Z 00426690 f i fluidsim.obj
 0002:0000e6c0       ??Z?$_Vector_iterator@V?$_Vector_val@U?$_Simple_types@N@std@@@std@@@std@@QAEAAV01@H@Z 004266c0 f i fluidsim.obj
 0002:0000e6f0       ??_0?$Vec@$02M@@QAE?AU0@M@Z 004266f0 f i fluidsim.obj
 0002:0000e770       ??_D?$basic_ifstream@DU?$char_traits@D@std@@@std@@QAEXXZ 00426770 f i fluidsim.obj
 0002:0000e7b0       ??_D?$basic_stringstream@DU?$char_traits@D@std@@V?$allocator@D@2@@std@@QAEXXZ 004267b0 f i fluidsim.obj
 0002:0000e7e4       ??_E?$basic_ifstream@DU?$char_traits@D@std@@@std@@$4PPPPPPPM@A@AEPAXI@Z 004267e4 f i fluidsim.obj
 0002:0000e7ee       ??_E?$basic_stringstream@DU?$char_traits@D@std@@V?$allocator@D@2@@std@@$4PPPPPPPM@A@AEPAXI@Z 004267ee f i fluidsim.obj
 0002:0000e800       ??_G?$basic_filebuf@DU?$char_traits@D@std@@@std@@UAEPAXI@Z 00426800 f i fluidsim.obj
 0002:0000e800       ??_E?$basic_filebuf@DU?$char_traits@D@std@@@std@@UAEPAXI@Z 00426800 f i fluidsim.obj
 0002:0000e850       ??_G?$basic_ifstream@DU?$char_traits@D@std@@@std@@UAEPAXI@Z 00426850 f i fluidsim.obj
 0002:0000e850       ??_E?$basic_ifstream@DU?$char_traits@D@std@@@std@@UAEPAXI@Z 00426850 f i fluidsim.obj
 0002:0000e8a0       ??_G?$basic_stringbuf@DU?$char_traits@D@std@@V?$allocator@D@2@@std@@UAEPAXI@Z 004268a0 f i fluidsim.obj
 0002:0000e8a0       ??_E?$basic_stringbuf@DU?$char_traits@D@std@@V?$allocator@D@2@@std@@UAEPAXI@Z 004268a0 f i fluidsim.obj
 0002:0000e8f0       ??_G?$basic_stringstream@DU?$char_traits@D@std@@V?$allocator@D@2@@std@@UAEPAXI@Z 004268f0 f i fluidsim.obj
 0002:0000e8f0       ??_E?$basic_stringstream@DU?$char_traits@D@std@@V?$allocator@D@2@@std@@UAEPAXI@Z 004268f0 f i fluidsim.obj
 0002:0000e940       ??_G?$vector@IV?$allocator@I@std@@@std@@QAEPAXI@Z 00426940 f i fluidsim.obj
 0002:0000e990       ??_G?$vector@NV?$allocator@N@std@@@std@@QAEPAXI@Z 00426990 f i fluidsim.obj
 0002:0000e9e0       ??_E_Generic_error_category@std@@UAEPAXI@Z 004269e0 f i fluidsim.obj
 0002:0000e9e0       ??_G_Generic_error_category@std@@UAEPAXI@Z 004269e0 f i fluidsim.obj
 0002:0000ea30       ??_E_Iostream_error_category@std@@UAEPAXI@Z 00426a30 f i fluidsim.obj
 0002:0000ea30       ??_G_Iostream_error_category@std@@UAEPAXI@Z 00426a30 f i fluidsim.obj
 0002:0000ea80       ??_E_System_error_category@std@@UAEPAXI@Z 00426a80 f i fluidsim.obj
 0002:0000ea80       ??_G_System_error_category@std@@UAEPAXI@Z 00426a80 f i fluidsim.obj
 0002:0000ead0       ??_Ebad_alloc@std@@UAEPAXI@Z 00426ad0 f i fluidsim.obj
 0002:0000ead0       ??_Gbad_alloc@std@@UAEPAXI@Z 00426ad0 f i fluidsim.obj
 0002:0000eb20       ??_Eerror_category@std@@UAEPAXI@Z 00426b20 f i fluidsim.obj
 0002:0000eb20       ??_Gerror_category@std@@UAEPAXI@Z 00426b20 f i fluidsim.obj
 0002:0000eb61       ?_Add_vtordisp1@?$basic_istream@DU?$char_traits@D@std@@@std@@$4PPPPPPPM@FA@AEXXZ 00426b61 f i fluidsim.obj
 0002:0000eb70       ?_Add_vtordisp1@?$basic_istream@DU?$char_traits@D@std@@@std@@$4PPPPPPPM@FI@AEXXZ 00426b70 f i fluidsim.obj
 0002:0000eb7f       ?_Add_vtordisp2@?$basic_ostream@DU?$char_traits@D@std@@@std@@$4PPPPPPPM@FA@AEXXZ 00426b7f f i fluidsim.obj
 0002:0000eb90       ?_Adopt@_Iterator_base0@std@@QAEXPBX@Z 00426b90 f i fluidsim.obj
 0002:0000ebb0       ?_Assign_n@?$vector@NV?$allocator@N@std@@@std@@IAEXIABN@Z 00426bb0 f i fluidsim.obj
 0002:0000ec50       ?_Assign_rv@?$vector@IV?$allocator@I@std@@@std@@QAEX$$QAV12@@Z 00426c50 f i fluidsim.obj
 0002:0000ecd0       ?_Assign_rv@?$vector@NV?$allocator@N@std@@@std@@QAEX$$QAV12@@Z 00426cd0 f i fluidsim.obj
 0002:0000ed50       ?_Buy@?$vector@NV?$allocator@N@std@@@std@@IAE_NI@Z 00426d50 f i fluidsim.obj
 0002:0000ee10       ?_Change_alloc@?$_Vector_alloc@$0A@U?$_Vec_base_types@IV?$allocator@I@std@@@std@@@std@@QAEXABU?$_Wrap_alloc@V?$allocator@I@std@@@2@@Z 00426e10 f i fluidsim.obj
 0002:0000ee30       ?_Change_alloc@?$_Vector_alloc@$0A@U?$_Vec_base_types@NV?$allocator@N@std@@@std@@@std@@QAEXABU?$_Wrap_alloc@V?$allocator@N@std@@@2@@Z 00426e30 f i fluidsim.obj
 0002:0000ee50       ?_Chassign@?$basic_string@DU?$char_traits@D@std@@V?$allocator@D@2@@std@@QAEXIID@Z 00426e50 f i fluidsim.obj
 0002:0000eec0       ?_Compat@?$_Vector_const_iterator@V?$_Vector_val@U?$_Simple_types@I@std@@@std@@@std@@QBEXABV12@@Z 00426ec0 f i fluidsim.obj
 0002:0000eee0       ?_Compat@?$_Vector_const_iterator@V?$_Vector_val@U?$_Simple_types@N@std@@@std@@@std@@QBEXABV12@@Z 00426ee0 f i fluidsim.obj
 0002:0000ef00       ?_Compat@?$_Vector_const_iterator@V?$_Vector_val@U?$_Simple_types@V?$vector@IV?$allocator@I@std@@@std@@@std@@@std@@@std@@QBEXABV12@@Z 00426f00 f i fluidsim.obj
 0002:0000ef20       ?_Compat@?$_Vector_const_iterator@V?$_Vector_val@U?$_Simple_types@V?$vector@NV?$allocator@N@std@@@std@@@std@@@std@@@std@@QBEXABV12@@Z 00426f20 f i fluidsim.obj
 0002:0000ef40       ?_Copy@?$basic_string@DU?$char_traits@D@std@@V?$allocator@D@2@@std@@QAEXII@Z 00426f40 f i fluidsim.obj
 0002:0000f170       ?_Destroy@?$vector@IV?$allocator@I@std@@@std@@IAEXPAI0@Z 00427170 f i fluidsim.obj
 0002:0000f1c0       ?_Destroy@?$vector@NV?$allocator@N@std@@@std@@IAEXPAN0@Z 004271c0 f i fluidsim.obj
 0002:0000f210       ?_Destroy@?$vector@U?$Vec@$02I@@V?$allocator@U?$Vec@$02I@@@std@@@std@@IAEXPAU?$Vec@$02I@@0@Z 00427210 f i fluidsim.obj
 0002:0000f260       ?_Destroy@?$vector@U?$Vec@$02M@@V?$allocator@U?$Vec@$02M@@@std@@@std@@IAEXPAU?$Vec@$02M@@0@Z 00427260 f i fluidsim.obj
 0002:0000f2b0       ?_Destroy@?$vector@V?$vector@IV?$allocator@I@std@@@std@@V?$allocator@V?$vector@IV?$allocator@I@std@@@std@@@2@@std@@IAEXPAV?$vector@IV?$allocator@I@std@@@2@0@Z 004272b0 f i fluidsim.obj
 0002:0000f300       ?_Destroy@?$vector@V?$vector@NV?$allocator@N@std@@@std@@V?$allocator@V?$vector@NV?$allocator@N@std@@@std@@@2@@std@@IAEXPAV?$vector@NV?$allocator@N@std@@@2@0@Z 00427300 f i fluidsim.obj
 0002:0000f350       ?_Endwrite@?$basic_filebuf@DU?$char_traits@D@std@@@std@@IAE_NXZ 00427350 f i fluidsim.obj
 0002:0000f610       ?_Eos@?$basic_string@DU?$char_traits@D@std@@V?$allocator@D@2@@std@@QAEXI@Z 00427610 f i fluidsim.obj
 0002:0000f660       ?_Getal@?$_String_alloc@$0A@U?$_String_base_types@DV?$allocator@D@std@@@std@@@std@@QBE?AU?$_Wrap_alloc@V?$allocator@D@std@@@2@XZ 00427660 f i fluidsim.obj
 0002:0000f690       ?_Getal@?$_Vector_alloc@$0A@U?$_Vec_base_types@IV?$allocator@I@std@@@std@@@std@@QBE?AU?$_Wrap_alloc@V?$allocator@I@std@@@2@XZ 00427690 f i fluidsim.obj
 0002:0000f6c0       ?_Getal@?$_Vector_alloc@$0A@U?$_Vec_base_types@NV?$allocator@N@std@@@std@@@std@@QBE?AU?$_Wrap_alloc@V?$allocator@N@std@@@2@XZ 004276c0 f i fluidsim.obj
 0002:0000f6f0       ?_Getal@?$_Vector_alloc@$0A@U?$_Vec_base_types@U?$Vec@$02I@@V?$allocator@U?$Vec@$02I@@@std@@@std@@@std@@QBE?AU?$_Wrap_alloc@V?$allocator@U?$Vec@$02I@@@std@@@2@XZ 004276f0 f i fluidsim.obj
 0002:0000f720       ?_Getal@?$_Vector_alloc@$0A@U?$_Vec_base_types@U?$Vec@$02M@@V?$allocator@U?$Vec@$02M@@@std@@@std@@@std@@QBE?AU?$_Wrap_alloc@V?$allocator@U?$Vec@$02M@@@std@@@2@XZ 00427720 f i fluidsim.obj
 0002:0000f750       ?_Getal@?$_Vector_alloc@$0A@U?$_Vec_base_types@V?$vector@IV?$allocator@I@std@@@std@@V?$allocator@V?$vector@IV?$allocator@I@std@@@std@@@2@@std@@@std@@QBE?AU?$_Wrap_alloc@V?$allocator@V?$vector@IV?$allocator@I@std@@@std@@@std@@@2@XZ 00427750 f i fluidsim.obj
 0002:0000f780       ?_Getal@?$_Vector_alloc@$0A@U?$_Vec_base_types@V?$vector@NV?$allocator@N@std@@@std@@V?$allocator@V?$vector@NV?$allocator@N@std@@@std@@@2@@std@@@std@@QBE?AU?$_Wrap_alloc@V?$allocator@V?$vector@NV?$allocator@N@std@@@std@@@std@@@2@XZ 00427780 f i fluidsim.obj
 0002:0000f7b0       ?_Getfacet@locale@std@@QBEPBVfacet@12@I@Z 004277b0 f i fluidsim.obj
 0002:0000f860       ?_Getstate@?$basic_stringbuf@DU?$char_traits@D@std@@V?$allocator@D@2@@std@@AAEHH@Z 00427860 f i fluidsim.obj
 0002:0000f8e0       ?_Grow@?$basic_string@DU?$char_traits@D@std@@V?$allocator@D@2@@std@@QAE_NI_N@Z 004278e0 f i fluidsim.obj
 0002:0000f9c0       ?_Grow_to@?$vector@IV?$allocator@I@std@@@std@@IBEII@Z 004279c0 f i fluidsim.obj
 0002:0000fa40       ?_Grow_to@?$vector@NV?$allocator@N@std@@@std@@IBEII@Z 00427a40 f i fluidsim.obj
 0002:0000fac0       ?_Grow_to@?$vector@U?$Vec@$02I@@V?$allocator@U?$Vec@$02I@@@std@@@std@@IBEII@Z 00427ac0 f i fluidsim.obj
 0002:0000fb40       ?_Grow_to@?$vector@U?$Vec@$02M@@V?$allocator@U?$Vec@$02M@@@std@@@std@@IBEII@Z 00427b40 f i fluidsim.obj
 0002:0000fbc0       ?_Grow_to@?$vector@V?$vector@IV?$allocator@I@std@@@std@@V?$allocator@V?$vector@IV?$allocator@I@std@@@std@@@2@@std@@IBEII@Z 00427bc0 f i fluidsim.obj
 0002:0000fc40       ?_Grow_to@?$vector@V?$vector@NV?$allocator@N@std@@@std@@V?$allocator@V?$vector@NV?$allocator@N@std@@@std@@@2@@std@@IBEII@Z 00427c40 f i fluidsim.obj
 0002:0000fcc0       ?_Init@?$basic_filebuf@DU?$char_traits@D@std@@@std@@IAEXPAU_iobuf@@W4_Initfl@12@@Z 00427cc0 f i fluidsim.obj
 0002:0000fdb0       ?_Init@?$basic_stringbuf@DU?$char_traits@D@std@@V?$allocator@D@2@@std@@IAEXPBDIH@Z 00427db0 f i fluidsim.obj
 0002:0000ff00       ?_Initcvt@?$basic_filebuf@DU?$char_traits@D@std@@@std@@IAEXPBV?$codecvt@DDH@2@@Z 00427f00 f i fluidsim.obj
 0002:0000ff60       ?_Insert_n@?$vector@NV?$allocator@N@std@@@std@@IAE?AV?$_Vector_iterator@V?$_Vector_val@U?$_Simple_types@N@std@@@std@@@2@V?$_Vector_const_iterator@V?$_Vector_val@U?$_Simple_types@N@std@@@std@@@2@IABN@Z 00427f60 f i fluidsim.obj
 0002:00010450       ?_Inside@?$basic_string@DU?$char_traits@D@std@@V?$allocator@D@2@@std@@QAE_NPBD@Z 00428450 f i fluidsim.obj
 0002:000104b0       ?_Inside@?$vector@IV?$allocator@I@std@@@std@@IBE_NPBI@Z 004284b0 f i fluidsim.obj
 0002:00010500       ?_Inside@?$vector@NV?$allocator@N@std@@@std@@IBE_NPBN@Z 00428500 f i fluidsim.obj
 0002:00010550       ?_Inside@?$vector@U?$Vec@$02I@@V?$allocator@U?$Vec@$02I@@@std@@@std@@IBE_NPBU?$Vec@$02I@@@Z 00428550 f i fluidsim.obj
 0002:000105a0       ?_Inside@?$vector@U?$Vec@$02M@@V?$allocator@U?$Vec@$02M@@@std@@@std@@IBE_NPBU?$Vec@$02M@@@Z 004285a0 f i fluidsim.obj
 0002:000105f0       ?_Lock@?$basic_filebuf@DU?$char_traits@D@std@@@std@@UAEXXZ 004285f0 f i fluidsim.obj
 0002:00010630       ?_Make_iter@?$vector@IV?$allocator@I@std@@@std@@QBE?AV?$_Vector_iterator@V?$_Vector_val@U?$_Simple_types@I@std@@@std@@@2@V?$_Vector_const_iterator@V?$_Vector_val@U?$_Simple_types@I@std@@@std@@@2@@Z 00428630 f i fluidsim.obj
 0002:00010670       ?_Make_iter@?$vector@NV?$allocator@N@std@@@std@@QBE?AV?$_Vector_iterator@V?$_Vector_val@U?$_Simple_types@N@std@@@std@@@2@V?$_Vector_const_iterator@V?$_Vector_val@U?$_Simple_types@N@std@@@std@@@2@@Z 00428670 f i fluidsim.obj
 0002:000106b0       ?_Make_iter@?$vector@V?$vector@IV?$allocator@I@std@@@std@@V?$allocator@V?$vector@IV?$allocator@I@std@@@std@@@2@@std@@QBE?AV?$_Vector_iterator@V?$_Vector_val@U?$_Simple_types@V?$vector@IV?$allocator@I@std@@@std@@@std@@@std@@@2@V?$_Vector_const_iterator@V?$_Vector_val@U?$_Simple_types@V?$vector@IV?$allocator@I@std@@@std@@@std@@@std@@@2@@Z 004286b0 f i fluidsim.obj
 0002:000106f0       ?_Make_iter@?$vector@V?$vector@NV?$allocator@N@std@@@std@@V?$allocator@V?$vector@NV?$allocator@N@std@@@std@@@2@@std@@QBE?AV?$_Vector_iterator@V?$_Vector_val@U?$_Simple_types@V?$vector@NV?$allocator@N@std@@@std@@@std@@@std@@@2@V?$_Vector_const_iterator@V?$_Vector_val@U?$_Simple_types@V?$vector@NV?$allocator@N@std@@@std@@@std@@@std@@@2@@Z 004286f0 f i fluidsim.obj
 0002:00010730       ?_Myptr@?$_String_val@U?$_Simple_types@D@std@@@std@@QAEPADXZ 00428730 f i fluidsim.obj
 0002:00010780       ?_Myptr@?$_String_val@U?$_Simple_types@D@std@@@std@@QBEPBDXZ 00428780 f i fluidsim.obj
 0002:000107d0       ?_Orphan_range@?$vector@IV?$allocator@I@std@@@std@@IBEXPAI0@Z 004287d0 f i fluidsim.obj
 0002:000107f0       ?_Orphan_range@?$vector@NV?$allocator@N@std@@@std@@IBEXPAN0@Z 004287f0 f i fluidsim.obj
 0002:00010810       ?_Orphan_range@?$vector@U?$Vec@$02I@@V?$allocator@U?$Vec@$02I@@@std@@@std@@IBEXPAU?$Vec@$02I@@0@Z 00428810 f i fluidsim.obj
 0002:00010830       ?_Orphan_range@?$vector@U?$Vec@$02M@@V?$allocator@U?$Vec@$02M@@@std@@@std@@IBEXPAU?$Vec@$02M@@0@Z 00428830 f i fluidsim.obj
 0002:00010850       ?_Reallocate@?$vector@IV?$allocator@I@std@@@std@@IAEXI@Z 00428850 f i fluidsim.obj
 0002:000109e0       ?_Reallocate@?$vector@NV?$allocator@N@std@@@std@@IAEXI@Z 004289e0 f i fluidsim.obj
 0002:00010b70       ?_Reallocate@?$vector@U?$Vec@$02I@@V?$allocator@U?$Vec@$02I@@@std@@@std@@IAEXI@Z 00428b70 f i fluidsim.obj
 0002:00010d00       ?_Reallocate@?$vector@U?$Vec@$02M@@V?$allocator@U?$Vec@$02M@@@std@@@std@@IAEXI@Z 00428d00 f i fluidsim.obj
 0002:00010e90       ?_Reallocate@?$vector@V?$vector@IV?$allocator@I@std@@@std@@V?$allocator@V?$vector@IV?$allocator@I@std@@@std@@@2@@std@@IAEXI@Z 00428e90 f i fluidsim.obj
 0002:00011020       ?_Reallocate@?$vector@V?$vector@NV?$allocator@N@std@@@std@@V?$allocator@V?$vector@NV?$allocator@N@std@@@std@@@2@@std@@IAEXI@Z 00429020 f i fluidsim.obj
 0002:000111b0       ?_Reserve@?$vector@IV?$allocator@I@std@@@std@@IAEXI@Z 004291b0 f i fluidsim.obj
 0002:00011230       ?_Reserve@?$vector@NV?$allocator@N@std@@@std@@IAEXI@Z 00429230 f i fluidsim.obj
 0002:000112b0       ?_Reserve@?$vector@U?$Vec@$02I@@V?$allocator@U?$Vec@$02I@@@std@@@std@@IAEXI@Z 004292b0 f i fluidsim.obj
 0002:00011330       ?_Reserve@?$vector@U?$Vec@$02M@@V?$allocator@U?$Vec@$02M@@@std@@@std@@IAEXI@Z 00429330 f i fluidsim.obj
 0002:000113b0       ?_Reserve@?$vector@V?$vector@IV?$allocator@I@std@@@std@@V?$allocator@V?$vector@IV?$allocator@I@std@@@std@@@2@@std@@IAEXI@Z 004293b0 f i fluidsim.obj
 0002:00011430       ?_Reserve@?$vector@V?$vector@NV?$allocator@N@std@@@std@@V?$allocator@V?$vector@NV?$allocator@N@std@@@std@@@2@@std@@IAEXI@Z 00429430 f i fluidsim.obj
[...]
 0005:000006a4       __imp_?imbue@?$basic_streambuf@DU?$char_traits@D@std@@@std@@MAEXABVlocale@2@@Z 004526a4     msvcprt:MSVCP110.dll
 0005:000006a8       __imp_?_Unlock@?$basic_streambuf@DU?$char_traits@D@std@@@std@@UAEXXZ 004526a8     msvcprt:MSVCP110.dll
 0005:000006ac       __imp_?_Lock@?$basic_streambuf@DU?$char_traits@D@std@@@std@@UAEXXZ 004526ac     msvcprt:MSVCP110.dll
 0005:000006b0       __imp_?_Add_vtordisp2@?$basic_ios@DU?$char_traits@D@std@@@std@@UAEXXZ 004526b0     msvcprt:MSVCP110.dll
 0005:000006b4       __imp_?_Fiopen@std@@YAPAU_iobuf@@PBDHH@Z 004526b4     msvcprt:MSVCP110.dll
 0005:000006b8       __imp_??1?$basic_iostream@DU?$char_traits@D@std@@@std@@UAE@XZ 004526b8     msvcprt:MSVCP110.dll
 0005:000006bc       __imp_??0?$basic_iostream@DU?$char_traits@D@std@@@std@@QAE@PAV?$basic_streambuf@DU?$char_traits@D@std@@@1@@Z 004526bc     msvcprt:MSVCP110.dll
 0005:000006c0       __imp_??5?$basic_istream@DU?$char_traits@D@std@@@std@@QAEAAV01@AAM@Z 004526c0     msvcprt:MSVCP110.dll
 0005:000006c4       __imp_?_Ipfx@?$basic_istream@DU?$char_traits@D@std@@@std@@QAE_N_N@Z 004526c4     msvcprt:MSVCP110.dll
 0005:000006c8       __imp_?_Add_vtordisp1@?$basic_ios@DU?$char_traits@D@std@@@std@@UAEXXZ 004526c8     msvcprt:MSVCP110.dll
 0005:000006cc       __imp_??6?$basic_ostream@DU?$char_traits@D@std@@@std@@QAEAAV01@N@Z 004526cc     msvcprt:MSVCP110.dll
 0005:000006d0       __imp_?put@?$basic_ostream@DU?$char_traits@D@std@@@std@@QAEAAV12@D@Z 004526d0     msvcprt:MSVCP110.dll
 0005:000006d4       __imp_?write@?$basic_ostream@DU?$char_traits@D@std@@@std@@QAEAAV12@PBD_J@Z 004526d4     msvcprt:MSVCP110.dll
 0005:000006d8       __imp_?xsputn@?$basic_streambuf@DU?$char_traits@D@std@@@std@@MAE_JPBD_J@Z 004526d8     msvcprt:MSVCP110.dll
 0005:000006dc       __imp_?_Add_vtordisp1@?$basic_istream@DU?$char_traits@D@std@@@std@@UAEXXZ 004526dc     msvcprt:MSVCP110.dll
 0005:000006e0       __imp_??1?$basic_istream@DU?$char_traits@D@std@@@std@@UAE@XZ 004526e0     msvcprt:MSVCP110.dll
 0005:000006e4       __imp_??0?$basic_istream@DU?$char_traits@D@std@@@std@@QAE@PAV?$basic_streambuf@DU?$char_traits@D@std@@@1@_N@Z 004526e4     msvcprt:MSVCP110.dll
 0005:000006e8       __imp_?endl@std@@YAAAV?$basic_ostream@DU?$char_traits@D@std@@@1@AAV21@@Z 004526e8     msvcprt:MSVCP110.dll
 0005:000006ec       __imp_?flush@?$basic_ostream@DU?$char_traits@D@std@@@std@@QAEAAV12@XZ 004526ec     msvcprt:MSVCP110.dll
 0005:000006f0       __imp_??6?$basic_ostream@DU?$char_traits@D@std@@@std@@QAEAAV01@M@Z 004526f0     msvcprt:MSVCP110.dll
 0005:000006f4       __imp_??6?$basic_ostream@DU?$char_traits@D@std@@@std@@QAEAAV01@H@Z 004526f4     msvcprt:MSVCP110.dll
 0005:000006f8       __imp_??6?$basic_ostream@DU?$char_traits@D@std@@@std@@QAEAAV01@P6AAAV01@AAV01@@Z@Z 004526f8     msvcprt:MSVCP110.dll
 0005:000006fc       __imp_?_Osfx@?$basic_ostream@DU?$char_traits@D@std@@@std@@QAEXXZ 004526fc     msvcprt:MSVCP110.dll
 0005:00000700       __imp_?_Add_vtordisp2@?$basic_ostream@DU?$char_traits@D@std@@@std@@UAEXXZ 00452700     msvcprt:MSVCP110.dll
 0005:00000704       __imp_??0?$basic_ios@DU?$char_traits@D@std@@@std@@IAE@XZ 00452704     msvcprt:MSVCP110.dll
 0005:00000708       __imp_?widen@?$basic_ios@DU?$char_traits@D@std@@@std@@QBEDD@Z 00452708     msvcprt:MSVCP110.dll
 0005:0000070c       __imp_?fill@?$basic_ios@DU?$char_traits@D@std@@@std@@QBEDXZ 0045270c     msvcprt:MSVCP110.dll
 0005:00000710       __imp_?rdbuf@?$basic_ios@DU?$char_traits@D@std@@@std@@QBEPAV?$basic_streambuf@DU?$char_traits@D@std@@@2@XZ 00452710     msvcprt:MSVCP110.dll
 0005:00000714       __imp_?tie@?$basic_ios@DU?$char_traits@D@std@@@std@@QBEPAV?$basic_ostream@DU?$char_traits@D@std@@@2@XZ 00452714     msvcprt:MSVCP110.dll
 0005:00000718       __imp_?setstate@?$basic_ios@DU?$char_traits@D@std@@@std@@QAEXH_N@Z 00452718     msvcprt:MSVCP110.dll
 0005:0000071c       __imp_??1?$basic_ios@DU?$char_traits@D@std@@@std@@UAE@XZ 0045271c     msvcprt:MSVCP110.dll
 0005:00000720       __imp_??0_Lockit@std@@QAE@H@Z 00452720     msvcprt:MSVCP110.dll
 0005:00000724       __imp_??1_Lockit@std@@QAE@XZ 00452724     msvcprt:MSVCP110.dll
 0005:00000728       __imp_?uncaught_exception@std@@YA_NXZ 00452728     msvcprt:MSVCP110.dll
 0005:0000072c       __imp_?_Orphan_all@_Container_base0@std@@QAEXXZ 0045272c     msvcprt:MSVCP110.dll
 0005:00000730       __imp_?_Swap_all@_Container_base0@std@@QAEXAAU12@@Z 00452730     msvcprt:MSVCP110.dll
 0005:00000734       __imp_?_Xbad_alloc@std@@YAXXZ 00452734     msvcprt:MSVCP110.dll
 0005:00000738       __imp_?_Xlength_error@std@@YAXPBD@Z 00452738     msvcprt:MSVCP110.dll
 0005:0000073c       __imp_?_Xout_of_range@std@@YAXPBD@Z 0045273c     msvcprt:MSVCP110.dll
 0005:00000740       __imp_??0id@locale@std@@QAE@I@Z 00452740     msvcprt:MSVCP110.dll
 0005:00000744       __imp_??Bid@locale@std@@QAEIXZ 00452744     msvcprt:MSVCP110.dll
 0005:00000748       __imp_?_Getgloballocale@locale@std@@CAPAV_Locimp@12@XZ 00452748     msvcprt:MSVCP110.dll
 0005:0000074c       __imp_?always_noconv@codecvt_base@std@@QBE_NXZ 0045274c     msvcprt:MSVCP110.dll
 0005:00000750       __imp_?in@?$codecvt@DDH@std@@QBEHAAHPBD1AAPBDPAD3AAPAD@Z 00452750     msvcprt:MSVCP110.dll
 0005:00000754       __imp_?out@?$codecvt@DDH@std@@QBEHAAHPBD1AAPBDPAD3AAPAD@Z 00452754     msvcprt:MSVCP110.dll
 0005:00000758       __imp_?unshift@?$codecvt@DDH@std@@QBEHAAHPAD1AAPAD@Z 00452758     msvcprt:MSVCP110.dll
 0005:0000075c       __imp_?_Getcat@?$codecvt@DDH@std@@SAIPAPBVfacet@locale@2@PBV42@@Z 0045275c     msvcprt:MSVCP110.dll
 0005:00000760       __imp_?_Syserror_map@std@@YAPBDH@Z 00452760     msvcprt:MSVCP110.dll
 0005:00000764       __imp_?_Winerror_map@std@@YAPBDH@Z 00452764     msvcprt:MSVCP110.dll
 0005:00000768       __imp_??7ios_base@std@@QBE_NXZ 00452768     msvcprt:MSVCP110.dll
 0005:0000076c       __imp_?good@ios_base@std@@QBE_NXZ 0045276c     msvcprt:MSVCP110.dll
 0005:00000770       __imp_?eof@ios_base@std@@QBE_NXZ 00452770     msvcprt:MSVCP110.dll
 0005:00000774       __imp_?flags@ios_base@std@@QBEHXZ 00452774     msvcprt:MSVCP110.dll
 0005:00000778       __imp_?width@ios_base@std@@QBE_JXZ 00452778     msvcprt:MSVCP110.dll
 0005:0000077c       __imp_?width@ios_base@std@@QAE_J_J@Z 0045277c     msvcprt:MSVCP110.dll
 0005:00000780       __imp_??0?$basic_streambuf@DU?$char_traits@D@std@@@std@@IAE@XZ 00452780     msvcprt:MSVCP110.dll
 0005:00000784       __imp_??1?$basic_streambuf@DU?$char_traits@D@std@@@std@@UAE@XZ 00452784     msvcprt:MSVCP110.dll
 0005:00000788       __imp_?getloc@?$basic_streambuf@DU?$char_traits@D@std@@@std@@QBE?AVlocale@2@XZ 00452788     msvcprt:MSVCP110.dll
 0005:0000078c       __imp_?sbumpc@?$basic_streambuf@DU?$char_traits@D@std@@@std@@QAEHXZ 0045278c     msvcprt:MSVCP110.dll
 0005:00000790       __imp_?sgetc@?$basic_streambuf@DU?$char_traits@D@std@@@std@@QAEHXZ 00452790     msvcprt:MSVCP110.dll
 0005:00000794       __imp_?snextc@?$basic_streambuf@DU?$char_traits@D@std@@@std@@QAEHXZ 00452794     msvcprt:MSVCP110.dll
 0005:00000798       __imp_?sputc@?$basic_streambuf@DU?$char_traits@D@std@@@std@@QAEHD@Z 00452798     msvcprt:MSVCP110.dll
 0005:0000079c       __imp_?sputn@?$basic_streambuf@DU?$char_traits@D@std@@@std@@QAE_JPBD_J@Z 0045279c     msvcprt:MSVCP110.dll
 0005:000007a0       __imp_?eback@?$basic_streambuf@DU?$char_traits@D@std@@@std@@IBEPADXZ 004527a0     msvcprt:MSVCP110.dll
 0005:000007a4       __imp_?gptr@?$basic_streambuf@DU?$char_traits@D@std@@@std@@IBEPADXZ 004527a4     msvcprt:MSVCP110.dll
 0005:000007a8       __imp_?pbase@?$basic_streambuf@DU?$char_traits@D@std@@@std@@IBEPADXZ 004527a8     msvcprt:MSVCP110.dll
 0005:000007ac       __imp_?pptr@?$basic_streambuf@DU?$char_traits@D@std@@@std@@IBEPADXZ 004527ac     msvcprt:MSVCP110.dll
 0005:000007b0       __imp_?egptr@?$basic_streambuf@DU?$char_traits@D@std@@@std@@IBEPADXZ 004527b0     msvcprt:MSVCP110.dll
 0005:000007b4       __imp_?gbump@?$basic_streambuf@DU?$char_traits@D@std@@@std@@IAEXH@Z 004527b4     msvcprt:MSVCP110.dll
 0005:000007b8       __imp_?setg@?$basic_streambuf@DU?$char_traits@D@std@@@std@@IAEXPAD00@Z 004527b8     msvcprt:MSVCP110.dll
 0005:000007bc       __imp_?epptr@?$basic_streambuf@DU?$char_traits@D@std@@@std@@IBEPADXZ 004527bc     msvcprt:MSVCP110.dll
 0005:000007c0       __imp_?_Gndec@?$basic_streambuf@DU?$char_traits@D@std@@@std@@IAEPADXZ 004527c0     msvcprt:MSVCP110.dll
 0005:000007c4       __imp_?_Gninc@?$basic_streambuf@DU?$char_traits@D@std@@@std@@IAEPADXZ 004527c4     msvcprt:MSVCP110.dll
 0005:000007c8       __imp_?pbump@?$basic_streambuf@DU?$char_traits@D@std@@@std@@IAEXH@Z 004527c8     msvcprt:MSVCP110.dll
 0005:000007cc       __imp_?setp@?$basic_streambuf@DU?$char_traits@D@std@@@std@@IAEXPAD0@Z 004527cc     msvcprt:MSVCP110.dll
 0005:000007d0       __imp_?setp@?$basic_streambuf@DU?$char_traits@D@std@@@std@@IAEXPAD00@Z 004527d0     msvcprt:MSVCP110.dll
 0005:000007d4       __imp_?_Pninc@?$basic_streambuf@DU?$char_traits@D@std@@@std@@IAEPADXZ 004527d4     msvcprt:MSVCP110.dll
 0005:000007d8       __imp_?_Init@?$basic_streambuf@DU?$char_traits@D@std@@@std@@IAEXXZ 004527d8     msvcprt:MSVCP110.dll
 0005:000007dc       __imp_?_Init@?$basic_streambuf@DU?$char_traits@D@std@@@std@@IAEXPAPAD0PAH001@Z 004527dc     msvcprt:MSVCP110.dll
 0005:000007e0       \177MSVCP110_NULL_THUNK_DATA 004527e0     msvcprt:MSVCP110.dll
 0005:00000854       __imp_??1exception@std@@UAE@XZ 00452854     MSVCRT:MSVCR110.dll
 0005:00000858       __imp___commode            00452858     MSVCRT:MSVCR110.dll
 0005:0000085c       __imp___fmode              0045285c     MSVCRT:MSVCR110.dll
 0005:00000860       __imp____initenv           00452860     MSVCRT:MSVCR110.dll
 0005:00000864       __imp___initterm           00452864     MSVCRT:MSVCR110.dll
 0005:00000868       __imp___initterm_e         00452868     MSVCRT:MSVCR110.dll
 0005:0000086c       __imp____setusermatherr    0045286c     MSVCRT:MSVCR110.dll
 0005:00000870       __imp___configthreadlocale 00452870     MSVCRT:MSVCR110.dll
 0005:00000874       __imp___cexit              00452874     MSVCRT:MSVCR110.dll
 0005:00000878       __imp___controlfp_s        00452878     MSVCRT:MSVCR110.dll
 0005:0000087c       __imp___invoke_watson      0045287c     MSVCRT:MSVCR110.dll
 0005:00000880       __imp____crtSetUnhandledExceptionFilter 00452880     MSVCRT:MSVCR110.dll
 0005:00000884       __imp_?terminate@@YAXXZ    00452884     MSVCRT:MSVCR110.dll
 0005:00000888       __imp____crtTerminateProcess 00452888     MSVCRT:MSVCR110.dll
 0005:0000088c       __imp____crtUnhandledException 0045288c     MSVCRT:MSVCR110.dll
 0005:00000890       __imp___crt_debugger_hook  00452890     MSVCRT:MSVCR110.dll
 0005:00000894       __imp___except_handler4_common 00452894     MSVCRT:MSVCR110.dll
 0005:00000898       __imp___exit               00452898     MSVCRT:MSVCR110.dll
 0005:0000089c       __imp__exit                0045289c     MSVCRT:MSVCR110.dll
 0005:000008a0       __imp____set_app_type      004528a0     MSVCRT:MSVCR110.dll
 0005:000008a4       __imp____getmainargs       004528a4     MSVCRT:MSVCR110.dll
 0005:000008a8       __imp___amsg_exit          004528a8     MSVCRT:MSVCR110.dll
 0005:000008ac       __imp___XcptFilter         004528ac     MSVCRT:MSVCR110.dll
 0005:000008b0       __imp_??1type_info@@UAE@XZ 004528b0     MSVCRT:MSVCR110.dll
 0005:000008b4       __imp___onexit             004528b4     MSVCRT:MSVCR110.dll
 0005:000008b8       __imp____dllonexit         004528b8     MSVCRT:MSVCR110.dll
 0005:000008bc       __imp___calloc_crt         004528bc     MSVCRT:MSVCR110.dll
 0005:000008c0       __imp___unlock             004528c0     MSVCRT:MSVCR110.dll
 0005:000008c4       __imp___lock               004528c4     MSVCRT:MSVCR110.dll
 0005:000008c8       __imp_??_V@YAXPAX@Z        004528c8     MSVCRT:MSVCR110.dll
 0005:000008cc       __imp___vsnprintf          004528cc     MSVCRT:MSVCR110.dll
 0005:000008d0       __imp__tan                 004528d0     MSVCRT:MSVCR110.dll
 0005:000008d4       __imp__sin                 004528d4     MSVCRT:MSVCR110.dll
 0005:000008d8       __imp__cos                 004528d8     MSVCRT:MSVCR110.dll
 0005:000008dc       __imp__ceil                004528dc     MSVCRT:MSVCR110.dll
 0005:000008e0       __imp____CxxFrameHandler3  004528e0     MSVCRT:MSVCR110.dll
 0005:000008e4       __imp___CxxThrowException@8 004528e4     MSVCRT:MSVCR110.dll
 0005:000008e8       __imp_?what@exception@std@@UBEPBDXZ 004528e8     MSVCRT:MSVCR110.dll
 0005:000008ec       __imp_??1bad_cast@std@@UAE@XZ 004528ec     MSVCRT:MSVCR110.dll
 0005:000008f0       __imp_??0bad_cast@std@@QAE@ABV01@@Z 004528f0     MSVCRT:MSVCR110.dll
 0005:000008f4       __imp_??0bad_cast@std@@QAE@PBD@Z 004528f4     MSVCRT:MSVCR110.dll
 0005:000008f8       __imp___wassert            004528f8     MSVCRT:MSVCR110.dll
 0005:000008fc       __imp___unlock_file        004528fc     MSVCRT:MSVCR110.dll
 0005:00000900       __imp___lock_file          00452900     MSVCRT:MSVCR110.dll
 0005:00000904       __imp___purecall           00452904     MSVCRT:MSVCR110.dll
 0005:00000908       __imp_??2@YAPAXI@Z         00452908     MSVCRT:MSVCR110.dll
 0005:0000090c       __imp_??3@YAXPAX@Z         0045290c     MSVCRT:MSVCR110.dll
 0005:00000910       __imp__atoi                00452910     MSVCRT:MSVCR110.dll
 0005:00000914       __imp__calloc              00452914     MSVCRT:MSVCR110.dll
 0005:00000918       __imp__free                00452918     MSVCRT:MSVCR110.dll
 0005:0000091c       __imp__malloc              0045291c     MSVCRT:MSVCR110.dll
 0005:00000920       __imp__realloc             00452920     MSVCRT:MSVCR110.dll
 0005:00000924       __imp__fabs                00452924     MSVCRT:MSVCR110.dll
 0005:00000928       __imp__sqrt                00452928     MSVCRT:MSVCR110.dll
 0005:0000092c       __imp__floor               0045292c     MSVCRT:MSVCR110.dll
 0005:00000930       __imp__memmove             00452930     MSVCRT:MSVCR110.dll
 0005:00000934       __imp__memcpy              00452934     MSVCRT:MSVCR110.dll
 0005:00000938       __imp__memcpy_s            00452938     MSVCRT:MSVCR110.dll
 0005:0000093c       __imp__memcmp              0045293c     MSVCRT:MSVCR110.dll
 0005:00000940       __imp__memset              00452940     MSVCRT:MSVCR110.dll
 0005:00000944       __imp__strlen              00452944     MSVCRT:MSVCR110.dll
 0005:00000948       __imp__strtok              00452948     MSVCRT:MSVCR110.dll
 0005:0000094c       __imp_??0exception@std@@QAE@ABQBDH@Z 0045294c     MSVCRT:MSVCR110.dll
 0005:00000950       __imp_??0exception@std@@QAE@ABV01@@Z 00452950     MSVCRT:MSVCR110.dll
 0005:00000954       __imp__ungetc              00452954     MSVCRT:MSVCR110.dll
 0005:00000958       __imp__fclose              00452958     MSVCRT:MSVCR110.dll
 0005:0000095c       __imp__fflush              0045295c     MSVCRT:MSVCR110.dll
 0005:00000960       __imp__fgetc               00452960     MSVCRT:MSVCR110.dll
 0005:00000964       __imp__fgetpos             00452964     MSVCRT:MSVCR110.dll
 0005:00000968       __imp__fputc               00452968     MSVCRT:MSVCR110.dll
 0005:0000096c       __imp__fsetpos             0045296c     MSVCRT:MSVCR110.dll
 0005:00000970       __imp___fseeki64           00452970     MSVCRT:MSVCR110.dll
 0005:00000974       __imp__fwrite              00452974     MSVCRT:MSVCR110.dll
 0005:00000978       __imp__printf              00452978     MSVCRT:MSVCR110.dll
 0005:0000097c       __imp__setvbuf             0045297c     MSVCRT:MSVCR110.dll
 0005:00000980       \177MSVCR110_NULL_THUNK_DATA 00452980     MSVCRT:MSVCR110.dll
 0005:000009e8       __imp__glPolygonMode@8     004529e8     opengl32:OPENGL32.dll
 0005:000009ec       __imp__glPopMatrix@0       004529ec     opengl32:OPENGL32.dll
 0005:000009f0       __imp__glPushMatrix@0      004529f0     opengl32:OPENGL32.dll
 0005:000009f4       __imp__glShadeModel@4      004529f4     opengl32:OPENGL32.dll
 0005:000009f8       __imp__glTranslatef@12     004529f8     opengl32:OPENGL32.dll
 0005:000009fc       __imp__glVertex3f@12       004529fc     opengl32:OPENGL32.dll
 0005:00000a00       __imp__glClear@4           00452a00     opengl32:OPENGL32.dll
 0005:00000a04       __imp__glClearDepth@8      00452a04     opengl32:OPENGL32.dll
 0005:00000a08       __imp__glLightModelfv@8    00452a08     opengl32:OPENGL32.dll
 0005:00000a0c       __imp__glLightfv@12        00452a0c     opengl32:OPENGL32.dll
 0005:00000a10       __imp__glLineWidth@4       00452a10     opengl32:OPENGL32.dll
 0005:00000a14       __imp__glLoadIdentity@0    00452a14     opengl32:OPENGL32.dll
 0005:00000a18       __imp__glMaterialf@12      00452a18     opengl32:OPENGL32.dll
 0005:00000a1c       __imp__glMaterialfv@12     00452a1c     opengl32:OPENGL32.dll
 0005:00000a20       __imp__glMatrixMode@4      00452a20     opengl32:OPENGL32.dll
 0005:00000a24       __imp__glOrtho@48          00452a24     opengl32:OPENGL32.dll
 0005:00000a28       __imp__glPixelStorei@8     00452a28     opengl32:OPENGL32.dll
 0005:00000a2c       __imp__glPopAttrib@0       00452a2c     opengl32:OPENGL32.dll
 0005:00000a30       __imp__glPushAttrib@4      00452a30     opengl32:OPENGL32.dll
 0005:00000a34       __imp__glRasterPos2i@8     00452a34     opengl32:OPENGL32.dll
 0005:00000a38       __imp__glReadBuffer@4      00452a38     opengl32:OPENGL32.dll
 0005:00000a3c       __imp__glReadPixels@28     00452a3c     opengl32:OPENGL32.dll
 0005:00000a40       __imp__glRotatef@16        00452a40     opengl32:OPENGL32.dll
 0005:00000a44       __imp__glVertex2f@8        00452a44     opengl32:OPENGL32.dll
 0005:00000a48       __imp__glVertex2i@8        00452a48     opengl32:OPENGL32.dll
 0005:00000a4c       __imp__glViewport@16       00452a4c     opengl32:OPENGL32.dll
 0005:00000a50       __imp__glEnd@0             00452a50     opengl32:OPENGL32.dll
 0005:00000a54       __imp__glEnable@4          00452a54     opengl32:OPENGL32.dll
 0005:00000a58       __imp__glDisable@4         00452a58     opengl32:OPENGL32.dll
 0005:00000a5c       __imp__glDepthFunc@4       00452a5c     opengl32:OPENGL32.dll
 0005:00000a60       __imp__glColor4f@16        00452a60     opengl32:OPENGL32.dll
 0005:00000a64       __imp__glColor3f@12        00452a64     opengl32:OPENGL32.dll
 0005:00000a68       __imp__glClearColor@16     00452a68     opengl32:OPENGL32.dll
 0005:00000a6c       __imp__glBlendFunc@8       00452a6c     opengl32:OPENGL32.dll
 0005:00000a70       __imp__glBegin@4           00452a70     opengl32:OPENGL32.dll
 0005:00000a74       \177OPENGL32_NULL_THUNK_DATA 00452a74     opengl32:OPENGL32.dll
 0005:00000abc       __imp__glutPostRedisplay@0 00452abc     glut32:glut32.dll
 0005:00000ac0       __imp__glutKeyboardFunc@4  00452ac0     glut32:glut32.dll
 0005:00000ac4       __imp__glutTimerFunc@12    00452ac4     glut32:glut32.dll
 0005:00000ac8       __imp__glutInit@8          00452ac8     glut32:glut32.dll
 0005:00000acc       __imp__glutInitDisplayMode@4 00452acc     glut32:glut32.dll
 0005:00000ad0       __imp__glutInitWindowSize@8 00452ad0     glut32:glut32.dll
 0005:00000ad4       __imp__glutMainLoop@0      00452ad4     glut32:glut32.dll
 0005:00000ad8       __imp__glutCreateWindow@4  00452ad8     glut32:glut32.dll
 0005:00000adc       __imp__glutSwapBuffers@0   00452adc     glut32:glut32.dll
 0005:00000ae0       __imp__glutDisplayFunc@4   00452ae0     glut32:glut32.dll
 0005:00000ae4       __imp__glutReshapeFunc@4   00452ae4     glut32:glut32.dll
 0005:00000ae8       __imp__glutMouseFunc@4     00452ae8     glut32:glut32.dll
 0005:00000aec       __imp__glutMotionFunc@4    00452aec     glut32:glut32.dll
 0005:00000af0       __imp__glutGetModifiers@0  00452af0     glut32:glut32.dll
 0005:00000af4       __imp__glutBitmapCharacter@8 00452af4     glut32:glut32.dll
 0005:00000af8       __imp__glutBitmapLength@8  00452af8     glut32:glut32.dll
 0005:00000afc       \177glut32_NULL_THUNK_DATA 00452afc     glut32:glut32.dll

 entry point at        0002:00000ff5

